common.c:87:6:DelayMs	24	static
common.c:117:9:Bcd2Dec	0	static
common.c:128:9:Dec2Bcd	0	static
common.c:145:6:CharToBinStr	8	static
common.c:162:10:GetSize	0	static
common.c:175:10:BaseToPower	8	static
common.c:188:9:CalcCRC	8	static
common.c:208:12:Str2Int	16	static
common.c:239:6:Int2Str	48	static
common.c:303:6:Str2Hex	24	static
common.c:338:6:Hex2Str	16	static
common.c:371:6:mem_cpy	0	static
common.c:391:6:mem_set	0	static
common.c:407:9:mem_cmp	12	static
common.c:428:9:chk_chr	0	static
common.c:440:6:mem_copy	0	static
common.c:454:5:mem_comp	12	static
common.c:469:6:mem_zero	0	static
common.c:483:6:ResetFwInfo	0	static
common.c:496:9:GetFwInfo	32	static
common.c:536:9:ValidateFwInfo	0	static
common.c:569:9:IsNewFwUpdate	0	static
common.c:581:10:rtc2unix	24	static
