<html>
<body>
<pre>
<h1>µVision Build Log</h1>
<h2>Tool Versions:</h2>
IDE-Version: µVision V5.30.0.0
Copyright (C) 2020 ARM Ltd and ARM Germany GmbH. All rights reserved.
License Information: first_name last_name, company_name, LIC=MGX30-BE3Q0-KSMYM-XJNFS-GD9AV-4XK1G
 
Tool Versions:
Toolchain:       MDK-ARM Professional  Version: 5.29.0.0
Toolchain Path:  C:\Keil\ARM\ARMCLANG\Bin
C Compiler:      ArmClang.exe V6.13.1
Assembler:       Armasm.exe V6.13.1
Linker/Locator:  ArmLink.exe V6.13.1
Library Manager: ArmAr.exe V6.13.1
Hex Converter:   FromElf.exe V6.13.1
CPU DLL:         SARMCM3.DLL V5.29.0.0
Dialog DLL:      DCM.DLL V1.17.3.0
Target DLL:      STLink\ST-LINKIII-KEIL_SWO.dll V3.0.7.0
Dialog DLL:      TCM.DLL V1.36.5.0
 
<h2>Project:</h2>
F:\ProjektiOtvoreni\HotelVucko\fw\VUCKO_RC1\HC\MDK-ARM\HC_RC1.uvprojx
Project File Date:  06/07/2020

<h2>Output:</h2>
*** Using Compiler 'V6.13.1', folder: 'C:\Keil\ARM\ARMCLANG\Bin'
Build target 'HC_RC1'
Before Build - User command #1: Run\fwbuild.bat
F:\ProjektiOtvoreni\HotelVucko\fw\VUCKO_RC1\HC\MDK-ARM>for /F "tokens=1,2,3,4 delims=/ " %a in ("cet 08. 10. 2020.") do set wday=%a  & set day=%b  & set month=%c  & set year=%d 
F:\ProjektiOtvoreni\HotelVucko\fw\VUCKO_RC1\HC\MDK-ARM>set wday=cet  & set day=08.  & set month=10.  & set year=2020. 
F:\ProjektiOtvoreni\HotelVucko\fw\VUCKO_RC1\HC\MDK-ARM>for /F "tokens=1,2,3 delims=:" %a in ("01:55:04,42") do set hour=%a  & set minute=%b  & set seconds=%c 
F:\ProjektiOtvoreni\HotelVucko\fw\VUCKO_RC1\HC\MDK-ARM>set hour=01  & set minute=55  & set seconds=04,42 
F:\ProjektiOtvoreni\HotelVucko\fw\VUCKO_RC1\HC\MDK-ARM>(
echo #define FW_DATE                                	0x00201008  
 echo #define FW_TIME                        			0x00015504  
) 1>"..\..\Common\fwbuild.h" 
F:\ProjektiOtvoreni\HotelVucko\fw\VUCKO_RC1\HC\MDK-ARM>cscript ..\..\Common\fwbuild.vbs 
Microsoft (R) Windows Script Host Version 5.812
Copyright (C) Microsoft Corporation. All rights reserved.
F:\ProjektiOtvoreni\HotelVucko\fw\VUCKO_RC1\HC\MDK-ARM>..\..\Common\incbild.exe "..\..\Common\common.h" 
compiling GUI_X_Touch.c...
compiling uart.c...
compiling ethernetif.c...
compiling system_stm32f4xx.c...
compiling stm32f429i_sdram.c...
compiling rtc.c...
compiling GUIDRV_stm32f429i.c...
compiling stm32f429i_lcd.c...
compiling netbios.c...
compiling netconf.c...
compiling eth_bsp.c...
compiling fs5206.c...
compiling httpd.c...
compiling stm32f4xx_it.c...
compiling httpd_cgi_ssi.c...
compiling common.c...
compiling main.c...
compiling display.c...
compiling hotel_ctrl.c...
linking...
Program Size: Code=190180 RO-data=103472 RW-data=2099116 ZI-data=184340  
FromELF: creating hex file...
After Build - User command #1: Run\hc.bat
".\Exe\hc.axf" - 0 Error(s), 0 Warning(s).

<h2>Software Packages used:</h2>

Package Vendor: ARM
                http://www.keil.com/pack/ARM.CMSIS.5.7.0.pack
                ARM.CMSIS.5.7.0
                CMSIS (Cortex Microcontroller Software Interface Standard)
   * Component: CORE Version: 5.4.0

Package Vendor: Keil
                http://www.keil.com/pack/Keil.STM32F4xx_DFP.2.14.0.pack
                Keil.STM32F4xx_DFP.2.14.0
                STMicroelectronics STM32F4 Series Device Support, Drivers and Examples

<h2>Collection of Component include folders:</h2>
  .\RTE\_HC_RC1
  F:\Repository\Packs\ARM\CMSIS\5.7.0\CMSIS\Core\Include
  F:\Repository\Packs\Keil\STM32F4xx_DFP\2.14.0\Drivers\CMSIS\Device\ST\STM32F4xx\Include

<h2>Collection of Component Files used:</h2>

   * Component: ARM::CMSIS:CORE:5.4.0
Build Time Elapsed:  00:00:07
</pre>
</body>
</html>
