<html>
<body>
<pre>
<h1>µVision Build Log</h1>
<h2>Tool Versions:</h2>
IDE-Version: µVision V5.30.0.0
Copyright (C) 2020 ARM Ltd and ARM Germany GmbH. All rights reserved.
License Information: first_name last_name, company_name, LIC=MGX30-BE3Q0-KSMYM-XJNFS-GD9AV-4XK1G
 
Tool Versions:
Toolchain:       MDK-ARM Professional  Version: 5.29.0.0
Toolchain Path:  C:\Keil\ARM\ARMCC\Bin
C Compiler:      Armcc.exe V5.06 update 6 (build 750)
Assembler:       Armasm.exe V5.06 update 6 (build 750)
Linker/Locator:  ArmLink.exe V5.06 update 6 (build 750)
Library Manager: ArmAr.exe V5.06 update 6 (build 750)
Hex Converter:   FromElf.exe V5.06 update 6 (build 750)
CPU DLL:         SARMCM3.DLL V5.29.0.0
Dialog DLL:      DCM.DLL V1.17.3.0
Target DLL:      STLink\ST-LINKIII-KEIL_SWO.dll V3.0.7.0
Dialog DLL:      TCM.DLL V1.36.5.0
 
<h2>Project:</h2>
F:\ProjektiOtvoreni\HotelVucko\fw\VUCKO_RC1\RT\MDK-ARM\RT_RC1.uvprojx
Project File Date:  08/21/2020

<h2>Output:</h2>
*** Using Compiler 'V5.06 update 6 (build 750)', folder: 'C:\Keil\ARM\ARMCC\Bin'
Rebuild target 'RT_RC1'
Before Build - User command #1: Run\fwbuild.bat
F:\ProjektiOtvoreni\HotelVucko\fw\VUCKO_RC1\RT\MDK-ARM>for /F "tokens=1,2,3,4 delims=/ " %a in ("sri 30. 09. 2020.") do set wday=%a  & set day=%b  & set month=%c  & set year=%d 
F:\ProjektiOtvoreni\HotelVucko\fw\VUCKO_RC1\RT\MDK-ARM>set wday=sri  & set day=30.  & set month=09.  & set year=2020. 
F:\ProjektiOtvoreni\HotelVucko\fw\VUCKO_RC1\RT\MDK-ARM>for /F "tokens=1,2,3 delims=:" %a in ("03:40:19,39") do set hour=%a  & set minute=%b  & set seconds=%c 
F:\ProjektiOtvoreni\HotelVucko\fw\VUCKO_RC1\RT\MDK-ARM>set hour=03  & set minute=40  & set seconds=19,39 
F:\ProjektiOtvoreni\HotelVucko\fw\VUCKO_RC1\RT\MDK-ARM>(
echo #define FW_DATE                                	0x00200930  
 echo #define FW_TIME                        			0x00034019  
) 1>"..\..\Common\fwbuild.h" 
F:\ProjektiOtvoreni\HotelVucko\fw\VUCKO_RC1\RT\MDK-ARM>cscript ..\..\Common\fwbuild.vbs 
Microsoft (R) Windows Script Host Version 5.812
Copyright (C) Microsoft Corporation. All rights reserved.
F:\ProjektiOtvoreni\HotelVucko\fw\VUCKO_RC1\RT\MDK-ARM>..\..\Common\incbild.exe "..\..\Common\common.h" 
compiling btn_door_open.c...
compiling btn_dnd_0.c...
compiling btn_rst_sos_1.c...
compiling btn_dnd_1.c...
compiling btn_ok.c...
compiling btn_weather.c...
compiling btn_maid_1.c...
compiling btn_maid_0.c...
compiling scattered_clouds.c...
compiling thunderstorm.c...
compiling shower_rain.c...
compiling snow.c...
compiling mist.c...
compiling few_clouds.c...
compiling rain.c...
compiling clear_sky.c...
compiling ft5336.c...
compiling stm32f7xx_hal.c...
compiling stm32746g_sdram.c...
compiling stm32746g_ts.c...
compiling stm32f7xx_hal_adc.c...
compiling system_stm32f7xx.c...
compiling stm32746g.c...
compiling stm32746g_eeprom.c...
compiling stm32746g_qspi.c...
compiling stm32f7xx_hal_adc_ex.c...
compiling stm32f7xx_hal_cortex.c...
compiling stm32f7xx_hal_dma.c...
compiling stm32f7xx_hal_dsi.c...
compiling stm32f7xx_hal_flash_ex.c...
compiling stm32f7xx_hal_flash.c...
compiling stm32f7xx_hal_gpio.c...
compiling stm32f7xx_hal_i2c.c...
compiling stm32f7xx_hal_ltdc_ex.c...
compiling stm32f7xx_hal_i2c_ex.c...
compiling stm32f7xx_hal_ltdc.c...
compiling stm32f7xx_hal_pwr.c...
compiling stm32f7xx_hal_rcc.c...
compiling stm32f7xx_hal_pwr_ex.c...
compiling stm32f7xx_hal_rcc_ex.c...
compiling stm32f7xx_hal_rtc.c...
compiling stm32f7xx_hal_tim_ex.c...
compiling stm32f7xx_hal_rtc_ex.c...
compiling stm32f7xx_hal_tim.c...
compiling stm32f7xx_hal_sdram.c...
compiling stm32f7xx_hal_uart.c...
compiling stm32f7xx_hal_dma2d.c...
compiling stm32f7xx_ll_fmc.c...
compiling stm32f7xx_hal_usart.c...
compiling GUIConf.c...
compiling stm32f7xx_hal_sai.c...
compiling GUI_X.c...
compiling adler32.c...
compiling compress.c...
compiling crc32.c...
compiling stm32f7xx_hal_qspi.c...
compiling stm32f7xx_hal_crc.c...
compiling deflate.c...
compiling stm32f7xx_hal_crc_ex.c...
compiling GUI_PNG.c...
compiling IMAGE_PNG.c...
compiling inffast.c...
compiling inftrees.c...
compiling infback.c...
compiling stm32f7xx_hal_i2s.c...
compiling pngerror.c...
compiling pngmem.c...
compiling pngget.c...
compiling png.c...
compiling pngrio.c...
compiling pngpread.c...
compiling pngread.c...
compiling pngtrans.c...
compiling pngset.c...
compiling pngrutil.c...
compiling pngwrite.c...
compiling pngwio.c...
compiling pngrtran.c...
compiling pngwtran.c...
compiling uncompr.c...
compiling zutil.c...
compiling pngwutil.c...
assembling startup_stm32f746xx.s...
compiling trees.c...
compiling inflate.c...
compiling stm32f7xx_hal_iwdg.c...
compiling stm32f7xx_hal_spi.c...
compiling LCDConf.c...
assembling incl_gui_bmp.s...
compiling common.c...
compiling stm32f7xx_it.c...
compiling onewire.c...
..\Src\onewire.c(115): warning:  #550-D: variable "newfw"  was set but never used
      uint8_t newfw = 0x0U;
..\Src\onewire.c(119): warning:  #177-D: variable "crc8"  was declared but never referenced
      uint8_t crc8 = 0x0U;
..\Src\onewire.c: 2 warnings, 0 errors
compiling display.c...
compiling rs485.c...
compiling logger.c...
..\Src\logger.c(52): warning:  #111-D: statement is unreachable
      logger_list_count = 0U;
..\Src\logger.c(84): warning:  #111-D: statement is unreachable
  	if(logger_next_log_address > (EE_LOG_LIST_END_ADDR - LOG_DSIZE))
..\Src\logger.c(127): warning:  #111-D: statement is unreachable
  	if (logger_list_count == 0U) return(LOGGER_EMPTY);
..\Src\logger.c(141): warning:  #111-D: statement is unreachable
  	if (logger_list_count == 0U) return(LOGGER_EMPTY);
..\Src\logger.c: 4 warnings, 0 errors
compiling main.c...
linking...
Program Size: Code=144712 RO-data=12145120 RW-data=2099232 ZI-data=160328  
FromELF: creating hex file...
After Build - User command #1: C:\Keil\ARM\ARMCC\bin\fromelf.exe --bin --output=Out Exe\rt.axf
After Build - User command #2: Run\rt.bat
".\Exe\rt.axf" - 0 Error(s), 6 Warning(s).

<h2>Software Packages used:</h2>

Package Vendor: ARM
                http://www.keil.com/pack/ARM.CMSIS.5.7.0.pack
                ARM.CMSIS.5.7.0
                CMSIS (Cortex Microcontroller Software Interface Standard)
   * Component: CORE Version: 5.4.0

Package Vendor: Keil
                https://www.keil.com/pack/Keil.STM32F7xx_DFP.2.12.0.pack
                Keil.STM32F7xx_DFP.2.12.0
                STMicroelectronics STM32F7 Series Device Support, Drivers and Examples

<h2>Collection of Component include folders:</h2>
  .\RTE\_RT_RC1
  F:\Repository\Packs\ARM\CMSIS\5.7.0\CMSIS\Core\Include
  F:\Repository\Packs\Keil\STM32F7xx_DFP\2.12.0\Drivers\CMSIS\Device\ST\STM32F7xx\Include

<h2>Collection of Component Files used:</h2>

   * Component: ARM::CMSIS:CORE:5.4.0
Build Time Elapsed:  00:01:22
</pre>
</body>
</html>
