Archive member included to satisfy reference by file (symbol)

c:/stmicroelectronics/stm32cube/stm32cubeide_1.3.0/stm32cubeide/plugins/com.st.stm32cube.ide.mcu.externaltools.gnu-tools-for-stm32.7-2018-q2-update.win32_1.0.0.201904181610/tools/bin/../lib/gcc/arm-none-eabi/7.3.1/../../../../arm-none-eabi/lib/thumb/v6-m\libc_nano.a(lib_a-errno.o)
                              Core/Src/syscalls.o (__errno)
c:/stmicroelectronics/stm32cube/stm32cubeide_1.3.0/stm32cubeide/plugins/com.st.stm32cube.ide.mcu.externaltools.gnu-tools-for-stm32.7-2018-q2-update.win32_1.0.0.201904181610/tools/bin/../lib/gcc/arm-none-eabi/7.3.1/../../../../arm-none-eabi/lib/thumb/v6-m\libc_nano.a(lib_a-exit.o)
                              c:/stmicroelectronics/stm32cube/stm32cubeide_1.3.0/stm32cubeide/plugins/com.st.stm32cube.ide.mcu.externaltools.gnu-tools-for-stm32.7-2018-q2-update.win32_1.0.0.201904181610/tools/bin/../lib/gcc/arm-none-eabi/7.3.1/../../../../arm-none-eabi/lib/thumb/v6-m/crt0.o (exit)
c:/stmicroelectronics/stm32cube/stm32cubeide_1.3.0/stm32cubeide/plugins/com.st.stm32cube.ide.mcu.externaltools.gnu-tools-for-stm32.7-2018-q2-update.win32_1.0.0.201904181610/tools/bin/../lib/gcc/arm-none-eabi/7.3.1/../../../../arm-none-eabi/lib/thumb/v6-m\libc_nano.a(lib_a-impure.o)
                              c:/stmicroelectronics/stm32cube/stm32cubeide_1.3.0/stm32cubeide/plugins/com.st.stm32cube.ide.mcu.externaltools.gnu-tools-for-stm32.7-2018-q2-update.win32_1.0.0.201904181610/tools/bin/../lib/gcc/arm-none-eabi/7.3.1/../../../../arm-none-eabi/lib/thumb/v6-m\libc_nano.a(lib_a-exit.o) (_global_impure_ptr)
c:/stmicroelectronics/stm32cube/stm32cubeide_1.3.0/stm32cubeide/plugins/com.st.stm32cube.ide.mcu.externaltools.gnu-tools-for-stm32.7-2018-q2-update.win32_1.0.0.201904181610/tools/bin/../lib/gcc/arm-none-eabi/7.3.1/../../../../arm-none-eabi/lib/thumb/v6-m\libc_nano.a(lib_a-init.o)
                              c:/stmicroelectronics/stm32cube/stm32cubeide_1.3.0/stm32cubeide/plugins/com.st.stm32cube.ide.mcu.externaltools.gnu-tools-for-stm32.7-2018-q2-update.win32_1.0.0.201904181610/tools/bin/../lib/gcc/arm-none-eabi/7.3.1/../../../../arm-none-eabi/lib/thumb/v6-m/crt0.o (__libc_init_array)
c:/stmicroelectronics/stm32cube/stm32cubeide_1.3.0/stm32cubeide/plugins/com.st.stm32cube.ide.mcu.externaltools.gnu-tools-for-stm32.7-2018-q2-update.win32_1.0.0.201904181610/tools/bin/../lib/gcc/arm-none-eabi/7.3.1/../../../../arm-none-eabi/lib/thumb/v6-m\libc_nano.a(lib_a-memcpy-stub.o)
                              Drivers/STM32F0xx_HAL_Driver/Src/stm32f0xx_hal_rcc.o (memcpy)
c:/stmicroelectronics/stm32cube/stm32cubeide_1.3.0/stm32cubeide/plugins/com.st.stm32cube.ide.mcu.externaltools.gnu-tools-for-stm32.7-2018-q2-update.win32_1.0.0.201904181610/tools/bin/../lib/gcc/arm-none-eabi/7.3.1/../../../../arm-none-eabi/lib/thumb/v6-m\libc_nano.a(lib_a-memset.o)
                              c:/stmicroelectronics/stm32cube/stm32cubeide_1.3.0/stm32cubeide/plugins/com.st.stm32cube.ide.mcu.externaltools.gnu-tools-for-stm32.7-2018-q2-update.win32_1.0.0.201904181610/tools/bin/../lib/gcc/arm-none-eabi/7.3.1/../../../../arm-none-eabi/lib/thumb/v6-m/crt0.o (memset)
c:/stmicroelectronics/stm32cube/stm32cubeide_1.3.0/stm32cubeide/plugins/com.st.stm32cube.ide.mcu.externaltools.gnu-tools-for-stm32.7-2018-q2-update.win32_1.0.0.201904181610/tools/bin/../lib/gcc/arm-none-eabi/7.3.1/thumb/v6-m\libgcc.a(_thumb1_case_uqi.o)
                              Core/Src/owire.o (__gnu_thumb1_case_uqi)
c:/stmicroelectronics/stm32cube/stm32cubeide_1.3.0/stm32cubeide/plugins/com.st.stm32cube.ide.mcu.externaltools.gnu-tools-for-stm32.7-2018-q2-update.win32_1.0.0.201904181610/tools/bin/../lib/gcc/arm-none-eabi/7.3.1/thumb/v6-m\libgcc.a(_udivsi3.o)
                              Common/common.o (__aeabi_uidiv)
c:/stmicroelectronics/stm32cube/stm32cubeide_1.3.0/stm32cubeide/plugins/com.st.stm32cube.ide.mcu.externaltools.gnu-tools-for-stm32.7-2018-q2-update.win32_1.0.0.201904181610/tools/bin/../lib/gcc/arm-none-eabi/7.3.1/thumb/v6-m\libgcc.a(_divsi3.o)
                              Core/Src/system_stm32f0xx.o (__aeabi_idiv)
c:/stmicroelectronics/stm32cube/stm32cubeide_1.3.0/stm32cubeide/plugins/com.st.stm32cube.ide.mcu.externaltools.gnu-tools-for-stm32.7-2018-q2-update.win32_1.0.0.201904181610/tools/bin/../lib/gcc/arm-none-eabi/7.3.1/thumb/v6-m\libgcc.a(_dvmd_tls.o)
                              c:/stmicroelectronics/stm32cube/stm32cubeide_1.3.0/stm32cubeide/plugins/com.st.stm32cube.ide.mcu.externaltools.gnu-tools-for-stm32.7-2018-q2-update.win32_1.0.0.201904181610/tools/bin/../lib/gcc/arm-none-eabi/7.3.1/thumb/v6-m\libgcc.a(_udivsi3.o) (__aeabi_idiv0)
c:/stmicroelectronics/stm32cube/stm32cubeide_1.3.0/stm32cubeide/plugins/com.st.stm32cube.ide.mcu.externaltools.gnu-tools-for-stm32.7-2018-q2-update.win32_1.0.0.201904181610/tools/bin/../lib/gcc/arm-none-eabi/7.3.1/thumb/v6-m\libgcc.a(_lshrdi3.o)
                              Drivers/STM32F0xx_HAL_Driver/Src/stm32f0xx_hal_flash.o (__aeabi_llsr)

[...]
Memory Configuration

Name             Origin             Length             Attributes
RAM              0x0000000020000000 0x0000000000001000 xrw
FLASH            0x0000000008000000 0x0000000000004000 xr
*default*        0x0000000000000000 0xffffffffffffffff

Linker script and memory map

LOAD c:/stmicroelectronics/stm32cube/stm32cubeide_1.3.0/stm32cubeide/plugins/com.st.stm32cube.ide.mcu.externaltools.gnu-tools-for-stm32.7-2018-q2-update.win32_1.0.0.201904181610/tools/bin/../lib/gcc/arm-none-eabi/7.3.1/thumb/v6-m/crti.o
LOAD c:/stmicroelectronics/stm32cube/stm32cubeide_1.3.0/stm32cubeide/plugins/com.st.stm32cube.ide.mcu.externaltools.gnu-tools-for-stm32.7-2018-q2-update.win32_1.0.0.201904181610/tools/bin/../lib/gcc/arm-none-eabi/7.3.1/thumb/v6-m/crtbegin.o
LOAD c:/stmicroelectronics/stm32cube/stm32cubeide_1.3.0/stm32cubeide/plugins/com.st.stm32cube.ide.mcu.externaltools.gnu-tools-for-stm32.7-2018-q2-update.win32_1.0.0.201904181610/tools/bin/../lib/gcc/arm-none-eabi/7.3.1/../../../../arm-none-eabi/lib/thumb/v6-m/crt0.o
LOAD Common/common.o
LOAD Core/Src/main.o
LOAD Core/Src/owire.o
LOAD Core/Src/rc522.o
LOAD Core/Src/stm32f0xx_hal_msp.o
LOAD Core/Src/stm32f0xx_it.o
LOAD Core/Src/syscalls.o
LOAD Core/Src/sysmem.o
LOAD Core/Src/system_stm32f0xx.o
LOAD Core/Startup/startup_stm32f030f4px.o
LOAD Drivers/STM32F0xx_HAL_Driver/Src/stm32f0xx_hal.o
LOAD Drivers/STM32F0xx_HAL_Driver/Src/stm32f0xx_hal_cortex.o
LOAD Drivers/STM32F0xx_HAL_Driver/Src/stm32f0xx_hal_crc.o
LOAD Drivers/STM32F0xx_HAL_Driver/Src/stm32f0xx_hal_crc_ex.o
LOAD Drivers/STM32F0xx_HAL_Driver/Src/stm32f0xx_hal_dma.o
LOAD Drivers/STM32F0xx_HAL_Driver/Src/stm32f0xx_hal_exti.o
LOAD Drivers/STM32F0xx_HAL_Driver/Src/stm32f0xx_hal_flash.o
LOAD Drivers/STM32F0xx_HAL_Driver/Src/stm32f0xx_hal_flash_ex.o
LOAD Drivers/STM32F0xx_HAL_Driver/Src/stm32f0xx_hal_gpio.o
LOAD Drivers/STM32F0xx_HAL_Driver/Src/stm32f0xx_hal_i2c.o
LOAD Drivers/STM32F0xx_HAL_Driver/Src/stm32f0xx_hal_i2c_ex.o
LOAD Drivers/STM32F0xx_HAL_Driver/Src/stm32f0xx_hal_pwr.o
LOAD Drivers/STM32F0xx_HAL_Driver/Src/stm32f0xx_hal_pwr_ex.o
LOAD Drivers/STM32F0xx_HAL_Driver/Src/stm32f0xx_hal_rcc.o
LOAD Drivers/STM32F0xx_HAL_Driver/Src/stm32f0xx_hal_rcc_ex.o
LOAD Drivers/STM32F0xx_HAL_Driver/Src/stm32f0xx_hal_rtc.o
LOAD Drivers/STM32F0xx_HAL_Driver/Src/stm32f0xx_hal_rtc_ex.o
LOAD Drivers/STM32F0xx_HAL_Driver/Src/stm32f0xx_hal_spi.o
LOAD Drivers/STM32F0xx_HAL_Driver/Src/stm32f0xx_hal_spi_ex.o
LOAD Drivers/STM32F0xx_HAL_Driver/Src/stm32f0xx_hal_tim.o
LOAD Drivers/STM32F0xx_HAL_Driver/Src/stm32f0xx_hal_tim_ex.o
LOAD Drivers/STM32F0xx_HAL_Driver/Src/stm32f0xx_hal_uart.o
LOAD Drivers/STM32F0xx_HAL_Driver/Src/stm32f0xx_hal_uart_ex.o
START GROUP
LOAD c:/stmicroelectronics/stm32cube/stm32cubeide_1.3.0/stm32cubeide/plugins/com.st.stm32cube.ide.mcu.externaltools.gnu-tools-for-stm32.7-2018-q2-update.win32_1.0.0.201904181610/tools/bin/../lib/gcc/arm-none-eabi/7.3.1/../../../../arm-none-eabi/lib/thumb/v6-m\libc_nano.a
LOAD c:/stmicroelectronics/stm32cube/stm32cubeide_1.3.0/stm32cubeide/plugins/com.st.stm32cube.ide.mcu.externaltools.gnu-tools-for-stm32.7-2018-q2-update.win32_1.0.0.201904181610/tools/bin/../lib/gcc/arm-none-eabi/7.3.1/../../../../arm-none-eabi/lib/thumb/v6-m\libm.a
END GROUP
START GROUP
LOAD c:/stmicroelectronics/stm32cube/stm32cubeide_1.3.0/stm32cubeide/plugins/com.st.stm32cube.ide.mcu.externaltools.gnu-tools-for-stm32.7-2018-q2-update.win32_1.0.0.201904181610/tools/bin/../lib/gcc/arm-none-eabi/7.3.1/thumb/v6-m\libgcc.a
LOAD c:/stmicroelectronics/stm32cube/stm32cubeide_1.3.0/stm32cubeide/plugins/com.st.stm32cube.ide.mcu.externaltools.gnu-tools-for-stm32.7-2018-q2-update.win32_1.0.0.201904181610/tools/bin/../lib/gcc/arm-none-eabi/7.3.1/../../../../arm-none-eabi/lib/thumb/v6-m\libc_nano.a
END GROUP
START GROUP
LOAD c:/stmicroelectronics/stm32cube/stm32cubeide_1.3.0/stm32cubeide/plugins/com.st.stm32cube.ide.mcu.externaltools.gnu-tools-for-stm32.7-2018-q2-update.win32_1.0.0.201904181610/tools/bin/../lib/gcc/arm-none-eabi/7.3.1/thumb/v6-m\libgcc.a
LOAD c:/stmicroelectronics/stm32cube/stm32cubeide_1.3.0/stm32cubeide/plugins/com.st.stm32cube.ide.mcu.externaltools.gnu-tools-for-stm32.7-2018-q2-update.win32_1.0.0.201904181610/tools/bin/../lib/gcc/arm-none-eabi/7.3.1/../../../../arm-none-eabi/lib/thumb/v6-m\libc_nano.a
LOAD c:/stmicroelectronics/stm32cube/stm32cubeide_1.3.0/stm32cubeide/plugins/com.st.stm32cube.ide.mcu.externaltools.gnu-tools-for-stm32.7-2018-q2-update.win32_1.0.0.201904181610/tools/bin/../lib/gcc/arm-none-eabi/7.3.1/../../../../arm-none-eabi/lib/thumb/v6-m\libnosys.a
END GROUP
START GROUP
LOAD c:/stmicroelectronics/stm32cube/stm32cubeide_1.3.0/stm32cubeide/plugins/com.st.stm32cube.ide.mcu.externaltools.gnu-tools-for-stm32.7-2018-q2-update.win32_1.0.0.201904181610/tools/bin/../lib/gcc/arm-none-eabi/7.3.1/thumb/v6-m\libgcc.a
LOAD c:/stmicroelectronics/stm32cube/stm32cubeide_1.3.0/stm32cubeide/plugins/com.st.stm32cube.ide.mcu.externaltools.gnu-tools-for-stm32.7-2018-q2-update.win32_1.0.0.201904181610/tools/bin/../lib/gcc/arm-none-eabi/7.3.1/../../../../arm-none-eabi/lib/thumb/v6-m\libc_nano.a
LOAD c:/stmicroelectronics/stm32cube/stm32cubeide_1.3.0/stm32cubeide/plugins/com.st.stm32cube.ide.mcu.externaltools.gnu-tools-for-stm32.7-2018-q2-update.win32_1.0.0.201904181610/tools/bin/../lib/gcc/arm-none-eabi/7.3.1/../../../../arm-none-eabi/lib/thumb/v6-m\libnosys.a
END GROUP
LOAD c:/stmicroelectronics/stm32cube/stm32cubeide_1.3.0/stm32cubeide/plugins/com.st.stm32cube.ide.mcu.externaltools.gnu-tools-for-stm32.7-2018-q2-update.win32_1.0.0.201904181610/tools/bin/../lib/gcc/arm-none-eabi/7.3.1/thumb/v6-m/crtend.o
LOAD c:/stmicroelectronics/stm32cube/stm32cubeide_1.3.0/stm32cubeide/plugins/com.st.stm32cube.ide.mcu.externaltools.gnu-tools-for-stm32.7-2018-q2-update.win32_1.0.0.201904181610/tools/bin/../lib/gcc/arm-none-eabi/7.3.1/thumb/v6-m/crtn.o
                0x0000000020001000                _estack = (ORIGIN (RAM) + LENGTH (RAM))
                0x0000000000000200                _Min_Heap_Size = 0x200
                0x0000000000000400                _Min_Stack_Size = 0x400

.isr_vector     0x0000000008000000       0xc0
                0x0000000008000000                . = ALIGN (0x4)
 *(.isr_vector)
 .isr_vector    0x0000000008000000       0xc0 Core/Startup/startup_stm32f030f4px.o
                0x0000000008000000                g_pfnVectors
                0x00000000080000c0                . = ALIGN (0x4)

.text           0x00000000080000c0     0x2d98
                0x00000000080000c0                . = ALIGN (0x4)
 *(.text)
 .text          0x00000000080000c0       0x48 c:/stmicroelectronics/stm32cube/stm32cubeide_1.3.0/stm32cubeide/plugins/com.st.stm32cube.ide.mcu.externaltools.gnu-tools-for-stm32.7-2018-q2-update.win32_1.0.0.201904181610/tools/bin/../lib/gcc/arm-none-eabi/7.3.1/thumb/v6-m/crtbegin.o
 .text          0x0000000008000108       0x14 c:/stmicroelectronics/stm32cube/stm32cubeide_1.3.0/stm32cubeide/plugins/com.st.stm32cube.ide.mcu.externaltools.gnu-tools-for-stm32.7-2018-q2-update.win32_1.0.0.201904181610/tools/bin/../lib/gcc/arm-none-eabi/7.3.1/thumb/v6-m\libgcc.a(_thumb1_case_uqi.o)
                0x0000000008000108                __gnu_thumb1_case_uqi
 .text          0x000000000800011c      0x114 c:/stmicroelectronics/stm32cube/stm32cubeide_1.3.0/stm32cubeide/plugins/com.st.stm32cube.ide.mcu.externaltools.gnu-tools-for-stm32.7-2018-q2-update.win32_1.0.0.201904181610/tools/bin/../lib/gcc/arm-none-eabi/7.3.1/thumb/v6-m\libgcc.a(_udivsi3.o)
                0x000000000800011c                __aeabi_uidiv
                0x000000000800011c                __udivsi3
                0x0000000008000228                __aeabi_uidivmod
 .text          0x0000000008000230        0x4 c:/stmicroelectronics/stm32cube/stm32cubeide_1.3.0/stm32cubeide/plugins/com.st.stm32cube.ide.mcu.externaltools.gnu-tools-for-stm32.7-2018-q2-update.win32_1.0.0.201904181610/tools/bin/../lib/gcc/arm-none-eabi/7.3.1/thumb/v6-m\libgcc.a(_dvmd_tls.o)
                0x0000000008000230                __aeabi_idiv0
                0x0000000008000230                __aeabi_ldiv0
 *(.text*)
 .text.Hex2Str  0x0000000008000234       0x48 Common/common.o
                0x0000000008000234                Hex2Str
 .text.mem_cpy  0x000000000800027c       0x14 Common/common.o
                0x000000000800027c                mem_cpy
 .text.mem_set  0x0000000008000290        0xc Common/common.o
                0x0000000008000290                mem_set
 .text.SystemClock_Config
                0x000000000800029c       0x70 Core/Src/main.o
                0x000000000800029c                SystemClock_Config
 .text.startup.main
                0x000000000800030c      0x164 Core/Src/main.o
                0x000000000800030c                main
 .text.Error_Handler
                0x0000000008000470        0x2 Core/Src/main.o
                0x0000000008000470                Error_Handler
 *fill*         0x0000000008000472        0x2 
 .text.OW_Init  0x0000000008000474       0xb4 Core/Src/owire.o
                0x0000000008000474                OW_Init
 .text.OW_Service
                0x0000000008000528      0x350 Core/Src/owire.o
                0x0000000008000528                OW_Service
 .text.HAL_UART_RxCpltCallback
                0x0000000008000878      0x128 Core/Src/owire.o
                0x0000000008000878                HAL_UART_RxCpltCallback
 .text.HAL_UART_ErrorCallback
                0x00000000080009a0       0x2c Core/Src/owire.o
                0x00000000080009a0                HAL_UART_ErrorCallback
 .text.RC522_WriteRegister
                0x00000000080009cc       0x38 Core/Src/rc522.o
 .text.RC522_ReadRegister
                0x0000000008000a04       0x4c Core/Src/rc522.o
 .text.RC522_SetBitMask
                0x0000000008000a50       0x16 Core/Src/rc522.o
 .text.RC522_ClearBitMask
                0x0000000008000a66       0x16 Core/Src/rc522.o
 .text.RC522_ToCard
                0x0000000008000a7c      0x114 Core/Src/rc522.o
 .text.RC522_CalculateCRC
                0x0000000008000b90       0x5a Core/Src/rc522.o
 .text.RC522_Halt
                0x0000000008000bea       0x30 Core/Src/rc522.o
 *fill*         0x0000000008000c1a        0x2 
 .text.RC522_SelectTag
                0x0000000008000c1c       0x50 Core/Src/rc522.o
 .text.RC522_Read
                0x0000000008000c6c       0x42 Core/Src/rc522.o
 .text.RC522_Anticoll
                0x0000000008000cae       0x46 Core/Src/rc522.o
 .text.RC522_Auth.constprop.2
                0x0000000008000cf4       0x64 Core/Src/rc522.o
 .text.RC522_Request.constprop.4
                0x0000000008000d58       0x3a Core/Src/rc522.o
 *fill*         0x0000000008000d92        0x2 
 .text.RC522_Init
                0x0000000008000d94       0x88 Core/Src/rc522.o
                0x0000000008000d94                RC522_Init
 .text.RC522_Service
                0x0000000008000e1c       0xe8 Core/Src/rc522.o
                0x0000000008000e1c                RC522_Service
 .text.RC522_ReadBlock
                0x0000000008000f04       0x42 Core/Src/rc522.o
                0x0000000008000f04                RC522_ReadBlock
 .text.RC522_WriteBlock
                0x0000000008000f46       0xac Core/Src/rc522.o
                0x0000000008000f46                RC522_WriteBlock
 *fill*         0x0000000008000ff2        0x2 
 .text.HAL_MspInit
                0x0000000008000ff4       0x30 Core/Src/stm32f0xx_hal_msp.o
                0x0000000008000ff4                HAL_MspInit
 .text.HAL_CRC_MspInit
                0x0000000008001024       0x28 Core/Src/stm32f0xx_hal_msp.o
                0x0000000008001024                HAL_CRC_MspInit
 .text.HAL_RTC_MspInit
                0x000000000800104c       0x20 Core/Src/stm32f0xx_hal_msp.o
                0x000000000800104c                HAL_RTC_MspInit
 .text.HAL_SPI_MspInit
                0x000000000800106c       0x60 Core/Src/stm32f0xx_hal_msp.o
                0x000000000800106c                HAL_SPI_MspInit
 .text.HAL_UART_MspInit
                0x00000000080010cc       0x78 Core/Src/stm32f0xx_hal_msp.o
                0x00000000080010cc                HAL_UART_MspInit
 .text.HAL_UART_MspDeInit
                0x0000000008001144       0x34 Core/Src/stm32f0xx_hal_msp.o
                0x0000000008001144                HAL_UART_MspDeInit
 .text.NMI_Handler
                0x0000000008001178        0x2 Core/Src/stm32f0xx_it.o
                0x0000000008001178                NMI_Handler
 .text.HardFault_Handler
                0x000000000800117a        0x2 Core/Src/stm32f0xx_it.o
                0x000000000800117a                HardFault_Handler
 .text.SVC_Handler
                0x000000000800117c        0x2 Core/Src/stm32f0xx_it.o
                0x000000000800117c                SVC_Handler
 .text.PendSV_Handler
                0x000000000800117e        0x2 Core/Src/stm32f0xx_it.o
                0x000000000800117e                PendSV_Handler
 .text.SysTick_Handler
                0x0000000008001180        0x8 Core/Src/stm32f0xx_it.o
                0x0000000008001180                SysTick_Handler
 .text.USART1_IRQHandler
                0x0000000008001188       0x10 Core/Src/stm32f0xx_it.o
                0x0000000008001188                USART1_IRQHandler
 .text.SystemInit
                0x0000000008001198        0x2 Core/Src/system_stm32f0xx.o
                0x0000000008001198                SystemInit
 *fill*         0x000000000800119a        0x2 
 .text.Reset_Handler
                0x000000000800119c       0x50 Core/Startup/startup_stm32f030f4px.o
                0x000000000800119c                Reset_Handler
 .text.Default_Handler
                0x00000000080011ec        0x2 Core/Startup/startup_stm32f030f4px.o
                0x00000000080011ec                TIM1_CC_IRQHandler
                0x00000000080011ec                I2C1_IRQHandler
                0x00000000080011ec                SPI1_IRQHandler
                0x00000000080011ec                EXTI2_3_IRQHandler
                0x00000000080011ec                ADC1_IRQHandler
                0x00000000080011ec                TIM17_IRQHandler
                0x00000000080011ec                RTC_IRQHandler
                0x00000000080011ec                TIM16_IRQHandler
                0x00000000080011ec                TIM3_IRQHandler
                0x00000000080011ec                EXTI4_15_IRQHandler
                0x00000000080011ec                RCC_IRQHandler
                0x00000000080011ec                DMA1_Channel1_IRQHandler
                0x00000000080011ec                Default_Handler
                0x00000000080011ec                TIM14_IRQHandler
                0x00000000080011ec                DMA1_Channel4_5_IRQHandler
                0x00000000080011ec                EXTI0_1_IRQHandler
                0x00000000080011ec                WWDG_IRQHandler
                0x00000000080011ec                DMA1_Channel2_3_IRQHandler
                0x00000000080011ec                FLASH_IRQHandler
                0x00000000080011ec                TIM1_BRK_UP_TRG_COM_IRQHandler
 *fill*         0x00000000080011ee        0x2 
 .text.HAL_InitTick
                0x00000000080011f0       0x48 Drivers/STM32F0xx_HAL_Driver/Src/stm32f0xx_hal.o
                0x00000000080011f0                HAL_InitTick
 .text.HAL_Init
                0x0000000008001238       0x20 Drivers/STM32F0xx_HAL_Driver/Src/stm32f0xx_hal.o
                0x0000000008001238                HAL_Init
 .text.HAL_IncTick
                0x0000000008001258       0x18 Drivers/STM32F0xx_HAL_Driver/Src/stm32f0xx_hal.o
                0x0000000008001258                HAL_IncTick
 .text.HAL_GetTick
                0x0000000008001270        0xc Drivers/STM32F0xx_HAL_Driver/Src/stm32f0xx_hal.o
                0x0000000008001270                HAL_GetTick
 .text.HAL_Delay
                0x000000000800127c       0x24 Drivers/STM32F0xx_HAL_Driver/Src/stm32f0xx_hal.o
                0x000000000800127c                HAL_Delay
 .text.HAL_NVIC_SetPriority
                0x00000000080012a0       0x54 Drivers/STM32F0xx_HAL_Driver/Src/stm32f0xx_hal_cortex.o
                0x00000000080012a0                HAL_NVIC_SetPriority
 .text.HAL_NVIC_EnableIRQ
                0x00000000080012f4       0x18 Drivers/STM32F0xx_HAL_Driver/Src/stm32f0xx_hal_cortex.o
                0x00000000080012f4                HAL_NVIC_EnableIRQ
 .text.HAL_NVIC_DisableIRQ
                0x000000000800130c       0x20 Drivers/STM32F0xx_HAL_Driver/Src/stm32f0xx_hal_cortex.o
                0x000000000800130c                HAL_NVIC_DisableIRQ
 .text.HAL_SYSTICK_Config
                0x000000000800132c       0x34 Drivers/STM32F0xx_HAL_Driver/Src/stm32f0xx_hal_cortex.o
                0x000000000800132c                HAL_SYSTICK_Config
 .text.CRC_Calculate8
                0x0000000008001360       0x18 Drivers/STM32F0xx_HAL_Driver/Src/stm32f0xx_hal_crc.o
                0x0000000008001360                CRC_Calculate8
 .text.CRC_ResetDR
                0x0000000008001378        0xc Drivers/STM32F0xx_HAL_Driver/Src/stm32f0xx_hal_crc.o
                0x0000000008001378                CRC_ResetDR
 .text.HAL_CRC_Init
                0x0000000008001384       0x4e Drivers/STM32F0xx_HAL_Driver/Src/stm32f0xx_hal_crc.o
                0x0000000008001384                HAL_CRC_Init
 .text.HAL_DMA_Abort_IT
                0x00000000080013d2       0x46 Drivers/STM32F0xx_HAL_Driver/Src/stm32f0xx_hal_dma.o
                0x00000000080013d2                HAL_DMA_Abort_IT
 .text.HAL_GPIO_Init
                0x0000000008001418      0x160 Drivers/STM32F0xx_HAL_Driver/Src/stm32f0xx_hal_gpio.o
                0x0000000008001418                HAL_GPIO_Init
 .text.HAL_GPIO_DeInit
                0x0000000008001578       0xe0 Drivers/STM32F0xx_HAL_Driver/Src/stm32f0xx_hal_gpio.o
                0x0000000008001578                HAL_GPIO_DeInit
 .text.HAL_GPIO_ReadPin
                0x0000000008001658        0xc Drivers/STM32F0xx_HAL_Driver/Src/stm32f0xx_hal_gpio.o
                0x0000000008001658                HAL_GPIO_ReadPin
 .text.HAL_GPIO_WritePin
                0x0000000008001664        0xc Drivers/STM32F0xx_HAL_Driver/Src/stm32f0xx_hal_gpio.o
                0x0000000008001664                HAL_GPIO_WritePin
 .text.HAL_GPIO_TogglePin
                0x0000000008001670        0xc Drivers/STM32F0xx_HAL_Driver/Src/stm32f0xx_hal_gpio.o
                0x0000000008001670                HAL_GPIO_TogglePin
 .text.HAL_RCC_OscConfig
                0x000000000800167c      0x404 Drivers/STM32F0xx_HAL_Driver/Src/stm32f0xx_hal_rcc.o
                0x000000000800167c                HAL_RCC_OscConfig
 .text.HAL_RCC_GetSysClockFreq
                0x0000000008001a80       0x64 Drivers/STM32F0xx_HAL_Driver/Src/stm32f0xx_hal_rcc.o
                0x0000000008001a80                HAL_RCC_GetSysClockFreq
 .text.HAL_RCC_ClockConfig
                0x0000000008001ae4      0x108 Drivers/STM32F0xx_HAL_Driver/Src/stm32f0xx_hal_rcc.o
                0x0000000008001ae4                HAL_RCC_ClockConfig
 .text.HAL_RCC_GetPCLK1Freq
                0x0000000008001bec       0x20 Drivers/STM32F0xx_HAL_Driver/Src/stm32f0xx_hal_rcc.o
                0x0000000008001bec                HAL_RCC_GetPCLK1Freq
 .text.HAL_RCCEx_PeriphCLKConfig
                0x0000000008001c0c      0x108 Drivers/STM32F0xx_HAL_Driver/Src/stm32f0xx_hal_rcc_ex.o
                0x0000000008001c0c                HAL_RCCEx_PeriphCLKConfig
 .text.HAL_RTC_WaitForSynchro
                0x0000000008001d14       0x34 Drivers/STM32F0xx_HAL_Driver/Src/stm32f0xx_hal_rtc.o
                0x0000000008001d14                HAL_RTC_WaitForSynchro
 .text.RTC_EnterInitMode
                0x0000000008001d48       0x38 Drivers/STM32F0xx_HAL_Driver/Src/stm32f0xx_hal_rtc.o
                0x0000000008001d48                RTC_EnterInitMode
 .text.HAL_RTC_Init
                0x0000000008001d80       0xa8 Drivers/STM32F0xx_HAL_Driver/Src/stm32f0xx_hal_rtc.o
                0x0000000008001d80                HAL_RTC_Init
 .text.RTC_ByteToBcd2
                0x0000000008001e28       0x16 Drivers/STM32F0xx_HAL_Driver/Src/stm32f0xx_hal_rtc.o
                0x0000000008001e28                RTC_ByteToBcd2
 *fill*         0x0000000008001e3e        0x2 
 .text.HAL_RTC_SetTime
                0x0000000008001e40       0xec Drivers/STM32F0xx_HAL_Driver/Src/stm32f0xx_hal_rtc.o
                0x0000000008001e40                HAL_RTC_SetTime
 .text.HAL_RTC_SetDate
                0x0000000008001f2c       0xc8 Drivers/STM32F0xx_HAL_Driver/Src/stm32f0xx_hal_rtc.o
                0x0000000008001f2c                HAL_RTC_SetDate
 .text.SPI_WaitFlagStateUntilTimeout.part.0
                0x0000000008001ff4       0x60 Drivers/STM32F0xx_HAL_Driver/Src/stm32f0xx_hal_spi.o
 .text.SPI_WaitFlagStateUntilTimeout.constprop.9
                0x0000000008002054       0x28 Drivers/STM32F0xx_HAL_Driver/Src/stm32f0xx_hal_spi.o
 .text.SPI_WaitFifoStateUntilTimeout.constprop.10
                0x000000000800207c       0x34 Drivers/STM32F0xx_HAL_Driver/Src/stm32f0xx_hal_spi.o
 .text.SPI_EndRxTxTransaction
                0x00000000080020b0       0x46 Drivers/STM32F0xx_HAL_Driver/Src/stm32f0xx_hal_spi.o
 *fill*         0x00000000080020f6        0x2 
 .text.HAL_SPI_Init
                0x00000000080020f8       0xbc Drivers/STM32F0xx_HAL_Driver/Src/stm32f0xx_hal_spi.o
                0x00000000080020f8                HAL_SPI_Init
 .text.HAL_SPI_Transmit
                0x00000000080021b4      0x196 Drivers/STM32F0xx_HAL_Driver/Src/stm32f0xx_hal_spi.o
                0x00000000080021b4                HAL_SPI_Transmit
 *fill*         0x000000000800234a        0x2 
 .text.HAL_SPI_TransmitReceive
                0x000000000800234c      0x25c Drivers/STM32F0xx_HAL_Driver/Src/stm32f0xx_hal_spi.o
                0x000000000800234c                HAL_SPI_TransmitReceive
 .text.UART_EndRxTransfer
                0x00000000080025a8       0x24 Drivers/STM32F0xx_HAL_Driver/Src/stm32f0xx_hal_uart.o
 .text.UART_TxISR_16BIT
                0x00000000080025cc       0x3e Drivers/STM32F0xx_HAL_Driver/Src/stm32f0xx_hal_uart.o
 .text.UART_TxISR_8BIT
                0x000000000800260a       0x3a Drivers/STM32F0xx_HAL_Driver/Src/stm32f0xx_hal_uart.o
 .text.HAL_UART_DeInit
                0x0000000008002644       0x32 Drivers/STM32F0xx_HAL_Driver/Src/stm32f0xx_hal_uart.o
                0x0000000008002644                HAL_UART_DeInit
 *fill*         0x0000000008002676        0x2 
 .text.HAL_UART_Transmit_IT
                0x0000000008002678       0x7c Drivers/STM32F0xx_HAL_Driver/Src/stm32f0xx_hal_uart.o
                0x0000000008002678                HAL_UART_Transmit_IT
 .text.HAL_UART_Receive_IT
                0x00000000080026f4       0xb4 Drivers/STM32F0xx_HAL_Driver/Src/stm32f0xx_hal_uart.o
                0x00000000080026f4                HAL_UART_Receive_IT
 .text.HAL_UART_TxCpltCallback
                0x00000000080027a8        0x2 Drivers/STM32F0xx_HAL_Driver/Src/stm32f0xx_hal_uart.o
                0x00000000080027a8                HAL_UART_TxCpltCallback
 *fill*         0x00000000080027aa        0x2 
 .text.UART_RxISR_8BIT
                0x00000000080027ac       0x60 Drivers/STM32F0xx_HAL_Driver/Src/stm32f0xx_hal_uart.o
 .text.UART_RxISR_16BIT
                0x000000000800280c       0x5c Drivers/STM32F0xx_HAL_Driver/Src/stm32f0xx_hal_uart.o
 .text.HAL_UART_IRQHandler
                0x0000000008002868      0x13c Drivers/STM32F0xx_HAL_Driver/Src/stm32f0xx_hal_uart.o
                0x0000000008002868                HAL_UART_IRQHandler
 .text.UART_DMAAbortOnError
                0x00000000080029a4       0x16 Drivers/STM32F0xx_HAL_Driver/Src/stm32f0xx_hal_uart.o
 .text.HAL_MultiProcessor_EnterMuteMode
                0x00000000080029ba        0xc Drivers/STM32F0xx_HAL_Driver/Src/stm32f0xx_hal_uart.o
                0x00000000080029ba                HAL_MultiProcessor_EnterMuteMode
 *fill*         0x00000000080029c6        0x2 
 .text.UART_SetConfig
                0x00000000080029c8      0x130 Drivers/STM32F0xx_HAL_Driver/Src/stm32f0xx_hal_uart.o
                0x00000000080029c8                UART_SetConfig
 .text.UART_AdvFeatureConfig
                0x0000000008002af8       0xd0 Drivers/STM32F0xx_HAL_Driver/Src/stm32f0xx_hal_uart.o
                0x0000000008002af8                UART_AdvFeatureConfig
 .text.UART_WaitOnFlagUntilTimeout
                0x0000000008002bc8       0x90 Drivers/STM32F0xx_HAL_Driver/Src/stm32f0xx_hal_uart.o
                0x0000000008002bc8                UART_WaitOnFlagUntilTimeout
 .text.UART_CheckIdleState
                0x0000000008002c58       0x60 Drivers/STM32F0xx_HAL_Driver/Src/stm32f0xx_hal_uart.o
                0x0000000008002c58                UART_CheckIdleState
 .text.HAL_UART_Init
                0x0000000008002cb8       0x64 Drivers/STM32F0xx_HAL_Driver/Src/stm32f0xx_hal_uart.o
                0x0000000008002cb8                HAL_UART_Init
 .text.HAL_MultiProcessor_Init
                0x0000000008002d1c       0x88 Drivers/STM32F0xx_HAL_Driver/Src/stm32f0xx_hal_uart.o
                0x0000000008002d1c                HAL_MultiProcessor_Init
 .text.HAL_MultiProcessor_EnableMuteMode
                0x0000000008002da4       0x30 Drivers/STM32F0xx_HAL_Driver/Src/stm32f0xx_hal_uart.o
                0x0000000008002da4                HAL_MultiProcessor_EnableMuteMode
 .text.__libc_init_array
                0x0000000008002dd4       0x48 c:/stmicroelectronics/stm32cube/stm32cubeide_1.3.0/stm32cubeide/plugins/com.st.stm32cube.ide.mcu.externaltools.gnu-tools-for-stm32.7-2018-q2-update.win32_1.0.0.201904181610/tools/bin/../lib/gcc/arm-none-eabi/7.3.1/../../../../arm-none-eabi/lib/thumb/v6-m\libc_nano.a(lib_a-init.o)
                0x0000000008002dd4                __libc_init_array
 .text.memcpy   0x0000000008002e1c       0x12 c:/stmicroelectronics/stm32cube/stm32cubeide_1.3.0/stm32cubeide/plugins/com.st.stm32cube.ide.mcu.externaltools.gnu-tools-for-stm32.7-2018-q2-update.win32_1.0.0.201904181610/tools/bin/../lib/gcc/arm-none-eabi/7.3.1/../../../../arm-none-eabi/lib/thumb/v6-m\libc_nano.a(lib_a-memcpy-stub.o)
                0x0000000008002e1c                memcpy
 .text.memset   0x0000000008002e2e       0x10 c:/stmicroelectronics/stm32cube/stm32cubeide_1.3.0/stm32cubeide/plugins/com.st.stm32cube.ide.mcu.externaltools.gnu-tools-for-stm32.7-2018-q2-update.win32_1.0.0.201904181610/tools/bin/../lib/gcc/arm-none-eabi/7.3.1/../../../../arm-none-eabi/lib/thumb/v6-m\libc_nano.a(lib_a-memset.o)
                0x0000000008002e2e                memset
 *(.glue_7)
 .glue_7        0x0000000008002e3e        0x0 linker stubs
 *(.glue_7t)
 .glue_7t       0x0000000008002e3e        0x0 linker stubs
 *(.eh_frame)
 *fill*         0x0000000008002e3e        0x2 
 .eh_frame      0x0000000008002e40        0x0 c:/stmicroelectronics/stm32cube/stm32cubeide_1.3.0/stm32cubeide/plugins/com.st.stm32cube.ide.mcu.externaltools.gnu-tools-for-stm32.7-2018-q2-update.win32_1.0.0.201904181610/tools/bin/../lib/gcc/arm-none-eabi/7.3.1/thumb/v6-m/crtbegin.o
 *(.init)
 .init          0x0000000008002e40        0x4 c:/stmicroelectronics/stm32cube/stm32cubeide_1.3.0/stm32cubeide/plugins/com.st.stm32cube.ide.mcu.externaltools.gnu-tools-for-stm32.7-2018-q2-update.win32_1.0.0.201904181610/tools/bin/../lib/gcc/arm-none-eabi/7.3.1/thumb/v6-m/crti.o
                0x0000000008002e40                _init
 .init          0x0000000008002e44        0x8 c:/stmicroelectronics/stm32cube/stm32cubeide_1.3.0/stm32cubeide/plugins/com.st.stm32cube.ide.mcu.externaltools.gnu-tools-for-stm32.7-2018-q2-update.win32_1.0.0.201904181610/tools/bin/../lib/gcc/arm-none-eabi/7.3.1/thumb/v6-m/crtn.o
 *(.fini)
 .fini          0x0000000008002e4c        0x4 c:/stmicroelectronics/stm32cube/stm32cubeide_1.3.0/stm32cubeide/plugins/com.st.stm32cube.ide.mcu.externaltools.gnu-tools-for-stm32.7-2018-q2-update.win32_1.0.0.201904181610/tools/bin/../lib/gcc/arm-none-eabi/7.3.1/thumb/v6-m/crti.o
                0x0000000008002e4c                _fini
 .fini          0x0000000008002e50        0x8 c:/stmicroelectronics/stm32cube/stm32cubeide_1.3.0/stm32cubeide/plugins/com.st.stm32cube.ide.mcu.externaltools.gnu-tools-for-stm32.7-2018-q2-update.win32_1.0.0.201904181610/tools/bin/../lib/gcc/arm-none-eabi/7.3.1/thumb/v6-m/crtn.o
                0x0000000008002e58                . = ALIGN (0x4)
                0x0000000008002e58                _etext = .

.vfp11_veneer   0x0000000008002e58        0x0
 .vfp11_veneer  0x0000000008002e58        0x0 linker stubs

.v4_bx          0x0000000008002e58        0x0
 .v4_bx         0x0000000008002e58        0x0 linker stubs

.iplt           0x0000000008002e58        0x0
 .iplt          0x0000000008002e58        0x0 c:/stmicroelectronics/stm32cube/stm32cubeide_1.3.0/stm32cubeide/plugins/com.st.stm32cube.ide.mcu.externaltools.gnu-tools-for-stm32.7-2018-q2-update.win32_1.0.0.201904181610/tools/bin/../lib/gcc/arm-none-eabi/7.3.1/thumb/v6-m/crtbegin.o

.rodata         0x0000000008002e58       0x64
                0x0000000008002e58                . = ALIGN (0x4)
 *(.rodata)
 .rodata        0x0000000008002e58       0x20 Drivers/STM32F0xx_HAL_Driver/Src/stm32f0xx_hal_rcc.o
 *(.rodata*)
 .rodata.bps    0x0000000008002e78       0x28 Common/common.o
                0x0000000008002e78                bps
 .rodata.AHBPrescTable
                0x0000000008002ea0       0x10 Core/Src/system_stm32f0xx.o
                0x0000000008002ea0                AHBPrescTable
 .rodata.APBPrescTable
                0x0000000008002eb0        0x8 Core/Src/system_stm32f0xx.o
                0x0000000008002eb0                APBPrescTable
 .rodata.CSWTCH.57
                0x0000000008002eb8        0x4 Drivers/STM32F0xx_HAL_Driver/Src/stm32f0xx_hal_uart.o
                0x0000000008002ebc                . = ALIGN (0x4)

.ARM.__at_0x08002008
                0x0000000008002ebc        0x4
 .ARM.__at_0x08002008
                0x0000000008002ebc        0x4 Common/common.o
                0x0000000008002ebc                version

.rel.dyn        0x0000000008002ec0        0x0
 .rel.iplt      0x0000000008002ec0        0x0 c:/stmicroelectronics/stm32cube/stm32cubeide_1.3.0/stm32cubeide/plugins/com.st.stm32cube.ide.mcu.externaltools.gnu-tools-for-stm32.7-2018-q2-update.win32_1.0.0.201904181610/tools/bin/../lib/gcc/arm-none-eabi/7.3.1/thumb/v6-m/crtbegin.o

.ARM.extab      0x0000000008002ec0        0x0
                0x0000000008002ec0                . = ALIGN (0x4)
 *(.ARM.extab* .gnu.linkonce.armextab.*)
                0x0000000008002ec0                . = ALIGN (0x4)

.ARM            0x0000000008002ec0        0x0
                0x0000000008002ec0                . = ALIGN (0x4)
                0x0000000008002ec0                __exidx_start = .
 *(.ARM.exidx*)
                0x0000000008002ec0                __exidx_end = .
                0x0000000008002ec0                . = ALIGN (0x4)

.preinit_array  0x0000000008002ec0        0x0
                0x0000000008002ec0                . = ALIGN (0x4)
                0x0000000008002ec0                PROVIDE (__preinit_array_start = .)
 *(.preinit_array*)
                0x0000000008002ec0                PROVIDE (__preinit_array_end = .)
                0x0000000008002ec0                . = ALIGN (0x4)

.init_array     0x0000000008002ec0        0x4
                0x0000000008002ec0                . = ALIGN (0x4)
                0x0000000008002ec0                PROVIDE (__init_array_start = .)
 *(SORT_BY_NAME(.init_array.*))
 *(.init_array*)
 .init_array    0x0000000008002ec0        0x4 c:/stmicroelectronics/stm32cube/stm32cubeide_1.3.0/stm32cubeide/plugins/com.st.stm32cube.ide.mcu.externaltools.gnu-tools-for-stm32.7-2018-q2-update.win32_1.0.0.201904181610/tools/bin/../lib/gcc/arm-none-eabi/7.3.1/thumb/v6-m/crtbegin.o
                0x0000000008002ec4                PROVIDE (__init_array_end = .)
                0x0000000008002ec4                . = ALIGN (0x4)

.fini_array     0x0000000008002ec4        0x4
                0x0000000008002ec4                . = ALIGN (0x4)
                [!provide]                        PROVIDE (__fini_array_start = .)
 *(SORT_BY_NAME(.fini_array.*))
 *(.fini_array*)
 .fini_array    0x0000000008002ec4        0x4 c:/stmicroelectronics/stm32cube/stm32cubeide_1.3.0/stm32cubeide/plugins/com.st.stm32cube.ide.mcu.externaltools.gnu-tools-for-stm32.7-2018-q2-update.win32_1.0.0.201904181610/tools/bin/../lib/gcc/arm-none-eabi/7.3.1/thumb/v6-m/crtbegin.o
                [!provide]                        PROVIDE (__fini_array_end = .)
                0x0000000008002ec8                . = ALIGN (0x4)
                0x0000000008002ec8                _sidata = LOADADDR (.data)

.data           0x0000000020000000       0x1c load address 0x0000000008002ec8
                0x0000000020000000                . = ALIGN (0x4)
                0x0000000020000000                _sdata = .
 *(.data)
 *(.data*)
 .data.mifare_keya
                0x0000000020000000        0x6 Core/Src/rc522.o
                0x0000000020000000                mifare_keya
 .data.mifare_keyb
                0x0000000020000006        0x6 Core/Src/rc522.o
                0x0000000020000006                mifare_keyb
 .data.mifare_tout.6125
                0x000000002000000c        0x4 Core/Src/rc522.o
 .data.SystemCoreClock
                0x0000000020000010        0x4 Core/Src/system_stm32f0xx.o
                0x0000000020000010                SystemCoreClock
 .data.uwTickFreq
                0x0000000020000014        0x1 Drivers/STM32F0xx_HAL_Driver/Src/stm32f0xx_hal.o
                0x0000000020000014                uwTickFreq
 *fill*         0x0000000020000015        0x3 
 .data.uwTickPrio
                0x0000000020000018        0x4 Drivers/STM32F0xx_HAL_Driver/Src/stm32f0xx_hal.o
                0x0000000020000018                uwTickPrio
                0x000000002000001c                . = ALIGN (0x4)
                0x000000002000001c                _edata = .

.igot.plt       0x000000002000001c        0x0 load address 0x0000000008002ee4
 .igot.plt      0x000000002000001c        0x0 c:/stmicroelectronics/stm32cube/stm32cubeide_1.3.0/stm32cubeide/plugins/com.st.stm32cube.ide.mcu.externaltools.gnu-tools-for-stm32.7-2018-q2-update.win32_1.0.0.201904181610/tools/bin/../lib/gcc/arm-none-eabi/7.3.1/thumb/v6-m/crtbegin.o
                0x000000002000001c                . = ALIGN (0x4)

.bss            0x000000002000001c      0x49c load address 0x0000000008002ee4
                0x000000002000001c                _sbss = .
                0x000000002000001c                __bss_start__ = _sbss
 *(.bss)
 .bss           0x000000002000001c       0x1c c:/stmicroelectronics/stm32cube/stm32cubeide_1.3.0/stm32cubeide/plugins/com.st.stm32cube.ide.mcu.externaltools.gnu-tools-for-stm32.7-2018-q2-update.win32_1.0.0.201904181610/tools/bin/../lib/gcc/arm-none-eabi/7.3.1/thumb/v6-m/crtbegin.o
 *(.bss*)
 .bss.COM_Link  0x0000000020000038        0x1 Common/common.o
                0x0000000020000038                COM_Link
 .bss.COM_State
                0x0000000020000039        0x1 Common/common.o
                0x0000000020000039                COM_State
 .bss.sDate     0x000000002000003a        0x4 Core/Src/main.o
                0x000000002000003a                sDate
 *fill*         0x000000002000003e        0x2 
 .bss.sTime     0x0000000020000040       0x14 Core/Src/main.o
                0x0000000020000040                sTime
 .bss.ow_rxbuf  0x0000000020000054      0x100 Core/Src/owire.o
 .bss.ow_txbuf  0x0000000020000154      0x100 Core/Src/owire.o
 .bss.clr.6124  0x0000000020000254        0x4 Core/Src/rc522.o
 .bss.mifare_timer.6123
                0x0000000020000258        0x4 Core/Src/rc522.o
 .bss.sys_id    0x000000002000025c        0x2 Core/Src/rc522.o
                0x000000002000025c                sys_id
 .bss.user_group
                0x000000002000025e       0x10 Core/Src/rc522.o
                0x000000002000025e                user_group
 *(COMMON)
 *fill*         0x000000002000026e        0x2 
 COMMON         0x0000000020000270      0x120 Core/Src/main.o
                0x0000000020000270                hcrc
                0x000000002000028c                huart1
                0x000000002000030c                hrtc
                0x000000002000032c                hspi1
 COMMON         0x0000000020000390       0x24 Core/Src/owire.o
                0x0000000020000390                ow_bps
                0x0000000020000394                ow_txtmr
                0x0000000020000398                ow_txtout
                0x000000002000039c                owtmr
                0x00000000200003a0                owtout
                0x00000000200003a4                ow_rxtout
                0x00000000200003a8                ow_bcnt
                0x00000000200003ac                ow_flags
                0x00000000200003b0                ow_rxtmr
 COMMON         0x00000000200003b4       0xfd Core/Src/rc522.o
                0x00000000200003b4                card_id
                0x00000000200003b9                sector_0
                0x00000000200003f9                rc522_tx_buff
                0x000000002000040a                sCard
                0x000000002000041c                rc522_rx_buff
                0x000000002000042c                card_serial
                0x0000000020000431                sector_1
                0x0000000020000471                sector_2
 *fill*         0x00000000200004b1        0x3 
 COMMON         0x00000000200004b4        0x4 Drivers/STM32F0xx_HAL_Driver/Src/stm32f0xx_hal.o
                0x00000000200004b4                uwTick
                0x00000000200004b8                . = ALIGN (0x4)
                0x00000000200004b8                _ebss = .
                0x00000000200004b8                __bss_end__ = _ebss

._user_heap_stack
                0x00000000200004b8      0x600 load address 0x0000000008002ee4
                0x00000000200004b8                . = ALIGN (0x8)
                0x00000000200004b8                PROVIDE (end = .)
                [!provide]                        PROVIDE (_end = .)
                0x00000000200006b8                . = (. + _Min_Heap_Size)
 *fill*         0x00000000200004b8      0x200 
                0x0000000020000ab8                . = (. + _Min_Stack_Size)
 *fill*         0x00000000200006b8      0x400 
                0x0000000020000ab8                . = ALIGN (0x8)

/DISCARD/
 libc.a(*)
 libm.a(*)
 libgcc.a(*)

.ARM.attributes
                0x0000000000000000       0x28
 *(.ARM.attributes)
 .ARM.attributes
                0x0000000000000000       0x1e c:/stmicroelectronics/stm32cube/stm32cubeide_1.3.0/stm32cubeide/plugins/com.st.stm32cube.ide.mcu.externaltools.gnu-tools-for-stm32.7-2018-q2-update.win32_1.0.0.201904181610/tools/bin/../lib/gcc/arm-none-eabi/7.3.1/thumb/v6-m/crti.o
 .ARM.attributes
                0x000000000000001e       0x2c c:/stmicroelectronics/stm32cube/stm32cubeide_1.3.0/stm32cubeide/plugins/com.st.stm32cube.ide.mcu.externaltools.gnu-tools-for-stm32.7-2018-q2-update.win32_1.0.0.201904181610/tools/bin/../lib/gcc/arm-none-eabi/7.3.1/thumb/v6-m/crtbegin.o
 .ARM.attributes
                0x000000000000004a       0x31 Common/common.o
 .ARM.attributes
                0x000000000000007b       0x31 Core/Src/main.o
 .ARM.attributes
                0x00000000000000ac       0x31 Core/Src/owire.o
 .ARM.attributes
                0x00000000000000dd       0x31 Core/Src/rc522.o
 .ARM.attributes
                0x000000000000010e       0x31 Core/Src/stm32f0xx_hal_msp.o
 .ARM.attributes
                0x000000000000013f       0x31 Core/Src/stm32f0xx_it.o
 .ARM.attributes
                0x0000000000000170       0x31 Core/Src/system_stm32f0xx.o
 .ARM.attributes
                0x00000000000001a1       0x21 Core/Startup/startup_stm32f030f4px.o
 .ARM.attributes
                0x00000000000001c2       0x31 Drivers/STM32F0xx_HAL_Driver/Src/stm32f0xx_hal.o
 .ARM.attributes
                0x00000000000001f3       0x31 Drivers/STM32F0xx_HAL_Driver/Src/stm32f0xx_hal_cortex.o
 .ARM.attributes
                0x0000000000000224       0x31 Drivers/STM32F0xx_HAL_Driver/Src/stm32f0xx_hal_crc.o
 .ARM.attributes
                0x0000000000000255       0x31 Drivers/STM32F0xx_HAL_Driver/Src/stm32f0xx_hal_dma.o
 .ARM.attributes
                0x0000000000000286       0x31 Drivers/STM32F0xx_HAL_Driver/Src/stm32f0xx_hal_gpio.o
 .ARM.attributes
                0x00000000000002b7       0x31 Drivers/STM32F0xx_HAL_Driver/Src/stm32f0xx_hal_rcc.o
 .ARM.attributes
                0x00000000000002e8       0x31 Drivers/STM32F0xx_HAL_Driver/Src/stm32f0xx_hal_rcc_ex.o
 .ARM.attributes
                0x0000000000000319       0x31 Drivers/STM32F0xx_HAL_Driver/Src/stm32f0xx_hal_rtc.o
 .ARM.attributes
                0x000000000000034a       0x31 Drivers/STM32F0xx_HAL_Driver/Src/stm32f0xx_hal_spi.o
 .ARM.attributes
                0x000000000000037b       0x31 Drivers/STM32F0xx_HAL_Driver/Src/stm32f0xx_hal_uart.o
 .ARM.attributes
                0x00000000000003ac       0x2c c:/stmicroelectronics/stm32cube/stm32cubeide_1.3.0/stm32cubeide/plugins/com.st.stm32cube.ide.mcu.externaltools.gnu-tools-for-stm32.7-2018-q2-update.win32_1.0.0.201904181610/tools/bin/../lib/gcc/arm-none-eabi/7.3.1/../../../../arm-none-eabi/lib/thumb/v6-m\libc_nano.a(lib_a-init.o)
 .ARM.attributes
                0x00000000000003d8       0x2c c:/stmicroelectronics/stm32cube/stm32cubeide_1.3.0/stm32cubeide/plugins/com.st.stm32cube.ide.mcu.externaltools.gnu-tools-for-stm32.7-2018-q2-update.win32_1.0.0.201904181610/tools/bin/../lib/gcc/arm-none-eabi/7.3.1/../../../../arm-none-eabi/lib/thumb/v6-m\libc_nano.a(lib_a-memcpy-stub.o)
 .ARM.attributes
                0x0000000000000404       0x2c c:/stmicroelectronics/stm32cube/stm32cubeide_1.3.0/stm32cubeide/plugins/com.st.stm32cube.ide.mcu.externaltools.gnu-tools-for-stm32.7-2018-q2-update.win32_1.0.0.201904181610/tools/bin/../lib/gcc/arm-none-eabi/7.3.1/../../../../arm-none-eabi/lib/thumb/v6-m\libc_nano.a(lib_a-memset.o)
 .ARM.attributes
                0x0000000000000430       0x1e c:/stmicroelectronics/stm32cube/stm32cubeide_1.3.0/stm32cubeide/plugins/com.st.stm32cube.ide.mcu.externaltools.gnu-tools-for-stm32.7-2018-q2-update.win32_1.0.0.201904181610/tools/bin/../lib/gcc/arm-none-eabi/7.3.1/thumb/v6-m\libgcc.a(_thumb1_case_uqi.o)
 .ARM.attributes
                0x000000000000044e       0x1e c:/stmicroelectronics/stm32cube/stm32cubeide_1.3.0/stm32cubeide/plugins/com.st.stm32cube.ide.mcu.externaltools.gnu-tools-for-stm32.7-2018-q2-update.win32_1.0.0.201904181610/tools/bin/../lib/gcc/arm-none-eabi/7.3.1/thumb/v6-m\libgcc.a(_udivsi3.o)
 .ARM.attributes
                0x000000000000046c       0x1e c:/stmicroelectronics/stm32cube/stm32cubeide_1.3.0/stm32cubeide/plugins/com.st.stm32cube.ide.mcu.externaltools.gnu-tools-for-stm32.7-2018-q2-update.win32_1.0.0.201904181610/tools/bin/../lib/gcc/arm-none-eabi/7.3.1/thumb/v6-m\libgcc.a(_dvmd_tls.o)
 .ARM.attributes
                0x000000000000048a       0x1e c:/stmicroelectronics/stm32cube/stm32cubeide_1.3.0/stm32cubeide/plugins/com.st.stm32cube.ide.mcu.externaltools.gnu-tools-for-stm32.7-2018-q2-update.win32_1.0.0.201904181610/tools/bin/../lib/gcc/arm-none-eabi/7.3.1/thumb/v6-m/crtn.o
OUTPUT(CS.elf elf32-littlearm)

.comment        0x0000000000000000       0x7b
 .comment       0x0000000000000000       0x7b Common/common.o
                                         0x7c (size before relaxing)
 .comment       0x000000000000007b       0x7c Core/Src/main.o
 .comment       0x000000000000007b       0x7c Core/Src/owire.o
 .comment       0x000000000000007b       0x7c Core/Src/rc522.o
 .comment       0x000000000000007b       0x7c Core/Src/stm32f0xx_hal_msp.o
 .comment       0x000000000000007b       0x7c Core/Src/stm32f0xx_it.o
 .comment       0x000000000000007b       0x7c Core/Src/system_stm32f0xx.o
 .comment       0x000000000000007b       0x7c Drivers/STM32F0xx_HAL_Driver/Src/stm32f0xx_hal.o
 .comment       0x000000000000007b       0x7c Drivers/STM32F0xx_HAL_Driver/Src/stm32f0xx_hal_cortex.o
 .comment       0x000000000000007b       0x7c Drivers/STM32F0xx_HAL_Driver/Src/stm32f0xx_hal_crc.o
 .comment       0x000000000000007b       0x7c Drivers/STM32F0xx_HAL_Driver/Src/stm32f0xx_hal_dma.o
 .comment       0x000000000000007b       0x7c Drivers/STM32F0xx_HAL_Driver/Src/stm32f0xx_hal_gpio.o
 .comment       0x000000000000007b       0x7c Drivers/STM32F0xx_HAL_Driver/Src/stm32f0xx_hal_rcc.o
 .comment       0x000000000000007b       0x7c Drivers/STM32F0xx_HAL_Driver/Src/stm32f0xx_hal_rcc_ex.o
 .comment       0x000000000000007b       0x7c Drivers/STM32F0xx_HAL_Driver/Src/stm32f0xx_hal_rtc.o
 .comment       0x000000000000007b       0x7c Drivers/STM32F0xx_HAL_Driver/Src/stm32f0xx_hal_spi.o
 .comment       0x000000000000007b       0x7c Drivers/STM32F0xx_HAL_Driver/Src/stm32f0xx_hal_uart.o

.debug_frame    0x0000000000000000       0x94
 .debug_frame   0x0000000000000000       0x2c c:/stmicroelectronics/stm32cube/stm32cubeide_1.3.0/stm32cubeide/plugins/com.st.stm32cube.ide.mcu.externaltools.gnu-tools-for-stm32.7-2018-q2-update.win32_1.0.0.201904181610/tools/bin/../lib/gcc/arm-none-eabi/7.3.1/../../../../arm-none-eabi/lib/thumb/v6-m\libc_nano.a(lib_a-init.o)
 .debug_frame   0x000000000000002c       0x28 c:/stmicroelectronics/stm32cube/stm32cubeide_1.3.0/stm32cubeide/plugins/com.st.stm32cube.ide.mcu.externaltools.gnu-tools-for-stm32.7-2018-q2-update.win32_1.0.0.201904181610/tools/bin/../lib/gcc/arm-none-eabi/7.3.1/../../../../arm-none-eabi/lib/thumb/v6-m\libc_nano.a(lib_a-memcpy-stub.o)
 .debug_frame   0x0000000000000054       0x20 c:/stmicroelectronics/stm32cube/stm32cubeide_1.3.0/stm32cubeide/plugins/com.st.stm32cube.ide.mcu.externaltools.gnu-tools-for-stm32.7-2018-q2-update.win32_1.0.0.201904181610/tools/bin/../lib/gcc/arm-none-eabi/7.3.1/../../../../arm-none-eabi/lib/thumb/v6-m\libc_nano.a(lib_a-memset.o)
 .debug_frame   0x0000000000000074       0x20 c:/stmicroelectronics/stm32cube/stm32cubeide_1.3.0/stm32cubeide/plugins/com.st.stm32cube.ide.mcu.externaltools.gnu-tools-for-stm32.7-2018-q2-update.win32_1.0.0.201904181610/tools/bin/../lib/gcc/arm-none-eabi/7.3.1/thumb/v6-m\libgcc.a(_udivsi3.o)

Cross Reference Table

Symbol                                            File
ADC1_IRQHandler                                   Core/Startup/startup_stm32f030f4px.o
AHBPrescTable                                     Core/Src/system_stm32f0xx.o
                                                  Drivers/STM32F0xx_HAL_Driver/Src/stm32f0xx_hal_rcc.o
APBPrescTable                                     Core/Src/system_stm32f0xx.o
                                                  Drivers/STM32F0xx_HAL_Driver/Src/stm32f0xx_hal_rcc.o
BaseToPower                                       Common/common.o
Bcd2Dec                                           Common/common.o
COM_Bridge                                        Common/common.o
COM_Link                                          Common/common.o
                                                  Core/Src/owire.o
COM_State                                         Common/common.o
                                                  Core/Src/owire.o
CRC_Calculate8                                    Drivers/STM32F0xx_HAL_Driver/Src/stm32f0xx_hal_crc.o
                                                  Core/Src/owire.o
CRC_ResetDR                                       Drivers/STM32F0xx_HAL_Driver/Src/stm32f0xx_hal_crc.o
                                                  Core/Src/owire.o
CalcCRC                                           Common/common.o
CharToBinStr                                      Common/common.o
DMA1_Channel1_IRQHandler                          Core/Startup/startup_stm32f030f4px.o
DMA1_Channel2_3_IRQHandler                        Core/Startup/startup_stm32f030f4px.o
DMA1_Channel4_5_IRQHandler                        Core/Startup/startup_stm32f030f4px.o
Dec2Bcd                                           Common/common.o
Default_Handler                                   Core/Startup/startup_stm32f030f4px.o
DelayMs                                           Common/common.o
EXTI0_1_IRQHandler                                Core/Startup/startup_stm32f030f4px.o
EXTI2_3_IRQHandler                                Core/Startup/startup_stm32f030f4px.o
EXTI4_15_IRQHandler                               Core/Startup/startup_stm32f030f4px.o
Error_Handler                                     Core/Src/main.o
                                                  Core/Src/owire.o
FLASH_IRQHandler                                  Core/Startup/startup_stm32f030f4px.o
FLASH_PageErase                                   Drivers/STM32F0xx_HAL_Driver/Src/stm32f0xx_hal_flash_ex.o
                                                  Drivers/STM32F0xx_HAL_Driver/Src/stm32f0xx_hal_flash.o
FLASH_WaitForLastOperation                        Drivers/STM32F0xx_HAL_Driver/Src/stm32f0xx_hal_flash.o
                                                  Drivers/STM32F0xx_HAL_Driver/Src/stm32f0xx_hal_flash_ex.o
GetFwInfo                                         Common/common.o
GetSize                                           Common/common.o
HAL_CRCEx_Input_Data_Reverse                      Drivers/STM32F0xx_HAL_Driver/Src/stm32f0xx_hal_crc_ex.o
HAL_CRCEx_Output_Data_Reverse                     Drivers/STM32F0xx_HAL_Driver/Src/stm32f0xx_hal_crc_ex.o
HAL_CRC_Accumulate                                Drivers/STM32F0xx_HAL_Driver/Src/stm32f0xx_hal_crc.o
                                                  Common/common.o
HAL_CRC_Calculate                                 Drivers/STM32F0xx_HAL_Driver/Src/stm32f0xx_hal_crc.o
                                                  Common/common.o
HAL_CRC_DeInit                                    Drivers/STM32F0xx_HAL_Driver/Src/stm32f0xx_hal_crc.o
HAL_CRC_GetState                                  Drivers/STM32F0xx_HAL_Driver/Src/stm32f0xx_hal_crc.o
HAL_CRC_Init                                      Drivers/STM32F0xx_HAL_Driver/Src/stm32f0xx_hal_crc.o
                                                  Core/Src/main.o
HAL_CRC_MspDeInit                                 Core/Src/stm32f0xx_hal_msp.o
HAL_CRC_MspInit                                   Core/Src/stm32f0xx_hal_msp.o
HAL_DBGMCU_DisableDBGStandbyMode                  Drivers/STM32F0xx_HAL_Driver/Src/stm32f0xx_hal.o
HAL_DBGMCU_DisableDBGStopMode                     Drivers/STM32F0xx_HAL_Driver/Src/stm32f0xx_hal.o
HAL_DBGMCU_EnableDBGStandbyMode                   Drivers/STM32F0xx_HAL_Driver/Src/stm32f0xx_hal.o
HAL_DBGMCU_EnableDBGStopMode                      Drivers/STM32F0xx_HAL_Driver/Src/stm32f0xx_hal.o
HAL_DMA_Abort                                     Drivers/STM32F0xx_HAL_Driver/Src/stm32f0xx_hal_dma.o
                                                  Drivers/STM32F0xx_HAL_Driver/Src/stm32f0xx_hal_uart.o
                                                  Drivers/STM32F0xx_HAL_Driver/Src/stm32f0xx_hal_spi.o
HAL_DMA_Abort_IT                                  Drivers/STM32F0xx_HAL_Driver/Src/stm32f0xx_hal_dma.o
                                                  Drivers/STM32F0xx_HAL_Driver/Src/stm32f0xx_hal_uart.o
                                                  Drivers/STM32F0xx_HAL_Driver/Src/stm32f0xx_hal_spi.o
                                                  Drivers/STM32F0xx_HAL_Driver/Src/stm32f0xx_hal_i2c.o
HAL_DMA_DeInit                                    Drivers/STM32F0xx_HAL_Driver/Src/stm32f0xx_hal_dma.o
HAL_DMA_GetError                                  Drivers/STM32F0xx_HAL_Driver/Src/stm32f0xx_hal_dma.o
                                                  Drivers/STM32F0xx_HAL_Driver/Src/stm32f0xx_hal_uart.o
HAL_DMA_GetState                                  Drivers/STM32F0xx_HAL_Driver/Src/stm32f0xx_hal_dma.o
HAL_DMA_IRQHandler                                Drivers/STM32F0xx_HAL_Driver/Src/stm32f0xx_hal_dma.o
HAL_DMA_Init                                      Drivers/STM32F0xx_HAL_Driver/Src/stm32f0xx_hal_dma.o
HAL_DMA_PollForTransfer                           Drivers/STM32F0xx_HAL_Driver/Src/stm32f0xx_hal_dma.o
HAL_DMA_RegisterCallback                          Drivers/STM32F0xx_HAL_Driver/Src/stm32f0xx_hal_dma.o
HAL_DMA_Start                                     Drivers/STM32F0xx_HAL_Driver/Src/stm32f0xx_hal_dma.o
HAL_DMA_Start_IT                                  Drivers/STM32F0xx_HAL_Driver/Src/stm32f0xx_hal_dma.o
                                                  Drivers/STM32F0xx_HAL_Driver/Src/stm32f0xx_hal_uart.o
                                                  Drivers/STM32F0xx_HAL_Driver/Src/stm32f0xx_hal_spi.o
                                                  Drivers/STM32F0xx_HAL_Driver/Src/stm32f0xx_hal_i2c.o
HAL_DMA_UnRegisterCallback                        Drivers/STM32F0xx_HAL_Driver/Src/stm32f0xx_hal_dma.o
HAL_DeInit                                        Drivers/STM32F0xx_HAL_Driver/Src/stm32f0xx_hal.o
HAL_Delay                                         Drivers/STM32F0xx_HAL_Driver/Src/stm32f0xx_hal.o
                                                  Core/Src/rc522.o
                                                  Core/Src/owire.o
HAL_EXTI_ClearConfigLine                          Drivers/STM32F0xx_HAL_Driver/Src/stm32f0xx_hal_exti.o
HAL_EXTI_ClearPending                             Drivers/STM32F0xx_HAL_Driver/Src/stm32f0xx_hal_exti.o
HAL_EXTI_GenerateSWI                              Drivers/STM32F0xx_HAL_Driver/Src/stm32f0xx_hal_exti.o
HAL_EXTI_GetConfigLine                            Drivers/STM32F0xx_HAL_Driver/Src/stm32f0xx_hal_exti.o
HAL_EXTI_GetHandle                                Drivers/STM32F0xx_HAL_Driver/Src/stm32f0xx_hal_exti.o
HAL_EXTI_GetPending                               Drivers/STM32F0xx_HAL_Driver/Src/stm32f0xx_hal_exti.o
HAL_EXTI_IRQHandler                               Drivers/STM32F0xx_HAL_Driver/Src/stm32f0xx_hal_exti.o
HAL_EXTI_RegisterCallback                         Drivers/STM32F0xx_HAL_Driver/Src/stm32f0xx_hal_exti.o
HAL_EXTI_SetConfigLine                            Drivers/STM32F0xx_HAL_Driver/Src/stm32f0xx_hal_exti.o
HAL_FLASHEx_Erase                                 Drivers/STM32F0xx_HAL_Driver/Src/stm32f0xx_hal_flash_ex.o
HAL_FLASHEx_Erase_IT                              Drivers/STM32F0xx_HAL_Driver/Src/stm32f0xx_hal_flash_ex.o
HAL_FLASHEx_OBErase                               Drivers/STM32F0xx_HAL_Driver/Src/stm32f0xx_hal_flash_ex.o
HAL_FLASHEx_OBGetConfig                           Drivers/STM32F0xx_HAL_Driver/Src/stm32f0xx_hal_flash_ex.o
HAL_FLASHEx_OBGetUserData                         Drivers/STM32F0xx_HAL_Driver/Src/stm32f0xx_hal_flash_ex.o
HAL_FLASHEx_OBProgram                             Drivers/STM32F0xx_HAL_Driver/Src/stm32f0xx_hal_flash_ex.o
HAL_FLASH_EndOfOperationCallback                  Drivers/STM32F0xx_HAL_Driver/Src/stm32f0xx_hal_flash.o
HAL_FLASH_GetError                                Drivers/STM32F0xx_HAL_Driver/Src/stm32f0xx_hal_flash.o
HAL_FLASH_IRQHandler                              Drivers/STM32F0xx_HAL_Driver/Src/stm32f0xx_hal_flash.o
HAL_FLASH_Lock                                    Drivers/STM32F0xx_HAL_Driver/Src/stm32f0xx_hal_flash.o
HAL_FLASH_OB_Launch                               Drivers/STM32F0xx_HAL_Driver/Src/stm32f0xx_hal_flash.o
HAL_FLASH_OB_Lock                                 Drivers/STM32F0xx_HAL_Driver/Src/stm32f0xx_hal_flash.o
HAL_FLASH_OB_Unlock                               Drivers/STM32F0xx_HAL_Driver/Src/stm32f0xx_hal_flash.o
HAL_FLASH_OperationErrorCallback                  Drivers/STM32F0xx_HAL_Driver/Src/stm32f0xx_hal_flash.o
HAL_FLASH_Program                                 Drivers/STM32F0xx_HAL_Driver/Src/stm32f0xx_hal_flash.o
HAL_FLASH_Program_IT                              Drivers/STM32F0xx_HAL_Driver/Src/stm32f0xx_hal_flash.o
HAL_FLASH_Unlock                                  Drivers/STM32F0xx_HAL_Driver/Src/stm32f0xx_hal_flash.o
HAL_GPIO_DeInit                                   Drivers/STM32F0xx_HAL_Driver/Src/stm32f0xx_hal_gpio.o
                                                  Core/Src/stm32f0xx_hal_msp.o
HAL_GPIO_EXTI_Callback                            Drivers/STM32F0xx_HAL_Driver/Src/stm32f0xx_hal_gpio.o
HAL_GPIO_EXTI_IRQHandler                          Drivers/STM32F0xx_HAL_Driver/Src/stm32f0xx_hal_gpio.o
HAL_GPIO_Init                                     Drivers/STM32F0xx_HAL_Driver/Src/stm32f0xx_hal_gpio.o
                                                  Drivers/STM32F0xx_HAL_Driver/Src/stm32f0xx_hal_rcc.o
                                                  Core/Src/stm32f0xx_hal_msp.o
                                                  Core/Src/main.o
HAL_GPIO_LockPin                                  Drivers/STM32F0xx_HAL_Driver/Src/stm32f0xx_hal_gpio.o
HAL_GPIO_ReadPin                                  Drivers/STM32F0xx_HAL_Driver/Src/stm32f0xx_hal_gpio.o
                                                  Core/Src/owire.o
HAL_GPIO_TogglePin                                Drivers/STM32F0xx_HAL_Driver/Src/stm32f0xx_hal_gpio.o
                                                  Core/Src/rc522.o
HAL_GPIO_WritePin                                 Drivers/STM32F0xx_HAL_Driver/Src/stm32f0xx_hal_gpio.o
                                                  Core/Src/rc522.o
                                                  Core/Src/main.o
HAL_GetDEVID                                      Drivers/STM32F0xx_HAL_Driver/Src/stm32f0xx_hal.o
HAL_GetHalVersion                                 Drivers/STM32F0xx_HAL_Driver/Src/stm32f0xx_hal.o
HAL_GetREVID                                      Drivers/STM32F0xx_HAL_Driver/Src/stm32f0xx_hal.o
HAL_GetTick                                       Drivers/STM32F0xx_HAL_Driver/Src/stm32f0xx_hal.o
                                                  Drivers/STM32F0xx_HAL_Driver/Src/stm32f0xx_hal_uart.o
                                                  Drivers/STM32F0xx_HAL_Driver/Src/stm32f0xx_hal_spi.o
                                                  Drivers/STM32F0xx_HAL_Driver/Src/stm32f0xx_hal_rtc_ex.o
                                                  Drivers/STM32F0xx_HAL_Driver/Src/stm32f0xx_hal_rtc.o
                                                  Drivers/STM32F0xx_HAL_Driver/Src/stm32f0xx_hal_rcc_ex.o
                                                  Drivers/STM32F0xx_HAL_Driver/Src/stm32f0xx_hal_rcc.o
                                                  Drivers/STM32F0xx_HAL_Driver/Src/stm32f0xx_hal_i2c.o
                                                  Drivers/STM32F0xx_HAL_Driver/Src/stm32f0xx_hal_flash.o
                                                  Drivers/STM32F0xx_HAL_Driver/Src/stm32f0xx_hal_dma.o
                                                  Core/Src/rc522.o
                                                  Core/Src/owire.o
                                                  Common/common.o
HAL_GetTickFreq                                   Drivers/STM32F0xx_HAL_Driver/Src/stm32f0xx_hal.o
HAL_GetTickPrio                                   Drivers/STM32F0xx_HAL_Driver/Src/stm32f0xx_hal.o
HAL_GetUIDw0                                      Drivers/STM32F0xx_HAL_Driver/Src/stm32f0xx_hal.o
HAL_GetUIDw1                                      Drivers/STM32F0xx_HAL_Driver/Src/stm32f0xx_hal.o
HAL_GetUIDw2                                      Drivers/STM32F0xx_HAL_Driver/Src/stm32f0xx_hal.o
HAL_HalfDuplex_EnableReceiver                     Drivers/STM32F0xx_HAL_Driver/Src/stm32f0xx_hal_uart.o
HAL_HalfDuplex_EnableTransmitter                  Drivers/STM32F0xx_HAL_Driver/Src/stm32f0xx_hal_uart.o
HAL_HalfDuplex_Init                               Drivers/STM32F0xx_HAL_Driver/Src/stm32f0xx_hal_uart.o
HAL_I2CEx_ConfigAnalogFilter                      Drivers/STM32F0xx_HAL_Driver/Src/stm32f0xx_hal_i2c_ex.o
HAL_I2CEx_ConfigDigitalFilter                     Drivers/STM32F0xx_HAL_Driver/Src/stm32f0xx_hal_i2c_ex.o
HAL_I2CEx_DisableFastModePlus                     Drivers/STM32F0xx_HAL_Driver/Src/stm32f0xx_hal_i2c_ex.o
HAL_I2CEx_EnableFastModePlus                      Drivers/STM32F0xx_HAL_Driver/Src/stm32f0xx_hal_i2c_ex.o
HAL_I2C_AbortCpltCallback                         Drivers/STM32F0xx_HAL_Driver/Src/stm32f0xx_hal_i2c.o
HAL_I2C_AddrCallback                              Drivers/STM32F0xx_HAL_Driver/Src/stm32f0xx_hal_i2c.o
HAL_I2C_DeInit                                    Drivers/STM32F0xx_HAL_Driver/Src/stm32f0xx_hal_i2c.o
HAL_I2C_DisableListen_IT                          Drivers/STM32F0xx_HAL_Driver/Src/stm32f0xx_hal_i2c.o
HAL_I2C_ER_IRQHandler                             Drivers/STM32F0xx_HAL_Driver/Src/stm32f0xx_hal_i2c.o
HAL_I2C_EV_IRQHandler                             Drivers/STM32F0xx_HAL_Driver/Src/stm32f0xx_hal_i2c.o
HAL_I2C_EnableListen_IT                           Drivers/STM32F0xx_HAL_Driver/Src/stm32f0xx_hal_i2c.o
HAL_I2C_ErrorCallback                             Drivers/STM32F0xx_HAL_Driver/Src/stm32f0xx_hal_i2c.o
HAL_I2C_GetError                                  Drivers/STM32F0xx_HAL_Driver/Src/stm32f0xx_hal_i2c.o
HAL_I2C_GetMode                                   Drivers/STM32F0xx_HAL_Driver/Src/stm32f0xx_hal_i2c.o
HAL_I2C_GetState                                  Drivers/STM32F0xx_HAL_Driver/Src/stm32f0xx_hal_i2c.o
HAL_I2C_Init                                      Drivers/STM32F0xx_HAL_Driver/Src/stm32f0xx_hal_i2c.o
HAL_I2C_IsDeviceReady                             Drivers/STM32F0xx_HAL_Driver/Src/stm32f0xx_hal_i2c.o
HAL_I2C_ListenCpltCallback                        Drivers/STM32F0xx_HAL_Driver/Src/stm32f0xx_hal_i2c.o
HAL_I2C_MasterRxCpltCallback                      Drivers/STM32F0xx_HAL_Driver/Src/stm32f0xx_hal_i2c.o
HAL_I2C_MasterTxCpltCallback                      Drivers/STM32F0xx_HAL_Driver/Src/stm32f0xx_hal_i2c.o
HAL_I2C_Master_Abort_IT                           Drivers/STM32F0xx_HAL_Driver/Src/stm32f0xx_hal_i2c.o
HAL_I2C_Master_Receive                            Drivers/STM32F0xx_HAL_Driver/Src/stm32f0xx_hal_i2c.o
HAL_I2C_Master_Receive_DMA                        Drivers/STM32F0xx_HAL_Driver/Src/stm32f0xx_hal_i2c.o
HAL_I2C_Master_Receive_IT                         Drivers/STM32F0xx_HAL_Driver/Src/stm32f0xx_hal_i2c.o
HAL_I2C_Master_Seq_Receive_DMA                    Drivers/STM32F0xx_HAL_Driver/Src/stm32f0xx_hal_i2c.o
HAL_I2C_Master_Seq_Receive_IT                     Drivers/STM32F0xx_HAL_Driver/Src/stm32f0xx_hal_i2c.o
HAL_I2C_Master_Seq_Transmit_DMA                   Drivers/STM32F0xx_HAL_Driver/Src/stm32f0xx_hal_i2c.o
HAL_I2C_Master_Seq_Transmit_IT                    Drivers/STM32F0xx_HAL_Driver/Src/stm32f0xx_hal_i2c.o
HAL_I2C_Master_Transmit                           Drivers/STM32F0xx_HAL_Driver/Src/stm32f0xx_hal_i2c.o
HAL_I2C_Master_Transmit_DMA                       Drivers/STM32F0xx_HAL_Driver/Src/stm32f0xx_hal_i2c.o
HAL_I2C_Master_Transmit_IT                        Drivers/STM32F0xx_HAL_Driver/Src/stm32f0xx_hal_i2c.o
HAL_I2C_MemRxCpltCallback                         Drivers/STM32F0xx_HAL_Driver/Src/stm32f0xx_hal_i2c.o
HAL_I2C_MemTxCpltCallback                         Drivers/STM32F0xx_HAL_Driver/Src/stm32f0xx_hal_i2c.o
HAL_I2C_Mem_Read                                  Drivers/STM32F0xx_HAL_Driver/Src/stm32f0xx_hal_i2c.o
HAL_I2C_Mem_Read_DMA                              Drivers/STM32F0xx_HAL_Driver/Src/stm32f0xx_hal_i2c.o
HAL_I2C_Mem_Read_IT                               Drivers/STM32F0xx_HAL_Driver/Src/stm32f0xx_hal_i2c.o
HAL_I2C_Mem_Write                                 Drivers/STM32F0xx_HAL_Driver/Src/stm32f0xx_hal_i2c.o
HAL_I2C_Mem_Write_DMA                             Drivers/STM32F0xx_HAL_Driver/Src/stm32f0xx_hal_i2c.o
HAL_I2C_Mem_Write_IT                              Drivers/STM32F0xx_HAL_Driver/Src/stm32f0xx_hal_i2c.o
HAL_I2C_MspDeInit                                 Drivers/STM32F0xx_HAL_Driver/Src/stm32f0xx_hal_i2c.o
HAL_I2C_MspInit                                   Drivers/STM32F0xx_HAL_Driver/Src/stm32f0xx_hal_i2c.o
HAL_I2C_SlaveRxCpltCallback                       Drivers/STM32F0xx_HAL_Driver/Src/stm32f0xx_hal_i2c.o
HAL_I2C_SlaveTxCpltCallback                       Drivers/STM32F0xx_HAL_Driver/Src/stm32f0xx_hal_i2c.o
HAL_I2C_Slave_Receive                             Drivers/STM32F0xx_HAL_Driver/Src/stm32f0xx_hal_i2c.o
HAL_I2C_Slave_Receive_DMA                         Drivers/STM32F0xx_HAL_Driver/Src/stm32f0xx_hal_i2c.o
HAL_I2C_Slave_Receive_IT                          Drivers/STM32F0xx_HAL_Driver/Src/stm32f0xx_hal_i2c.o
HAL_I2C_Slave_Seq_Receive_DMA                     Drivers/STM32F0xx_HAL_Driver/Src/stm32f0xx_hal_i2c.o
HAL_I2C_Slave_Seq_Receive_IT                      Drivers/STM32F0xx_HAL_Driver/Src/stm32f0xx_hal_i2c.o
HAL_I2C_Slave_Seq_Transmit_DMA                    Drivers/STM32F0xx_HAL_Driver/Src/stm32f0xx_hal_i2c.o
HAL_I2C_Slave_Seq_Transmit_IT                     Drivers/STM32F0xx_HAL_Driver/Src/stm32f0xx_hal_i2c.o
HAL_I2C_Slave_Transmit                            Drivers/STM32F0xx_HAL_Driver/Src/stm32f0xx_hal_i2c.o
HAL_I2C_Slave_Transmit_DMA                        Drivers/STM32F0xx_HAL_Driver/Src/stm32f0xx_hal_i2c.o
HAL_I2C_Slave_Transmit_IT                         Drivers/STM32F0xx_HAL_Driver/Src/stm32f0xx_hal_i2c.o
HAL_IncTick                                       Drivers/STM32F0xx_HAL_Driver/Src/stm32f0xx_hal.o
                                                  Core/Src/stm32f0xx_it.o
HAL_Init                                          Drivers/STM32F0xx_HAL_Driver/Src/stm32f0xx_hal.o
                                                  Core/Src/main.o
HAL_InitTick                                      Drivers/STM32F0xx_HAL_Driver/Src/stm32f0xx_hal.o
                                                  Drivers/STM32F0xx_HAL_Driver/Src/stm32f0xx_hal_rcc.o
HAL_MspDeInit                                     Drivers/STM32F0xx_HAL_Driver/Src/stm32f0xx_hal.o
HAL_MspInit                                       Core/Src/stm32f0xx_hal_msp.o
HAL_MultiProcessorEx_AddressLength_Set            Drivers/STM32F0xx_HAL_Driver/Src/stm32f0xx_hal_uart_ex.o
HAL_MultiProcessor_DisableMuteMode                Drivers/STM32F0xx_HAL_Driver/Src/stm32f0xx_hal_uart.o
HAL_MultiProcessor_EnableMuteMode                 Drivers/STM32F0xx_HAL_Driver/Src/stm32f0xx_hal_uart.o
                                                  Core/Src/owire.o
HAL_MultiProcessor_EnterMuteMode                  Drivers/STM32F0xx_HAL_Driver/Src/stm32f0xx_hal_uart.o
                                                  Core/Src/owire.o
HAL_MultiProcessor_Init                           Drivers/STM32F0xx_HAL_Driver/Src/stm32f0xx_hal_uart.o
                                                  Core/Src/owire.o
HAL_NVIC_ClearPendingIRQ                          Drivers/STM32F0xx_HAL_Driver/Src/stm32f0xx_hal_cortex.o
HAL_NVIC_DisableIRQ                               Drivers/STM32F0xx_HAL_Driver/Src/stm32f0xx_hal_cortex.o
                                                  Core/Src/stm32f0xx_hal_msp.o
HAL_NVIC_EnableIRQ                                Drivers/STM32F0xx_HAL_Driver/Src/stm32f0xx_hal_cortex.o
                                                  Core/Src/stm32f0xx_hal_msp.o
HAL_NVIC_GetPendingIRQ                            Drivers/STM32F0xx_HAL_Driver/Src/stm32f0xx_hal_cortex.o
HAL_NVIC_GetPriority                              Drivers/STM32F0xx_HAL_Driver/Src/stm32f0xx_hal_cortex.o
HAL_NVIC_SetPendingIRQ                            Drivers/STM32F0xx_HAL_Driver/Src/stm32f0xx_hal_cortex.o
HAL_NVIC_SetPriority                              Drivers/STM32F0xx_HAL_Driver/Src/stm32f0xx_hal_cortex.o
                                                  Drivers/STM32F0xx_HAL_Driver/Src/stm32f0xx_hal.o
                                                  Core/Src/stm32f0xx_hal_msp.o
HAL_NVIC_SystemReset                              Drivers/STM32F0xx_HAL_Driver/Src/stm32f0xx_hal_cortex.o
HAL_PWR_DeInit                                    Drivers/STM32F0xx_HAL_Driver/Src/stm32f0xx_hal_pwr.o
HAL_PWR_DisableBkUpAccess                         Drivers/STM32F0xx_HAL_Driver/Src/stm32f0xx_hal_pwr.o
HAL_PWR_DisableSEVOnPend                          Drivers/STM32F0xx_HAL_Driver/Src/stm32f0xx_hal_pwr.o
HAL_PWR_DisableSleepOnExit                        Drivers/STM32F0xx_HAL_Driver/Src/stm32f0xx_hal_pwr.o
HAL_PWR_DisableWakeUpPin                          Drivers/STM32F0xx_HAL_Driver/Src/stm32f0xx_hal_pwr.o
HAL_PWR_EnableBkUpAccess                          Drivers/STM32F0xx_HAL_Driver/Src/stm32f0xx_hal_pwr.o
HAL_PWR_EnableSEVOnPend                           Drivers/STM32F0xx_HAL_Driver/Src/stm32f0xx_hal_pwr.o
HAL_PWR_EnableSleepOnExit                         Drivers/STM32F0xx_HAL_Driver/Src/stm32f0xx_hal_pwr.o
HAL_PWR_EnableWakeUpPin                           Drivers/STM32F0xx_HAL_Driver/Src/stm32f0xx_hal_pwr.o
HAL_PWR_EnterSLEEPMode                            Drivers/STM32F0xx_HAL_Driver/Src/stm32f0xx_hal_pwr.o
HAL_PWR_EnterSTANDBYMode                          Drivers/STM32F0xx_HAL_Driver/Src/stm32f0xx_hal_pwr.o
HAL_PWR_EnterSTOPMode                             Drivers/STM32F0xx_HAL_Driver/Src/stm32f0xx_hal_pwr.o
HAL_RCCEx_GetPeriphCLKConfig                      Drivers/STM32F0xx_HAL_Driver/Src/stm32f0xx_hal_rcc_ex.o
HAL_RCCEx_GetPeriphCLKFreq                        Drivers/STM32F0xx_HAL_Driver/Src/stm32f0xx_hal_rcc_ex.o
HAL_RCCEx_PeriphCLKConfig                         Drivers/STM32F0xx_HAL_Driver/Src/stm32f0xx_hal_rcc_ex.o
                                                  Core/Src/main.o
HAL_RCC_CSSCallback                               Drivers/STM32F0xx_HAL_Driver/Src/stm32f0xx_hal_rcc.o
HAL_RCC_ClockConfig                               Drivers/STM32F0xx_HAL_Driver/Src/stm32f0xx_hal_rcc.o
                                                  Core/Src/main.o
HAL_RCC_DeInit                                    Drivers/STM32F0xx_HAL_Driver/Src/stm32f0xx_hal_rcc.o
HAL_RCC_DisableCSS                                Drivers/STM32F0xx_HAL_Driver/Src/stm32f0xx_hal_rcc.o
HAL_RCC_EnableCSS                                 Drivers/STM32F0xx_HAL_Driver/Src/stm32f0xx_hal_rcc.o
HAL_RCC_GetClockConfig                            Drivers/STM32F0xx_HAL_Driver/Src/stm32f0xx_hal_rcc.o
HAL_RCC_GetHCLKFreq                               Drivers/STM32F0xx_HAL_Driver/Src/stm32f0xx_hal_rcc.o
HAL_RCC_GetOscConfig                              Drivers/STM32F0xx_HAL_Driver/Src/stm32f0xx_hal_rcc.o
HAL_RCC_GetPCLK1Freq                              Drivers/STM32F0xx_HAL_Driver/Src/stm32f0xx_hal_rcc.o
                                                  Drivers/STM32F0xx_HAL_Driver/Src/stm32f0xx_hal_uart.o
                                                  Drivers/STM32F0xx_HAL_Driver/Src/stm32f0xx_hal_rcc_ex.o
HAL_RCC_GetSysClockFreq                           Drivers/STM32F0xx_HAL_Driver/Src/stm32f0xx_hal_rcc.o
                                                  Drivers/STM32F0xx_HAL_Driver/Src/stm32f0xx_hal_uart.o
                                                  Drivers/STM32F0xx_HAL_Driver/Src/stm32f0xx_hal_rcc_ex.o
HAL_RCC_MCOConfig                                 Drivers/STM32F0xx_HAL_Driver/Src/stm32f0xx_hal_rcc.o
HAL_RCC_NMI_IRQHandler                            Drivers/STM32F0xx_HAL_Driver/Src/stm32f0xx_hal_rcc.o
HAL_RCC_OscConfig                                 Drivers/STM32F0xx_HAL_Driver/Src/stm32f0xx_hal_rcc.o
                                                  Core/Src/main.o
HAL_RS485Ex_Init                                  Drivers/STM32F0xx_HAL_Driver/Src/stm32f0xx_hal_uart_ex.o
HAL_RTCEx_DeactivateCalibrationOutPut             Drivers/STM32F0xx_HAL_Driver/Src/stm32f0xx_hal_rtc_ex.o
HAL_RTCEx_DeactivateRefClock                      Drivers/STM32F0xx_HAL_Driver/Src/stm32f0xx_hal_rtc_ex.o
HAL_RTCEx_DeactivateTamper                        Drivers/STM32F0xx_HAL_Driver/Src/stm32f0xx_hal_rtc_ex.o
HAL_RTCEx_DeactivateTimeStamp                     Drivers/STM32F0xx_HAL_Driver/Src/stm32f0xx_hal_rtc_ex.o
HAL_RTCEx_DisableBypassShadow                     Drivers/STM32F0xx_HAL_Driver/Src/stm32f0xx_hal_rtc_ex.o
HAL_RTCEx_EnableBypassShadow                      Drivers/STM32F0xx_HAL_Driver/Src/stm32f0xx_hal_rtc_ex.o
HAL_RTCEx_GetTimeStamp                            Drivers/STM32F0xx_HAL_Driver/Src/stm32f0xx_hal_rtc_ex.o
HAL_RTCEx_PollForTamper1Event                     Drivers/STM32F0xx_HAL_Driver/Src/stm32f0xx_hal_rtc_ex.o
HAL_RTCEx_PollForTamper2Event                     Drivers/STM32F0xx_HAL_Driver/Src/stm32f0xx_hal_rtc_ex.o
HAL_RTCEx_PollForTimeStampEvent                   Drivers/STM32F0xx_HAL_Driver/Src/stm32f0xx_hal_rtc_ex.o
HAL_RTCEx_SetCalibrationOutPut                    Drivers/STM32F0xx_HAL_Driver/Src/stm32f0xx_hal_rtc_ex.o
HAL_RTCEx_SetRefClock                             Drivers/STM32F0xx_HAL_Driver/Src/stm32f0xx_hal_rtc_ex.o
HAL_RTCEx_SetSmoothCalib                          Drivers/STM32F0xx_HAL_Driver/Src/stm32f0xx_hal_rtc_ex.o
HAL_RTCEx_SetSynchroShift                         Drivers/STM32F0xx_HAL_Driver/Src/stm32f0xx_hal_rtc_ex.o
HAL_RTCEx_SetTamper                               Drivers/STM32F0xx_HAL_Driver/Src/stm32f0xx_hal_rtc_ex.o
HAL_RTCEx_SetTamper_IT                            Drivers/STM32F0xx_HAL_Driver/Src/stm32f0xx_hal_rtc_ex.o
HAL_RTCEx_SetTimeStamp                            Drivers/STM32F0xx_HAL_Driver/Src/stm32f0xx_hal_rtc_ex.o
HAL_RTCEx_SetTimeStamp_IT                         Drivers/STM32F0xx_HAL_Driver/Src/stm32f0xx_hal_rtc_ex.o
HAL_RTCEx_Tamper1EventCallback                    Drivers/STM32F0xx_HAL_Driver/Src/stm32f0xx_hal_rtc_ex.o
HAL_RTCEx_Tamper2EventCallback                    Drivers/STM32F0xx_HAL_Driver/Src/stm32f0xx_hal_rtc_ex.o
HAL_RTCEx_TamperTimeStampIRQHandler               Drivers/STM32F0xx_HAL_Driver/Src/stm32f0xx_hal_rtc_ex.o
HAL_RTCEx_TimeStampEventCallback                  Drivers/STM32F0xx_HAL_Driver/Src/stm32f0xx_hal_rtc_ex.o
HAL_RTC_AlarmAEventCallback                       Drivers/STM32F0xx_HAL_Driver/Src/stm32f0xx_hal_rtc.o
HAL_RTC_AlarmIRQHandler                           Drivers/STM32F0xx_HAL_Driver/Src/stm32f0xx_hal_rtc.o
HAL_RTC_DeInit                                    Drivers/STM32F0xx_HAL_Driver/Src/stm32f0xx_hal_rtc.o
HAL_RTC_DeactivateAlarm                           Drivers/STM32F0xx_HAL_Driver/Src/stm32f0xx_hal_rtc.o
HAL_RTC_GetAlarm                                  Drivers/STM32F0xx_HAL_Driver/Src/stm32f0xx_hal_rtc.o
HAL_RTC_GetDate                                   Drivers/STM32F0xx_HAL_Driver/Src/stm32f0xx_hal_rtc.o
HAL_RTC_GetState                                  Drivers/STM32F0xx_HAL_Driver/Src/stm32f0xx_hal_rtc.o
HAL_RTC_GetTime                                   Drivers/STM32F0xx_HAL_Driver/Src/stm32f0xx_hal_rtc.o
HAL_RTC_Init                                      Drivers/STM32F0xx_HAL_Driver/Src/stm32f0xx_hal_rtc.o
                                                  Core/Src/main.o
HAL_RTC_MspDeInit                                 Core/Src/stm32f0xx_hal_msp.o
HAL_RTC_MspInit                                   Core/Src/stm32f0xx_hal_msp.o
HAL_RTC_PollForAlarmAEvent                        Drivers/STM32F0xx_HAL_Driver/Src/stm32f0xx_hal_rtc.o
HAL_RTC_SetAlarm                                  Drivers/STM32F0xx_HAL_Driver/Src/stm32f0xx_hal_rtc.o
HAL_RTC_SetAlarm_IT                               Drivers/STM32F0xx_HAL_Driver/Src/stm32f0xx_hal_rtc.o
HAL_RTC_SetDate                                   Drivers/STM32F0xx_HAL_Driver/Src/stm32f0xx_hal_rtc.o
                                                  Core/Src/owire.o
                                                  Core/Src/main.o
HAL_RTC_SetTime                                   Drivers/STM32F0xx_HAL_Driver/Src/stm32f0xx_hal_rtc.o
                                                  Core/Src/owire.o
                                                  Core/Src/main.o
HAL_RTC_WaitForSynchro                            Drivers/STM32F0xx_HAL_Driver/Src/stm32f0xx_hal_rtc.o
                                                  Drivers/STM32F0xx_HAL_Driver/Src/stm32f0xx_hal_rtc_ex.o
HAL_ResumeTick                                    Drivers/STM32F0xx_HAL_Driver/Src/stm32f0xx_hal.o
HAL_SPIEx_FlushRxFifo                             Drivers/STM32F0xx_HAL_Driver/Src/stm32f0xx_hal_spi_ex.o
HAL_SPI_Abort                                     Drivers/STM32F0xx_HAL_Driver/Src/stm32f0xx_hal_spi.o
HAL_SPI_AbortCpltCallback                         Drivers/STM32F0xx_HAL_Driver/Src/stm32f0xx_hal_spi.o
HAL_SPI_Abort_IT                                  Drivers/STM32F0xx_HAL_Driver/Src/stm32f0xx_hal_spi.o
HAL_SPI_DMAPause                                  Drivers/STM32F0xx_HAL_Driver/Src/stm32f0xx_hal_spi.o
HAL_SPI_DMAResume                                 Drivers/STM32F0xx_HAL_Driver/Src/stm32f0xx_hal_spi.o
HAL_SPI_DMAStop                                   Drivers/STM32F0xx_HAL_Driver/Src/stm32f0xx_hal_spi.o
HAL_SPI_DeInit                                    Drivers/STM32F0xx_HAL_Driver/Src/stm32f0xx_hal_spi.o
HAL_SPI_ErrorCallback                             Drivers/STM32F0xx_HAL_Driver/Src/stm32f0xx_hal_spi.o
HAL_SPI_GetError                                  Drivers/STM32F0xx_HAL_Driver/Src/stm32f0xx_hal_spi.o
HAL_SPI_GetState                                  Drivers/STM32F0xx_HAL_Driver/Src/stm32f0xx_hal_spi.o
HAL_SPI_IRQHandler                                Drivers/STM32F0xx_HAL_Driver/Src/stm32f0xx_hal_spi.o
HAL_SPI_Init                                      Drivers/STM32F0xx_HAL_Driver/Src/stm32f0xx_hal_spi.o
                                                  Core/Src/main.o
HAL_SPI_MspDeInit                                 Core/Src/stm32f0xx_hal_msp.o
HAL_SPI_MspInit                                   Core/Src/stm32f0xx_hal_msp.o
HAL_SPI_Receive                                   Drivers/STM32F0xx_HAL_Driver/Src/stm32f0xx_hal_spi.o
HAL_SPI_Receive_DMA                               Drivers/STM32F0xx_HAL_Driver/Src/stm32f0xx_hal_spi.o
HAL_SPI_Receive_IT                                Drivers/STM32F0xx_HAL_Driver/Src/stm32f0xx_hal_spi.o
HAL_SPI_RxCpltCallback                            Drivers/STM32F0xx_HAL_Driver/Src/stm32f0xx_hal_spi.o
HAL_SPI_RxHalfCpltCallback                        Drivers/STM32F0xx_HAL_Driver/Src/stm32f0xx_hal_spi.o
HAL_SPI_Transmit                                  Drivers/STM32F0xx_HAL_Driver/Src/stm32f0xx_hal_spi.o
                                                  Core/Src/rc522.o
HAL_SPI_TransmitReceive                           Drivers/STM32F0xx_HAL_Driver/Src/stm32f0xx_hal_spi.o
                                                  Core/Src/rc522.o
HAL_SPI_TransmitReceive_DMA                       Drivers/STM32F0xx_HAL_Driver/Src/stm32f0xx_hal_spi.o
HAL_SPI_TransmitReceive_IT                        Drivers/STM32F0xx_HAL_Driver/Src/stm32f0xx_hal_spi.o
HAL_SPI_Transmit_DMA                              Drivers/STM32F0xx_HAL_Driver/Src/stm32f0xx_hal_spi.o
HAL_SPI_Transmit_IT                               Drivers/STM32F0xx_HAL_Driver/Src/stm32f0xx_hal_spi.o
HAL_SPI_TxCpltCallback                            Drivers/STM32F0xx_HAL_Driver/Src/stm32f0xx_hal_spi.o
HAL_SPI_TxHalfCpltCallback                        Drivers/STM32F0xx_HAL_Driver/Src/stm32f0xx_hal_spi.o
HAL_SPI_TxRxCpltCallback                          Drivers/STM32F0xx_HAL_Driver/Src/stm32f0xx_hal_spi.o
HAL_SPI_TxRxHalfCpltCallback                      Drivers/STM32F0xx_HAL_Driver/Src/stm32f0xx_hal_spi.o
HAL_SYSTICK_CLKSourceConfig                       Drivers/STM32F0xx_HAL_Driver/Src/stm32f0xx_hal_cortex.o
HAL_SYSTICK_Callback                              Drivers/STM32F0xx_HAL_Driver/Src/stm32f0xx_hal_cortex.o
HAL_SYSTICK_Config                                Drivers/STM32F0xx_HAL_Driver/Src/stm32f0xx_hal_cortex.o
                                                  Drivers/STM32F0xx_HAL_Driver/Src/stm32f0xx_hal.o
HAL_SYSTICK_IRQHandler                            Drivers/STM32F0xx_HAL_Driver/Src/stm32f0xx_hal_cortex.o
HAL_SetTickFreq                                   Drivers/STM32F0xx_HAL_Driver/Src/stm32f0xx_hal.o
HAL_SuspendTick                                   Drivers/STM32F0xx_HAL_Driver/Src/stm32f0xx_hal.o
HAL_UART_Abort                                    Drivers/STM32F0xx_HAL_Driver/Src/stm32f0xx_hal_uart.o
HAL_UART_AbortCpltCallback                        Drivers/STM32F0xx_HAL_Driver/Src/stm32f0xx_hal_uart.o
HAL_UART_AbortReceive                             Drivers/STM32F0xx_HAL_Driver/Src/stm32f0xx_hal_uart.o
HAL_UART_AbortReceiveCpltCallback                 Drivers/STM32F0xx_HAL_Driver/Src/stm32f0xx_hal_uart.o
HAL_UART_AbortReceive_IT                          Drivers/STM32F0xx_HAL_Driver/Src/stm32f0xx_hal_uart.o
HAL_UART_AbortTransmit                            Drivers/STM32F0xx_HAL_Driver/Src/stm32f0xx_hal_uart.o
HAL_UART_AbortTransmitCpltCallback                Drivers/STM32F0xx_HAL_Driver/Src/stm32f0xx_hal_uart.o
HAL_UART_AbortTransmit_IT                         Drivers/STM32F0xx_HAL_Driver/Src/stm32f0xx_hal_uart.o
HAL_UART_Abort_IT                                 Drivers/STM32F0xx_HAL_Driver/Src/stm32f0xx_hal_uart.o
HAL_UART_DMAPause                                 Drivers/STM32F0xx_HAL_Driver/Src/stm32f0xx_hal_uart.o
HAL_UART_DMAResume                                Drivers/STM32F0xx_HAL_Driver/Src/stm32f0xx_hal_uart.o
HAL_UART_DMAStop                                  Drivers/STM32F0xx_HAL_Driver/Src/stm32f0xx_hal_uart.o
HAL_UART_DeInit                                   Drivers/STM32F0xx_HAL_Driver/Src/stm32f0xx_hal_uart.o
                                                  Core/Src/owire.o
HAL_UART_DisableReceiverTimeout                   Drivers/STM32F0xx_HAL_Driver/Src/stm32f0xx_hal_uart.o
HAL_UART_EnableReceiverTimeout                    Drivers/STM32F0xx_HAL_Driver/Src/stm32f0xx_hal_uart.o
HAL_UART_ErrorCallback                            Core/Src/owire.o
HAL_UART_GetError                                 Drivers/STM32F0xx_HAL_Driver/Src/stm32f0xx_hal_uart.o
HAL_UART_GetState                                 Drivers/STM32F0xx_HAL_Driver/Src/stm32f0xx_hal_uart.o
                                                  Core/Src/owire.o
HAL_UART_IRQHandler                               Drivers/STM32F0xx_HAL_Driver/Src/stm32f0xx_hal_uart.o
                                                  Core/Src/stm32f0xx_it.o
HAL_UART_Init                                     Drivers/STM32F0xx_HAL_Driver/Src/stm32f0xx_hal_uart.o
                                                  Core/Src/owire.o
HAL_UART_MspDeInit                                Core/Src/stm32f0xx_hal_msp.o
HAL_UART_MspInit                                  Core/Src/stm32f0xx_hal_msp.o
                                                  Drivers/STM32F0xx_HAL_Driver/Src/stm32f0xx_hal_uart_ex.o
HAL_UART_Receive                                  Drivers/STM32F0xx_HAL_Driver/Src/stm32f0xx_hal_uart.o
HAL_UART_Receive_DMA                              Drivers/STM32F0xx_HAL_Driver/Src/stm32f0xx_hal_uart.o
HAL_UART_Receive_IT                               Drivers/STM32F0xx_HAL_Driver/Src/stm32f0xx_hal_uart.o
                                                  Core/Src/owire.o
HAL_UART_ReceiverTimeout_Config                   Drivers/STM32F0xx_HAL_Driver/Src/stm32f0xx_hal_uart.o
HAL_UART_RxCpltCallback                           Core/Src/owire.o
HAL_UART_RxHalfCpltCallback                       Drivers/STM32F0xx_HAL_Driver/Src/stm32f0xx_hal_uart.o
HAL_UART_Transmit                                 Drivers/STM32F0xx_HAL_Driver/Src/stm32f0xx_hal_uart.o
                                                  Core/Src/owire.o
HAL_UART_Transmit_DMA                             Drivers/STM32F0xx_HAL_Driver/Src/stm32f0xx_hal_uart.o
HAL_UART_Transmit_IT                              Drivers/STM32F0xx_HAL_Driver/Src/stm32f0xx_hal_uart.o
                                                  Core/Src/owire.o
HAL_UART_TxCpltCallback                           Drivers/STM32F0xx_HAL_Driver/Src/stm32f0xx_hal_uart.o
HAL_UART_TxHalfCpltCallback                       Drivers/STM32F0xx_HAL_Driver/Src/stm32f0xx_hal_uart.o
HardFault_Handler                                 Core/Src/stm32f0xx_it.o
Hex2Str                                           Common/common.o
                                                  Core/Src/owire.o
I2C1_IRQHandler                                   Core/Startup/startup_stm32f030f4px.o
Int2Str                                           Common/common.o
IsNewFwUpdate                                     Common/common.o
NMI_Handler                                       Core/Src/stm32f0xx_it.o
OW_Autobaud                                       Core/Src/owire.o
OW_Init                                           Core/Src/owire.o
                                                  Core/Src/main.o
OW_Service                                        Core/Src/owire.o
                                                  Core/Src/main.o
PendSV_Handler                                    Core/Src/stm32f0xx_it.o
RC522_ClearData                                   Core/Src/rc522.o
RC522_Init                                        Core/Src/rc522.o
                                                  Core/Src/main.o
RC522_ReadBlock                                   Core/Src/rc522.o
                                                  Core/Src/owire.o
RC522_ReadCard                                    Core/Src/rc522.o
RC522_Service                                     Core/Src/rc522.o
                                                  Core/Src/main.o
RC522_VerifyData                                  Core/Src/rc522.o
RC522_WriteBlock                                  Core/Src/rc522.o
                                                  Core/Src/owire.o
RCC_IRQHandler                                    Core/Startup/startup_stm32f030f4px.o
RTC_Bcd2ToByte                                    Drivers/STM32F0xx_HAL_Driver/Src/stm32f0xx_hal_rtc.o
                                                  Drivers/STM32F0xx_HAL_Driver/Src/stm32f0xx_hal_rtc_ex.o
RTC_ByteToBcd2                                    Drivers/STM32F0xx_HAL_Driver/Src/stm32f0xx_hal_rtc.o
RTC_EnterInitMode                                 Drivers/STM32F0xx_HAL_Driver/Src/stm32f0xx_hal_rtc.o
                                                  Drivers/STM32F0xx_HAL_Driver/Src/stm32f0xx_hal_rtc_ex.o
RTC_IRQHandler                                    Core/Startup/startup_stm32f030f4px.o
ResetFwInfo                                       Common/common.o
Reset_Handler                                     Core/Startup/startup_stm32f030f4px.o
SPI1_IRQHandler                                   Core/Startup/startup_stm32f030f4px.o
SVC_Handler                                       Core/Src/stm32f0xx_it.o
Str2Hex                                           Common/common.o
Str2Int                                           Common/common.o
                                                  Core/Src/rc522.o
SysTick_Handler                                   Core/Src/stm32f0xx_it.o
SystemClock_Config                                Core/Src/main.o
SystemCoreClock                                   Core/Src/system_stm32f0xx.o
                                                  Drivers/STM32F0xx_HAL_Driver/Src/stm32f0xx_hal_spi.o
                                                  Drivers/STM32F0xx_HAL_Driver/Src/stm32f0xx_hal_rcc.o
                                                  Drivers/STM32F0xx_HAL_Driver/Src/stm32f0xx_hal.o
SystemCoreClockUpdate                             Core/Src/system_stm32f0xx.o
SystemInit                                        Core/Src/system_stm32f0xx.o
                                                  Core/Startup/startup_stm32f030f4px.o
TIM14_IRQHandler                                  Core/Startup/startup_stm32f030f4px.o
TIM16_IRQHandler                                  Core/Startup/startup_stm32f030f4px.o
TIM17_IRQHandler                                  Core/Startup/startup_stm32f030f4px.o
TIM1_BRK_UP_TRG_COM_IRQHandler                    Core/Startup/startup_stm32f030f4px.o
TIM1_CC_IRQHandler                                Core/Startup/startup_stm32f030f4px.o
TIM3_IRQHandler                                   Core/Startup/startup_stm32f030f4px.o
UART_AdvFeatureConfig                             Drivers/STM32F0xx_HAL_Driver/Src/stm32f0xx_hal_uart.o
                                                  Drivers/STM32F0xx_HAL_Driver/Src/stm32f0xx_hal_uart_ex.o
UART_CheckIdleState                               Drivers/STM32F0xx_HAL_Driver/Src/stm32f0xx_hal_uart.o
                                                  Drivers/STM32F0xx_HAL_Driver/Src/stm32f0xx_hal_uart_ex.o
UART_SetConfig                                    Drivers/STM32F0xx_HAL_Driver/Src/stm32f0xx_hal_uart.o
                                                  Drivers/STM32F0xx_HAL_Driver/Src/stm32f0xx_hal_uart_ex.o
UART_WaitOnFlagUntilTimeout                       Drivers/STM32F0xx_HAL_Driver/Src/stm32f0xx_hal_uart.o
USART1_IRQHandler                                 Core/Src/stm32f0xx_it.o
ValidateFwInfo                                    Common/common.o
WWDG_IRQHandler                                   Core/Startup/startup_stm32f030f4px.o
__aeabi_idiv                                      c:/stmicroelectronics/stm32cube/stm32cubeide_1.3.0/stm32cubeide/plugins/com.st.stm32cube.ide.mcu.externaltools.gnu-tools-for-stm32.7-2018-q2-update.win32_1.0.0.201904181610/tools/bin/../lib/gcc/arm-none-eabi/7.3.1/thumb/v6-m\libgcc.a(_divsi3.o)
                                                  Drivers/STM32F0xx_HAL_Driver/Src/stm32f0xx_hal_rcc.o
                                                  Drivers/STM32F0xx_HAL_Driver/Src/stm32f0xx_hal.o
                                                  Core/Src/system_stm32f0xx.o
__aeabi_idiv0                                     c:/stmicroelectronics/stm32cube/stm32cubeide_1.3.0/stm32cubeide/plugins/com.st.stm32cube.ide.mcu.externaltools.gnu-tools-for-stm32.7-2018-q2-update.win32_1.0.0.201904181610/tools/bin/../lib/gcc/arm-none-eabi/7.3.1/thumb/v6-m\libgcc.a(_dvmd_tls.o)
                                                  c:/stmicroelectronics/stm32cube/stm32cubeide_1.3.0/stm32cubeide/plugins/com.st.stm32cube.ide.mcu.externaltools.gnu-tools-for-stm32.7-2018-q2-update.win32_1.0.0.201904181610/tools/bin/../lib/gcc/arm-none-eabi/7.3.1/thumb/v6-m\libgcc.a(_divsi3.o)
                                                  c:/stmicroelectronics/stm32cube/stm32cubeide_1.3.0/stm32cubeide/plugins/com.st.stm32cube.ide.mcu.externaltools.gnu-tools-for-stm32.7-2018-q2-update.win32_1.0.0.201904181610/tools/bin/../lib/gcc/arm-none-eabi/7.3.1/thumb/v6-m\libgcc.a(_udivsi3.o)
__aeabi_idivmod                                   c:/stmicroelectronics/stm32cube/stm32cubeide_1.3.0/stm32cubeide/plugins/com.st.stm32cube.ide.mcu.externaltools.gnu-tools-for-stm32.7-2018-q2-update.win32_1.0.0.201904181610/tools/bin/../lib/gcc/arm-none-eabi/7.3.1/thumb/v6-m\libgcc.a(_divsi3.o)
                                                  Common/common.o
__aeabi_ldiv0                                     c:/stmicroelectronics/stm32cube/stm32cubeide_1.3.0/stm32cubeide/plugins/com.st.stm32cube.ide.mcu.externaltools.gnu-tools-for-stm32.7-2018-q2-update.win32_1.0.0.201904181610/tools/bin/../lib/gcc/arm-none-eabi/7.3.1/thumb/v6-m\libgcc.a(_dvmd_tls.o)
__aeabi_llsr                                      c:/stmicroelectronics/stm32cube/stm32cubeide_1.3.0/stm32cubeide/plugins/com.st.stm32cube.ide.mcu.externaltools.gnu-tools-for-stm32.7-2018-q2-update.win32_1.0.0.201904181610/tools/bin/../lib/gcc/arm-none-eabi/7.3.1/thumb/v6-m\libgcc.a(_lshrdi3.o)
                                                  Drivers/STM32F0xx_HAL_Driver/Src/stm32f0xx_hal_flash.o
__aeabi_uidiv                                     c:/stmicroelectronics/stm32cube/stm32cubeide_1.3.0/stm32cubeide/plugins/com.st.stm32cube.ide.mcu.externaltools.gnu-tools-for-stm32.7-2018-q2-update.win32_1.0.0.201904181610/tools/bin/../lib/gcc/arm-none-eabi/7.3.1/thumb/v6-m\libgcc.a(_udivsi3.o)
                                                  Drivers/STM32F0xx_HAL_Driver/Src/stm32f0xx_hal_uart.o
                                                  Drivers/STM32F0xx_HAL_Driver/Src/stm32f0xx_hal_spi.o
                                                  Drivers/STM32F0xx_HAL_Driver/Src/stm32f0xx_hal_rcc.o
                                                  Drivers/STM32F0xx_HAL_Driver/Src/stm32f0xx_hal_dma.o
                                                  Drivers/STM32F0xx_HAL_Driver/Src/stm32f0xx_hal.o
                                                  Core/Src/system_stm32f0xx.o
                                                  Core/Src/owire.o
                                                  Common/common.o
__aeabi_uidivmod                                  c:/stmicroelectronics/stm32cube/stm32cubeide_1.3.0/stm32cubeide/plugins/com.st.stm32cube.ide.mcu.externaltools.gnu-tools-for-stm32.7-2018-q2-update.win32_1.0.0.201904181610/tools/bin/../lib/gcc/arm-none-eabi/7.3.1/thumb/v6-m\libgcc.a(_udivsi3.o)
                                                  Common/common.o
__bss_end__                                       c:/stmicroelectronics/stm32cube/stm32cubeide_1.3.0/stm32cubeide/plugins/com.st.stm32cube.ide.mcu.externaltools.gnu-tools-for-stm32.7-2018-q2-update.win32_1.0.0.201904181610/tools/bin/../lib/gcc/arm-none-eabi/7.3.1/../../../../arm-none-eabi/lib/thumb/v6-m/crt0.o
__bss_start__                                     c:/stmicroelectronics/stm32cube/stm32cubeide_1.3.0/stm32cubeide/plugins/com.st.stm32cube.ide.mcu.externaltools.gnu-tools-for-stm32.7-2018-q2-update.win32_1.0.0.201904181610/tools/bin/../lib/gcc/arm-none-eabi/7.3.1/../../../../arm-none-eabi/lib/thumb/v6-m/crt0.o
__call_exitprocs                                  c:/stmicroelectronics/stm32cube/stm32cubeide_1.3.0/stm32cubeide/plugins/com.st.stm32cube.ide.mcu.externaltools.gnu-tools-for-stm32.7-2018-q2-update.win32_1.0.0.201904181610/tools/bin/../lib/gcc/arm-none-eabi/7.3.1/../../../../arm-none-eabi/lib/thumb/v6-m\libc_nano.a(lib_a-exit.o)
__deregister_frame_info                           c:/stmicroelectronics/stm32cube/stm32cubeide_1.3.0/stm32cubeide/plugins/com.st.stm32cube.ide.mcu.externaltools.gnu-tools-for-stm32.7-2018-q2-update.win32_1.0.0.201904181610/tools/bin/../lib/gcc/arm-none-eabi/7.3.1/thumb/v6-m/crtbegin.o
__divsi3                                          c:/stmicroelectronics/stm32cube/stm32cubeide_1.3.0/stm32cubeide/plugins/com.st.stm32cube.ide.mcu.externaltools.gnu-tools-for-stm32.7-2018-q2-update.win32_1.0.0.201904181610/tools/bin/../lib/gcc/arm-none-eabi/7.3.1/thumb/v6-m\libgcc.a(_divsi3.o)
__dso_handle                                      c:/stmicroelectronics/stm32cube/stm32cubeide_1.3.0/stm32cubeide/plugins/com.st.stm32cube.ide.mcu.externaltools.gnu-tools-for-stm32.7-2018-q2-update.win32_1.0.0.201904181610/tools/bin/../lib/gcc/arm-none-eabi/7.3.1/thumb/v6-m/crtbegin.o
__env                                             Core/Src/syscalls.o