rc522.c:332:13:RC522_WriteRegister	24	static
rc522.c:314:16:RC522_ReadRegister	40	static
rc522.c:385:13:RC522_SetBitMask	16	static
rc522.c:394:13:RC522_ClearBitMask	16	static
rc522.c:431:28:RC522_ToCard	40	static
rc522.c:552:13:RC522_CalculateCRC	24	static
rc522.c:719:13:RC522_Halt	24	static
rc522.c:596:16:RC522_SelectTag	40	static
rc522.c:651:28:RC522_Read	40	static
rc522.c:522:28:RC522_Anticoll	24	static
rc522.c:621:28:RC522_Auth.constprop	32	static
rc522.c:415:28:RC522_Request.constprop	32	static
rc522.c:212:6:RC522_Init	8	static
rc522.c:234:6:RC522_Service	16	static
rc522.c:272:9:RC522_ReadBlock	32	static
rc522.c:293:9:RC522_WriteBlock	72	static
rc522.c:347:6:RC522_ClearData	8	static
rc522.c:735:21:RC522_ReadCard	32	static
rc522.c:767:21:RC522_VerifyData	16	static
