Archive member included to satisfy reference by file (symbol)

c:/stmicroelectronics/stm32cube/stm32cubeide_1.3.0/stm32cubeide/plugins/com.st.stm32cube.ide.mcu.externaltools.gnu-tools-for-stm32.7-2018-q2-update.win32_1.0.0.201904181610/tools/bin/../lib/gcc/arm-none-eabi/7.3.1/../../../../arm-none-eabi/lib/thumb/v6-m\libc_nano.a(lib_a-errno.o)
                              Core/Src/syscalls.o (__errno)
c:/stmicroelectronics/stm32cube/stm32cubeide_1.3.0/stm32cubeide/plugins/com.st.stm32cube.ide.mcu.externaltools.gnu-tools-for-stm32.7-2018-q2-update.win32_1.0.0.201904181610/tools/bin/../lib/gcc/arm-none-eabi/7.3.1/../../../../arm-none-eabi/lib/thumb/v6-m\libc_nano.a(lib_a-exit.o)
                              c:/stmicroelectronics/stm32cube/stm32cubeide_1.3.0/stm32cubeide/plugins/com.st.stm32cube.ide.mcu.externaltools.gnu-tools-for-stm32.7-2018-q2-update.win32_1.0.0.201904181610/tools/bin/../lib/gcc/arm-none-eabi/7.3.1/../../../../arm-none-eabi/lib/thumb/v6-m/crt0.o (exit)
c:/stmicroelectronics/stm32cube/stm32cubeide_1.3.0/stm32cubeide/plugins/com.st.stm32cube.ide.mcu.externaltools.gnu-tools-for-stm32.7-2018-q2-update.win32_1.0.0.201904181610/tools/bin/../lib/gcc/arm-none-eabi/7.3.1/../../../../arm-none-eabi/lib/thumb/v6-m\libc_nano.a(lib_a-impure.o)
                              c:/stmicroelectronics/stm32cube/stm32cubeide_1.3.0/stm32cubeide/plugins/com.st.stm32cube.ide.mcu.externaltools.gnu-tools-for-stm32.7-2018-q2-update.win32_1.0.0.201904181610/tools/bin/../lib/gcc/arm-none-eabi/7.3.1/../../../../arm-none-eabi/lib/thumb/v6-m\libc_nano.a(lib_a-exit.o) (_global_impure_ptr)
c:/stmicroelectronics/stm32cube/stm32cubeide_1.3.0/stm32cubeide/plugins/com.st.stm32cube.ide.mcu.externaltools.gnu-tools-for-stm32.7-2018-q2-update.win32_1.0.0.201904181610/tools/bin/../lib/gcc/arm-none-eabi/7.3.1/../../../../arm-none-eabi/lib/thumb/v6-m\libc_nano.a(lib_a-init.o)
                              c:/stmicroelectronics/stm32cube/stm32cubeide_1.3.0/stm32cubeide/plugins/com.st.stm32cube.ide.mcu.externaltools.gnu-tools-for-stm32.7-2018-q2-update.win32_1.0.0.201904181610/tools/bin/../lib/gcc/arm-none-eabi/7.3.1/../../../../arm-none-eabi/lib/thumb/v6-m/crt0.o (__libc_init_array)
c:/stmicroelectronics/stm32cube/stm32cubeide_1.3.0/stm32cubeide/plugins/com.st.stm32cube.ide.mcu.externaltools.gnu-tools-for-stm32.7-2018-q2-update.win32_1.0.0.201904181610/tools/bin/../lib/gcc/arm-none-eabi/7.3.1/../../../../arm-none-eabi/lib/thumb/v6-m\libc_nano.a(lib_a-memset.o)
                              c:/stmicroelectronics/stm32cube/stm32cubeide_1.3.0/stm32cubeide/plugins/com.st.stm32cube.ide.mcu.externaltools.gnu-tools-for-stm32.7-2018-q2-update.win32_1.0.0.201904181610/tools/bin/../lib/gcc/arm-none-eabi/7.3.1/../../../../arm-none-eabi/lib/thumb/v6-m/crt0.o (memset)
c:/stmicroelectronics/stm32cube/stm32cubeide_1.3.0/stm32cubeide/plugins/com.st.stm32cube.ide.mcu.externaltools.gnu-tools-for-stm32.7-2018-q2-update.win32_1.0.0.201904181610/tools/bin/../lib/gcc/arm-none-eabi/7.3.1/thumb/v6-m\libgcc.a(_udivsi3.o)
                              Common/common.o (__aeabi_uidiv)
c:/stmicroelectronics/stm32cube/stm32cubeide_1.3.0/stm32cubeide/plugins/com.st.stm32cube.ide.mcu.externaltools.gnu-tools-for-stm32.7-2018-q2-update.win32_1.0.0.201904181610/tools/bin/../lib/gcc/arm-none-eabi/7.3.1/thumb/v6-m\libgcc.a(_dvmd_tls.o)
                              c:/stmicroelectronics/stm32cube/stm32cubeide_1.3.0/stm32cubeide/plugins/com.st.stm32cube.ide.mcu.externaltools.gnu-tools-for-stm32.7-2018-q2-update.win32_1.0.0.201904181610/tools/bin/../lib/gcc/arm-none-eabi/7.3.1/thumb/v6-m\libgcc.a(_udivsi3.o) (__aeabi_idiv0)

Allocating common symbols
Common symbol       size              file

ow_bps              0x1               Core/Src/owire.o
ow_txtmr            0x4               Core/Src/owire.o
card_id             0x5               Core/Src/rc522.o
sector_0            0x40              Core/Src/rc522.o
hcrc                0x1c              Core/Src/main.o
rc522_tx_buff       0x10              Core/Src/rc522.o
ow_txtout           0x4               Core/Src/owire.o
sCard               0x12              Core/Src/rc522.o
owtmr               0x4               Core/Src/owire.o
uwTick              0x4               Drivers/STM32F0xx_HAL_Driver/Src/stm32f0xx_hal.o
pFlash              0x20              Drivers/STM32F0xx_HAL_Driver/Src/stm32f0xx_hal_flash.o
huart1              0x80              Core/Src/main.o
owtout              0x4               Core/Src/owire.o
hrtc                0x20              Core/Src/main.o
rc522_rx_buff       0x10              Core/Src/rc522.o
card_serial         0x5               Core/Src/rc522.o
ow_rxtout           0x4               Core/Src/owire.o
ow_bcnt             0x2               Core/Src/owire.o
sector_1            0x40              Core/Src/rc522.o
hspi1               0x64              Core/Src/main.o
ow_flags            0x4               Core/Src/owire.o
ow_rxtmr            0x4               Core/Src/owire.o
[...]
Memory Configuration

Name             Origin             Length             Attributes
RAM              0x0000000020000000 0x0000000000001000 xrw
FLASH            0x0000000008000000 0x0000000000004000 xr
*default*        0x0000000000000000 0xffffffffffffffff

Linker script and memory map

LOAD c:/stmicroelectronics/stm32cube/stm32cubeide_1.3.0/stm32cubeide/plugins/com.st.stm32cube.ide.mcu.externaltools.gnu-tools-for-stm32.7-2018-q2-update.win32_1.0.0.201904181610/tools/bin/../lib/gcc/arm-none-eabi/7.3.1/thumb/v6-m/crti.o
LOAD c:/stmicroelectronics/stm32cube/stm32cubeide_1.3.0/stm32cubeide/plugins/com.st.stm32cube.ide.mcu.externaltools.gnu-tools-for-stm32.7-2018-q2-update.win32_1.0.0.201904181610/tools/bin/../lib/gcc/arm-none-eabi/7.3.1/thumb/v6-m/crtbegin.o
LOAD c:/stmicroelectronics/stm32cube/stm32cubeide_1.3.0/stm32cubeide/plugins/com.st.stm32cube.ide.mcu.externaltools.gnu-tools-for-stm32.7-2018-q2-update.win32_1.0.0.201904181610/tools/bin/../lib/gcc/arm-none-eabi/7.3.1/../../../../arm-none-eabi/lib/thumb/v6-m/crt0.o
LOAD Common/common.o
LOAD Core/Src/main.o
LOAD Core/Src/owire.o
LOAD Core/Src/rc522.o
LOAD Core/Src/stm32f0xx_hal_msp.o
LOAD Core/Src/stm32f0xx_it.o
LOAD Core/Src/syscalls.o
LOAD Core/Src/sysmem.o
LOAD Core/Src/system_stm32f0xx.o
LOAD Core/Startup/startup_stm32f030f4px.o
LOAD Drivers/STM32F0xx_HAL_Driver/Src/stm32f0xx_hal.o
LOAD Drivers/STM32F0xx_HAL_Driver/Src/stm32f0xx_hal_cortex.o
LOAD Drivers/STM32F0xx_HAL_Driver/Src/stm32f0xx_hal_crc.o
LOAD Drivers/STM32F0xx_HAL_Driver/Src/stm32f0xx_hal_crc_ex.o
LOAD Drivers/STM32F0xx_HAL_Driver/Src/stm32f0xx_hal_dma.o
LOAD Drivers/STM32F0xx_HAL_Driver/Src/stm32f0xx_hal_exti.o
LOAD Drivers/STM32F0xx_HAL_Driver/Src/stm32f0xx_hal_flash.o
LOAD Drivers/STM32F0xx_HAL_Driver/Src/stm32f0xx_hal_flash_ex.o
LOAD Drivers/STM32F0xx_HAL_Driver/Src/stm32f0xx_hal_gpio.o
LOAD Drivers/STM32F0xx_HAL_Driver/Src/stm32f0xx_hal_i2c.o
LOAD Drivers/STM32F0xx_HAL_Driver/Src/stm32f0xx_hal_i2c_ex.o
LOAD Drivers/STM32F0xx_HAL_Driver/Src/stm32f0xx_hal_pwr.o
LOAD Drivers/STM32F0xx_HAL_Driver/Src/stm32f0xx_hal_pwr_ex.o
LOAD Drivers/STM32F0xx_HAL_Driver/Src/stm32f0xx_hal_rcc.o
LOAD Drivers/STM32F0xx_HAL_Driver/Src/stm32f0xx_hal_rcc_ex.o
LOAD Drivers/STM32F0xx_HAL_Driver/Src/stm32f0xx_hal_rtc.o
LOAD Drivers/STM32F0xx_HAL_Driver/Src/stm32f0xx_hal_rtc_ex.o
LOAD Drivers/STM32F0xx_HAL_Driver/Src/stm32f0xx_hal_spi.o
LOAD Drivers/STM32F0xx_HAL_Driver/Src/stm32f0xx_hal_spi_ex.o
LOAD Drivers/STM32F0xx_HAL_Driver/Src/stm32f0xx_hal_tim.o
LOAD Drivers/STM32F0xx_HAL_Driver/Src/stm32f0xx_hal_tim_ex.o
LOAD Drivers/STM32F0xx_HAL_Driver/Src/stm32f0xx_hal_uart.o
LOAD Drivers/STM32F0xx_HAL_Driver/Src/stm32f0xx_hal_uart_ex.o
START GROUP
LOAD c:/stmicroelectronics/stm32cube/stm32cubeide_1.3.0/stm32cubeide/plugins/com.st.stm32cube.ide.mcu.externaltools.gnu-tools-for-stm32.7-2018-q2-update.win32_1.0.0.201904181610/tools/bin/../lib/gcc/arm-none-eabi/7.3.1/../../../../arm-none-eabi/lib/thumb/v6-m\libc_nano.a
LOAD c:/stmicroelectronics/stm32cube/stm32cubeide_1.3.0/stm32cubeide/plugins/com.st.stm32cube.ide.mcu.externaltools.gnu-tools-for-stm32.7-2018-q2-update.win32_1.0.0.201904181610/tools/bin/../lib/gcc/arm-none-eabi/7.3.1/../../../../arm-none-eabi/lib/thumb/v6-m\libm.a
END GROUP
START GROUP
LOAD c:/stmicroelectronics/stm32cube/stm32cubeide_1.3.0/stm32cubeide/plugins/com.st.stm32cube.ide.mcu.externaltools.gnu-tools-for-stm32.7-2018-q2-update.win32_1.0.0.201904181610/tools/bin/../lib/gcc/arm-none-eabi/7.3.1/thumb/v6-m\libgcc.a
LOAD c:/stmicroelectronics/stm32cube/stm32cubeide_1.3.0/stm32cubeide/plugins/com.st.stm32cube.ide.mcu.externaltools.gnu-tools-for-stm32.7-2018-q2-update.win32_1.0.0.201904181610/tools/bin/../lib/gcc/arm-none-eabi/7.3.1/../../../../arm-none-eabi/lib/thumb/v6-m\libc_nano.a
END GROUP
START GROUP
LOAD c:/stmicroelectronics/stm32cube/stm32cubeide_1.3.0/stm32cubeide/plugins/com.st.stm32cube.ide.mcu.externaltools.gnu-tools-for-stm32.7-2018-q2-update.win32_1.0.0.201904181610/tools/bin/../lib/gcc/arm-none-eabi/7.3.1/thumb/v6-m\libgcc.a
LOAD c:/stmicroelectronics/stm32cube/stm32cubeide_1.3.0/stm32cubeide/plugins/com.st.stm32cube.ide.mcu.externaltools.gnu-tools-for-stm32.7-2018-q2-update.win32_1.0.0.201904181610/tools/bin/../lib/gcc/arm-none-eabi/7.3.1/../../../../arm-none-eabi/lib/thumb/v6-m\libc_nano.a
LOAD c:/stmicroelectronics/stm32cube/stm32cubeide_1.3.0/stm32cubeide/plugins/com.st.stm32cube.ide.mcu.externaltools.gnu-tools-for-stm32.7-2018-q2-update.win32_1.0.0.201904181610/tools/bin/../lib/gcc/arm-none-eabi/7.3.1/../../../../arm-none-eabi/lib/thumb/v6-m\libnosys.a
END GROUP
START GROUP
LOAD c:/stmicroelectronics/stm32cube/stm32cubeide_1.3.0/stm32cubeide/plugins/com.st.stm32cube.ide.mcu.externaltools.gnu-tools-for-stm32.7-2018-q2-update.win32_1.0.0.201904181610/tools/bin/../lib/gcc/arm-none-eabi/7.3.1/thumb/v6-m\libgcc.a
LOAD c:/stmicroelectronics/stm32cube/stm32cubeide_1.3.0/stm32cubeide/plugins/com.st.stm32cube.ide.mcu.externaltools.gnu-tools-for-stm32.7-2018-q2-update.win32_1.0.0.201904181610/tools/bin/../lib/gcc/arm-none-eabi/7.3.1/../../../../arm-none-eabi/lib/thumb/v6-m\libc_nano.a
LOAD c:/stmicroelectronics/stm32cube/stm32cubeide_1.3.0/stm32cubeide/plugins/com.st.stm32cube.ide.mcu.externaltools.gnu-tools-for-stm32.7-2018-q2-update.win32_1.0.0.201904181610/tools/bin/../lib/gcc/arm-none-eabi/7.3.1/../../../../arm-none-eabi/lib/thumb/v6-m\libnosys.a
END GROUP
LOAD c:/stmicroelectronics/stm32cube/stm32cubeide_1.3.0/stm32cubeide/plugins/com.st.stm32cube.ide.mcu.externaltools.gnu-tools-for-stm32.7-2018-q2-update.win32_1.0.0.201904181610/tools/bin/../lib/gcc/arm-none-eabi/7.3.1/thumb/v6-m/crtend.o
LOAD c:/stmicroelectronics/stm32cube/stm32cubeide_1.3.0/stm32cubeide/plugins/com.st.stm32cube.ide.mcu.externaltools.gnu-tools-for-stm32.7-2018-q2-update.win32_1.0.0.201904181610/tools/bin/../lib/gcc/arm-none-eabi/7.3.1/thumb/v6-m/crtn.o
                0x0000000020001000                _estack = (ORIGIN (RAM) + LENGTH (RAM))
                0x0000000000000200                _Min_Heap_Size = 0x200
                0x0000000000000400                _Min_Stack_Size = 0x400

.isr_vector     0x0000000008000000       0xc0
                0x0000000008000000                . = ALIGN (0x4)
 *(.isr_vector)
 .isr_vector    0x0000000008000000       0xc0 Core/Startup/startup_stm32f030f4px.o
                0x0000000008000000                g_pfnVectors
                0x00000000080000c0                . = ALIGN (0x4)

.text           0x00000000080000c0     0x3358
                0x00000000080000c0                . = ALIGN (0x4)
 *(.text)
 .text          0x00000000080000c0       0x48 c:/stmicroelectronics/stm32cube/stm32cubeide_1.3.0/stm32cubeide/plugins/com.st.stm32cube.ide.mcu.externaltools.gnu-tools-for-stm32.7-2018-q2-update.win32_1.0.0.201904181610/tools/bin/../lib/gcc/arm-none-eabi/7.3.1/thumb/v6-m/crtbegin.o
 .text          0x0000000008000108      0x114 c:/stmicroelectronics/stm32cube/stm32cubeide_1.3.0/stm32cubeide/plugins/com.st.stm32cube.ide.mcu.externaltools.gnu-tools-for-stm32.7-2018-q2-update.win32_1.0.0.201904181610/tools/bin/../lib/gcc/arm-none-eabi/7.3.1/thumb/v6-m\libgcc.a(_udivsi3.o)
                0x0000000008000108                __aeabi_uidiv
                0x0000000008000108                __udivsi3
                0x0000000008000214                __aeabi_uidivmod
 .text          0x000000000800021c        0x4 c:/stmicroelectronics/stm32cube/stm32cubeide_1.3.0/stm32cubeide/plugins/com.st.stm32cube.ide.mcu.externaltools.gnu-tools-for-stm32.7-2018-q2-update.win32_1.0.0.201904181610/tools/bin/../lib/gcc/arm-none-eabi/7.3.1/thumb/v6-m\libgcc.a(_dvmd_tls.o)
                0x000000000800021c                __aeabi_idiv0
                0x000000000800021c                __aeabi_ldiv0
 *(.text*)
 .text.Hex2Str  0x0000000008000220       0x56 Common/common.o
                0x0000000008000220                Hex2Str
 .text.mem_cpy  0x0000000008000276       0x14 Common/common.o
                0x0000000008000276                mem_cpy
 .text.mem_set  0x000000000800028a        0xc Common/common.o
                0x000000000800028a                mem_set
 *fill*         0x0000000008000296        0x2 
 .text.MX_GPIO_Init
                0x0000000008000298       0xa8 Core/Src/main.o
 .text.MX_CRC_Init
                0x0000000008000340       0x24 Core/Src/main.o
 .text.MX_RTC_Init
                0x0000000008000364       0x5c Core/Src/main.o
 .text.MX_SPI1_Init
                0x00000000080003c0       0x44 Core/Src/main.o
 .text.SystemClock_Config
                0x0000000008000404       0x70 Core/Src/main.o
                0x0000000008000404                SystemClock_Config
 .text.main     0x0000000008000474       0x2c Core/Src/main.o
                0x0000000008000474                main
 .text.Error_Handler
                0x00000000080004a0        0x2 Core/Src/main.o
                0x00000000080004a0                Error_Handler
 *fill*         0x00000000080004a2        0x2 
 .text.OW_SetUsart
                0x00000000080004a4       0x9c Core/Src/owire.o
 .text.OW_Init  0x0000000008000540       0x60 Core/Src/owire.o
                0x0000000008000540                OW_Init
 .text.OW_Service
                0x00000000080005a0      0x368 Core/Src/owire.o
                0x00000000080005a0                OW_Service
 .text.HAL_UART_RxCpltCallback
                0x0000000008000908      0x128 Core/Src/owire.o
                0x0000000008000908                HAL_UART_RxCpltCallback
 .text.HAL_UART_ErrorCallback
                0x0000000008000a30       0x38 Core/Src/owire.o
                0x0000000008000a30                HAL_UART_ErrorCallback
 .text.RC522_WriteRegister
                0x0000000008000a68       0x40 Core/Src/rc522.o
 .text.RC522_ReadRegister
                0x0000000008000aa8       0x54 Core/Src/rc522.o
 .text.RC522_SetBitMask
                0x0000000008000afc       0x16 Core/Src/rc522.o
 .text.RC522_AntennaOn
                0x0000000008000b12       0x18 Core/Src/rc522.o
 .text.RC522_ClearBitMask
                0x0000000008000b2a       0x18 Core/Src/rc522.o
 *fill*         0x0000000008000b42        0x2 
 .text.RC522_ToCard
                0x0000000008000b44      0x138 Core/Src/rc522.o
 .text.RC522_Request
                0x0000000008000c7c       0x3c Core/Src/rc522.o
 .text.RC522_Anticoll
                0x0000000008000cb8       0x48 Core/Src/rc522.o
 .text.RC522_CalculateCRC
                0x0000000008000d00       0x56 Core/Src/rc522.o
 .text.RC522_Halt
                0x0000000008000d56       0x38 Core/Src/rc522.o
 .text.RC522_Check
                0x0000000008000d8e       0x22 Core/Src/rc522.o
 .text.RC522_SelectTag
                0x0000000008000db0       0x5c Core/Src/rc522.o
 .text.RC522_Read
                0x0000000008000e0c       0x44 Core/Src/rc522.o
 .text.RC522_Write
                0x0000000008000e50       0xa8 Core/Src/rc522.o
 .text.RC522_Auth
                0x0000000008000ef8       0x5c Core/Src/rc522.o
 .text.RC522_Init
                0x0000000008000f54       0x7c Core/Src/rc522.o
                0x0000000008000f54                RC522_Init
 .text.RC522_Service
                0x0000000008000fd0       0xe4 Core/Src/rc522.o
                0x0000000008000fd0                RC522_Service
 .text.RC522_ReadBlock
                0x00000000080010b4       0x50 Core/Src/rc522.o
                0x00000000080010b4                RC522_ReadBlock
 .text.RC522_WriteBlock
                0x0000000008001104       0x50 Core/Src/rc522.o
                0x0000000008001104                RC522_WriteBlock
 .text.HAL_MspInit
                0x0000000008001154       0x30 Core/Src/stm32f0xx_hal_msp.o
                0x0000000008001154                HAL_MspInit
 .text.HAL_CRC_MspInit
                0x0000000008001184       0x2c Core/Src/stm32f0xx_hal_msp.o
                0x0000000008001184                HAL_CRC_MspInit
 .text.HAL_RTC_MspInit
                0x00000000080011b0       0x20 Core/Src/stm32f0xx_hal_msp.o
                0x00000000080011b0                HAL_RTC_MspInit
 .text.HAL_SPI_MspInit
                0x00000000080011d0       0x64 Core/Src/stm32f0xx_hal_msp.o
                0x00000000080011d0                HAL_SPI_MspInit
 .text.HAL_UART_MspInit
                0x0000000008001234       0x78 Core/Src/stm32f0xx_hal_msp.o
                0x0000000008001234                HAL_UART_MspInit
 .text.HAL_UART_MspDeInit
                0x00000000080012ac       0x38 Core/Src/stm32f0xx_hal_msp.o
                0x00000000080012ac                HAL_UART_MspDeInit
 .text.NMI_Handler
                0x00000000080012e4        0x2 Core/Src/stm32f0xx_it.o
                0x00000000080012e4                NMI_Handler
 .text.HardFault_Handler
                0x00000000080012e6        0x2 Core/Src/stm32f0xx_it.o
                0x00000000080012e6                HardFault_Handler
 .text.SVC_Handler
                0x00000000080012e8        0x2 Core/Src/stm32f0xx_it.o
                0x00000000080012e8                SVC_Handler
 .text.PendSV_Handler
                0x00000000080012ea        0x2 Core/Src/stm32f0xx_it.o
                0x00000000080012ea                PendSV_Handler
 .text.SysTick_Handler
                0x00000000080012ec        0x8 Core/Src/stm32f0xx_it.o
                0x00000000080012ec                SysTick_Handler
 .text.USART1_IRQHandler
                0x00000000080012f4       0x10 Core/Src/stm32f0xx_it.o
                0x00000000080012f4                USART1_IRQHandler
 .text.SystemInit
                0x0000000008001304        0x2 Core/Src/system_stm32f0xx.o
                0x0000000008001304                SystemInit
 *fill*         0x0000000008001306        0x2 
 .text.Reset_Handler
                0x0000000008001308       0x50 Core/Startup/startup_stm32f030f4px.o
                0x0000000008001308                Reset_Handler
 .text.Default_Handler
                0x0000000008001358        0x2 Core/Startup/startup_stm32f030f4px.o
                0x0000000008001358                TIM1_CC_IRQHandler
                0x0000000008001358                I2C1_IRQHandler
                0x0000000008001358                SPI1_IRQHandler
                0x0000000008001358                EXTI2_3_IRQHandler
                0x0000000008001358                ADC1_IRQHandler
                0x0000000008001358                TIM17_IRQHandler
                0x0000000008001358                RTC_IRQHandler
                0x0000000008001358                TIM16_IRQHandler
                0x0000000008001358                TIM3_IRQHandler
                0x0000000008001358                EXTI4_15_IRQHandler
                0x0000000008001358                RCC_IRQHandler
                0x0000000008001358                DMA1_Channel1_IRQHandler
                0x0000000008001358                Default_Handler
                0x0000000008001358                TIM14_IRQHandler
                0x0000000008001358                DMA1_Channel4_5_IRQHandler
                0x0000000008001358                EXTI0_1_IRQHandler
                0x0000000008001358                WWDG_IRQHandler
                0x0000000008001358                DMA1_Channel2_3_IRQHandler
                0x0000000008001358                FLASH_IRQHandler
                0x0000000008001358                TIM1_BRK_UP_TRG_COM_IRQHandler
 *fill*         0x000000000800135a        0x2 
 .text.HAL_InitTick
                0x000000000800135c       0x50 Drivers/STM32F0xx_HAL_Driver/Src/stm32f0xx_hal.o
                0x000000000800135c                HAL_InitTick
 .text.HAL_Init
                0x00000000080013ac       0x20 Drivers/STM32F0xx_HAL_Driver/Src/stm32f0xx_hal.o
                0x00000000080013ac                HAL_Init
 .text.HAL_IncTick
                0x00000000080013cc       0x18 Drivers/STM32F0xx_HAL_Driver/Src/stm32f0xx_hal.o
                0x00000000080013cc                HAL_IncTick
 .text.HAL_GetTick
                0x00000000080013e4        0xc Drivers/STM32F0xx_HAL_Driver/Src/stm32f0xx_hal.o
                0x00000000080013e4                HAL_GetTick
 .text.HAL_Delay
                0x00000000080013f0       0x24 Drivers/STM32F0xx_HAL_Driver/Src/stm32f0xx_hal.o
                0x00000000080013f0                HAL_Delay
 .text.HAL_NVIC_SetPriority
                0x0000000008001414       0x64 Drivers/STM32F0xx_HAL_Driver/Src/stm32f0xx_hal_cortex.o
                0x0000000008001414                HAL_NVIC_SetPriority
 .text.HAL_NVIC_EnableIRQ
                0x0000000008001478       0x18 Drivers/STM32F0xx_HAL_Driver/Src/stm32f0xx_hal_cortex.o
                0x0000000008001478                HAL_NVIC_EnableIRQ
 .text.HAL_NVIC_DisableIRQ
                0x0000000008001490       0x20 Drivers/STM32F0xx_HAL_Driver/Src/stm32f0xx_hal_cortex.o
                0x0000000008001490                HAL_NVIC_DisableIRQ
 .text.HAL_SYSTICK_Config
                0x00000000080014b0       0x38 Drivers/STM32F0xx_HAL_Driver/Src/stm32f0xx_hal_cortex.o
                0x00000000080014b0                HAL_SYSTICK_Config
 .text.CRC_Calculate8
                0x00000000080014e8       0x1c Drivers/STM32F0xx_HAL_Driver/Src/stm32f0xx_hal_crc.o
                0x00000000080014e8                CRC_Calculate8
 .text.CRC_ResetDR
                0x0000000008001504        0xc Drivers/STM32F0xx_HAL_Driver/Src/stm32f0xx_hal_crc.o
                0x0000000008001504                CRC_ResetDR
 .text.HAL_CRC_Init
                0x0000000008001510       0x56 Drivers/STM32F0xx_HAL_Driver/Src/stm32f0xx_hal_crc.o
                0x0000000008001510                HAL_CRC_Init
 .text.HAL_DMA_Abort_IT
                0x0000000008001566       0x4a Drivers/STM32F0xx_HAL_Driver/Src/stm32f0xx_hal_dma.o
                0x0000000008001566                HAL_DMA_Abort_IT
 .text.HAL_GPIO_Init
                0x00000000080015b0      0x18c Drivers/STM32F0xx_HAL_Driver/Src/stm32f0xx_hal_gpio.o
                0x00000000080015b0                HAL_GPIO_Init
 .text.HAL_GPIO_DeInit
                0x000000000800173c       0xf4 Drivers/STM32F0xx_HAL_Driver/Src/stm32f0xx_hal_gpio.o
                0x000000000800173c                HAL_GPIO_DeInit
 .text.HAL_GPIO_ReadPin
                0x0000000008001830        0xe Drivers/STM32F0xx_HAL_Driver/Src/stm32f0xx_hal_gpio.o
                0x0000000008001830                HAL_GPIO_ReadPin
 .text.HAL_GPIO_WritePin
                0x000000000800183e        0xc Drivers/STM32F0xx_HAL_Driver/Src/stm32f0xx_hal_gpio.o
                0x000000000800183e                HAL_GPIO_WritePin
 .text.HAL_GPIO_TogglePin
                0x000000000800184a       0x10 Drivers/STM32F0xx_HAL_Driver/Src/stm32f0xx_hal_gpio.o
                0x000000000800184a                HAL_GPIO_TogglePin
 *fill*         0x000000000800185a        0x2 
 .text.HAL_RCC_OscConfig
                0x000000000800185c      0x498 Drivers/STM32F0xx_HAL_Driver/Src/stm32f0xx_hal_rcc.o
                0x000000000800185c                HAL_RCC_OscConfig
 .text.HAL_RCC_GetSysClockFreq
                0x0000000008001cf4       0x70 Drivers/STM32F0xx_HAL_Driver/Src/stm32f0xx_hal_rcc.o
                0x0000000008001cf4                HAL_RCC_GetSysClockFreq
 .text.HAL_RCC_ClockConfig
                0x0000000008001d64      0x130 Drivers/STM32F0xx_HAL_Driver/Src/stm32f0xx_hal_rcc.o
                0x0000000008001d64                HAL_RCC_ClockConfig
 .text.HAL_RCC_GetHCLKFreq
                0x0000000008001e94        0xc Drivers/STM32F0xx_HAL_Driver/Src/stm32f0xx_hal_rcc.o
                0x0000000008001e94                HAL_RCC_GetHCLKFreq
 .text.HAL_RCC_GetPCLK1Freq
                0x0000000008001ea0       0x20 Drivers/STM32F0xx_HAL_Driver/Src/stm32f0xx_hal_rcc.o
                0x0000000008001ea0                HAL_RCC_GetPCLK1Freq
 .text.HAL_RCCEx_PeriphCLKConfig
                0x0000000008001ec0      0x118 Drivers/STM32F0xx_HAL_Driver/Src/stm32f0xx_hal_rcc_ex.o
                0x0000000008001ec0                HAL_RCCEx_PeriphCLKConfig
 .text.HAL_RTC_WaitForSynchro
                0x0000000008001fd8       0x32 Drivers/STM32F0xx_HAL_Driver/Src/stm32f0xx_hal_rtc.o
                0x0000000008001fd8                HAL_RTC_WaitForSynchro
 .text.RTC_EnterInitMode
                0x000000000800200a       0x3a Drivers/STM32F0xx_HAL_Driver/Src/stm32f0xx_hal_rtc.o
                0x000000000800200a                RTC_EnterInitMode
 .text.HAL_RTC_Init
                0x0000000008002044       0xc4 Drivers/STM32F0xx_HAL_Driver/Src/stm32f0xx_hal_rtc.o
                0x0000000008002044                HAL_RTC_Init
 .text.RTC_ByteToBcd2
                0x0000000008002108       0x16 Drivers/STM32F0xx_HAL_Driver/Src/stm32f0xx_hal_rtc.o
                0x0000000008002108                RTC_ByteToBcd2
 *fill*         0x000000000800211e        0x2 
 .text.HAL_RTC_SetTime
                0x0000000008002120       0xfc Drivers/STM32F0xx_HAL_Driver/Src/stm32f0xx_hal_rtc.o
                0x0000000008002120                HAL_RTC_SetTime
 .text.HAL_RTC_SetDate
                0x000000000800221c       0xd8 Drivers/STM32F0xx_HAL_Driver/Src/stm32f0xx_hal_rtc.o
                0x000000000800221c                HAL_RTC_SetDate
 .text.SPI_WaitFlagStateUntilTimeout
                0x00000000080022f4       0x9c Drivers/STM32F0xx_HAL_Driver/Src/stm32f0xx_hal_spi.o
 .text.SPI_WaitFifoStateUntilTimeout
                0x0000000008002390       0xa8 Drivers/STM32F0xx_HAL_Driver/Src/stm32f0xx_hal_spi.o
 .text.SPI_EndRxTxTransaction
                0x0000000008002438       0x68 Drivers/STM32F0xx_HAL_Driver/Src/stm32f0xx_hal_spi.o
 .text.HAL_SPI_Init
                0x00000000080024a0       0xcc Drivers/STM32F0xx_HAL_Driver/Src/stm32f0xx_hal_spi.o
                0x00000000080024a0                HAL_SPI_Init
 .text.HAL_SPI_Transmit
                0x000000000800256c      0x1e0 Drivers/STM32F0xx_HAL_Driver/Src/stm32f0xx_hal_spi.o
                0x000000000800256c                HAL_SPI_Transmit
 .text.HAL_SPI_TransmitReceive
                0x000000000800274c      0x2d0 Drivers/STM32F0xx_HAL_Driver/Src/stm32f0xx_hal_spi.o
                0x000000000800274c                HAL_SPI_TransmitReceive
 .text.UART_EndRxTransfer
                0x0000000008002a1c       0x24 Drivers/STM32F0xx_HAL_Driver/Src/stm32f0xx_hal_uart.o
 .text.UART_TxISR_8BIT
                0x0000000008002a40       0x42 Drivers/STM32F0xx_HAL_Driver/Src/stm32f0xx_hal_uart.o
 .text.UART_TxISR_16BIT
                0x0000000008002a82       0x46 Drivers/STM32F0xx_HAL_Driver/Src/stm32f0xx_hal_uart.o
 .text.HAL_UART_DeInit
                0x0000000008002ac8       0x38 Drivers/STM32F0xx_HAL_Driver/Src/stm32f0xx_hal_uart.o
                0x0000000008002ac8                HAL_UART_DeInit
 .text.HAL_UART_Transmit_IT
                0x0000000008002b00       0x90 Drivers/STM32F0xx_HAL_Driver/Src/stm32f0xx_hal_uart.o
                0x0000000008002b00                HAL_UART_Transmit_IT
 .text.HAL_UART_Receive_IT
                0x0000000008002b90       0xe0 Drivers/STM32F0xx_HAL_Driver/Src/stm32f0xx_hal_uart.o
                0x0000000008002b90                HAL_UART_Receive_IT
 .text.HAL_UART_TxCpltCallback
                0x0000000008002c70        0x2 Drivers/STM32F0xx_HAL_Driver/Src/stm32f0xx_hal_uart.o
                0x0000000008002c70                HAL_UART_TxCpltCallback
 .text.UART_EndTransmit_IT
                0x0000000008002c72       0x1a Drivers/STM32F0xx_HAL_Driver/Src/stm32f0xx_hal_uart.o
 .text.UART_RxISR_8BIT
                0x0000000008002c8c       0x64 Drivers/STM32F0xx_HAL_Driver/Src/stm32f0xx_hal_uart.o
 .text.UART_RxISR_16BIT
                0x0000000008002cf0       0x64 Drivers/STM32F0xx_HAL_Driver/Src/stm32f0xx_hal_uart.o
 .text.HAL_UART_IRQHandler
                0x0000000008002d54      0x14c Drivers/STM32F0xx_HAL_Driver/Src/stm32f0xx_hal_uart.o
                0x0000000008002d54                HAL_UART_IRQHandler
 .text.UART_DMAAbortOnError
                0x0000000008002ea0       0x14 Drivers/STM32F0xx_HAL_Driver/Src/stm32f0xx_hal_uart.o
 .text.HAL_MultiProcessor_EnterMuteMode
                0x0000000008002eb4        0xc Drivers/STM32F0xx_HAL_Driver/Src/stm32f0xx_hal_uart.o
                0x0000000008002eb4                HAL_MultiProcessor_EnterMuteMode
 .text.UART_SetConfig
                0x0000000008002ec0      0x1c4 Drivers/STM32F0xx_HAL_Driver/Src/stm32f0xx_hal_uart.o
                0x0000000008002ec0                UART_SetConfig
 .text.UART_AdvFeatureConfig
                0x0000000008003084       0xe0 Drivers/STM32F0xx_HAL_Driver/Src/stm32f0xx_hal_uart.o
                0x0000000008003084                UART_AdvFeatureConfig
 .text.UART_WaitOnFlagUntilTimeout
                0x0000000008003164       0xa4 Drivers/STM32F0xx_HAL_Driver/Src/stm32f0xx_hal_uart.o
                0x0000000008003164                UART_WaitOnFlagUntilTimeout
 .text.UART_CheckIdleState
                0x0000000008003208       0x6c Drivers/STM32F0xx_HAL_Driver/Src/stm32f0xx_hal_uart.o
                0x0000000008003208                UART_CheckIdleState
 .text.HAL_UART_Init
                0x0000000008003274       0x6c Drivers/STM32F0xx_HAL_Driver/Src/stm32f0xx_hal_uart.o
                0x0000000008003274                HAL_UART_Init
 .text.HAL_MultiProcessor_Init
                0x00000000080032e0       0x98 Drivers/STM32F0xx_HAL_Driver/Src/stm32f0xx_hal_uart.o
                0x00000000080032e0                HAL_MultiProcessor_Init
 .text.HAL_MultiProcessor_EnableMuteMode
                0x0000000008003378       0x2e Drivers/STM32F0xx_HAL_Driver/Src/stm32f0xx_hal_uart.o
                0x0000000008003378                HAL_MultiProcessor_EnableMuteMode
 *fill*         0x00000000080033a6        0x2 
 .text.__libc_init_array
                0x00000000080033a8       0x48 c:/stmicroelectronics/stm32cube/stm32cubeide_1.3.0/stm32cubeide/plugins/com.st.stm32cube.ide.mcu.externaltools.gnu-tools-for-stm32.7-2018-q2-update.win32_1.0.0.201904181610/tools/bin/../lib/gcc/arm-none-eabi/7.3.1/../../../../arm-none-eabi/lib/thumb/v6-m\libc_nano.a(lib_a-init.o)
                0x00000000080033a8                __libc_init_array
 .text.memset   0x00000000080033f0       0x10 c:/stmicroelectronics/stm32cube/stm32cubeide_1.3.0/stm32cubeide/plugins/com.st.stm32cube.ide.mcu.externaltools.gnu-tools-for-stm32.7-2018-q2-update.win32_1.0.0.201904181610/tools/bin/../lib/gcc/arm-none-eabi/7.3.1/../../../../arm-none-eabi/lib/thumb/v6-m\libc_nano.a(lib_a-memset.o)
                0x00000000080033f0                memset
 *(.glue_7)
 .glue_7        0x0000000008003400        0x0 linker stubs
 *(.glue_7t)
 .glue_7t       0x0000000008003400        0x0 linker stubs
 *(.eh_frame)
 .eh_frame      0x0000000008003400        0x0 c:/stmicroelectronics/stm32cube/stm32cubeide_1.3.0/stm32cubeide/plugins/com.st.stm32cube.ide.mcu.externaltools.gnu-tools-for-stm32.7-2018-q2-update.win32_1.0.0.201904181610/tools/bin/../lib/gcc/arm-none-eabi/7.3.1/thumb/v6-m/crtbegin.o
 *(.init)
 .init          0x0000000008003400        0x4 c:/stmicroelectronics/stm32cube/stm32cubeide_1.3.0/stm32cubeide/plugins/com.st.stm32cube.ide.mcu.externaltools.gnu-tools-for-stm32.7-2018-q2-update.win32_1.0.0.201904181610/tools/bin/../lib/gcc/arm-none-eabi/7.3.1/thumb/v6-m/crti.o
                0x0000000008003400                _init
 .init          0x0000000008003404        0x8 c:/stmicroelectronics/stm32cube/stm32cubeide_1.3.0/stm32cubeide/plugins/com.st.stm32cube.ide.mcu.externaltools.gnu-tools-for-stm32.7-2018-q2-update.win32_1.0.0.201904181610/tools/bin/../lib/gcc/arm-none-eabi/7.3.1/thumb/v6-m/crtn.o
 *(.fini)
 .fini          0x000000000800340c        0x4 c:/stmicroelectronics/stm32cube/stm32cubeide_1.3.0/stm32cubeide/plugins/com.st.stm32cube.ide.mcu.externaltools.gnu-tools-for-stm32.7-2018-q2-update.win32_1.0.0.201904181610/tools/bin/../lib/gcc/arm-none-eabi/7.3.1/thumb/v6-m/crti.o
                0x000000000800340c                _fini
 .fini          0x0000000008003410        0x8 c:/stmicroelectronics/stm32cube/stm32cubeide_1.3.0/stm32cubeide/plugins/com.st.stm32cube.ide.mcu.externaltools.gnu-tools-for-stm32.7-2018-q2-update.win32_1.0.0.201904181610/tools/bin/../lib/gcc/arm-none-eabi/7.3.1/thumb/v6-m/crtn.o
                0x0000000008003418                . = ALIGN (0x4)
                0x0000000008003418                _etext = .

.vfp11_veneer   0x0000000008003418        0x0
 .vfp11_veneer  0x0000000008003418        0x0 linker stubs

.v4_bx          0x0000000008003418        0x0
 .v4_bx         0x0000000008003418        0x0 linker stubs

.iplt           0x0000000008003418        0x0
 .iplt          0x0000000008003418        0x0 c:/stmicroelectronics/stm32cube/stm32cubeide_1.3.0/stm32cubeide/plugins/com.st.stm32cube.ide.mcu.externaltools.gnu-tools-for-stm32.7-2018-q2-update.win32_1.0.0.201904181610/tools/bin/../lib/gcc/arm-none-eabi/7.3.1/thumb/v6-m/crtbegin.o

.rodata         0x0000000008003418      0x174
                0x0000000008003418                . = ALIGN (0x4)
 *(.rodata)
 .rodata        0x0000000008003418       0x20 Drivers/STM32F0xx_HAL_Driver/Src/stm32f0xx_hal_rcc.o
 *(.rodata*)
 .rodata.bps    0x0000000008003438       0x28 Common/common.o
                0x0000000008003438                bps
 .rodata.OW_Service
                0x0000000008003460       0xfc Core/Src/owire.o
 .rodata.HAL_UART_RxCpltCallback
                0x000000000800355c       0x18 Core/Src/owire.o
 .rodata.AHBPrescTable
                0x0000000008003574       0x10 Core/Src/system_stm32f0xx.o
                0x0000000008003574                AHBPrescTable
 .rodata.APBPrescTable
                0x0000000008003584        0x8 Core/Src/system_stm32f0xx.o
                0x0000000008003584                APBPrescTable
                0x000000000800358c                . = ALIGN (0x4)

.ARM.__at_0x08002008
                0x000000000800358c        0x4
 .ARM.__at_0x08002008
                0x000000000800358c        0x4 Common/common.o
                0x000000000800358c                version

.rel.dyn        0x0000000008003590        0x0
 .rel.iplt      0x0000000008003590        0x0 c:/stmicroelectronics/stm32cube/stm32cubeide_1.3.0/stm32cubeide/plugins/com.st.stm32cube.ide.mcu.externaltools.gnu-tools-for-stm32.7-2018-q2-update.win32_1.0.0.201904181610/tools/bin/../lib/gcc/arm-none-eabi/7.3.1/thumb/v6-m/crtbegin.o

.ARM.extab      0x0000000008003590        0x0
                0x0000000008003590                . = ALIGN (0x4)
 *(.ARM.extab* .gnu.linkonce.armextab.*)
                0x0000000008003590                . = ALIGN (0x4)

.ARM            0x0000000008003590        0x0
                0x0000000008003590                . = ALIGN (0x4)
                0x0000000008003590                __exidx_start = .
 *(.ARM.exidx*)
                0x0000000008003590                __exidx_end = .
                0x0000000008003590                . = ALIGN (0x4)

.preinit_array  0x0000000008003590        0x0
                0x0000000008003590                . = ALIGN (0x4)
                0x0000000008003590                PROVIDE (__preinit_array_start = .)
 *(.preinit_array*)
                0x0000000008003590                PROVIDE (__preinit_array_end = .)
                0x0000000008003590                . = ALIGN (0x4)

.init_array     0x0000000008003590        0x4
                0x0000000008003590                . = ALIGN (0x4)
                0x0000000008003590                PROVIDE (__init_array_start = .)
 *(SORT_BY_NAME(.init_array.*))
 *(.init_array*)
 .init_array    0x0000000008003590        0x4 c:/stmicroelectronics/stm32cube/stm32cubeide_1.3.0/stm32cubeide/plugins/com.st.stm32cube.ide.mcu.externaltools.gnu-tools-for-stm32.7-2018-q2-update.win32_1.0.0.201904181610/tools/bin/../lib/gcc/arm-none-eabi/7.3.1/thumb/v6-m/crtbegin.o
                0x0000000008003594                PROVIDE (__init_array_end = .)
                0x0000000008003594                . = ALIGN (0x4)

.fini_array     0x0000000008003594        0x4
                0x0000000008003594                . = ALIGN (0x4)
                [!provide]                        PROVIDE (__fini_array_start = .)
 *(SORT_BY_NAME(.fini_array.*))
 *(.fini_array*)
 .fini_array    0x0000000008003594        0x4 c:/stmicroelectronics/stm32cube/stm32cubeide_1.3.0/stm32cubeide/plugins/com.st.stm32cube.ide.mcu.externaltools.gnu-tools-for-stm32.7-2018-q2-update.win32_1.0.0.201904181610/tools/bin/../lib/gcc/arm-none-eabi/7.3.1/thumb/v6-m/crtbegin.o
                [!provide]                        PROVIDE (__fini_array_end = .)
                0x0000000008003598                . = ALIGN (0x4)
                0x0000000008003598                _sidata = LOADADDR (.data)

.data           0x0000000020000000       0x20 load address 0x0000000008003598
                0x0000000020000000                . = ALIGN (0x4)
                0x0000000020000000                _sdata = .
 *(.data)
 *(.data*)
 .data.mifare_keya
                0x0000000020000000        0x6 Core/Src/rc522.o
                0x0000000020000000                mifare_keya
 *fill*         0x0000000020000006        0x2 
 .data.mifare_keyb
                0x0000000020000008        0x6 Core/Src/rc522.o
                0x0000000020000008                mifare_keyb
 *fill*         0x000000002000000e        0x2 
 .data.mifare_tout.6125
                0x0000000020000010        0x4 Core/Src/rc522.o
 .data.SystemCoreClock
                0x0000000020000014        0x4 Core/Src/system_stm32f0xx.o
                0x0000000020000014                SystemCoreClock
 .data.uwTickFreq
                0x0000000020000018        0x1 Drivers/STM32F0xx_HAL_Driver/Src/stm32f0xx_hal.o
                0x0000000020000018                uwTickFreq
 *fill*         0x0000000020000019        0x3 
 .data.uwTickPrio
                0x000000002000001c        0x4 Drivers/STM32F0xx_HAL_Driver/Src/stm32f0xx_hal.o
                0x000000002000001c                uwTickPrio
                0x0000000020000020                . = ALIGN (0x4)
                0x0000000020000020                _edata = .

.igot.plt       0x0000000020000020        0x0 load address 0x00000000080035b8
 .igot.plt      0x0000000020000020        0x0 c:/stmicroelectronics/stm32cube/stm32cubeide_1.3.0/stm32cubeide/plugins/com.st.stm32cube.ide.mcu.externaltools.gnu-tools-for-stm32.7-2018-q2-update.win32_1.0.0.201904181610/tools/bin/../lib/gcc/arm-none-eabi/7.3.1/thumb/v6-m/crtbegin.o
                0x0000000020000020                . = ALIGN (0x4)

.bss            0x0000000020000020      0x4a0 load address 0x00000000080035b8
                0x0000000020000020                _sbss = .
                0x0000000020000020                __bss_start__ = _sbss
 *(.bss)
 .bss           0x0000000020000020       0x1c c:/stmicroelectronics/stm32cube/stm32cubeide_1.3.0/stm32cubeide/plugins/com.st.stm32cube.ide.mcu.externaltools.gnu-tools-for-stm32.7-2018-q2-update.win32_1.0.0.201904181610/tools/bin/../lib/gcc/arm-none-eabi/7.3.1/thumb/v6-m/crtbegin.o
 *(.bss*)
 .bss.COM_Link  0x000000002000003c        0x1 Common/common.o
                0x000000002000003c                COM_Link
 .bss.COM_State
                0x000000002000003d        0x1 Common/common.o
                0x000000002000003d                COM_State
 *fill*         0x000000002000003e        0x2 
 .bss.sDate     0x0000000020000040        0x4 Core/Src/main.o
                0x0000000020000040                sDate
 .bss.sTime     0x0000000020000044       0x14 Core/Src/main.o
                0x0000000020000044                sTime
 .bss.ow_rxbuf  0x0000000020000058      0x100 Core/Src/owire.o
 .bss.ow_txbuf  0x0000000020000158      0x100 Core/Src/owire.o
 .bss.clr.6124  0x0000000020000258        0x4 Core/Src/rc522.o
 .bss.mifare_timer.6123
                0x000000002000025c        0x4 Core/Src/rc522.o
 .bss.sys_id    0x0000000020000260        0x2 Core/Src/rc522.o
                0x0000000020000260                sys_id
 *fill*         0x0000000020000262        0x2 
 .bss.user_group
                0x0000000020000264       0x10 Core/Src/rc522.o
                0x0000000020000264                user_group
 *(COMMON)
 COMMON         0x0000000020000274      0x120 Core/Src/main.o
                0x0000000020000274                hcrc
                0x0000000020000290                huart1
                0x0000000020000310                hrtc
                0x0000000020000330                hspi1
 COMMON         0x0000000020000394       0x24 Core/Src/owire.o
                0x0000000020000394                ow_bps
                0x0000000020000398                ow_txtmr
                0x000000002000039c                ow_txtout
                0x00000000200003a0                owtmr
                0x00000000200003a4                owtout
                0x00000000200003a8                ow_rxtout
                0x00000000200003ac                ow_bcnt
                0x00000000200003b0                ow_flags
                0x00000000200003b4                ow_rxtmr
 COMMON         0x00000000200003b8      0x104 Core/Src/rc522.o
                0x00000000200003b8                card_id
                0x00000000200003c0                sector_0
                0x0000000020000400                rc522_tx_buff
                0x0000000020000410                sCard
                0x0000000020000424                rc522_rx_buff
                0x0000000020000434                card_serial
                0x000000002000043c                sector_1
                0x000000002000047c                sector_2
 COMMON         0x00000000200004bc        0x4 Drivers/STM32F0xx_HAL_Driver/Src/stm32f0xx_hal.o
                0x00000000200004bc                uwTick
                0x00000000200004c0                . = ALIGN (0x4)
                0x00000000200004c0                _ebss = .
                0x00000000200004c0                __bss_end__ = _ebss

._user_heap_stack
                0x00000000200004c0      0x600 load address 0x00000000080035b8
                0x00000000200004c0                . = ALIGN (0x8)
                0x00000000200004c0                PROVIDE (end = .)
                [!provide]                        PROVIDE (_end = .)
                0x00000000200006c0                . = (. + _Min_Heap_Size)
 *fill*         0x00000000200004c0      0x200 
                0x0000000020000ac0                . = (. + _Min_Stack_Size)
 *fill*         0x00000000200006c0      0x400 
                0x0000000020000ac0                . = ALIGN (0x8)

/DISCARD/
 libc.a(*)
 libm.a(*)
 libgcc.a(*)

.ARM.attributes
                0x0000000000000000       0x28
 *(.ARM.attributes)
 .ARM.attributes
                0x0000000000000000       0x1e c:/stmicroelectronics/stm32cube/stm32cubeide_1.3.0/stm32cubeide/plugins/com.st.stm32cube.ide.mcu.externaltools.gnu-tools-for-stm32.7-2018-q2-update.win32_1.0.0.201904181610/tools/bin/../lib/gcc/arm-none-eabi/7.3.1/thumb/v6-m/crti.o
 .ARM.attributes
                0x000000000000001e       0x2c c:/stmicroelectronics/stm32cube/stm32cubeide_1.3.0/stm32cubeide/plugins/com.st.stm32cube.ide.mcu.externaltools.gnu-tools-for-stm32.7-2018-q2-update.win32_1.0.0.201904181610/tools/bin/../lib/gcc/arm-none-eabi/7.3.1/thumb/v6-m/crtbegin.o
 .ARM.attributes
                0x000000000000004a       0x31 Common/common.o
 .ARM.attributes
                0x000000000000007b       0x31 Core/Src/main.o
 .ARM.attributes
                0x00000000000000ac       0x31 Core/Src/owire.o
 .ARM.attributes
                0x00000000000000dd       0x31 Core/Src/rc522.o
 .ARM.attributes
                0x000000000000010e       0x31 Core/Src/stm32f0xx_hal_msp.o
 .ARM.attributes
                0x000000000000013f       0x31 Core/Src/stm32f0xx_it.o
 .ARM.attributes
                0x0000000000000170       0x31 Core/Src/system_stm32f0xx.o
 .ARM.attributes
                0x00000000000001a1       0x21 Core/Startup/startup_stm32f030f4px.o
 .ARM.attributes
                0x00000000000001c2       0x31 Drivers/STM32F0xx_HAL_Driver/Src/stm32f0xx_hal.o
 .ARM.attributes
                0x00000000000001f3       0x31 Drivers/STM32F0xx_HAL_Driver/Src/stm32f0xx_hal_cortex.o
 .ARM.attributes
                0x0000000000000224       0x31 Drivers/STM32F0xx_HAL_Driver/Src/stm32f0xx_hal_crc.o
 .ARM.attributes
                0x0000000000000255       0x31 Drivers/STM32F0xx_HAL_Driver/Src/stm32f0xx_hal_dma.o
 .ARM.attributes
                0x0000000000000286       0x31 Drivers/STM32F0xx_HAL_Driver/Src/stm32f0xx_hal_gpio.o
 .ARM.attributes
                0x00000000000002b7       0x31 Drivers/STM32F0xx_HAL_Driver/Src/stm32f0xx_hal_rcc.o
 .ARM.attributes
                0x00000000000002e8       0x31 Drivers/STM32F0xx_HAL_Driver/Src/stm32f0xx_hal_rcc_ex.o
 .ARM.attributes
                0x0000000000000319       0x31 Drivers/STM32F0xx_HAL_Driver/Src/stm32f0xx_hal_rtc.o
 .ARM.attributes
                0x000000000000034a       0x31 Drivers/STM32F0xx_HAL_Driver/Src/stm32f0xx_hal_spi.o
 .ARM.attributes
                0x000000000000037b       0x31 Drivers/STM32F0xx_HAL_Driver/Src/stm32f0xx_hal_uart.o
 .ARM.attributes
                0x00000000000003ac       0x2c c:/stmicroelectronics/stm32cube/stm32cubeide_1.3.0/stm32cubeide/plugins/com.st.stm32cube.ide.mcu.externaltools.gnu-tools-for-stm32.7-2018-q2-update.win32_1.0.0.201904181610/tools/bin/../lib/gcc/arm-none-eabi/7.3.1/../../../../arm-none-eabi/lib/thumb/v6-m\libc_nano.a(lib_a-init.o)
 .ARM.attributes
                0x00000000000003d8       0x2c c:/stmicroelectronics/stm32cube/stm32cubeide_1.3.0/stm32cubeide/plugins/com.st.stm32cube.ide.mcu.externaltools.gnu-tools-for-stm32.7-2018-q2-update.win32_1.0.0.201904181610/tools/bin/../lib/gcc/arm-none-eabi/7.3.1/../../../../arm-none-eabi/lib/thumb/v6-m\libc_nano.a(lib_a-memset.o)
 .ARM.attributes
                0x0000000000000404       0x1e c:/stmicroelectronics/stm32cube/stm32cubeide_1.3.0/stm32cubeide/plugins/com.st.stm32cube.ide.mcu.externaltools.gnu-tools-for-stm32.7-2018-q2-update.win32_1.0.0.201904181610/tools/bin/../lib/gcc/arm-none-eabi/7.3.1/thumb/v6-m\libgcc.a(_udivsi3.o)
 .ARM.attributes
                0x0000000000000422       0x1e c:/stmicroelectronics/stm32cube/stm32cubeide_1.3.0/stm32cubeide/plugins/com.st.stm32cube.ide.mcu.externaltools.gnu-tools-for-stm32.7-2018-q2-update.win32_1.0.0.201904181610/tools/bin/../lib/gcc/arm-none-eabi/7.3.1/thumb/v6-m\libgcc.a(_dvmd_tls.o)
 .ARM.attributes
                0x0000000000000440       0x1e c:/stmicroelectronics/stm32cube/stm32cubeide_1.3.0/stm32cubeide/plugins/com.st.stm32cube.ide.mcu.externaltools.gnu-tools-for-stm32.7-2018-q2-update.win32_1.0.0.201904181610/tools/bin/../lib/gcc/arm-none-eabi/7.3.1/thumb/v6-m/crtn.o
OUTPUT(CS.elf elf32-littlearm)

.debug_info     0x0000000000000000    0x109dd
 .debug_info    0x0000000000000000     0x185d Common/common.o
 .debug_info    0x000000000000185d     0x1702 Core/Src/main.o
 .debug_info    0x0000000000002f5f     0x1836 Core/Src/owire.o
 .debug_info    0x0000000000004795     0x24e4 Core/Src/rc522.o
 .debug_info    0x0000000000006c79     0x1418 Core/Src/stm32f0xx_hal_msp.o
 .debug_info    0x0000000000008091      0xf07 Core/Src/stm32f0xx_it.o
 .debug_info    0x0000000000008f98      0x2a2 Core/Src/system_stm32f0xx.o
 .debug_info    0x000000000000923a       0x22 Core/Startup/startup_stm32f030f4px.o
 .debug_info    0x000000000000925c      0x6ec Drivers/STM32F0xx_HAL_Driver/Src/stm32f0xx_hal.o
 .debug_info    0x0000000000009948      0x7f5 Drivers/STM32F0xx_HAL_Driver/Src/stm32f0xx_hal_cortex.o
 .debug_info    0x000000000000a13d      0x63d Drivers/STM32F0xx_HAL_Driver/Src/stm32f0xx_hal_crc.o
 .debug_info    0x000000000000a77a      0x85d Drivers/STM32F0xx_HAL_Driver/Src/stm32f0xx_hal_dma.o
 .debug_info    0x000000000000afd7      0x66b Drivers/STM32F0xx_HAL_Driver/Src/stm32f0xx_hal_gpio.o
 .debug_info    0x000000000000b642      0x9d5 Drivers/STM32F0xx_HAL_Driver/Src/stm32f0xx_hal_rcc.o
 .debug_info    0x000000000000c017      0x438 Drivers/STM32F0xx_HAL_Driver/Src/stm32f0xx_hal_rcc_ex.o
 .debug_info    0x000000000000c44f      0xcf7 Drivers/STM32F0xx_HAL_Driver/Src/stm32f0xx_hal_rtc.o
 .debug_info    0x000000000000d146     0x1e2c Drivers/STM32F0xx_HAL_Driver/Src/stm32f0xx_hal_spi.o
 .debug_info    0x000000000000ef72     0x1a6b Drivers/STM32F0xx_HAL_Driver/Src/stm32f0xx_hal_uart.o

.debug_abbrev   0x0000000000000000     0x2588
 .debug_abbrev  0x0000000000000000      0x354 Common/common.o
 .debug_abbrev  0x0000000000000354      0x26b Core/Src/main.o
 .debug_abbrev  0x00000000000005bf      0x2b4 Core/Src/owire.o
 .debug_abbrev  0x0000000000000873      0x2ba Core/Src/rc522.o
 .debug_abbrev  0x0000000000000b2d      0x239 Core/Src/stm32f0xx_hal_msp.o
 .debug_abbrev  0x0000000000000d66      0x1a1 Core/Src/stm32f0xx_it.o
 .debug_abbrev  0x0000000000000f07      0x12b Core/Src/system_stm32f0xx.o
 .debug_abbrev  0x0000000000001032       0x12 Core/Startup/startup_stm32f030f4px.o
 .debug_abbrev  0x0000000000001044      0x234 Drivers/STM32F0xx_HAL_Driver/Src/stm32f0xx_hal.o
 .debug_abbrev  0x0000000000001278      0x264 Drivers/STM32F0xx_HAL_Driver/Src/stm32f0xx_hal_cortex.o
 .debug_abbrev  0x00000000000014dc      0x21a Drivers/STM32F0xx_HAL_Driver/Src/stm32f0xx_hal_crc.o
 .debug_abbrev  0x00000000000016f6      0x20d Drivers/STM32F0xx_HAL_Driver/Src/stm32f0xx_hal_dma.o
 .debug_abbrev  0x0000000000001903      0x1de Drivers/STM32F0xx_HAL_Driver/Src/stm32f0xx_hal_gpio.o
 .debug_abbrev  0x0000000000001ae1      0x24e Drivers/STM32F0xx_HAL_Driver/Src/stm32f0xx_hal_rcc.o
 .debug_abbrev  0x0000000000001d2f      0x1ba Drivers/STM32F0xx_HAL_Driver/Src/stm32f0xx_hal_rcc_ex.o
 .debug_abbrev  0x0000000000001ee9      0x1e8 Drivers/STM32F0xx_HAL_Driver/Src/stm32f0xx_hal_rtc.o
 .debug_abbrev  0x00000000000020d1      0x26c Drivers/STM32F0xx_HAL_Driver/Src/stm32f0xx_hal_spi.o
 .debug_abbrev  0x000000000000233d      0x24b Drivers/STM32F0xx_HAL_Driver/Src/stm32f0xx_hal_uart.o

.debug_loc      0x0000000000000000     0x74ad
 .debug_loc     0x0000000000000000      0x9d1 Common/common.o
 .debug_loc     0x00000000000009d1       0xc0 Core/Src/owire.o
 .debug_loc     0x0000000000000a91      0xa4f Core/Src/rc522.o
 .debug_loc     0x00000000000014e0       0xe2 Core/Src/stm32f0xx_hal_msp.o
 .debug_loc     0x00000000000015c2      0x13b Core/Src/system_stm32f0xx.o
 .debug_loc     0x00000000000016fd      0x11b Drivers/STM32F0xx_HAL_Driver/Src/stm32f0xx_hal.o
 .debug_loc     0x0000000000001818      0x3b7 Drivers/STM32F0xx_HAL_Driver/Src/stm32f0xx_hal_cortex.o
 .debug_loc     0x0000000000001bcf      0x524 Drivers/STM32F0xx_HAL_Driver/Src/stm32f0xx_hal_crc.o
 .debug_loc     0x00000000000020f3      0x807 Drivers/STM32F0xx_HAL_Driver/Src/stm32f0xx_hal_dma.o
 .debug_loc     0x00000000000028fa      0x33d Drivers/STM32F0xx_HAL_Driver/Src/stm32f0xx_hal_gpio.o
 .debug_loc     0x0000000000002c37      0x4a6 Drivers/STM32F0xx_HAL_Driver/Src/stm32f0xx_hal_rcc.o
 .debug_loc     0x00000000000030dd      0x359 Drivers/STM32F0xx_HAL_Driver/Src/stm32f0xx_hal_rcc_ex.o
 .debug_loc     0x0000000000003436      0xaea Drivers/STM32F0xx_HAL_Driver/Src/stm32f0xx_hal_rtc.o
 .debug_loc     0x0000000000003f20     0x1c75 Drivers/STM32F0xx_HAL_Driver/Src/stm32f0xx_hal_spi.o
 .debug_loc     0x0000000000005b95     0x1918 Drivers/STM32F0xx_HAL_Driver/Src/stm32f0xx_hal_uart.o

.debug_aranges  0x0000000000000000      0xb00
 .debug_aranges
                0x0000000000000000       0xd0 Common/common.o
 .debug_aranges
                0x00000000000000d0       0x50 Core/Src/main.o
 .debug_aranges
                0x0000000000000120       0x48 Core/Src/owire.o
 .debug_aranges
                0x0000000000000168       0xc8 Core/Src/rc522.o
 .debug_aranges
                0x0000000000000230       0x60 Core/Src/stm32f0xx_hal_msp.o
 .debug_aranges
                0x0000000000000290       0x48 Core/Src/stm32f0xx_it.o
 .debug_aranges
                0x00000000000002d8       0x28 Core/Src/system_stm32f0xx.o
 .debug_aranges
                0x0000000000000300       0x28 Core/Startup/startup_stm32f030f4px.o
 .debug_aranges
                0x0000000000000328       0xd0 Drivers/STM32F0xx_HAL_Driver/Src/stm32f0xx_hal.o
 .debug_aranges
                0x00000000000003f8       0x78 Drivers/STM32F0xx_HAL_Driver/Src/stm32f0xx_hal_cortex.o
 .debug_aranges
                0x0000000000000470       0x70 Drivers/STM32F0xx_HAL_Driver/Src/stm32f0xx_hal_crc.o
 .debug_aranges
                0x00000000000004e0       0x88 Drivers/STM32F0xx_HAL_Driver/Src/stm32f0xx_hal_dma.o
 .debug_aranges
                0x0000000000000568       0x58 Drivers/STM32F0xx_HAL_Driver/Src/stm32f0xx_hal_gpio.o
 .debug_aranges
                0x00000000000005c0       0x80 Drivers/STM32F0xx_HAL_Driver/Src/stm32f0xx_hal_rcc.o
 .debug_aranges
                0x0000000000000640       0x30 Drivers/STM32F0xx_HAL_Driver/Src/stm32f0xx_hal_rcc_ex.o
 .debug_aranges
                0x0000000000000670       0xb8 Drivers/STM32F0xx_HAL_Driver/Src/stm32f0xx_hal_rtc.o
 .debug_aranges
                0x0000000000000728      0x1d8 Drivers/STM32F0xx_HAL_Driver/Src/stm32f0xx_hal_spi.o
 .debug_aranges
                0x0000000000000900      0x200 Drivers/STM32F0xx_HAL_Driver/Src/stm32f0xx_hal_uart.o

.debug_ranges   0x0000000000000000      0xa90
 .debug_ranges  0x0000000000000000       0xd8 Common/common.o
 .debug_ranges  0x00000000000000d8       0x40 Core/Src/main.o
 .debug_ranges  0x0000000000000118       0x38 Core/Src/owire.o
 .debug_ranges  0x0000000000000150       0xb8 Core/Src/rc522.o
 .debug_ranges  0x0000000000000208       0x50 Core/Src/stm32f0xx_hal_msp.o
 .debug_ranges  0x0000000000000258       0x38 Core/Src/stm32f0xx_it.o
 .debug_ranges  0x0000000000000290       0x18 Core/Src/system_stm32f0xx.o
 .debug_ranges  0x00000000000002a8       0x20 Core/Startup/startup_stm32f030f4px.o
 .debug_ranges  0x00000000000002c8       0xc0 Drivers/STM32F0xx_HAL_Driver/Src/stm32f0xx_hal.o
 .debug_ranges  0x0000000000000388       0xc8 Drivers/STM32F0xx_HAL_Driver/Src/stm32f0xx_hal_cortex.o
 .debug_ranges  0x0000000000000450       0x60 Drivers/STM32F0xx_HAL_Driver/Src/stm32f0xx_hal_crc.o
 .debug_ranges  0x00000000000004b0       0x78 Drivers/STM32F0xx_HAL_Driver/Src/stm32f0xx_hal_dma.o
 .debug_ranges  0x0000000000000528       0x48 Drivers/STM32F0xx_HAL_Driver/Src/stm32f0xx_hal_gpio.o
 .debug_ranges  0x0000000000000570       0x88 Drivers/STM32F0xx_HAL_Driver/Src/stm32f0xx_hal_rcc.o
 .debug_ranges  0x00000000000005f8       0x38 Drivers/STM32F0xx_HAL_Driver/Src/stm32f0xx_hal_rcc_ex.o
 .debug_ranges  0x0000000000000630       0xa8 Drivers/STM32F0xx_HAL_Driver/Src/stm32f0xx_hal_rtc.o
 .debug_ranges  0x00000000000006d8      0x1c8 Drivers/STM32F0xx_HAL_Driver/Src/stm32f0xx_hal_spi.o
 .debug_ranges  0x00000000000008a0      0x1f0 Drivers/STM32F0xx_HAL_Driver/Src/stm32f0xx_hal_uart.o

.debug_macro    0x0000000000000000     0xdc4c
 .debug_macro   0x0000000000000000      0x22e Common/common.o
 .debug_macro   0x000000000000022e      0xa54 Common/common.o
 .debug_macro   0x0000000000000c82      0x13f Common/common.o
 .debug_macro   0x0000000000000dc1       0x2e Common/common.o
 .debug_macro   0x0000000000000def       0x22 Common/common.o
 .debug_macro   0x0000000000000e11       0x22 Common/common.o
 .debug_macro   0x0000000000000e33       0x8e Common/common.o
 .debug_macro   0x0000000000000ec1       0x51 Common/common.o
 .debug_macro   0x0000000000000f12       0xef Common/common.o
 .debug_macro   0x0000000000001001       0x6a Common/common.o
 .debug_macro   0x000000000000106b      0x1df Common/common.o
 .debug_macro   0x000000000000124a       0x1c Common/common.o
 .debug_macro   0x0000000000001266       0x22 Common/common.o
 .debug_macro   0x0000000000001288       0xb5 Common/common.o
 .debug_macro   0x000000000000133d      0x391 Common/common.o
 .debug_macro   0x00000000000016ce     0x6e60 Common/common.o
 .debug_macro   0x000000000000852e       0x3c Common/common.o
 .debug_macro   0x000000000000856a      0x174 Common/common.o
 .debug_macro   0x00000000000086de       0x53 Common/common.o
 .debug_macro   0x0000000000008731      0x924 Common/common.o
 .debug_macro   0x0000000000009055       0xe5 Common/common.o
 .debug_macro   0x000000000000913a      0x12f Common/common.o
 .debug_macro   0x0000000000009269       0xb3 Common/common.o
 .debug_macro   0x000000000000931c      0x1a0 Common/common.o
 .debug_macro   0x00000000000094bc      0x1ed Common/common.o
 .debug_macro   0x00000000000096a9       0x34 Common/common.o
 .debug_macro   0x00000000000096dd       0x43 Common/common.o
 .debug_macro   0x0000000000009720       0x28 Common/common.o
 .debug_macro   0x0000000000009748       0x7a Common/common.o
 .debug_macro   0x00000000000097c2       0x4c Common/common.o
 .debug_macro   0x000000000000980e       0xb0 Common/common.o
 .debug_macro   0x00000000000098be      0x15a Common/common.o
 .debug_macro   0x0000000000009a18      0x22c Common/common.o
 .debug_macro   0x0000000000009c44       0x5f Common/common.o
 .debug_macro   0x0000000000009ca3       0xa5 Common/common.o
 .debug_macro   0x0000000000009d48       0x4c Common/common.o
 .debug_macro   0x0000000000009d94       0x2b Common/common.o
 .debug_macro   0x0000000000009dbf      0x2e2 Common/common.o
 .debug_macro   0x000000000000a0a1      0x2ac Common/common.o
 .debug_macro   0x000000000000a34d       0xdd Common/common.o
 .debug_macro   0x000000000000a42a      0x305 Common/common.o
 .debug_macro   0x000000000000a72f      0x543 Common/common.o
 .debug_macro   0x000000000000ac72       0x3e Common/common.o
 .debug_macro   0x000000000000acb0       0xf1 Common/common.o
 .debug_macro   0x000000000000ada1      0xb35 Common/common.o
 .debug_macro   0x000000000000b8d6       0x4c Common/common.o
 .debug_macro   0x000000000000b922      0x210 Core/Src/main.o
 .debug_macro   0x000000000000bb32       0x52 Core/Src/main.o
 .debug_macro   0x000000000000bb84       0x70 Core/Src/main.o
 .debug_macro   0x000000000000bbf4      0x210 Core/Src/owire.o
 .debug_macro   0x000000000000be04      0x4cd Core/Src/rc522.o
 .debug_macro   0x000000000000c2d1      0x1fe Core/Src/stm32f0xx_hal_msp.o
 .debug_macro   0x000000000000c4cf      0x208 Core/Src/stm32f0xx_it.o
 .debug_macro   0x000000000000c6d7      0x1e6 Core/Src/system_stm32f0xx.o
 .debug_macro   0x000000000000c8bd      0x20a Drivers/STM32F0xx_HAL_Driver/Src/stm32f0xx_hal.o
 .debug_macro   0x000000000000cac7      0x1e6 Drivers/STM32F0xx_HAL_Driver/Src/stm32f0xx_hal_cortex.o
 .debug_macro   0x000000000000ccad      0x1e6 Drivers/STM32F0xx_HAL_Driver/Src/stm32f0xx_hal_crc.o
 .debug_macro   0x000000000000ce93      0x1e6 Drivers/STM32F0xx_HAL_Driver/Src/stm32f0xx_hal_dma.o
 .debug_macro   0x000000000000d079      0x21e Drivers/STM32F0xx_HAL_Driver/Src/stm32f0xx_hal_gpio.o
 .debug_macro   0x000000000000d297      0x1f8 Drivers/STM32F0xx_HAL_Driver/Src/stm32f0xx_hal_rcc.o
 .debug_macro   0x000000000000d48f      0x1e6 Drivers/STM32F0xx_HAL_Driver/Src/stm32f0xx_hal_rcc_ex.o
 .debug_macro   0x000000000000d675      0x1e6 Drivers/STM32F0xx_HAL_Driver/Src/stm32f0xx_hal_rtc.o
 .debug_macro   0x000000000000d85b      0x1ee Drivers/STM32F0xx_HAL_Driver/Src/stm32f0xx_hal_spi.o
 .debug_macro   0x000000000000da49      0x203 Drivers/STM32F0xx_HAL_Driver/Src/stm32f0xx_hal_uart.o

.debug_line     0x0000000000000000     0xc751
 .debug_line    0x0000000000000000      0xcc1 Common/common.o
 .debug_line    0x0000000000000cc1      0x9c9 Core/Src/main.o
 .debug_line    0x000000000000168a      0xabb Core/Src/owire.o
 .debug_line    0x0000000000002145      0xcc7 Core/Src/rc522.o
 .debug_line    0x0000000000002e0c      0x9c4 Core/Src/stm32f0xx_hal_msp.o
 .debug_line    0x00000000000037d0      0x945 Core/Src/stm32f0xx_it.o
 .debug_line    0x0000000000004115      0x8da Core/Src/system_stm32f0xx.o
 .debug_line    0x00000000000049ef       0x89 Core/Startup/startup_stm32f030f4px.o
 .debug_line    0x0000000000004a78      0xa70 Drivers/STM32F0xx_HAL_Driver/Src/stm32f0xx_hal.o
 .debug_line    0x00000000000054e8      0xa49 Drivers/STM32F0xx_HAL_Driver/Src/stm32f0xx_hal_cortex.o
 .debug_line    0x0000000000005f31      0xa47 Drivers/STM32F0xx_HAL_Driver/Src/stm32f0xx_hal_crc.o
 .debug_line    0x0000000000006978      0xb0a Drivers/STM32F0xx_HAL_Driver/Src/stm32f0xx_hal_dma.o
 .debug_line    0x0000000000007482      0xa0c Drivers/STM32F0xx_HAL_Driver/Src/stm32f0xx_hal_gpio.o
 .debug_line    0x0000000000007e8e      0xb66 Drivers/STM32F0xx_HAL_Driver/Src/stm32f0xx_hal_rcc.o
 .debug_line    0x00000000000089f4      0x998 Drivers/STM32F0xx_HAL_Driver/Src/stm32f0xx_hal_rcc_ex.o
 .debug_line    0x000000000000938c      0xc24 Drivers/STM32F0xx_HAL_Driver/Src/stm32f0xx_hal_rtc.o
 .debug_line    0x0000000000009fb0     0x141c Drivers/STM32F0xx_HAL_Driver/Src/stm32f0xx_hal_spi.o
 .debug_line    0x000000000000b3cc     0x1385 Drivers/STM32F0xx_HAL_Driver/Src/stm32f0xx_hal_uart.o

.debug_str      0x0000000000000000    0x4ad4b
 .debug_str     0x0000000000000000    0x476d3 Common/common.o
                                      0x47969 (size before relaxing)
 .debug_str     0x00000000000476d3      0x868 Core/Src/main.o
                                      0x47e9a (size before relaxing)
 .debug_str     0x0000000000047f3b      0x26d Core/Src/owire.o
                                      0x47e06 (size before relaxing)
 .debug_str     0x00000000000481a8      0xe50 Core/Src/rc522.o
                                      0x489db (size before relaxing)
 .debug_str     0x0000000000048ff8      0x203 Core/Src/stm32f0xx_hal_msp.o
                                      0x47959 (size before relaxing)
 .debug_str     0x00000000000491fb       0xa8 Core/Src/stm32f0xx_it.o
                                      0x476c0 (size before relaxing)
 .debug_str     0x00000000000492a3       0x5f Core/Src/system_stm32f0xx.o
                                      0x440f5 (size before relaxing)
 .debug_str     0x0000000000049302       0x36 Core/Startup/startup_stm32f030f4px.o
                                         0x6b (size before relaxing)
 .debug_str     0x0000000000049338      0x384 Drivers/STM32F0xx_HAL_Driver/Src/stm32f0xx_hal.o
                                      0x445f4 (size before relaxing)
 .debug_str     0x00000000000496bc      0x179 Drivers/STM32F0xx_HAL_Driver/Src/stm32f0xx_hal_cortex.o
                                      0x44480 (size before relaxing)
 .debug_str     0x0000000000049835       0x93 Drivers/STM32F0xx_HAL_Driver/Src/stm32f0xx_hal_crc.o
                                      0x44319 (size before relaxing)
 .debug_str     0x00000000000498c8      0x257 Drivers/STM32F0xx_HAL_Driver/Src/stm32f0xx_hal_dma.o
                                      0x444d9 (size before relaxing)
 .debug_str     0x0000000000049b1f      0x1ba Drivers/STM32F0xx_HAL_Driver/Src/stm32f0xx_hal_gpio.o
                                      0x44391 (size before relaxing)
 .debug_str     0x0000000000049cd9      0x22e Drivers/STM32F0xx_HAL_Driver/Src/stm32f0xx_hal_rcc.o
                                      0x44526 (size before relaxing)
 .debug_str     0x0000000000049f07       0x97 Drivers/STM32F0xx_HAL_Driver/Src/stm32f0xx_hal_rcc_ex.o
                                      0x4426a (size before relaxing)
 .debug_str     0x0000000000049f9e      0x1db Drivers/STM32F0xx_HAL_Driver/Src/stm32f0xx_hal_rtc.o
                                      0x4452c (size before relaxing)
 .debug_str     0x000000000004a179      0x541 Drivers/STM32F0xx_HAL_Driver/Src/stm32f0xx_hal_spi.o
                                      0x44a64 (size before relaxing)
 .debug_str     0x000000000004a6ba      0x691 Drivers/STM32F0xx_HAL_Driver/Src/stm32f0xx_hal_uart.o
                                      0x44d53 (size before relaxing)

.comment        0x0000000000000000       0x7b
 .comment       0x0000000000000000       0x7b Common/common.o
                                         0x7c (size before relaxing)
 .comment       0x000000000000007b       0x7c Core/Src/main.o
 .comment       0x000000000000007b       0x7c Core/Src/owire.o
 .comment       0x000000000000007b       0x7c Core/Src/rc522.o
 .comment       0x000000000000007b       0x7c Core/Src/stm32f0xx_hal_msp.o
 .comment       0x000000000000007b       0x7c Core/Src/stm32f0xx_it.o
 .comment       0x000000000000007b       0x7c Core/Src/system_stm32f0xx.o
 .comment       0x000000000000007b       0x7c Drivers/STM32F0xx_HAL_Driver/Src/stm32f0xx_hal.o
 .comment       0x000000000000007b       0x7c Drivers/STM32F0xx_HAL_Driver/Src/stm32f0xx_hal_cortex.o
 .comment       0x000000000000007b       0x7c Drivers/STM32F0xx_HAL_Driver/Src/stm32f0xx_hal_crc.o
 .comment       0x000000000000007b       0x7c Drivers/STM32F0xx_HAL_Driver/Src/stm32f0xx_hal_dma.o
 .comment       0x000000000000007b       0x7c Drivers/STM32F0xx_HAL_Driver/Src/stm32f0xx_hal_gpio.o
 .comment       0x000000000000007b       0x7c Drivers/STM32F0xx_HAL_Driver/Src/stm32f0xx_hal_rcc.o
 .comment       0x000000000000007b       0x7c Drivers/STM32F0xx_HAL_Driver/Src/stm32f0xx_hal_rcc_ex.o
 .comment       0x000000000000007b       0x7c Drivers/STM32F0xx_HAL_Driver/Src/stm32f0xx_hal_rtc.o
 .comment       0x000000000000007b       0x7c Drivers/STM32F0xx_HAL_Driver/Src/stm32f0xx_hal_spi.o
 .comment       0x000000000000007b       0x7c Drivers/STM32F0xx_HAL_Driver/Src/stm32f0xx_hal_uart.o

.debug_frame    0x0000000000000000     0x1c34
 .debug_frame   0x0000000000000000      0x200 Common/common.o
 .debug_frame   0x0000000000000200       0xc0 Core/Src/main.o
 .debug_frame   0x00000000000002c0       0xb0 Core/Src/owire.o
 .debug_frame   0x0000000000000370      0x284 Core/Src/rc522.o
 .debug_frame   0x00000000000005f4       0xd0 Core/Src/stm32f0xx_hal_msp.o
 .debug_frame   0x00000000000006c4       0x80 Core/Src/stm32f0xx_it.o
 .debug_frame   0x0000000000000744       0x38 Core/Src/system_stm32f0xx.o
 .debug_frame   0x000000000000077c      0x1ac Drivers/STM32F0xx_HAL_Driver/Src/stm32f0xx_hal.o
 .debug_frame   0x0000000000000928       0xe4 Drivers/STM32F0xx_HAL_Driver/Src/stm32f0xx_hal_cortex.o
 .debug_frame   0x0000000000000a0c      0x104 Drivers/STM32F0xx_HAL_Driver/Src/stm32f0xx_hal_crc.o
 .debug_frame   0x0000000000000b10      0x168 Drivers/STM32F0xx_HAL_Driver/Src/stm32f0xx_hal_dma.o
 .debug_frame   0x0000000000000c78       0xc8 Drivers/STM32F0xx_HAL_Driver/Src/stm32f0xx_hal_gpio.o
 .debug_frame   0x0000000000000d40      0x13c Drivers/STM32F0xx_HAL_Driver/Src/stm32f0xx_hal_rcc.o
 .debug_frame   0x0000000000000e7c       0x58 Drivers/STM32F0xx_HAL_Driver/Src/stm32f0xx_hal_rcc_ex.o
 .debug_frame   0x0000000000000ed4      0x20c Drivers/STM32F0xx_HAL_Driver/Src/stm32f0xx_hal_rtc.o
 .debug_frame   0x00000000000010e0      0x57c Drivers/STM32F0xx_HAL_Driver/Src/stm32f0xx_hal_spi.o
 .debug_frame   0x000000000000165c      0x56c Drivers/STM32F0xx_HAL_Driver/Src/stm32f0xx_hal_uart.o
 .debug_frame   0x0000000000001bc8       0x2c c:/stmicroelectronics/stm32cube/stm32cubeide_1.3.0/stm32cubeide/plugins/com.st.stm32cube.ide.mcu.externaltools.gnu-tools-for-stm32.7-2018-q2-update.win32_1.0.0.201904181610/tools/bin/../lib/gcc/arm-none-eabi/7.3.1/../../../../arm-none-eabi/lib/thumb/v6-m\libc_nano.a(lib_a-init.o)
 .debug_frame   0x0000000000001bf4       0x20 c:/stmicroelectronics/stm32cube/stm32cubeide_1.3.0/stm32cubeide/plugins/com.st.stm32cube.ide.mcu.externaltools.gnu-tools-for-stm32.7-2018-q2-update.win32_1.0.0.201904181610/tools/bin/../lib/gcc/arm-none-eabi/7.3.1/../../../../arm-none-eabi/lib/thumb/v6-m\libc_nano.a(lib_a-memset.o)
 .debug_frame   0x0000000000001c14       0x20 c:/stmicroelectronics/stm32cube/stm32cubeide_1.3.0/stm32cubeide/plugins/com.st.stm32cube.ide.mcu.externaltools.gnu-tools-for-stm32.7-2018-q2-update.win32_1.0.0.201904181610/tools/bin/../lib/gcc/arm-none-eabi/7.3.1/thumb/v6-m\libgcc.a(_udivsi3.o)

Cross Reference Table

Symbol                                            File
ADC1_IRQHandler                                   Core/Startup/startup_stm32f030f4px.o
AHBPrescTable                                     Core/Src/system_stm32f0xx.o
                                                  Drivers/STM32F0xx_HAL_Driver/Src/stm32f0xx_hal_rcc.o
APBPrescTable                                     Core/Src/system_stm32f0xx.o
                                                  Drivers/STM32F0xx_HAL_Driver/Src/stm32f0xx_hal_rcc.o
BaseToPower                                       Common/common.o
Bcd2Dec                                           Common/common.o
COM_Bridge                                        Common/common.o
COM_Link                                          Common/common.o
                                                  Core/Src/owire.o
COM_State                                         Common/common.o
                                                  Core/Src/owire.o
CRC_Calculate8                                    Drivers/STM32F0xx_HAL_Driver/Src/stm32f0xx_hal_crc.o
                                                  Core/Src/owire.o
CRC_ResetDR                                       Drivers/STM32F0xx_HAL_Driver/Src/stm32f0xx_hal_crc.o
                                                  Core/Src/owire.o
CalcCRC                                           Common/common.o
CharToBinStr                                      Common/common.o
DMA1_Channel1_IRQHandler                          Core/Startup/startup_stm32f030f4px.o
DMA1_Channel2_3_IRQHandler                        Core/Startup/startup_stm32f030f4px.o
DMA1_Channel4_5_IRQHandler                        Core/Startup/startup_stm32f030f4px.o
Dec2Bcd                                           Common/common.o
Default_Handler                                   Core/Startup/startup_stm32f030f4px.o
DelayMs                                           Common/common.o
EXTI0_1_IRQHandler                                Core/Startup/startup_stm32f030f4px.o
EXTI2_3_IRQHandler                                Core/Startup/startup_stm32f030f4px.o
EXTI4_15_IRQHandler                               Core/Startup/startup_stm32f030f4px.o
Error_Handler                                     Core/Src/main.o
                                                  Core/Src/owire.o
FLASH_IRQHandler                                  Core/Startup/startup_stm32f030f4px.o
FLASH_PageErase                                   Drivers/STM32F0xx_HAL_Driver/Src/stm32f0xx_hal_flash_ex.o
                                                  Drivers/STM32F0xx_HAL_Driver/Src/stm32f0xx_hal_flash.o
FLASH_WaitForLastOperation                        Drivers/STM32F0xx_HAL_Driver/Src/stm32f0xx_hal_flash.o
                                                  Drivers/STM32F0xx_HAL_Driver/Src/stm32f0xx_hal_flash_ex.o
GetFwInfo                                         Common/common.o
GetSize                                           Common/common.o
HAL_CRCEx_Input_Data_Reverse                      Drivers/STM32F0xx_HAL_Driver/Src/stm32f0xx_hal_crc_ex.o
HAL_CRCEx_Output_Data_Reverse                     Drivers/STM32F0xx_HAL_Driver/Src/stm32f0xx_hal_crc_ex.o
HAL_CRC_Accumulate                                Drivers/STM32F0xx_HAL_Driver/Src/stm32f0xx_hal_crc.o
                                                  Common/common.o
HAL_CRC_Calculate                                 Drivers/STM32F0xx_HAL_Driver/Src/stm32f0xx_hal_crc.o
                                                  Common/common.o
HAL_CRC_DeInit                                    Drivers/STM32F0xx_HAL_Driver/Src/stm32f0xx_hal_crc.o
HAL_CRC_GetState                                  Drivers/STM32F0xx_HAL_Driver/Src/stm32f0xx_hal_crc.o
HAL_CRC_Init                                      Drivers/STM32F0xx_HAL_Driver/Src/stm32f0xx_hal_crc.o
                                                  Core/Src/main.o
HAL_CRC_MspDeInit                                 Core/Src/stm32f0xx_hal_msp.o
HAL_CRC_MspInit                                   Core/Src/stm32f0xx_hal_msp.o
HAL_DBGMCU_DisableDBGStandbyMode                  Drivers/STM32F0xx_HAL_Driver/Src/stm32f0xx_hal.o
HAL_DBGMCU_DisableDBGStopMode                     Drivers/STM32F0xx_HAL_Driver/Src/stm32f0xx_hal.o
HAL_DBGMCU_EnableDBGStandbyMode                   Drivers/STM32F0xx_HAL_Driver/Src/stm32f0xx_hal.o
HAL_DBGMCU_EnableDBGStopMode                      Drivers/STM32F0xx_HAL_Driver/Src/stm32f0xx_hal.o
HAL_DMA_Abort                                     Drivers/STM32F0xx_HAL_Driver/Src/stm32f0xx_hal_dma.o
                                                  Drivers/STM32F0xx_HAL_Driver/Src/stm32f0xx_hal_uart.o
                                                  Drivers/STM32F0xx_HAL_Driver/Src/stm32f0xx_hal_spi.o
HAL_DMA_Abort_IT                                  Drivers/STM32F0xx_HAL_Driver/Src/stm32f0xx_hal_dma.o
                                                  Drivers/STM32F0xx_HAL_Driver/Src/stm32f0xx_hal_uart.o
                                                  Drivers/STM32F0xx_HAL_Driver/Src/stm32f0xx_hal_spi.o
                                                  Drivers/STM32F0xx_HAL_Driver/Src/stm32f0xx_hal_i2c.o
HAL_DMA_DeInit                                    Drivers/STM32F0xx_HAL_Driver/Src/stm32f0xx_hal_dma.o
HAL_DMA_GetError                                  Drivers/STM32F0xx_HAL_Driver/Src/stm32f0xx_hal_dma.o
                                                  Drivers/STM32F0xx_HAL_Driver/Src/stm32f0xx_hal_uart.o
HAL_DMA_GetState                                  Drivers/STM32F0xx_HAL_Driver/Src/stm32f0xx_hal_dma.o
HAL_DMA_IRQHandler                                Drivers/STM32F0xx_HAL_Driver/Src/stm32f0xx_hal_dma.o
HAL_DMA_Init                                      Drivers/STM32F0xx_HAL_Driver/Src/stm32f0xx_hal_dma.o
HAL_DMA_PollForTransfer                           Drivers/STM32F0xx_HAL_Driver/Src/stm32f0xx_hal_dma.o
HAL_DMA_RegisterCallback                          Drivers/STM32F0xx_HAL_Driver/Src/stm32f0xx_hal_dma.o
HAL_DMA_Start                                     Drivers/STM32F0xx_HAL_Driver/Src/stm32f0xx_hal_dma.o
HAL_DMA_Start_IT                                  Drivers/STM32F0xx_HAL_Driver/Src/stm32f0xx_hal_dma.o
                                                  Drivers/STM32F0xx_HAL_Driver/Src/stm32f0xx_hal_uart.o
                                                  Drivers/STM32F0xx_HAL_Driver/Src/stm32f0xx_hal_spi.o
                                                  Drivers/STM32F0xx_HAL_Driver/Src/stm32f0xx_hal_i2c.o
HAL_DMA_UnRegisterCallback                        Drivers/STM32F0xx_HAL_Driver/Src/stm32f0xx_hal_dma.o
HAL_DeInit                                        Drivers/STM32F0xx_HAL_Driver/Src/stm32f0xx_hal.o
HAL_Delay                                         Drivers/STM32F0xx_HAL_Driver/Src/stm32f0xx_hal.o
                                                  Core/Src/rc522.o
                                                  Core/Src/owire.o
HAL_EXTI_ClearConfigLine                          Drivers/STM32F0xx_HAL_Driver/Src/stm32f0xx_hal_exti.o
HAL_EXTI_ClearPending                             Drivers/STM32F0xx_HAL_Driver/Src/stm32f0xx_hal_exti.o
HAL_EXTI_GenerateSWI                              Drivers/STM32F0xx_HAL_Driver/Src/stm32f0xx_hal_exti.o
HAL_EXTI_GetConfigLine                            Drivers/STM32F0xx_HAL_Driver/Src/stm32f0xx_hal_exti.o
HAL_EXTI_GetHandle                                Drivers/STM32F0xx_HAL_Driver/Src/stm32f0xx_hal_exti.o
HAL_EXTI_GetPending                               Drivers/STM32F0xx_HAL_Driver/Src/stm32f0xx_hal_exti.o
HAL_EXTI_IRQHandler                               Drivers/STM32F0xx_HAL_Driver/Src/stm32f0xx_hal_exti.o
HAL_EXTI_RegisterCallback                         Drivers/STM32F0xx_HAL_Driver/Src/stm32f0xx_hal_exti.o
HAL_EXTI_SetConfigLine                            Drivers/STM32F0xx_HAL_Driver/Src/stm32f0xx_hal_exti.o
HAL_FLASHEx_Erase                                 Drivers/STM32F0xx_HAL_Driver/Src/stm32f0xx_hal_flash_ex.o
HAL_FLASHEx_Erase_IT                              Drivers/STM32F0xx_HAL_Driver/Src/stm32f0xx_hal_flash_ex.o
HAL_FLASHEx_OBErase                               Drivers/STM32F0xx_HAL_Driver/Src/stm32f0xx_hal_flash_ex.o
HAL_FLASHEx_OBGetConfig                           Drivers/STM32F0xx_HAL_Driver/Src/stm32f0xx_hal_flash_ex.o
HAL_FLASHEx_OBGetUserData                         Drivers/STM32F0xx_HAL_Driver/Src/stm32f0xx_hal_flash_ex.o
HAL_FLASHEx_OBProgram                             Drivers/STM32F0xx_HAL_Driver/Src/stm32f0xx_hal_flash_ex.o
HAL_FLASH_EndOfOperationCallback                  Drivers/STM32F0xx_HAL_Driver/Src/stm32f0xx_hal_flash.o
HAL_FLASH_GetError                                Drivers/STM32F0xx_HAL_Driver/Src/stm32f0xx_hal_flash.o
HAL_FLASH_IRQHandler                              Drivers/STM32F0xx_HAL_Driver/Src/stm32f0xx_hal_flash.o
HAL_FLASH_Lock                                    Drivers/STM32F0xx_HAL_Driver/Src/stm32f0xx_hal_flash.o
HAL_FLASH_OB_Launch                               Drivers/STM32F0xx_HAL_Driver/Src/stm32f0xx_hal_flash.o
HAL_FLASH_OB_Lock                                 Drivers/STM32F0xx_HAL_Driver/Src/stm32f0xx_hal_flash.o
HAL_FLASH_OB_Unlock                               Drivers/STM32F0xx_HAL_Driver/Src/stm32f0xx_hal_flash.o
HAL_FLASH_OperationErrorCallback                  Drivers/STM32F0xx_HAL_Driver/Src/stm32f0xx_hal_flash.o
HAL_FLASH_Program                                 Drivers/STM32F0xx_HAL_Driver/Src/stm32f0xx_hal_flash.o
HAL_FLASH_Program_IT                              Drivers/STM32F0xx_HAL_Driver/Src/stm32f0xx_hal_flash.o
HAL_FLASH_Unlock                                  Drivers/STM32F0xx_HAL_Driver/Src/stm32f0xx_hal_flash.o
HAL_GPIO_DeInit                                   Drivers/STM32F0xx_HAL_Driver/Src/stm32f0xx_hal_gpio.o
                                                  Core/Src/stm32f0xx_hal_msp.o
HAL_GPIO_EXTI_Callback                            Drivers/STM32F0xx_HAL_Driver/Src/stm32f0xx_hal_gpio.o
HAL_GPIO_EXTI_IRQHandler                          Drivers/STM32F0xx_HAL_Driver/Src/stm32f0xx_hal_gpio.o
HAL_GPIO_Init                                     Drivers/STM32F0xx_HAL_Driver/Src/stm32f0xx_hal_gpio.o
                                                  Drivers/STM32F0xx_HAL_Driver/Src/stm32f0xx_hal_rcc.o
                                                  Core/Src/stm32f0xx_hal_msp.o
                                                  Core/Src/main.o
HAL_GPIO_LockPin                                  Drivers/STM32F0xx_HAL_Driver/Src/stm32f0xx_hal_gpio.o
HAL_GPIO_ReadPin                                  Drivers/STM32F0xx_HAL_Driver/Src/stm32f0xx_hal_gpio.o
                                                  Core/Src/owire.o
HAL_GPIO_TogglePin                                Drivers/STM32F0xx_HAL_Driver/Src/stm32f0xx_hal_gpio.o
                                                  Core/Src/rc522.o
HAL_GPIO_WritePin                                 Drivers/STM32F0xx_HAL_Driver/Src/stm32f0xx_hal_gpio.o
                                                  Core/Src/rc522.o
                                                  Core/Src/main.o
HAL_GetDEVID                                      Drivers/STM32F0xx_HAL_Driver/Src/stm32f0xx_hal.o
HAL_GetHalVersion                                 Drivers/STM32F0xx_HAL_Driver/Src/stm32f0xx_hal.o
HAL_GetREVID                                      Drivers/STM32F0xx_HAL_Driver/Src/stm32f0xx_hal.o
HAL_GetTick                                       Drivers/STM32F0xx_HAL_Driver/Src/stm32f0xx_hal.o
                                                  Drivers/STM32F0xx_HAL_Driver/Src/stm32f0xx_hal_uart.o
                                                  Drivers/STM32F0xx_HAL_Driver/Src/stm32f0xx_hal_spi.o
                                                  Drivers/STM32F0xx_HAL_Driver/Src/stm32f0xx_hal_rtc_ex.o
                                                  Drivers/STM32F0xx_HAL_Driver/Src/stm32f0xx_hal_rtc.o
                                                  Drivers/STM32F0xx_HAL_Driver/Src/stm32f0xx_hal_rcc_ex.o
                                                  Drivers/STM32F0xx_HAL_Driver/Src/stm32f0xx_hal_rcc.o
                                                  Drivers/STM32F0xx_HAL_Driver/Src/stm32f0xx_hal_i2c.o
                                                  Drivers/STM32F0xx_HAL_Driver/Src/stm32f0xx_hal_flash.o
                                                  Drivers/STM32F0xx_HAL_Driver/Src/stm32f0xx_hal_dma.o
                                                  Core/Src/rc522.o
                                                  Core/Src/owire.o
                                                  Common/common.o
HAL_GetTickFreq                                   Drivers/STM32F0xx_HAL_Driver/Src/stm32f0xx_hal.o
HAL_GetTickPrio                                   Drivers/STM32F0xx_HAL_Driver/Src/stm32f0xx_hal.o
HAL_GetUIDw0                                      Drivers/STM32F0xx_HAL_Driver/Src/stm32f0xx_hal.o
HAL_GetUIDw1                                      Drivers/STM32F0xx_HAL_Driver/Src/stm32f0xx_hal.o
HAL_GetUIDw2                                      Drivers/STM32F0xx_HAL_Driver/Src/stm32f0xx_hal.o
HAL_HalfDuplex_EnableReceiver                     Drivers/STM32F0xx_HAL_Driver/Src/stm32f0xx_hal_uart.o
HAL_HalfDuplex_EnableTransmitter                  Drivers/STM32F0xx_HAL_Driver/Src/stm32f0xx_hal_uart.o
HAL_HalfDuplex_Init                               Drivers/STM32F0xx_HAL_Driver/Src/stm32f0xx_hal_uart.o
HAL_I2CEx_ConfigAnalogFilter                      Drivers/STM32F0xx_HAL_Driver/Src/stm32f0xx_hal_i2c_ex.o
HAL_I2CEx_ConfigDigitalFilter                     Drivers/STM32F0xx_HAL_Driver/Src/stm32f0xx_hal_i2c_ex.o
HAL_I2CEx_DisableFastModePlus                     Drivers/STM32F0xx_HAL_Driver/Src/stm32f0xx_hal_i2c_ex.o
HAL_I2CEx_EnableFastModePlus                      Drivers/STM32F0xx_HAL_Driver/Src/stm32f0xx_hal_i2c_ex.o
HAL_I2C_AbortCpltCallback                         Drivers/STM32F0xx_HAL_Driver/Src/stm32f0xx_hal_i2c.o
HAL_I2C_AddrCallback                              Drivers/STM32F0xx_HAL_Driver/Src/stm32f0xx_hal_i2c.o
HAL_I2C_DeInit                                    Drivers/STM32F0xx_HAL_Driver/Src/stm32f0xx_hal_i2c.o
HAL_I2C_DisableListen_IT                          Drivers/STM32F0xx_HAL_Driver/Src/stm32f0xx_hal_i2c.o
HAL_I2C_ER_IRQHandler                             Drivers/STM32F0xx_HAL_Driver/Src/stm32f0xx_hal_i2c.o
HAL_I2C_EV_IRQHandler                             Drivers/STM32F0xx_HAL_Driver/Src/stm32f0xx_hal_i2c.o
HAL_I2C_EnableListen_IT                           Drivers/STM32F0xx_HAL_Driver/Src/stm32f0xx_hal_i2c.o
HAL_I2C_ErrorCallback                             Drivers/STM32F0xx_HAL_Driver/Src/stm32f0xx_hal_i2c.o
HAL_I2C_GetError                                  Drivers/STM32F0xx_HAL_Driver/Src/stm32f0xx_hal_i2c.o
HAL_I2C_GetMode                                   Drivers/STM32F0xx_HAL_Driver/Src/stm32f0xx_hal_i2c.o
HAL_I2C_GetState                                  Drivers/STM32F0xx_HAL_Driver/Src/stm32f0xx_hal_i2c.o
HAL_I2C_Init                                      Drivers/STM32F0xx_HAL_Driver/Src/stm32f0xx_hal_i2c.o
HAL_I2C_IsDeviceReady                             Drivers/STM32F0xx_HAL_Driver/Src/stm32f0xx_hal_i2c.o
HAL_I2C_ListenCpltCallback                        Drivers/STM32F0xx_HAL_Driver/Src/stm32f0xx_hal_i2c.o
HAL_I2C_MasterRxCpltCallback                      Drivers/STM32F0xx_HAL_Driver/Src/stm32f0xx_hal_i2c.o
HAL_I2C_MasterTxCpltCallback                      Drivers/STM32F0xx_HAL_Driver/Src/stm32f0xx_hal_i2c.o
HAL_I2C_Master_Abort_IT                           Drivers/STM32F0xx_HAL_Driver/Src/stm32f0xx_hal_i2c.o
HAL_I2C_Master_Receive                            Drivers/STM32F0xx_HAL_Driver/Src/stm32f0xx_hal_i2c.o
HAL_I2C_Master_Receive_DMA                        Drivers/STM32F0xx_HAL_Driver/Src/stm32f0xx_hal_i2c.o
HAL_I2C_Master_Receive_IT                         Drivers/STM32F0xx_HAL_Driver/Src/stm32f0xx_hal_i2c.o
HAL_I2C_Master_Seq_Receive_DMA                    Drivers/STM32F0xx_HAL_Driver/Src/stm32f0xx_hal_i2c.o
HAL_I2C_Master_Seq_Receive_IT                     Drivers/STM32F0xx_HAL_Driver/Src/stm32f0xx_hal_i2c.o
HAL_I2C_Master_Seq_Transmit_DMA                   Drivers/STM32F0xx_HAL_Driver/Src/stm32f0xx_hal_i2c.o
HAL_I2C_Master_Seq_Transmit_IT                    Drivers/STM32F0xx_HAL_Driver/Src/stm32f0xx_hal_i2c.o
HAL_I2C_Master_Transmit                           Drivers/STM32F0xx_HAL_Driver/Src/stm32f0xx_hal_i2c.o
HAL_I2C_Master_Transmit_DMA                       Drivers/STM32F0xx_HAL_Driver/Src/stm32f0xx_hal_i2c.o
HAL_I2C_Master_Transmit_IT                        Drivers/STM32F0xx_HAL_Driver/Src/stm32f0xx_hal_i2c.o
HAL_I2C_MemRxCpltCallback                         Drivers/STM32F0xx_HAL_Driver/Src/stm32f0xx_hal_i2c.o
HAL_I2C_MemTxCpltCallback                         Drivers/STM32F0xx_HAL_Driver/Src/stm32f0xx_hal_i2c.o
HAL_I2C_Mem_Read                                  Drivers/STM32F0xx_HAL_Driver/Src/stm32f0xx_hal_i2c.o
HAL_I2C_Mem_Read_DMA                              Drivers/STM32F0xx_HAL_Driver/Src/stm32f0xx_hal_i2c.o
HAL_I2C_Mem_Read_IT                               Drivers/STM32F0xx_HAL_Driver/Src/stm32f0xx_hal_i2c.o
HAL_I2C_Mem_Write                                 Drivers/STM32F0xx_HAL_Driver/Src/stm32f0xx_hal_i2c.o
HAL_I2C_Mem_Write_DMA                             Drivers/STM32F0xx_HAL_Driver/Src/stm32f0xx_hal_i2c.o
HAL_I2C_Mem_Write_IT                              Drivers/STM32F0xx_HAL_Driver/Src/stm32f0xx_hal_i2c.o
HAL_I2C_MspDeInit                                 Drivers/STM32F0xx_HAL_Driver/Src/stm32f0xx_hal_i2c.o
HAL_I2C_MspInit                                   Drivers/STM32F0xx_HAL_Driver/Src/stm32f0xx_hal_i2c.o
HAL_I2C_SlaveRxCpltCallback                       Drivers/STM32F0xx_HAL_Driver/Src/stm32f0xx_hal_i2c.o
HAL_I2C_SlaveTxCpltCallback                       Drivers/STM32F0xx_HAL_Driver/Src/stm32f0xx_hal_i2c.o
HAL_I2C_Slave_Receive                             Drivers/STM32F0xx_HAL_Driver/Src/stm32f0xx_hal_i2c.o
HAL_I2C_Slave_Receive_DMA                         Drivers/STM32F0xx_HAL_Driver/Src/stm32f0xx_hal_i2c.o
HAL_I2C_Slave_Receive_IT                          Drivers/STM32F0xx_HAL_Driver/Src/stm32f0xx_hal_i2c.o
HAL_I2C_Slave_Seq_Receive_DMA                     Drivers/STM32F0xx_HAL_Driver/Src/stm32f0xx_hal_i2c.o
HAL_I2C_Slave_Seq_Receive_IT                      Drivers/STM32F0xx_HAL_Driver/Src/stm32f0xx_hal_i2c.o
HAL_I2C_Slave_Seq_Transmit_DMA                    Drivers/STM32F0xx_HAL_Driver/Src/stm32f0xx_hal_i2c.o
HAL_I2C_Slave_Seq_Transmit_IT                     Drivers/STM32F0xx_HAL_Driver/Src/stm32f0xx_hal_i2c.o
HAL_I2C_Slave_Transmit                            Drivers/STM32F0xx_HAL_Driver/Src/stm32f0xx_hal_i2c.o
HAL_I2C_Slave_Transmit_DMA                        Drivers/STM32F0xx_HAL_Driver/Src/stm32f0xx_hal_i2c.o
HAL_I2C_Slave_Transmit_IT                         Drivers/STM32F0xx_HAL_Driver/Src/stm32f0xx_hal_i2c.o
HAL_IncTick                                       Drivers/STM32F0xx_HAL_Driver/Src/stm32f0xx_hal.o
                                                  Core/Src/stm32f0xx_it.o
HAL_Init                                          Drivers/STM32F0xx_HAL_Driver/Src/stm32f0xx_hal.o
                                                  Core/Src/main.o
HAL_InitTick                                      Drivers/STM32F0xx_HAL_Driver/Src/stm32f0xx_hal.o
                                                  Drivers/STM32F0xx_HAL_Driver/Src/stm32f0xx_hal_rcc.o
HAL_MspDeInit                                     Drivers/STM32F0xx_HAL_Driver/Src/stm32f0xx_hal.o
HAL_MspInit                                       Core/Src/stm32f0xx_hal_msp.o
HAL_MultiProcessorEx_AddressLength_Set            Drivers/STM32F0xx_HAL_Driver/Src/stm32f0xx_hal_uart_ex.o
HAL_MultiProcessor_DisableMuteMode                Drivers/STM32F0xx_HAL_Driver/Src/stm32f0xx_hal_uart.o
HAL_MultiProcessor_EnableMuteMode                 Drivers/STM32F0xx_HAL_Driver/Src/stm32f0xx_hal_uart.o
                                                  Core/Src/owire.o
HAL_MultiProcessor_EnterMuteMode                  Drivers/STM32F0xx_HAL_Driver/Src/stm32f0xx_hal_uart.o
                                                  Core/Src/owire.o
HAL_MultiProcessor_Init                           Drivers/STM32F0xx_HAL_Driver/Src/stm32f0xx_hal_uart.o
                                                  Core/Src/owire.o
HAL_NVIC_ClearPendingIRQ                          Drivers/STM32F0xx_HAL_Driver/Src/stm32f0xx_hal_cortex.o
HAL_NVIC_DisableIRQ                               Drivers/STM32F0xx_HAL_Driver/Src/stm32f0xx_hal_cortex.o
                                                  Core/Src/stm32f0xx_hal_msp.o
HAL_NVIC_EnableIRQ                                Drivers/STM32F0xx_HAL_Driver/Src/stm32f0xx_hal_cortex.o
                                                  Core/Src/stm32f0xx_hal_msp.o
HAL_NVIC_GetPendingIRQ                            Drivers/STM32F0xx_HAL_Driver/Src/stm32f0xx_hal_cortex.o
HAL_NVIC_GetPriority                              Drivers/STM32F0xx_HAL_Driver/Src/stm32f0xx_hal_cortex.o
HAL_NVIC_SetPendingIRQ                            Drivers/STM32F0xx_HAL_Driver/Src/stm32f0xx_hal_cortex.o
HAL_NVIC_SetPriority                              Drivers/STM32F0xx_HAL_Driver/Src/stm32f0xx_hal_cortex.o
                                                  Drivers/STM32F0xx_HAL_Driver/Src/stm32f0xx_hal.o
                                                  Core/Src/stm32f0xx_hal_msp.o
HAL_NVIC_SystemReset                              Drivers/STM32F0xx_HAL_Driver/Src/stm32f0xx_hal_cortex.o
HAL_PWR_DeInit                                    Drivers/STM32F0xx_HAL_Driver/Src/stm32f0xx_hal_pwr.o
HAL_PWR_DisableBkUpAccess                         Drivers/STM32F0xx_HAL_Driver/Src/stm32f0xx_hal_pwr.o
HAL_PWR_DisableSEVOnPend                          Drivers/STM32F0xx_HAL_Driver/Src/stm32f0xx_hal_pwr.o
HAL_PWR_DisableSleepOnExit                        Drivers/STM32F0xx_HAL_Driver/Src/stm32f0xx_hal_pwr.o
HAL_PWR_DisableWakeUpPin                          Drivers/STM32F0xx_HAL_Driver/Src/stm32f0xx_hal_pwr.o
HAL_PWR_EnableBkUpAccess                          Drivers/STM32F0xx_HAL_Driver/Src/stm32f0xx_hal_pwr.o
HAL_PWR_EnableSEVOnPend                           Drivers/STM32F0xx_HAL_Driver/Src/stm32f0xx_hal_pwr.o
HAL_PWR_EnableSleepOnExit                         Drivers/STM32F0xx_HAL_Driver/Src/stm32f0xx_hal_pwr.o
HAL_PWR_EnableWakeUpPin                           Drivers/STM32F0xx_HAL_Driver/Src/stm32f0xx_hal_pwr.o
HAL_PWR_EnterSLEEPMode                            Drivers/STM32F0xx_HAL_Driver/Src/stm32f0xx_hal_pwr.o
HAL_PWR_EnterSTANDBYMode                          Drivers/STM32F0xx_HAL_Driver/Src/stm32f0xx_hal_pwr.o
HAL_PWR_EnterSTOPMode                             Drivers/STM32F0xx_HAL_Driver/Src/stm32f0xx_hal_pwr.o
HAL_RCCEx_GetPeriphCLKConfig                      Drivers/STM32F0xx_HAL_Driver/Src/stm32f0xx_hal_rcc_ex.o
HAL_RCCEx_GetPeriphCLKFreq                        Drivers/STM32F0xx_HAL_Driver/Src/stm32f0xx_hal_rcc_ex.o
HAL_RCCEx_PeriphCLKConfig                         Drivers/STM32F0xx_HAL_Driver/Src/stm32f0xx_hal_rcc_ex.o
                                                  Core/Src/main.o
HAL_RCC_CSSCallback                               Drivers/STM32F0xx_HAL_Driver/Src/stm32f0xx_hal_rcc.o
HAL_RCC_ClockConfig                               Drivers/STM32F0xx_HAL_Driver/Src/stm32f0xx_hal_rcc.o
                                                  Core/Src/main.o
HAL_RCC_DeInit                                    Drivers/STM32F0xx_HAL_Driver/Src/stm32f0xx_hal_rcc.o
HAL_RCC_DisableCSS                                Drivers/STM32F0xx_HAL_Driver/Src/stm32f0xx_hal_rcc.o
HAL_RCC_EnableCSS                                 Drivers/STM32F0xx_HAL_Driver/Src/stm32f0xx_hal_rcc.o
HAL_RCC_GetClockConfig                            Drivers/STM32F0xx_HAL_Driver/Src/stm32f0xx_hal_rcc.o
HAL_RCC_GetHCLKFreq                               Drivers/STM32F0xx_HAL_Driver/Src/stm32f0xx_hal_rcc.o
HAL_RCC_GetOscConfig                              Drivers/STM32F0xx_HAL_Driver/Src/stm32f0xx_hal_rcc.o
HAL_RCC_GetPCLK1Freq                              Drivers/STM32F0xx_HAL_Driver/Src/stm32f0xx_hal_rcc.o
                                                  Drivers/STM32F0xx_HAL_Driver/Src/stm32f0xx_hal_uart.o
                                                  Drivers/STM32F0xx_HAL_Driver/Src/stm32f0xx_hal_rcc_ex.o
HAL_RCC_GetSysClockFreq                           Drivers/STM32F0xx_HAL_Driver/Src/stm32f0xx_hal_rcc.o
                                                  Drivers/STM32F0xx_HAL_Driver/Src/stm32f0xx_hal_uart.o
                                                  Drivers/STM32F0xx_HAL_Driver/Src/stm32f0xx_hal_rcc_ex.o
HAL_RCC_MCOConfig                                 Drivers/STM32F0xx_HAL_Driver/Src/stm32f0xx_hal_rcc.o
HAL_RCC_NMI_IRQHandler                            Drivers/STM32F0xx_HAL_Driver/Src/stm32f0xx_hal_rcc.o
HAL_RCC_OscConfig                                 Drivers/STM32F0xx_HAL_Driver/Src/stm32f0xx_hal_rcc.o
                                                  Core/Src/main.o
HAL_RS485Ex_Init                                  Drivers/STM32F0xx_HAL_Driver/Src/stm32f0xx_hal_uart_ex.o
HAL_RTCEx_DeactivateCalibrationOutPut             Drivers/STM32F0xx_HAL_Driver/Src/stm32f0xx_hal_rtc_ex.o
HAL_RTCEx_DeactivateRefClock                      Drivers/STM32F0xx_HAL_Driver/Src/stm32f0xx_hal_rtc_ex.o
HAL_RTCEx_DeactivateTamper                        Drivers/STM32F0xx_HAL_Driver/Src/stm32f0xx_hal_rtc_ex.o
HAL_RTCEx_DeactivateTimeStamp                     Drivers/STM32F0xx_HAL_Driver/Src/stm32f0xx_hal_rtc_ex.o
HAL_RTCEx_DisableBypassShadow                     Drivers/STM32F0xx_HAL_Driver/Src/stm32f0xx_hal_rtc_ex.o
HAL_RTCEx_EnableBypassShadow                      Drivers/STM32F0xx_HAL_Driver/Src/stm32f0xx_hal_rtc_ex.o
HAL_RTCEx_GetTimeStamp                            Drivers/STM32F0xx_HAL_Driver/Src/stm32f0xx_hal_rtc_ex.o
HAL_RTCEx_PollForTamper1Event                     Drivers/STM32F0xx_HAL_Driver/Src/stm32f0xx_hal_rtc_ex.o
HAL_RTCEx_PollForTamper2Event                     Drivers/STM32F0xx_HAL_Driver/Src/stm32f0xx_hal_rtc_ex.o
HAL_RTCEx_PollForTimeStampEvent                   Drivers/STM32F0xx_HAL_Driver/Src/stm32f0xx_hal_rtc_ex.o
HAL_RTCEx_SetCalibrationOutPut                    Drivers/STM32F0xx_HAL_Driver/Src/stm32f0xx_hal_rtc_ex.o
HAL_RTCEx_SetRefClock                             Drivers/STM32F0xx_HAL_Driver/Src/stm32f0xx_hal_rtc_ex.o
HAL_RTCEx_SetSmoothCalib                          Drivers/STM32F0xx_HAL_Driver/Src/stm32f0xx_hal_rtc_ex.o
HAL_RTCEx_SetSynchroShift                         Drivers/STM32F0xx_HAL_Driver/Src/stm32f0xx_hal_rtc_ex.o
HAL_RTCEx_SetTamper                               Drivers/STM32F0xx_HAL_Driver/Src/stm32f0xx_hal_rtc_ex.o
HAL_RTCEx_SetTamper_IT                            Drivers/STM32F0xx_HAL_Driver/Src/stm32f0xx_hal_rtc_ex.o
HAL_RTCEx_SetTimeStamp                            Drivers/STM32F0xx_HAL_Driver/Src/stm32f0xx_hal_rtc_ex.o
HAL_RTCEx_SetTimeStamp_IT                         Drivers/STM32F0xx_HAL_Driver/Src/stm32f0xx_hal_rtc_ex.o
HAL_RTCEx_Tamper1EventCallback                    Drivers/STM32F0xx_HAL_Driver/Src/stm32f0xx_hal_rtc_ex.o
HAL_RTCEx_Tamper2EventCallback                    Drivers/STM32F0xx_HAL_Driver/Src/stm32f0xx_hal_rtc_ex.o
HAL_RTCEx_TamperTimeStampIRQHandler               Drivers/STM32F0xx_HAL_Driver/Src/stm32f0xx_hal_rtc_ex.o
HAL_RTCEx_TimeStampEventCallback                  Drivers/STM32F0xx_HAL_Driver/Src/stm32f0xx_hal_rtc_ex.o
HAL_RTC_AlarmAEventCallback                       Drivers/STM32F0xx_HAL_Driver/Src/stm32f0xx_hal_rtc.o
HAL_RTC_AlarmIRQHandler                           Drivers/STM32F0xx_HAL_Driver/Src/stm32f0xx_hal_rtc.o
HAL_RTC_DeInit                                    Drivers/STM32F0xx_HAL_Driver/Src/stm32f0xx_hal_rtc.o
HAL_RTC_DeactivateAlarm                           Drivers/STM32F0xx_HAL_Driver/Src/stm32f0xx_hal_rtc.o
HAL_RTC_GetAlarm                                  Drivers/STM32F0xx_HAL_Driver/Src/stm32f0xx_hal_rtc.o
HAL_RTC_GetDate                                   Drivers/STM32F0xx_HAL_Driver/Src/stm32f0xx_hal_rtc.o
HAL_RTC_GetState                                  Drivers/STM32F0xx_HAL_Driver/Src/stm32f0xx_hal_rtc.o
HAL_RTC_GetTime                                   Drivers/STM32F0xx_HAL_Driver/Src/stm32f0xx_hal_rtc.o
HAL_RTC_Init                                      Drivers/STM32F0xx_HAL_Driver/Src/stm32f0xx_hal_rtc.o
                                                  Core/Src/main.o
HAL_RTC_MspDeInit                                 Core/Src/stm32f0xx_hal_msp.o
HAL_RTC_MspInit                                   Core/Src/stm32f0xx_hal_msp.o
HAL_RTC_PollForAlarmAEvent                        Drivers/STM32F0xx_HAL_Driver/Src/stm32f0xx_hal_rtc.o
HAL_RTC_SetAlarm                                  Drivers/STM32F0xx_HAL_Driver/Src/stm32f0xx_hal_rtc.o
HAL_RTC_SetAlarm_IT                               Drivers/STM32F0xx_HAL_Driver/Src/stm32f0xx_hal_rtc.o
HAL_RTC_SetDate                                   Drivers/STM32F0xx_HAL_Driver/Src/stm32f0xx_hal_rtc.o
                                                  Core/Src/owire.o
                                                  Core/Src/main.o
HAL_RTC_SetTime                                   Drivers/STM32F0xx_HAL_Driver/Src/stm32f0xx_hal_rtc.o
                                                  Core/Src/owire.o
                                                  Core/Src/main.o
HAL_RTC_WaitForSynchro                            Drivers/STM32F0xx_HAL_Driver/Src/stm32f0xx_hal_rtc.o
                                                  Drivers/STM32F0xx_HAL_Driver/Src/stm32f0xx_hal_rtc_ex.o
HAL_ResumeTick                                    Drivers/STM32F0xx_HAL_Driver/Src/stm32f0xx_hal.o
HAL_SPIEx_FlushRxFifo                             Drivers/STM32F0xx_HAL_Driver/Src/stm32f0xx_hal_spi_ex.o
HAL_SPI_Abort                                     Drivers/STM32F0xx_HAL_Driver/Src/stm32f0xx_hal_spi.o
HAL_SPI_AbortCpltCallback                         Drivers/STM32F0xx_HAL_Driver/Src/stm32f0xx_hal_spi.o
HAL_SPI_Abort_IT                                  Drivers/STM32F0xx_HAL_Driver/Src/stm32f0xx_hal_spi.o
HAL_SPI_DMAPause                                  Drivers/STM32F0xx_HAL_Driver/Src/stm32f0xx_hal_spi.o
HAL_SPI_DMAResume                                 Drivers/STM32F0xx_HAL_Driver/Src/stm32f0xx_hal_spi.o
HAL_SPI_DMAStop                                   Drivers/STM32F0xx_HAL_Driver/Src/stm32f0xx_hal_spi.o
HAL_SPI_DeInit                                    Drivers/STM32F0xx_HAL_Driver/Src/stm32f0xx_hal_spi.o
HAL_SPI_ErrorCallback                             Drivers/STM32F0xx_HAL_Driver/Src/stm32f0xx_hal_spi.o
HAL_SPI_GetError                                  Drivers/STM32F0xx_HAL_Driver/Src/stm32f0xx_hal_spi.o
HAL_SPI_GetState                                  Drivers/STM32F0xx_HAL_Driver/Src/stm32f0xx_hal_spi.o
HAL_SPI_IRQHandler                                Drivers/STM32F0xx_HAL_Driver/Src/stm32f0xx_hal_spi.o
HAL_SPI_Init                                      Drivers/STM32F0xx_HAL_Driver/Src/stm32f0xx_hal_spi.o
                                                  Core/Src/main.o
HAL_SPI_MspDeInit                                 Core/Src/stm32f0xx_hal_msp.o
HAL_SPI_MspInit                                   Core/Src/stm32f0xx_hal_msp.o