Component: ARM Compiler 6.13.1 Tool: armlink [5d895400]

==============================================================================

Section Cross References

    startup_stm32f746xx.o(RESET) refers to startup_stm32f746xx.o(STACK) for __initial_sp
    startup_stm32f746xx.o(RESET) refers to startup_stm32f746xx.o(.text) for Reset_Handler
    startup_stm32f746xx.o(RESET) refers to lto-llvm-f79367.o(.text.NMI_Handler) for NMI_Handler
    startup_stm32f746xx.o(RESET) refers to lto-llvm-f79367.o(.text.HardFault_Handler) for HardFault_Handler
    startup_stm32f746xx.o(RESET) refers to lto-llvm-f79367.o(.text.MemManage_Handler) for MemManage_Handler
    startup_stm32f746xx.o(RESET) refers to lto-llvm-f79367.o(.text.BusFault_Handler) for BusFault_Handler
    startup_stm32f746xx.o(RESET) refers to lto-llvm-f79367.o(.text.UsageFault_Handler) for UsageFault_Handler
    startup_stm32f746xx.o(RESET) refers to lto-llvm-f79367.o(.text.DebugMon_Handler) for DebugMon_Handler
    startup_stm32f746xx.o(RESET) refers to lto-llvm-f79367.o(.text.SysTick_Handler) for SysTick_Handler
    startup_stm32f746xx.o(RESET) refers to lto-llvm-f79367.o(.text.QUADSPI_IRQHandler) for QUADSPI_IRQHandler
    startup_stm32f746xx.o(.text) refers to lto-llvm-f79367.o(.text.SystemInit) for SystemInit
    startup_stm32f746xx.o(.text) refers to entry.o(.ARM.Collect$$$$00000000) for __main
    entry.o(.ARM.Collect$$$$00000000) refers (Special) to entry10a.o(.ARM.Collect$$$$0000000D) for __rt_final_cpp
    entry.o(.ARM.Collect$$$$00000000) refers (Special) to entry11a.o(.ARM.Collect$$$$0000000F) for __rt_final_exit
    entry.o(.ARM.Collect$$$$00000000) refers (Special) to entry7b.o(.ARM.Collect$$$$00000008) for _main_clock
    entry.o(.ARM.Collect$$$$00000000) refers (Special) to entry8b.o(.ARM.Collect$$$$0000000A) for _main_cpp_init
    entry.o(.ARM.Collect$$$$00000000) refers (Special) to entry9a.o(.ARM.Collect$$$$0000000B) for _main_init
    entry.o(.ARM.Collect$$$$00000000) refers (Special) to entry5.o(.ARM.Collect$$$$00000004) for _main_scatterload
    entry.o(.ARM.Collect$$$$00000000) refers (Special) to entry2.o(.ARM.Collect$$$$00000001) for _main_stk
    entry2.o(.ARM.Collect$$$$00000001) refers to entry2.o(.ARM.Collect$$$$00002712) for __lit__00000000
    entry2.o(.ARM.Collect$$$$00002712) refers to startup_stm32f746xx.o(STACK) for __initial_sp
    entry2.o(__vectab_stack_and_reset_area) refers to startup_stm32f746xx.o(STACK) for __initial_sp
    entry2.o(__vectab_stack_and_reset_area) refers to entry.o(.ARM.Collect$$$$00000000) for __main
    entry5.o(.ARM.Collect$$$$00000004) refers to init.o(.text) for __scatterload
    entry9a.o(.ARM.Collect$$$$0000000B) refers to lto-llvm-f79367.o(.text.main) for main
    entry9b.o(.ARM.Collect$$$$0000000C) refers to lto-llvm-f79367.o(.text.main) for main
    init.o(.text) refers to entry5.o(.ARM.Collect$$$$00000004) for __main_after_scatterload
    lto-llvm-f79367.o(.ARM.exidx.text.SystemInit) refers to lto-llvm-f79367.o(.text.SystemInit) for [Anonymous Symbol]
    lto-llvm-f79367.o(.text.MX_QSPI_Init) refers to memseta.o(.text) for __aeabi_memclr4
    lto-llvm-f79367.o(.text.MX_QSPI_Init) refers to lto-llvm-f79367.o(.text.HAL_QSPI_DeInit) for HAL_QSPI_DeInit
    lto-llvm-f79367.o(.text.MX_QSPI_Init) refers to lto-llvm-f79367.o(.text.HAL_NVIC_SetPriority) for HAL_NVIC_SetPriority
    lto-llvm-f79367.o(.text.MX_QSPI_Init) refers to lto-llvm-f79367.o(.text.QSPI_WaitFlagStateUntilTimeout) for QSPI_WaitFlagStateUntilTimeout
    lto-llvm-f79367.o(.text.MX_QSPI_Init) refers to lto-llvm-f79367.o(.text.QSPI_AutoPollMemRdy) for QSPI_AutoPollMemRdy
    lto-llvm-f79367.o(.text.MX_QSPI_Init) refers to lto-llvm-f79367.o(.text.Restart) for Restart
    lto-llvm-f79367.o(.text.MX_QSPI_Init) refers to lto-llvm-f79367.o(.bss..L_MergedGlobals) for [Anonymous Symbol]
    lto-llvm-f79367.o(.text.MX_QSPI_Init) refers to lto-llvm-f79367.o(.bss.hqspi) for [Anonymous Symbol]
    lto-llvm-f79367.o(.text.MX_QSPI_Init) refers to lto-llvm-f79367.o(.bss..L_MergedGlobals.51) for [Anonymous Symbol]
    lto-llvm-f79367.o(.text.MX_QSPI_Init) refers to lto-llvm-f79367.o(.text.HAL_GPIO_Init) for HAL_GPIO_Init
    lto-llvm-f79367.o(.ARM.exidx.text.MX_QSPI_Init) refers to lto-llvm-f79367.o(.text.MX_QSPI_Init) for [Anonymous Symbol]
    lto-llvm-f79367.o(.text.QSPI_AutoPollMemRdy) refers to lto-llvm-f79367.o(.text.HAL_QSPI_AutoPolling) for HAL_QSPI_AutoPolling
    lto-llvm-f79367.o(.text.QSPI_AutoPollMemRdy) refers to lto-llvm-f79367.o(.bss..L_MergedGlobals.51) for [Anonymous Symbol]
    lto-llvm-f79367.o(.text.QSPI_AutoPollMemRdy) refers to lto-llvm-f79367.o(.bss..L_MergedGlobals) for [Anonymous Symbol]
    lto-llvm-f79367.o(.ARM.exidx.text.QSPI_AutoPollMemRdy) refers to lto-llvm-f79367.o(.text.QSPI_AutoPollMemRdy) for [Anonymous Symbol]
    lto-llvm-f79367.o(.text.QSPI_WritePage) refers to lto-llvm-f79367.o(.text.QSPI_WriteEnable) for QSPI_WriteEnable
    lto-llvm-f79367.o(.text.QSPI_WritePage) refers to lto-llvm-f79367.o(.text.HAL_QSPI_Command) for HAL_QSPI_Command
    lto-llvm-f79367.o(.text.QSPI_WritePage) refers to lto-llvm-f79367.o(.text.HAL_QSPI_Transmit) for HAL_QSPI_Transmit
    lto-llvm-f79367.o(.text.QSPI_WritePage) refers to lto-llvm-f79367.o(.text.QSPI_AutoPollMemRdy) for QSPI_AutoPollMemRdy
    lto-llvm-f79367.o(.ARM.exidx.text.QSPI_WritePage) refers to lto-llvm-f79367.o(.text.QSPI_WritePage) for [Anonymous Symbol]
    lto-llvm-f79367.o(.text.QSPI_WriteEnable) refers to lto-llvm-f79367.o(.text.HAL_QSPI_Command) for HAL_QSPI_Command
    lto-llvm-f79367.o(.text.QSPI_WriteEnable) refers to lto-llvm-f79367.o(.text.HAL_QSPI_AutoPolling) for HAL_QSPI_AutoPolling
    lto-llvm-f79367.o(.text.QSPI_WriteEnable) refers to lto-llvm-f79367.o(.bss..L_MergedGlobals.51) for [Anonymous Symbol]
    lto-llvm-f79367.o(.text.QSPI_WriteEnable) refers to lto-llvm-f79367.o(.bss..L_MergedGlobals) for [Anonymous Symbol]
    lto-llvm-f79367.o(.ARM.exidx.text.QSPI_WriteEnable) refers to lto-llvm-f79367.o(.text.QSPI_WriteEnable) for [Anonymous Symbol]
    lto-llvm-f79367.o(.text.QSPI_MemMapMode) refers to lto-llvm-f79367.o(.text.HAL_QSPI_Command) for HAL_QSPI_Command
    lto-llvm-f79367.o(.text.QSPI_MemMapMode) refers to lto-llvm-f79367.o(.text.QSPI_WaitFlagStateUntilTimeout) for QSPI_WaitFlagStateUntilTimeout
    lto-llvm-f79367.o(.text.QSPI_MemMapMode) refers to lto-llvm-f79367.o(.text.HAL_QSPI_Abort) for HAL_QSPI_Abort
    lto-llvm-f79367.o(.text.QSPI_MemMapMode) refers to lto-llvm-f79367.o(.text.QSPI_WriteEnable) for QSPI_WriteEnable
    lto-llvm-f79367.o(.text.QSPI_MemMapMode) refers to lto-llvm-f79367.o(.text.HAL_QSPI_Transmit) for HAL_QSPI_Transmit
    lto-llvm-f79367.o(.text.QSPI_MemMapMode) refers to lto-llvm-f79367.o(.text.QSPI_Config) for QSPI_Config
    lto-llvm-f79367.o(.text.QSPI_MemMapMode) refers to lto-llvm-f79367.o(.bss..L_MergedGlobals) for [Anonymous Symbol]
    lto-llvm-f79367.o(.text.QSPI_MemMapMode) refers to lto-llvm-f79367.o(.bss..L_MergedGlobals.51) for [Anonymous Symbol]
    lto-llvm-f79367.o(.text.QSPI_MemMapMode) refers to lto-llvm-f79367.o(.bss.hqspi) for [Anonymous Symbol]
    lto-llvm-f79367.o(.ARM.exidx.text.QSPI_MemMapMode) refers to lto-llvm-f79367.o(.text.QSPI_MemMapMode) for [Anonymous Symbol]
    lto-llvm-f79367.o(.text.QSPI2FLASH_Copy) refers to lto-llvm-f79367.o(.text.FLASH_GetSector) for FLASH_GetSector
    lto-llvm-f79367.o(.text.QSPI2FLASH_Copy) refers to lto-llvm-f79367.o(.text.FLASH_WaitForLastOperation) for FLASH_WaitForLastOperation
    lto-llvm-f79367.o(.text.QSPI2FLASH_Copy) refers to memcmp.o(.text) for memcmp
    lto-llvm-f79367.o(.text.QSPI2FLASH_Copy) refers to lto-llvm-f79367.o(.bss..L_MergedGlobals.51) for [Anonymous Symbol]
    lto-llvm-f79367.o(.ARM.exidx.text.QSPI2FLASH_Copy) refers to lto-llvm-f79367.o(.text.QSPI2FLASH_Copy) for [Anonymous Symbol]
    lto-llvm-f79367.o(.ARM.exidx.text.FLASH_GetSector) refers to lto-llvm-f79367.o(.text.FLASH_GetSector) for [Anonymous Symbol]
    lto-llvm-f79367.o(.text.HAL_InitTick) refers to lto-llvm-f79367.o(.text.HAL_NVIC_SetPriority) for HAL_NVIC_SetPriority
    lto-llvm-f79367.o(.text.HAL_InitTick) refers to lto-llvm-f79367.o(.data.SystemCoreClock) for [Anonymous Symbol]
    lto-llvm-f79367.o(.ARM.exidx.text.HAL_InitTick) refers to lto-llvm-f79367.o(.text.HAL_InitTick) for [Anonymous Symbol]
    lto-llvm-f79367.o(.ARM.exidx.text.HAL_NVIC_SetPriority) refers to lto-llvm-f79367.o(.text.HAL_NVIC_SetPriority) for [Anonymous Symbol]
    lto-llvm-f79367.o(.ARM.exidx.text.HAL_DMA_Abort_IT) refers to lto-llvm-f79367.o(.text.HAL_DMA_Abort_IT) for [Anonymous Symbol]
    lto-llvm-f79367.o(.text.FLASH_WaitForLastOperation) refers to lto-llvm-f79367.o(.bss..L_MergedGlobals.51) for [Anonymous Symbol]
    lto-llvm-f79367.o(.text.FLASH_WaitForLastOperation) refers to lto-llvm-f79367.o(.bss..L_MergedGlobals) for [Anonymous Symbol]
    lto-llvm-f79367.o(.ARM.exidx.text.FLASH_WaitForLastOperation) refers to lto-llvm-f79367.o(.text.FLASH_WaitForLastOperation) for [Anonymous Symbol]
    lto-llvm-f79367.o(.ARM.exidx.text.HAL_GPIO_Init) refers to lto-llvm-f79367.o(.text.HAL_GPIO_Init) for [Anonymous Symbol]
    lto-llvm-f79367.o(.ARM.exidx.text.HAL_GPIO_DeInit) refers to lto-llvm-f79367.o(.text.HAL_GPIO_DeInit) for [Anonymous Symbol]
    lto-llvm-f79367.o(.text.HAL_CRC_Accumulate) refers to lto-llvm-f79367.o(.text.CRC_Handle_8) for CRC_Handle_8
    lto-llvm-f79367.o(.text.HAL_CRC_Accumulate) refers to lto-llvm-f79367.o(.text.CRC_Handle_16) for CRC_Handle_16
    lto-llvm-f79367.o(.text.HAL_CRC_Accumulate) refers to lto-llvm-f79367.o(.bss..L_MergedGlobals.51) for [Anonymous Symbol]
    lto-llvm-f79367.o(.ARM.exidx.text.HAL_CRC_Accumulate) refers to lto-llvm-f79367.o(.text.HAL_CRC_Accumulate) for [Anonymous Symbol]
    lto-llvm-f79367.o(.text.CRC_Handle_8) refers to lto-llvm-f79367.o(.bss..L_MergedGlobals.51) for [Anonymous Symbol]
    lto-llvm-f79367.o(.ARM.exidx.text.CRC_Handle_8) refers to lto-llvm-f79367.o(.text.CRC_Handle_8) for [Anonymous Symbol]
    lto-llvm-f79367.o(.text.CRC_Handle_16) refers to lto-llvm-f79367.o(.bss..L_MergedGlobals.51) for [Anonymous Symbol]
    lto-llvm-f79367.o(.ARM.exidx.text.CRC_Handle_16) refers to lto-llvm-f79367.o(.text.CRC_Handle_16) for [Anonymous Symbol]
    lto-llvm-f79367.o(.text.QSPI_WaitFlagStateUntilTimeout) refers to lto-llvm-f79367.o(.bss.hqspi) for [Anonymous Symbol]
    lto-llvm-f79367.o(.text.QSPI_WaitFlagStateUntilTimeout) refers to lto-llvm-f79367.o(.bss..L_MergedGlobals) for [Anonymous Symbol]
    lto-llvm-f79367.o(.ARM.exidx.text.QSPI_WaitFlagStateUntilTimeout) refers to lto-llvm-f79367.o(.text.QSPI_WaitFlagStateUntilTimeout) for [Anonymous Symbol]
    lto-llvm-f79367.o(.text.HAL_QSPI_DeInit) refers to lto-llvm-f79367.o(.bss.hqspi) for [Anonymous Symbol]
    lto-llvm-f79367.o(.text.HAL_QSPI_DeInit) refers to lto-llvm-f79367.o(.bss.HAL_QSPI_MspDeInit.hdma) for [Anonymous Symbol]
    lto-llvm-f79367.o(.text.HAL_QSPI_DeInit) refers to lto-llvm-f79367.o(.text.HAL_GPIO_DeInit) for HAL_GPIO_DeInit
    lto-llvm-f79367.o(.ARM.exidx.text.HAL_QSPI_DeInit) refers to lto-llvm-f79367.o(.text.HAL_QSPI_DeInit) for [Anonymous Symbol]
    lto-llvm-f79367.o(.text.HAL_QSPI_Abort_IT) refers to lto-llvm-f79367.o(.text.HAL_DMA_Abort_IT) for HAL_DMA_Abort_IT
    lto-llvm-f79367.o(.text.HAL_QSPI_Abort_IT) refers to lto-llvm-f79367.o(.bss.hqspi) for [Anonymous Symbol]
    lto-llvm-f79367.o(.text.HAL_QSPI_Abort_IT) refers to lto-llvm-f79367.o(.text.QSPI_DMAAbortCplt) for QSPI_DMAAbortCplt
    lto-llvm-f79367.o(.ARM.exidx.text.HAL_QSPI_Abort_IT) refers to lto-llvm-f79367.o(.text.HAL_QSPI_Abort_IT) for [Anonymous Symbol]
    lto-llvm-f79367.o(.ARM.exidx.text.QSPI_DMAAbortCplt) refers to lto-llvm-f79367.o(.text.QSPI_DMAAbortCplt) for [Anonymous Symbol]
    lto-llvm-f79367.o(.text.HAL_QSPI_Command) refers to lto-llvm-f79367.o(.text.QSPI_WaitFlagStateUntilTimeout) for QSPI_WaitFlagStateUntilTimeout
    lto-llvm-f79367.o(.text.HAL_QSPI_Command) refers to lto-llvm-f79367.o(.text.QSPI_Config) for QSPI_Config
    lto-llvm-f79367.o(.text.HAL_QSPI_Command) refers to lto-llvm-f79367.o(.bss..L_MergedGlobals) for [Anonymous Symbol]
    lto-llvm-f79367.o(.text.HAL_QSPI_Command) refers to lto-llvm-f79367.o(.bss.hqspi) for [Anonymous Symbol]
    lto-llvm-f79367.o(.ARM.exidx.text.HAL_QSPI_Command) refers to lto-llvm-f79367.o(.text.HAL_QSPI_Command) for [Anonymous Symbol]
    lto-llvm-f79367.o(.text.QSPI_Config) refers to lto-llvm-f79367.o(.bss.hqspi) for [Anonymous Symbol]
    lto-llvm-f79367.o(.ARM.exidx.text.QSPI_Config) refers to lto-llvm-f79367.o(.text.QSPI_Config) for [Anonymous Symbol]
    lto-llvm-f79367.o(.text.HAL_QSPI_Transmit) refers to lto-llvm-f79367.o(.text.QSPI_WaitFlagStateUntilTimeout) for QSPI_WaitFlagStateUntilTimeout
    lto-llvm-f79367.o(.text.HAL_QSPI_Transmit) refers to lto-llvm-f79367.o(.text.HAL_QSPI_Abort) for HAL_QSPI_Abort
    lto-llvm-f79367.o(.text.HAL_QSPI_Transmit) refers to lto-llvm-f79367.o(.bss..L_MergedGlobals) for [Anonymous Symbol]
    lto-llvm-f79367.o(.text.HAL_QSPI_Transmit) refers to lto-llvm-f79367.o(.bss.hqspi) for [Anonymous Symbol]
    lto-llvm-f79367.o(.ARM.exidx.text.HAL_QSPI_Transmit) refers to lto-llvm-f79367.o(.text.HAL_QSPI_Transmit) for [Anonymous Symbol]
    lto-llvm-f79367.o(.text.HAL_QSPI_Abort) refers to lto-llvm-f79367.o(.text.QSPI_WaitFlagStateUntilTimeout) for QSPI_WaitFlagStateUntilTimeout
    lto-llvm-f79367.o(.text.HAL_QSPI_Abort) refers to lto-llvm-f79367.o(.bss..L_MergedGlobals) for [Anonymous Symbol]
    lto-llvm-f79367.o(.text.HAL_QSPI_Abort) refers to lto-llvm-f79367.o(.bss.hqspi) for [Anonymous Symbol]
    lto-llvm-f79367.o(.ARM.exidx.text.HAL_QSPI_Abort) refers to lto-llvm-f79367.o(.text.HAL_QSPI_Abort) for [Anonymous Symbol]
    lto-llvm-f79367.o(.text.HAL_QSPI_AutoPolling) refers to lto-llvm-f79367.o(.text.QSPI_WaitFlagStateUntilTimeout) for QSPI_WaitFlagStateUntilTimeout
    lto-llvm-f79367.o(.text.HAL_QSPI_AutoPolling) refers to lto-llvm-f79367.o(.text.QSPI_Config) for QSPI_Config
    lto-llvm-f79367.o(.text.HAL_QSPI_AutoPolling) refers to lto-llvm-f79367.o(.bss..L_MergedGlobals) for [Anonymous Symbol]
    lto-llvm-f79367.o(.text.HAL_QSPI_AutoPolling) refers to lto-llvm-f79367.o(.bss.hqspi) for [Anonymous Symbol]
    lto-llvm-f79367.o(.text.HAL_QSPI_AutoPolling) refers to lto-llvm-f79367.o(.bss..L_MergedGlobals.51) for [Anonymous Symbol]
    lto-llvm-f79367.o(.ARM.exidx.text.HAL_QSPI_AutoPolling) refers to lto-llvm-f79367.o(.text.HAL_QSPI_AutoPolling) for [Anonymous Symbol]
    lto-llvm-f79367.o(.ARM.exidx.text.NMI_Handler) refers to lto-llvm-f79367.o(.text.NMI_Handler) for [Anonymous Symbol]
    lto-llvm-f79367.o(.text.HardFault_Handler) refers to lto-llvm-f79367.o(.text.Restart) for Restart
    lto-llvm-f79367.o(.ARM.exidx.text.HardFault_Handler) refers to lto-llvm-f79367.o(.text.HardFault_Handler) for [Anonymous Symbol]
    lto-llvm-f79367.o(.text.MemManage_Handler) refers to lto-llvm-f79367.o(.text.Restart) for Restart
    lto-llvm-f79367.o(.ARM.exidx.text.MemManage_Handler) refers to lto-llvm-f79367.o(.text.MemManage_Handler) for [Anonymous Symbol]
    lto-llvm-f79367.o(.text.BusFault_Handler) refers to lto-llvm-f79367.o(.text.Restart) for Restart
    lto-llvm-f79367.o(.ARM.exidx.text.BusFault_Handler) refers to lto-llvm-f79367.o(.text.BusFault_Handler) for [Anonymous Symbol]
    lto-llvm-f79367.o(.text.UsageFault_Handler) refers to lto-llvm-f79367.o(.text.Restart) for Restart
    lto-llvm-f79367.o(.ARM.exidx.text.UsageFault_Handler) refers to lto-llvm-f79367.o(.text.UsageFault_Handler) for [Anonymous Symbol]
    lto-llvm-f79367.o(.ARM.exidx.text.DebugMon_Handler) refers to lto-llvm-f79367.o(.text.DebugMon_Handler) for [Anonymous Symbol]
    lto-llvm-f79367.o(.text.SysTick_Handler) refers to lto-llvm-f79367.o(.bss..L_MergedGlobals) for [Anonymous Symbol]
    lto-llvm-f79367.o(.ARM.exidx.text.SysTick_Handler) refers to lto-llvm-f79367.o(.text.SysTick_Handler) for [Anonymous Symbol]
    lto-llvm-f79367.o(.text.QUADSPI_IRQHandler) refers to lto-llvm-f79367.o(.text.HAL_DMA_Abort_IT) for HAL_DMA_Abort_IT
    lto-llvm-f79367.o(.text.QUADSPI_IRQHandler) refers to lto-llvm-f79367.o(.text.HAL_QSPI_Abort_IT) for HAL_QSPI_Abort_IT
    lto-llvm-f79367.o(.text.QUADSPI_IRQHandler) refers to lto-llvm-f79367.o(.bss.hqspi) for [Anonymous Symbol]
    lto-llvm-f79367.o(.text.QUADSPI_IRQHandler) refers to lto-llvm-f79367.o(.text.QSPI_DMAAbortCplt) for QSPI_DMAAbortCplt
    lto-llvm-f79367.o(.ARM.exidx.text.QUADSPI_IRQHandler) refers to lto-llvm-f79367.o(.text.QUADSPI_IRQHandler) for [Anonymous Symbol]
    lto-llvm-f79367.o(.text.GetFwInfo) refers to lto-llvm-f79367.o(.text.CRC_Handle_8) for CRC_Handle_8
    lto-llvm-f79367.o(.text.GetFwInfo) refers to lto-llvm-f79367.o(.text.CRC_Handle_16) for CRC_Handle_16
    lto-llvm-f79367.o(.text.GetFwInfo) refers to lto-llvm-f79367.o(.text.HAL_CRC_Accumulate) for HAL_CRC_Accumulate
    lto-llvm-f79367.o(.text.GetFwInfo) refers to lto-llvm-f79367.o(.bss..L_MergedGlobals.51) for [Anonymous Symbol]
    lto-llvm-f79367.o(.ARM.exidx.text.GetFwInfo) refers to lto-llvm-f79367.o(.text.GetFwInfo) for [Anonymous Symbol]
    lto-llvm-f79367.o(.text.main) refers to lto-llvm-f79367.o(.text.HAL_InitTick) for HAL_InitTick
    lto-llvm-f79367.o(.text.main) refers to lto-llvm-f79367.o(.text.MX_QSPI_Init) for MX_QSPI_Init
    lto-llvm-f79367.o(.text.main) refers to lto-llvm-f79367.o(.text.QSPI_MemMapMode) for QSPI_MemMapMode
    lto-llvm-f79367.o(.text.main) refers to lto-llvm-f79367.o(.text.GetFwInfo) for GetFwInfo
    lto-llvm-f79367.o(.text.main) refers to lto-llvm-f79367.o(.text.QSPI_WriteEnable) for QSPI_WriteEnable
    lto-llvm-f79367.o(.text.main) refers to lto-llvm-f79367.o(.text.HAL_QSPI_Command) for HAL_QSPI_Command
    lto-llvm-f79367.o(.text.main) refers to lto-llvm-f79367.o(.text.QSPI_AutoPollMemRdy) for QSPI_AutoPollMemRdy
    lto-llvm-f79367.o(.text.main) refers to memcpya.o(.text) for __aeabi_memcpy
    lto-llvm-f79367.o(.text.main) refers to lto-llvm-f79367.o(.text.QSPI_WritePage) for QSPI_WritePage
    lto-llvm-f79367.o(.text.main) refers to memcmp.o(.text) for memcmp
    lto-llvm-f79367.o(.text.main) refers to lto-llvm-f79367.o(.text.QSPI2FLASH_Copy) for QSPI2FLASH_Copy
    lto-llvm-f79367.o(.text.main) refers to lto-llvm-f79367.o(.text.RunApplication) for RunApplication
    lto-llvm-f79367.o(.text.main) refers to lto-llvm-f79367.o(.text.Restart) for Restart
    lto-llvm-f79367.o(.text.main) refers to lto-llvm-f79367.o(.bss..L_MergedGlobals) for [Anonymous Symbol]
    lto-llvm-f79367.o(.text.main) refers to lto-llvm-f79367.o(.data.SystemCoreClock) for [Anonymous Symbol]
    lto-llvm-f79367.o(.text.main) refers to lto-llvm-f79367.o(.bss..L_MergedGlobals.51) for [Anonymous Symbol]
    lto-llvm-f79367.o(.ARM.exidx.text.main) refers to lto-llvm-f79367.o(.text.main) for [Anonymous Symbol]
    lto-llvm-f79367.o(.text.Restart) refers to lto-llvm-f79367.o(.text.HAL_Deinit) for HAL_Deinit
    lto-llvm-f79367.o(.text.Restart) refers to lto-llvm-f79367.o(.text.__NVIC_SystemReset.50) for __NVIC_SystemReset.50
    lto-llvm-f79367.o(.ARM.exidx.text.Restart) refers to lto-llvm-f79367.o(.text.Restart) for [Anonymous Symbol]
    lto-llvm-f79367.o(.text.RunApplication) refers to lto-llvm-f79367.o(.text.HAL_Deinit) for HAL_Deinit
    lto-llvm-f79367.o(.text.RunApplication) refers to lto-llvm-f79367.o(.bss.RunApplication.StartApplication) for [Anonymous Symbol]
    lto-llvm-f79367.o(.ARM.exidx.text.RunApplication) refers to lto-llvm-f79367.o(.text.RunApplication) for [Anonymous Symbol]
    lto-llvm-f79367.o(.text.HAL_Deinit) refers to lto-llvm-f79367.o(.text.HAL_QSPI_DeInit) for HAL_QSPI_DeInit
    lto-llvm-f79367.o(.text.HAL_Deinit) refers to lto-llvm-f79367.o(.bss..L_MergedGlobals.51) for [Anonymous Symbol]
    lto-llvm-f79367.o(.text.HAL_Deinit) refers to lto-llvm-f79367.o(.data.SystemCoreClock) for [Anonymous Symbol]
    lto-llvm-f79367.o(.ARM.exidx.text.HAL_Deinit) refers to lto-llvm-f79367.o(.text.HAL_Deinit) for [Anonymous Symbol]
    lto-llvm-f79367.o(.ARM.exidx.text.__NVIC_SystemReset.50) refers to lto-llvm-f79367.o(.text.__NVIC_SystemReset.50) for [Anonymous Symbol]


==============================================================================

Removing Unused input sections from the image.

    Removing startup_stm32f746xx.o(HEAP), (0 bytes).
    Removing lto-llvm-f79367.o(.text), (0 bytes).
    Removing lto-llvm-f79367.o(.ARM.exidx.text.SystemInit), (8 bytes).
    Removing lto-llvm-f79367.o(.ARM.exidx.text.MX_QSPI_Init), (8 bytes).
    Removing lto-llvm-f79367.o(.ARM.exidx.text.QSPI_AutoPollMemRdy), (8 bytes).
    Removing lto-llvm-f79367.o(.ARM.exidx.text.QSPI_WritePage), (8 bytes).
    Removing lto-llvm-f79367.o(.ARM.exidx.text.QSPI_WriteEnable), (8 bytes).
    Removing lto-llvm-f79367.o(.ARM.exidx.text.QSPI_MemMapMode), (8 bytes).
    Removing lto-llvm-f79367.o(.ARM.exidx.text.QSPI2FLASH_Copy), (8 bytes).
    Removing lto-llvm-f79367.o(.ARM.exidx.text.FLASH_GetSector), (8 bytes).
    Removing lto-llvm-f79367.o(.ARM.exidx.text.HAL_InitTick), (8 bytes).
    Removing lto-llvm-f79367.o(.ARM.exidx.text.HAL_NVIC_SetPriority), (8 bytes).
    Removing lto-llvm-f79367.o(.ARM.exidx.text.HAL_DMA_Abort_IT), (8 bytes).
    Removing lto-llvm-f79367.o(.ARM.exidx.text.FLASH_WaitForLastOperation), (8 bytes).
    Removing lto-llvm-f79367.o(.ARM.exidx.text.HAL_GPIO_Init), (8 bytes).
    Removing lto-llvm-f79367.o(.ARM.exidx.text.HAL_GPIO_DeInit), (8 bytes).
    Removing lto-llvm-f79367.o(.ARM.exidx.text.HAL_CRC_Accumulate), (8 bytes).
    Removing lto-llvm-f79367.o(.ARM.exidx.text.CRC_Handle_8), (8 bytes).
    Removing lto-llvm-f79367.o(.ARM.exidx.text.CRC_Handle_16), (8 bytes).
    Removing lto-llvm-f79367.o(.ARM.exidx.text.QSPI_WaitFlagStateUntilTimeout), (8 bytes).
    Removing lto-llvm-f79367.o(.ARM.exidx.text.HAL_QSPI_DeInit), (8 bytes).
    Removing lto-llvm-f79367.o(.ARM.exidx.text.HAL_QSPI_Abort_IT), (8 bytes).
    Removing lto-llvm-f79367.o(.ARM.exidx.text.QSPI_DMAAbortCplt), (8 bytes).
    Removing lto-llvm-f79367.o(.ARM.exidx.text.HAL_QSPI_Command), (8 bytes).
    Removing lto-llvm-f79367.o(.ARM.exidx.text.QSPI_Config), (8 bytes).
    Removing lto-llvm-f79367.o(.ARM.exidx.text.HAL_QSPI_Transmit), (8 bytes).
    Removing lto-llvm-f79367.o(.ARM.exidx.text.HAL_QSPI_Abort), (8 bytes).
    Removing lto-llvm-f79367.o(.ARM.exidx.text.HAL_QSPI_AutoPolling), (8 bytes).
    Removing lto-llvm-f79367.o(.ARM.exidx.text.NMI_Handler), (8 bytes).
    Removing lto-llvm-f79367.o(.ARM.exidx.text.HardFault_Handler), (8 bytes).
    Removing lto-llvm-f79367.o(.ARM.exidx.text.MemManage_Handler), (8 bytes).
    Removing lto-llvm-f79367.o(.ARM.exidx.text.BusFault_Handler), (8 bytes).
    Removing lto-llvm-f79367.o(.ARM.exidx.text.UsageFault_Handler), (8 bytes).
    Removing lto-llvm-f79367.o(.ARM.exidx.text.DebugMon_Handler), (8 bytes).
    Removing lto-llvm-f79367.o(.ARM.exidx.text.SysTick_Handler), (8 bytes).
    Removing lto-llvm-f79367.o(.ARM.exidx.text.QUADSPI_IRQHandler), (8 bytes).
    Removing lto-llvm-f79367.o(.ARM.exidx.text.GetFwInfo), (8 bytes).
    Removing lto-llvm-f79367.o(.ARM.exidx.text.main), (8 bytes).
    Removing lto-llvm-f79367.o(.ARM.exidx.text.Restart), (8 bytes).
    Removing lto-llvm-f79367.o(.ARM.exidx.text.RunApplication), (8 bytes).
    Removing lto-llvm-f79367.o(.ARM.exidx.text.HAL_Deinit), (8 bytes).
    Removing lto-llvm-f79367.o(.ARM.exidx.text.__NVIC_SystemReset.50), (8 bytes).
    Removing lto-llvm-f79367.o(.ARM.use_no_argv), (4 bytes).

43 unused section(s) (total 324 bytes) removed from the image.

==============================================================================

Image Symbol Table

    Local Symbols

    Symbol Name                              Value     Ov Type        Size  Object(Section)

    ../clib/microlib/init/entry.s            0x00000000   Number         0  entry.o ABSOLUTE
    ../clib/microlib/init/entry.s            0x00000000   Number         0  entry2.o ABSOLUTE
    ../clib/microlib/init/entry.s            0x00000000   Number         0  entry5.o ABSOLUTE
    ../clib/microlib/init/entry.s            0x00000000   Number         0  entry7a.o ABSOLUTE
    ../clib/microlib/init/entry.s            0x00000000   Number         0  entry7b.o ABSOLUTE
    ../clib/microlib/init/entry.s            0x00000000   Number         0  entry8a.o ABSOLUTE
    ../clib/microlib/init/entry.s            0x00000000   Number         0  entry8b.o ABSOLUTE
    ../clib/microlib/init/entry.s            0x00000000   Number         0  entry9a.o ABSOLUTE
    ../clib/microlib/init/entry.s            0x00000000   Number         0  entry9b.o ABSOLUTE
    ../clib/microlib/init/entry.s            0x00000000   Number         0  entry10a.o ABSOLUTE
    ../clib/microlib/init/entry.s            0x00000000   Number         0  entry10b.o ABSOLUTE
    ../clib/microlib/init/entry.s            0x00000000   Number         0  entry11a.o ABSOLUTE
    ../clib/microlib/init/entry.s            0x00000000   Number         0  entry11b.o ABSOLUTE
    ../clib/microlib/string/memcmp.c         0x00000000   Number         0  memcmp.o ABSOLUTE
    ../clib/microlib/string/memcpy.c         0x00000000   Number         0  memcpya.o ABSOLUTE
    ../clib/microlib/string/memcpy.c         0x00000000   Number         0  memcpyb.o ABSOLUTE
    ../clib/microlib/string/memset.c         0x00000000   Number         0  memseta.o ABSOLUTE
    Asm\startup_stm32f746xx.s                0x00000000   Number         0  startup_stm32f746xx.o ABSOLUTE
    dc.s                                     0x00000000   Number         0  dc.o ABSOLUTE
    handlers.s                               0x00000000   Number         0  handlers.o ABSOLUTE
    init.s                                   0x00000000   Number         0  init.o ABSOLUTE
    ld-temp.o                                0x00000000   Number         0  lto-llvm-f79367.o ABSOLUTE
    RESET                                    0x08000000   Section      456  startup_stm32f746xx.o(RESET)
    .ARM.Collect$$$$00000000                 0x080001c8   Section        0  entry.o(.ARM.Collect$$$$00000000)
    .ARM.Collect$$$$00000001                 0x080001c8   Section        4  entry2.o(.ARM.Collect$$$$00000001)
    .ARM.Collect$$$$00000004                 0x080001cc   Section        4  entry5.o(.ARM.Collect$$$$00000004)
    .ARM.Collect$$$$00000008                 0x080001d0   Section        0  entry7b.o(.ARM.Collect$$$$00000008)
    .ARM.Collect$$$$0000000A                 0x080001d0   Section        0  entry8b.o(.ARM.Collect$$$$0000000A)
    .ARM.Collect$$$$0000000B                 0x080001d0   Section        8  entry9a.o(.ARM.Collect$$$$0000000B)
    __lit__00000000                          0x080001d8   Data           4  entry2.o(.ARM.Collect$$$$00002712)
    .ARM.Collect$$$$0000000D                 0x080001d8   Section        0  entry10a.o(.ARM.Collect$$$$0000000D)
    .ARM.Collect$$$$0000000F                 0x080001d8   Section        0  entry11a.o(.ARM.Collect$$$$0000000F)
    .ARM.Collect$$$$00002712                 0x080001d8   Section        4  entry2.o(.ARM.Collect$$$$00002712)
    $v0                                      0x080001dc   Number         0  startup_stm32f746xx.o(.text)
    .text                                    0x080001dc   Section       36  startup_stm32f746xx.o(.text)
    .text                                    0x08000200   Section        0  memcmp.o(.text)
    .text                                    0x0800021c   Section       36  init.o(.text)
    .text                                    0x08000240   Section        0  memcpya.o(.text)
    .text                                    0x08000264   Section        0  memseta.o(.text)
    [Anonymous Symbol]                       0x08000288   Section        0  lto-llvm-f79367.o(.text.BusFault_Handler)
    CRC_Handle_16                            0x0800028d   Thumb Code    48  lto-llvm-f79367.o(.text.CRC_Handle_16)
    [Anonymous Symbol]                       0x0800028c   Section        0  lto-llvm-f79367.o(.text.CRC_Handle_16)
    CRC_Handle_8                             0x080002bd   Thumb Code    92  lto-llvm-f79367.o(.text.CRC_Handle_8)
    [Anonymous Symbol]                       0x080002bc   Section        0  lto-llvm-f79367.o(.text.CRC_Handle_8)
    [Anonymous Symbol]                       0x08000318   Section        0  lto-llvm-f79367.o(.text.DebugMon_Handler)
    FLASH_GetSector                          0x0800031d   Thumb Code    92  lto-llvm-f79367.o(.text.FLASH_GetSector)
    [Anonymous Symbol]                       0x0800031c   Section        0  lto-llvm-f79367.o(.text.FLASH_GetSector)
    __arm_cp.7_0                             0x08000368   Number         4  lto-llvm-f79367.o(.text.FLASH_GetSector)
    __arm_cp.7_1                             0x0800036c   Number         4  lto-llvm-f79367.o(.text.FLASH_GetSector)
    __arm_cp.7_2                             0x08000370   Number         4  lto-llvm-f79367.o(.text.FLASH_GetSector)
    __arm_cp.7_3                             0x08000374   Number         4  lto-llvm-f79367.o(.text.FLASH_GetSector)
    FLASH_WaitForLastOperation               0x08000379   Thumb Code   144  lto-llvm-f79367.o(.text.FLASH_WaitForLastOperation)
    [Anonymous Symbol]                       0x08000378   Section        0  lto-llvm-f79367.o(.text.FLASH_WaitForLastOperation)
    __arm_cp.11_1                            0x08000400   Number         4  lto-llvm-f79367.o(.text.FLASH_WaitForLastOperation)
    __arm_cp.11_2                            0x08000404   Number         4  lto-llvm-f79367.o(.text.FLASH_WaitForLastOperation)
    GetFwInfo                                0x08000409   Thumb Code   268  lto-llvm-f79367.o(.text.GetFwInfo)
    [Anonymous Symbol]                       0x08000408   Section        0  lto-llvm-f79367.o(.text.GetFwInfo)
    HAL_CRC_Accumulate                       0x08000515   Thumb Code    92  lto-llvm-f79367.o(.text.HAL_CRC_Accumulate)
    [Anonymous Symbol]                       0x08000514   Section        0  lto-llvm-f79367.o(.text.HAL_CRC_Accumulate)
    __arm_cp.14_0                            0x0800056c   Number         4  lto-llvm-f79367.o(.text.HAL_CRC_Accumulate)
    HAL_DMA_Abort_IT                         0x08000571   Thumb Code    32  lto-llvm-f79367.o(.text.HAL_DMA_Abort_IT)
    [Anonymous Symbol]                       0x08000570   Section        0  lto-llvm-f79367.o(.text.HAL_DMA_Abort_IT)
    HAL_Deinit                               0x08000591   Thumb Code   296  lto-llvm-f79367.o(.text.HAL_Deinit)
    [Anonymous Symbol]                       0x08000590   Section        0  lto-llvm-f79367.o(.text.HAL_Deinit)
    __arm_cp.38_0                            0x0800069c   Number         4  lto-llvm-f79367.o(.text.HAL_Deinit)
    __arm_cp.38_1                            0x080006a0   Number         4  lto-llvm-f79367.o(.text.HAL_Deinit)
    __arm_cp.38_2                            0x080006a4   Number         4  lto-llvm-f79367.o(.text.HAL_Deinit)
    __arm_cp.38_3                            0x080006a8   Number         4  lto-llvm-f79367.o(.text.HAL_Deinit)
    __arm_cp.38_4                            0x080006ac   Number         4  lto-llvm-f79367.o(.text.HAL_Deinit)
    __arm_cp.38_6                            0x080006b0   Number         4  lto-llvm-f79367.o(.text.HAL_Deinit)
    __arm_cp.38_7                            0x080006b4   Number         4  lto-llvm-f79367.o(.text.HAL_Deinit)
    HAL_GPIO_DeInit                          0x080006b9   Thumb Code   212  lto-llvm-f79367.o(.text.HAL_GPIO_DeInit)
    [Anonymous Symbol]                       0x080006b8   Section        0  lto-llvm-f79367.o(.text.HAL_GPIO_DeInit)
    HAL_GPIO_Init                            0x0800078d   Thumb Code   396  lto-llvm-f79367.o(.text.HAL_GPIO_Init)
    [Anonymous Symbol]                       0x0800078c   Section        0  lto-llvm-f79367.o(.text.HAL_GPIO_Init)
    __arm_cp.12_0                            0x08000900   Number         4  lto-llvm-f79367.o(.text.HAL_GPIO_Init)
    __arm_cp.12_1                            0x08000904   Number         4  lto-llvm-f79367.o(.text.HAL_GPIO_Init)
    __arm_cp.12_2                            0x08000908   Number         4  lto-llvm-f79367.o(.text.HAL_GPIO_Init)
    __arm_cp.12_3                            0x0800090c   Number         4  lto-llvm-f79367.o(.text.HAL_GPIO_Init)
    __arm_cp.12_4                            0x08000910   Number         4  lto-llvm-f79367.o(.text.HAL_GPIO_Init)
    __arm_cp.12_5                            0x08000914   Number         4  lto-llvm-f79367.o(.text.HAL_GPIO_Init)
    HAL_InitTick                             0x08000919   Thumb Code    60  lto-llvm-f79367.o(.text.HAL_InitTick)
    [Anonymous Symbol]                       0x08000918   Section        0  lto-llvm-f79367.o(.text.HAL_InitTick)
    __arm_cp.8_0                             0x08000948   Number         4  lto-llvm-f79367.o(.text.HAL_InitTick)
    __arm_cp.8_1                             0x0800094c   Number         4  lto-llvm-f79367.o(.text.HAL_InitTick)
    __arm_cp.8_2                             0x08000950   Number         4  lto-llvm-f79367.o(.text.HAL_InitTick)
    HAL_NVIC_SetPriority                     0x08000955   Thumb Code    80  lto-llvm-f79367.o(.text.HAL_NVIC_SetPriority)
    [Anonymous Symbol]                       0x08000954   Section        0  lto-llvm-f79367.o(.text.HAL_NVIC_SetPriority)
    __arm_cp.9_0                             0x0800099c   Number         4  lto-llvm-f79367.o(.text.HAL_NVIC_SetPriority)
    __arm_cp.9_1                             0x080009a0   Number         4  lto-llvm-f79367.o(.text.HAL_NVIC_SetPriority)
    HAL_QSPI_Abort                           0x080009a5   Thumb Code   236  lto-llvm-f79367.o(.text.HAL_QSPI_Abort)
    [Anonymous Symbol]                       0x080009a4   Section        0  lto-llvm-f79367.o(.text.HAL_QSPI_Abort)
    HAL_QSPI_Abort_IT                        0x08000a91   Thumb Code    84  lto-llvm-f79367.o(.text.HAL_QSPI_Abort_IT)
    [Anonymous Symbol]                       0x08000a90   Section        0  lto-llvm-f79367.o(.text.HAL_QSPI_Abort_IT)
    __arm_cp.19_1                            0x08000ae0   Number         4  lto-llvm-f79367.o(.text.HAL_QSPI_Abort_IT)
    HAL_QSPI_AutoPolling                     0x08000ae5   Thumb Code   164  lto-llvm-f79367.o(.text.HAL_QSPI_AutoPolling)
    [Anonymous Symbol]                       0x08000ae4   Section        0  lto-llvm-f79367.o(.text.HAL_QSPI_AutoPolling)
    __arm_cp.25_2                            0x08000b84   Number         4  lto-llvm-f79367.o(.text.HAL_QSPI_AutoPolling)
    HAL_QSPI_Command                         0x08000b89   Thumb Code   128  lto-llvm-f79367.o(.text.HAL_QSPI_Command)
    [Anonymous Symbol]                       0x08000b88   Section        0  lto-llvm-f79367.o(.text.HAL_QSPI_Command)
    __arm_cp.21_0                            0x08000c04   Number         4  lto-llvm-f79367.o(.text.HAL_QSPI_Command)
    HAL_QSPI_DeInit                          0x08000c09   Thumb Code   252  lto-llvm-f79367.o(.text.HAL_QSPI_DeInit)
    [Anonymous Symbol]                       0x08000c08   Section        0  lto-llvm-f79367.o(.text.HAL_QSPI_DeInit)
    __arm_cp.18_0                            0x08000cec   Number         4  lto-llvm-f79367.o(.text.HAL_QSPI_DeInit)
    __arm_cp.18_1                            0x08000cf0   Number         4  lto-llvm-f79367.o(.text.HAL_QSPI_DeInit)
    __arm_cp.18_2                            0x08000cf4   Number         4  lto-llvm-f79367.o(.text.HAL_QSPI_DeInit)
    __arm_cp.18_3                            0x08000cf8   Number         4  lto-llvm-f79367.o(.text.HAL_QSPI_DeInit)
    __arm_cp.18_5                            0x08000cfc   Number         4  lto-llvm-f79367.o(.text.HAL_QSPI_DeInit)
    __arm_cp.18_6                            0x08000d00   Number         4  lto-llvm-f79367.o(.text.HAL_QSPI_DeInit)
    HAL_QSPI_Transmit                        0x08000d05   Thumb Code   176  lto-llvm-f79367.o(.text.HAL_QSPI_Transmit)
    [Anonymous Symbol]                       0x08000d04   Section        0  lto-llvm-f79367.o(.text.HAL_QSPI_Transmit)
    __arm_cp.23_0                            0x08000dac   Number         4  lto-llvm-f79367.o(.text.HAL_QSPI_Transmit)
    __arm_cp.23_1                            0x08000db0   Number         4  lto-llvm-f79367.o(.text.HAL_QSPI_Transmit)
    [Anonymous Symbol]                       0x08000db4   Section        0  lto-llvm-f79367.o(.text.HardFault_Handler)
    MX_QSPI_Init                             0x08000db9   Thumb Code   740  lto-llvm-f79367.o(.text.MX_QSPI_Init)
    [Anonymous Symbol]                       0x08000db8   Section        0  lto-llvm-f79367.o(.text.MX_QSPI_Init)
    __arm_cp.1_0                             0x08001074   Number         4  lto-llvm-f79367.o(.text.MX_QSPI_Init)
    __arm_cp.1_1                             0x08001078   Number         4  lto-llvm-f79367.o(.text.MX_QSPI_Init)
    __arm_cp.1_2                             0x0800107c   Number         4  lto-llvm-f79367.o(.text.MX_QSPI_Init)
    __arm_cp.1_3                             0x08001080   Number         4  lto-llvm-f79367.o(.text.MX_QSPI_Init)
    __arm_cp.1_4                             0x08001084   Number         4  lto-llvm-f79367.o(.text.MX_QSPI_Init)
    __arm_cp.1_5                             0x08001088   Number         4  lto-llvm-f79367.o(.text.MX_QSPI_Init)
    __arm_cp.1_6                             0x0800108c   Number         4  lto-llvm-f79367.o(.text.MX_QSPI_Init)
    __arm_cp.1_7                             0x08001090   Number         4  lto-llvm-f79367.o(.text.MX_QSPI_Init)
    __arm_cp.1_8                             0x08001094   Number         4  lto-llvm-f79367.o(.text.MX_QSPI_Init)
    __arm_cp.1_9                             0x08001098   Number         4  lto-llvm-f79367.o(.text.MX_QSPI_Init)
    [Anonymous Symbol]                       0x0800109c   Section        0  lto-llvm-f79367.o(.text.MemManage_Handler)
    [Anonymous Symbol]                       0x080010a0   Section        0  lto-llvm-f79367.o(.text.NMI_Handler)
    QSPI2FLASH_Copy                          0x080010a5   Thumb Code   312  lto-llvm-f79367.o(.text.QSPI2FLASH_Copy)
    [Anonymous Symbol]                       0x080010a4   Section        0  lto-llvm-f79367.o(.text.QSPI2FLASH_Copy)
    __arm_cp.6_0                             0x080011d0   Number         4  lto-llvm-f79367.o(.text.QSPI2FLASH_Copy)
    __arm_cp.6_1                             0x080011d4   Number         4  lto-llvm-f79367.o(.text.QSPI2FLASH_Copy)
    __arm_cp.6_2                             0x080011d8   Number         4  lto-llvm-f79367.o(.text.QSPI2FLASH_Copy)
    QSPI_AutoPollMemRdy                      0x080011dd   Thumb Code    68  lto-llvm-f79367.o(.text.QSPI_AutoPollMemRdy)
    [Anonymous Symbol]                       0x080011dc   Section        0  lto-llvm-f79367.o(.text.QSPI_AutoPollMemRdy)
    QSPI_Config                              0x08001221   Thumb Code   368  lto-llvm-f79367.o(.text.QSPI_Config)
    [Anonymous Symbol]                       0x08001220   Section        0  lto-llvm-f79367.o(.text.QSPI_Config)
    QSPI_DMAAbortCplt                        0x08001391   Thumb Code    48  lto-llvm-f79367.o(.text.QSPI_DMAAbortCplt)
    [Anonymous Symbol]                       0x08001390   Section        0  lto-llvm-f79367.o(.text.QSPI_DMAAbortCplt)
    QSPI_MemMapMode                          0x080013c1   Thumb Code   420  lto-llvm-f79367.o(.text.QSPI_MemMapMode)
    [Anonymous Symbol]                       0x080013c0   Section        0  lto-llvm-f79367.o(.text.QSPI_MemMapMode)
    __arm_cp.5_1                             0x08001560   Number         4  lto-llvm-f79367.o(.text.QSPI_MemMapMode)
    QSPI_WaitFlagStateUntilTimeout           0x08001565   Thumb Code    76  lto-llvm-f79367.o(.text.QSPI_WaitFlagStateUntilTimeout)
    [Anonymous Symbol]                       0x08001564   Section        0  lto-llvm-f79367.o(.text.QSPI_WaitFlagStateUntilTimeout)
    __arm_cp.17_0                            0x080015a8   Number         4  lto-llvm-f79367.o(.text.QSPI_WaitFlagStateUntilTimeout)
    __arm_cp.17_1                            0x080015ac   Number         4  lto-llvm-f79367.o(.text.QSPI_WaitFlagStateUntilTimeout)
    QSPI_WriteEnable                         0x080015b1   Thumb Code   104  lto-llvm-f79367.o(.text.QSPI_WriteEnable)
    [Anonymous Symbol]                       0x080015b0   Section        0  lto-llvm-f79367.o(.text.QSPI_WriteEnable)
    __arm_cp.4_0                             0x08001610   Number         4  lto-llvm-f79367.o(.text.QSPI_WriteEnable)
    __arm_cp.4_1                             0x08001614   Number         4  lto-llvm-f79367.o(.text.QSPI_WriteEnable)
    QSPI_WritePage                           0x08001619   Thumb Code    98  lto-llvm-f79367.o(.text.QSPI_WritePage)
    [Anonymous Symbol]                       0x08001618   Section        0  lto-llvm-f79367.o(.text.QSPI_WritePage)
    [Anonymous Symbol]                       0x0800167c   Section        0  lto-llvm-f79367.o(.text.QUADSPI_IRQHandler)
    __arm_cp.33_0                            0x080017f8   Number         4  lto-llvm-f79367.o(.text.QUADSPI_IRQHandler)
    __arm_cp.33_1                            0x080017fc   Number         4  lto-llvm-f79367.o(.text.QUADSPI_IRQHandler)
    Restart                                  0x08001801   Thumb Code    20  lto-llvm-f79367.o(.text.Restart)
    [Anonymous Symbol]                       0x08001800   Section        0  lto-llvm-f79367.o(.text.Restart)
    __arm_cp.36_0                            0x08001810   Number         4  lto-llvm-f79367.o(.text.Restart)
    RunApplication                           0x08001815   Thumb Code    52  lto-llvm-f79367.o(.text.RunApplication)
    [Anonymous Symbol]                       0x08001814   Section        0  lto-llvm-f79367.o(.text.RunApplication)
    __arm_cp.37_0                            0x08001840   Number         4  lto-llvm-f79367.o(.text.RunApplication)
    __arm_cp.37_1                            0x08001844   Number         4  lto-llvm-f79367.o(.text.RunApplication)
    [Anonymous Symbol]                       0x08001848   Section        0  lto-llvm-f79367.o(.text.SysTick_Handler)
    __arm_cp.32_0                            0x08001854   Number         4  lto-llvm-f79367.o(.text.SysTick_Handler)
    [Anonymous Symbol]                       0x08001858   Section        0  lto-llvm-f79367.o(.text.SystemInit)
    __arm_cp.0_0                             0x08001894   Number         4  lto-llvm-f79367.o(.text.SystemInit)
    __arm_cp.0_1                             0x08001898   Number         4  lto-llvm-f79367.o(.text.SystemInit)
    __arm_cp.0_2                             0x0800189c   Number         4  lto-llvm-f79367.o(.text.SystemInit)
    __arm_cp.0_3                             0x080018a0   Number         4  lto-llvm-f79367.o(.text.SystemInit)
    [Anonymous Symbol]                       0x080018a4   Section        0  lto-llvm-f79367.o(.text.UsageFault_Handler)
    __NVIC_SystemReset.50                    0x080018a9   Thumb Code    32  lto-llvm-f79367.o(.text.__NVIC_SystemReset.50)
    [Anonymous Symbol]                       0x080018a8   Section        0  lto-llvm-f79367.o(.text.__NVIC_SystemReset.50)
    __arm_cp.39_1                            0x080018c4   Number         4  lto-llvm-f79367.o(.text.__NVIC_SystemReset.50)
    [Anonymous Symbol]                       0x080018c8   Section        0  lto-llvm-f79367.o(.text.main)
    __arm_cp.35_17                           0x08001ba4   Number         4  lto-llvm-f79367.o(.text.main)
    __arm_cp.35_18                           0x08001ba8   Number         4  lto-llvm-f79367.o(.text.main)
    __arm_cp.35_19                           0x08001bac   Number         4  lto-llvm-f79367.o(.text.main)
    __arm_cp.35_20                           0x08001bb0   Number         4  lto-llvm-f79367.o(.text.main)
    __arm_cp.35_21                           0x08001bb4   Number         4  lto-llvm-f79367.o(.text.main)
    __arm_cp.35_22                           0x08001bb8   Number         4  lto-llvm-f79367.o(.text.main)
    __arm_cp.35_4                            0x08001e70   Number         4  lto-llvm-f79367.o(.text.main)
    __arm_cp.35_7                            0x08001e74   Number         4  lto-llvm-f79367.o(.text.main)
    __arm_cp.35_8                            0x08001e78   Number         4  lto-llvm-f79367.o(.text.main)
    AHBPrescTable                            0x08001e7c   Number         0  lto-llvm-f79367.o(.text.main)
    __arm_cp.35_10                           0x08001e8c   Number         4  lto-llvm-f79367.o(.text.main)
    __arm_cp.35_11                           0x08001e90   Number         4  lto-llvm-f79367.o(.text.main)
    __arm_cp.35_12                           0x08001e94   Number         4  lto-llvm-f79367.o(.text.main)
    __arm_cp.35_13                           0x08001e98   Number         4  lto-llvm-f79367.o(.text.main)
    __arm_cp.35_14                           0x08001e9c   Number         4  lto-llvm-f79367.o(.text.main)
    __arm_cp.35_15                           0x08001ea0   Number         4  lto-llvm-f79367.o(.text.main)
    __arm_cp.35_16                           0x08001ea4   Number         4  lto-llvm-f79367.o(.text.main)
    i.__scatterload_copy                     0x08001ea8   Section       14  handlers.o(i.__scatterload_copy)
    i.__scatterload_null                     0x08001eb6   Section        2  handlers.o(i.__scatterload_null)
    i.__scatterload_zeroinit                 0x08001eb8   Section       14  handlers.o(i.__scatterload_zeroinit)
    __tagsym$$used.0                         0x08002000   Number         0  lto-llvm-f79367.o(.ARM.__at_0x08002000)
    __tagsym$$used.1                         0x08002004   Number         0  lto-llvm-f79367.o(.ARM.__at_0x08002004)
    __tagsym$$used.2                         0x08002008   Number         0  lto-llvm-f79367.o(.ARM.__at_0x08002008)
    __tagsym$$used.3                         0x0800200c   Number         0  lto-llvm-f79367.o(.ARM.__at_0x0800200C)
    SystemCoreClock                          0x20000000   Data           4  lto-llvm-f79367.o(.data.SystemCoreClock)
    [Anonymous Symbol]                       0x20000000   Section        0  lto-llvm-f79367.o(.data.SystemCoreClock)
    MemMapModeState                          0x20000008   Data           1  lto-llvm-f79367.o(.bss..L_MergedGlobals)
    [Anonymous Symbol]                       0x20000008   Section        0  lto-llvm-f79367.o(.bss..L_MergedGlobals)
    runfw                                    0x20000009   Data           1  lto-llvm-f79367.o(.bss..L_MergedGlobals)
    newfw                                    0x2000000a   Data           1  lto-llvm-f79367.o(.bss..L_MergedGlobals)
    hiwdg.1.0                                0x2000000c   Data           1  lto-llvm-f79367.o(.bss..L_MergedGlobals)
    hiwdg.1.1                                0x20000010   Data           1  lto-llvm-f79367.o(.bss..L_MergedGlobals)
    uwTick                                   0x20000014   Data           4  lto-llvm-f79367.o(.bss..L_MergedGlobals)
    RunFwInfo                                0x20000018   Data          20  lto-llvm-f79367.o(.bss..L_MergedGlobals)
    NewFwInfo                                0x2000002c   Data          20  lto-llvm-f79367.o(.bss..L_MergedGlobals)
    BkpFwInfo                                0x20000040   Data          20  lto-llvm-f79367.o(.bss..L_MergedGlobals)
    sConfig                                  0x20000054   Data          24  lto-llvm-f79367.o(.bss..L_MergedGlobals)
    pFlash                                   0x2000006c   Data          28  lto-llvm-f79367.o(.bss..L_MergedGlobals.51)
    [Anonymous Symbol]                       0x2000006c   Section        0  lto-llvm-f79367.o(.bss..L_MergedGlobals.51)
    hcrc                                     0x20000088   Data          36  lto-llvm-f79367.o(.bss..L_MergedGlobals.51)
    sCommand                                 0x200000ac   Data          56  lto-llvm-f79367.o(.bss..L_MergedGlobals.51)
    HAL_QSPI_MspDeInit.hdma                  0x200000e4   Data          96  lto-llvm-f79367.o(.bss.HAL_QSPI_MspDeInit.hdma)
    [Anonymous Symbol]                       0x200000e4   Section        0  lto-llvm-f79367.o(.bss.HAL_QSPI_MspDeInit.hdma)
    RunApplication.StartApplication          0x20000144   Data           4  lto-llvm-f79367.o(.bss.RunApplication.StartApplication)
    [Anonymous Symbol]                       0x20000144   Section        0  lto-llvm-f79367.o(.bss.RunApplication.StartApplication)
    hqspi                                    0x20000148   Data          76  lto-llvm-f79367.o(.bss.hqspi)
    [Anonymous Symbol]                       0x20000148   Section        0  lto-llvm-f79367.o(.bss.hqspi)
    STACK                                    0x20000198   Section     8192  startup_stm32f746xx.o(STACK)

    Global Symbols

    Symbol Name                              Value     Ov Type        Size  Object(Section)

    BuildAttributes$$THM_ISAv4$E$P$D$K$B$S$7EM$VFPi5$EXTD16$VFPS$VFMA$PE$PLD8$A:L22UL41UL21$X:L11$S22US41US21$IEEE1$IW$~IW$USESV6$~STKCKD$USESV7$~SHL$OSPACE$IEEEF$EBA8$MICROLIB$REQ8$PRES8$EABIv2 0x00000000   Number         0  anon$$obj.o ABSOLUTE
    __cpp_initialize__aeabi_                  - Undefined Weak Reference
    __cxa_finalize                            - Undefined Weak Reference
    __decompress                              - Undefined Weak Reference
    _clock_init                               - Undefined Weak Reference
    _microlib_exit                            - Undefined Weak Reference
    __Vectors_Size                           0x000001c8   Number         0  startup_stm32f746xx.o ABSOLUTE
    __Vectors                                0x08000000   Data           4  startup_stm32f746xx.o(RESET)
    __Vectors_End                            0x080001c8   Data           0  startup_stm32f746xx.o(RESET)
    __main                                   0x080001c9   Thumb Code     0  entry.o(.ARM.Collect$$$$00000000)
    _main_stk                                0x080001c9   Thumb Code     0  entry2.o(.ARM.Collect$$$$00000001)
    _main_scatterload                        0x080001cd   Thumb Code     0  entry5.o(.ARM.Collect$$$$00000004)
    __main_after_scatterload                 0x080001d1   Thumb Code     0  entry5.o(.ARM.Collect$$$$00000004)
    _main_clock                              0x080001d1   Thumb Code     0  entry7b.o(.ARM.Collect$$$$00000008)
    _main_cpp_init                           0x080001d1   Thumb Code     0  entry8b.o(.ARM.Collect$$$$0000000A)
    _main_init                               0x080001d1   Thumb Code     0  entry9a.o(.ARM.Collect$$$$0000000B)
    __rt_final_cpp                           0x080001d9   Thumb Code     0  entry10a.o(.ARM.Collect$$$$0000000D)
    __rt_final_exit                          0x080001d9   Thumb Code     0  entry11a.o(.ARM.Collect$$$$0000000F)
    Reset_Handler                            0x080001dd   Thumb Code     8  startup_stm32f746xx.o(.text)
    SVC_Handler                              0x080001ef   Thumb Code     2  startup_stm32f746xx.o(.text)
    PendSV_Handler                           0x080001f3   Thumb Code     2  startup_stm32f746xx.o(.text)
    ADC_IRQHandler                           0x080001f7   Thumb Code     0  startup_stm32f746xx.o(.text)
    CAN1_RX0_IRQHandler                      0x080001f7   Thumb Code     0  startup_stm32f746xx.o(.text)
    CAN1_RX1_IRQHandler                      0x080001f7   Thumb Code     0  startup_stm32f746xx.o(.text)
    CAN1_SCE_IRQHandler                      0x080001f7   Thumb Code     0  startup_stm32f746xx.o(.text)
    CAN1_TX_IRQHandler                       0x080001f7   Thumb Code     0  startup_stm32f746xx.o(.text)
    CAN2_RX0_IRQHandler                      0x080001f7   Thumb Code     0  startup_stm32f746xx.o(.text)
    CAN2_RX1_IRQHandler                      0x080001f7   Thumb Code     0  startup_stm32f746xx.o(.text)
    CAN2_SCE_IRQHandler                      0x080001f7   Thumb Code     0  startup_stm32f746xx.o(.text)
    CAN2_TX_IRQHandler                       0x080001f7   Thumb Code     0  startup_stm32f746xx.o(.text)
    CEC_IRQHandler                           0x080001f7   Thumb Code     0  startup_stm32f746xx.o(.text)
    DCMI_IRQHandler                          0x080001f7   Thumb Code     0  startup_stm32f746xx.o(.text)
    DMA1_Stream0_IRQHandler                  0x080001f7   Thumb Code     0  startup_stm32f746xx.o(.text)
    DMA1_Stream1_IRQHandler                  0x080001f7   Thumb Code     0  startup_stm32f746xx.o(.text)
    DMA1_Stream2_IRQHandler                  0x080001f7   Thumb Code     0  startup_stm32f746xx.o(.text)
    DMA1_Stream3_IRQHandler                  0x080001f7   Thumb Code     0  startup_stm32f746xx.o(.text)
    DMA1_Stream4_IRQHandler                  0x080001f7   Thumb Code     0  startup_stm32f746xx.o(.text)
    DMA1_Stream5_IRQHandler                  0x080001f7   Thumb Code     0  startup_stm32f746xx.o(.text)
    DMA1_Stream6_IRQHandler                  0x080001f7   Thumb Code     0  startup_stm32f746xx.o(.text)
    DMA1_Stream7_IRQHandler                  0x080001f7   Thumb Code     0  startup_stm32f746xx.o(.text)
    DMA2D_IRQHandler                         0x080001f7   Thumb Code     0  startup_stm32f746xx.o(.text)
    DMA2_Stream0_IRQHandler                  0x080001f7   Thumb Code     0  startup_stm32f746xx.o(.text)
    DMA2_Stream1_IRQHandler                  0x080001f7   Thumb Code     0  startup_stm32f746xx.o(.text)
    DMA2_Stream2_IRQHandler                  0x080001f7   Thumb Code     0  startup_stm32f746xx.o(.text)
    DMA2_Stream3_IRQHandler                  0x080001f7   Thumb Code     0  startup_stm32f746xx.o(.text)
    DMA2_Stream4_IRQHandler                  0x080001f7   Thumb Code     0  startup_stm32f746xx.o(.text)
    DMA2_Stream5_IRQHandler                  0x080001f7   Thumb Code     0  startup_stm32f746xx.o(.text)
    DMA2_Stream6_IRQHandler                  0x080001f7   Thumb Code     0  startup_stm32f746xx.o(.text)
    DMA2_Stream7_IRQHandler                  0x080001f7   Thumb Code     0  startup_stm32f746xx.o(.text)
    ETH_IRQHandler                           0x080001f7   Thumb Code     0  startup_stm32f746xx.o(.text)
    ETH_WKUP_IRQHandler                      0x080001f7   Thumb Code     0  startup_stm32f746xx.o(.text)
    EXTI0_IRQHandler                         0x080001f7   Thumb Code     0  startup_stm32f746xx.o(.text)
    EXTI15_10_IRQHandler                     0x080001f7   Thumb Code     0  startup_stm32f746xx.o(.text)
    EXTI1_IRQHandler                         0x080001f7   Thumb Code     0  startup_stm32f746xx.o(.text)
    EXTI2_IRQHandler                         0x080001f7   Thumb Code     0  startup_stm32f746xx.o(.text)
    EXTI3_IRQHandler                         0x080001f7   Thumb Code     0  startup_stm32f746xx.o(.text)
    EXTI4_IRQHandler                         0x080001f7   Thumb Code     0  startup_stm32f746xx.o(.text)
    EXTI9_5_IRQHandler                       0x080001f7   Thumb Code     0  startup_stm32f746xx.o(.text)
    FLASH_IRQHandler                         0x080001f7   Thumb Code     0  startup_stm32f746xx.o(.text)
    FMC_IRQHandler                           0x080001f7   Thumb Code     0  startup_stm32f746xx.o(.text)
    FPU_IRQHandler                           0x080001f7   Thumb Code     0  startup_stm32f746xx.o(.text)
    I2C1_ER_IRQHandler                       0x080001f7   Thumb Code     0  startup_stm32f746xx.o(.text)
    I2C1_EV_IRQHandler                       0x080001f7   Thumb Code     0  startup_stm32f746xx.o(.text)
    I2C2_ER_IRQHandler                       0x080001f7   Thumb Code     0  startup_stm32f746xx.o(.text)
    I2C2_EV_IRQHandler                       0x080001f7   Thumb Code     0  startup_stm32f746xx.o(.text)
    I2C3_ER_IRQHandler                       0x080001f7   Thumb Code     0  startup_stm32f746xx.o(.text)
    I2C3_EV_IRQHandler                       0x080001f7   Thumb Code     0  startup_stm32f746xx.o(.text)
    I2C4_ER_IRQHandler                       0x080001f7   Thumb Code     0  startup_stm32f746xx.o(.text)
    I2C4_EV_IRQHandler                       0x080001f7   Thumb Code     0  startup_stm32f746xx.o(.text)
    LPTIM1_IRQHandler                        0x080001f7   Thumb Code     0  startup_stm32f746xx.o(.text)
    LTDC_ER_IRQHandler                       0x080001f7   Thumb Code     0  startup_stm32f746xx.o(.text)
    LTDC_IRQHandler                          0x080001f7   Thumb Code     0  startup_stm32f746xx.o(.text)
    OTG_FS_IRQHandler                        0x080001f7   Thumb Code     0  startup_stm32f746xx.o(.text)
    OTG_FS_WKUP_IRQHandler                   0x080001f7   Thumb Code     0  startup_stm32f746xx.o(.text)
    OTG_HS_EP1_IN_IRQHandler                 0x080001f7   Thumb Code     0  startup_stm32f746xx.o(.text)
    OTG_HS_EP1_OUT_IRQHandler                0x080001f7   Thumb Code     0  startup_stm32f746xx.o(.text)
    OTG_HS_IRQHandler                        0x080001f7   Thumb Code     0  startup_stm32f746xx.o(.text)
    OTG_HS_WKUP_IRQHandler                   0x080001f7   Thumb Code     0  startup_stm32f746xx.o(.text)
    PVD_IRQHandler                           0x080001f7   Thumb Code     0  startup_stm32f746xx.o(.text)
    RCC_IRQHandler                           0x080001f7   Thumb Code     0  startup_stm32f746xx.o(.text)
    RNG_IRQHandler                           0x080001f7   Thumb Code     0  startup_stm32f746xx.o(.text)
    RTC_Alarm_IRQHandler                     0x080001f7   Thumb Code     0  startup_stm32f746xx.o(.text)
    RTC_WKUP_IRQHandler                      0x080001f7   Thumb Code     0  startup_stm32f746xx.o(.text)
    SAI1_IRQHandler                          0x080001f7   Thumb Code     0  startup_stm32f746xx.o(.text)
    SAI2_IRQHandler                          0x080001f7   Thumb Code     0  startup_stm32f746xx.o(.text)
    SDMMC1_IRQHandler                        0x080001f7   Thumb Code     0  startup_stm32f746xx.o(.text)
    SPDIF_RX_IRQHandler                      0x080001f7   Thumb Code     0  startup_stm32f746xx.o(.text)
    SPI1_IRQHandler                          0x080001f7   Thumb Code     0  startup_stm32f746xx.o(.text)
    SPI2_IRQHandler                          0x080001f7   Thumb Code     0  startup_stm32f746xx.o(.text)
    SPI3_IRQHandler                          0x080001f7   Thumb Code     0  startup_stm32f746xx.o(.text)
    SPI4_IRQHandler                          0x080001f7   Thumb Code     0  startup_stm32f746xx.o(.text)
    SPI5_IRQHandler                          0x080001f7   Thumb Code     0  startup_stm32f746xx.o(.text)
    SPI6_IRQHandler                          0x080001f7   Thumb Code     0  startup_stm32f746xx.o(.text)
    TAMP_STAMP_IRQHandler                    0x080001f7   Thumb Code     0  startup_stm32f746xx.o(.text)
    TIM1_BRK_TIM9_IRQHandler                 0x080001f7   Thumb Code     0  startup_stm32f746xx.o(.text)
    TIM1_CC_IRQHandler                       0x080001f7   Thumb Code     0  startup_stm32f746xx.o(.text)
    TIM1_TRG_COM_TIM11_IRQHandler            0x080001f7   Thumb Code     0  startup_stm32f746xx.o(.text)
    TIM1_UP_TIM10_IRQHandler                 0x080001f7   Thumb Code     0  startup_stm32f746xx.o(.text)
    TIM2_IRQHandler                          0x080001f7   Thumb Code     0  startup_stm32f746xx.o(.text)
    TIM3_IRQHandler                          0x080001f7   Thumb Code     0  startup_stm32f746xx.o(.text)
    TIM4_IRQHandler                          0x080001f7   Thumb Code     0  startup_stm32f746xx.o(.text)
    TIM5_IRQHandler                          0x080001f7   Thumb Code     0  startup_stm32f746xx.o(.text)
    TIM6_DAC_IRQHandler                      0x080001f7   Thumb Code     0  startup_stm32f746xx.o(.text)
    TIM7_IRQHandler                          0x080001f7   Thumb Code     0  startup_stm32f746xx.o(.text)
    TIM8_BRK_TIM12_IRQHandler                0x080001f7   Thumb Code     0  startup_stm32f746xx.o(.text)
    TIM8_CC_IRQHandler                       0x080001f7   Thumb Code     0  startup_stm32f746xx.o(.text)
    TIM8_TRG_COM_TIM14_IRQHandler            0x080001f7   Thumb Code     0  startup_stm32f746xx.o(.text)
    TIM8_UP_TIM13_IRQHandler                 0x080001f7   Thumb Code     0  startup_stm32f746xx.o(.text)
    UART4_IRQHandler                         0x080001f7   Thumb Code     0  startup_stm32f746xx.o(.text)
    UART5_IRQHandler                         0x080001f7   Thumb Code     0  startup_stm32f746xx.o(.text)
    UART7_IRQHandler                         0x080001f7   Thumb Code     0  startup_stm32f746xx.o(.text)
    UART8_IRQHandler                         0x080001f7   Thumb Code     0  startup_stm32f746xx.o(.text)
    USART1_IRQHandler                        0x080001f7   Thumb Code     0  startup_stm32f746xx.o(.text)
    USART2_IRQHandler                        0x080001f7   Thumb Code     0  startup_stm32f746xx.o(.text)
    USART3_IRQHandler                        0x080001f7   Thumb Code     0  startup_stm32f746xx.o(.text)
    USART6_IRQHandler                        0x080001f7   Thumb Code     0  startup_stm32f746xx.o(.text)
    WWDG_IRQHandler                          0x080001f7   Thumb Code     0  startup_stm32f746xx.o(.text)
    memcmp                                   0x08000201   Thumb Code    26  memcmp.o(.text)
    __scatterload                            0x0800021d   Thumb Code    28  init.o(.text)
    __scatterload_rt2                        0x0800021d   Thumb Code     0  init.o(.text)
    __aeabi_memcpy                           0x08000241   Thumb Code    36  memcpya.o(.text)
    __aeabi_memcpy4                          0x08000241   Thumb Code     0  memcpya.o(.text)
    __aeabi_memcpy8                          0x08000241   Thumb Code     0  memcpya.o(.text)
    __aeabi_memset                           0x08000265   Thumb Code    14  memseta.o(.text)
    __aeabi_memset4                          0x08000265   Thumb Code     0  memseta.o(.text)
    __aeabi_memset8                          0x08000265   Thumb Code     0  memseta.o(.text)
    __aeabi_memclr                           0x08000273   Thumb Code     4  memseta.o(.text)
    __aeabi_memclr4                          0x08000273   Thumb Code     0  memseta.o(.text)
    __aeabi_memclr8                          0x08000273   Thumb Code     0  memseta.o(.text)
    _memset$wrapper                          0x08000277   Thumb Code    18  memseta.o(.text)
    BusFault_Handler                         0x08000289   Thumb Code     4  lto-llvm-f79367.o(.text.BusFault_Handler)
    DebugMon_Handler                         0x08000319   Thumb Code     2  lto-llvm-f79367.o(.text.DebugMon_Handler)
    HardFault_Handler                        0x08000db5   Thumb Code     4  lto-llvm-f79367.o(.text.HardFault_Handler)
    MemManage_Handler                        0x0800109d   Thumb Code     4  lto-llvm-f79367.o(.text.MemManage_Handler)
    NMI_Handler                              0x080010a1   Thumb Code     2  lto-llvm-f79367.o(.text.NMI_Handler)
    QUADSPI_IRQHandler                       0x0800167d   Thumb Code   388  lto-llvm-f79367.o(.text.QUADSPI_IRQHandler)
    SysTick_Handler                          0x08001849   Thumb Code    16  lto-llvm-f79367.o(.text.SysTick_Handler)
    SystemInit                               0x08001859   Thumb Code    76  lto-llvm-f79367.o(.text.SystemInit)
    UsageFault_Handler                       0x080018a5   Thumb Code     4  lto-llvm-f79367.o(.text.UsageFault_Handler)
    main                                     0x080018c9   Thumb Code  1504  lto-llvm-f79367.o(.text.main)
    __scatterload_copy                       0x08001ea9   Thumb Code    14  handlers.o(i.__scatterload_copy)
    __scatterload_null                       0x08001eb7   Thumb Code     2  handlers.o(i.__scatterload_null)
    __scatterload_zeroinit                   0x08001eb9   Thumb Code    14  handlers.o(i.__scatterload_zeroinit)
    Region$$Table$$Base                      0x08001ec8   Number         0  anon$$obj.o(Region$$Table)
    Region$$Table$$Limit                     0x08001ee8   Number         0  anon$$obj.o(Region$$Table)
    size                                     0x08002000   Data           4  lto-llvm-f79367.o(.ARM.__at_0x08002000)
    crc_32                                   0x08002004   Data           4  lto-llvm-f79367.o(.ARM.__at_0x08002004)
    version                                  0x08002008   Data           4  lto-llvm-f79367.o(.ARM.__at_0x08002008)
    address                                  0x0800200c   Data           4  lto-llvm-f79367.o(.ARM.__at_0x0800200C)
    __initial_sp                             0x20002198   Data           0  startup_stm32f746xx.o(STACK)



==============================================================================

Memory Map of the image

  Image Entry point : 0x080001c9

  Load Region LR_IROM1 (Base: 0x08000000, Size: 0x00002018, Max: 0x00010000, ABSOLUTE)

    Execution Region ER_IROM1 (Exec base: 0x08000000, Load base: 0x08000000, Size: 0x00002010, Max: 0x00010000, ABSOLUTE)

    Exec Addr    Load Addr    Size         Type   Attr      Idx    E Section Name        Object

    0x08000000   0x08000000   0x000001c8   Data   RO           20    RESET               startup_stm32f746xx.o
    0x080001c8   0x080001c8   0x00000000   Code   RO           30  * .ARM.Collect$$$$00000000  mc_w.l(entry.o)
    0x080001c8   0x080001c8   0x00000004   Code   RO           35    .ARM.Collect$$$$00000001  mc_w.l(entry2.o)
    0x080001cc   0x080001cc   0x00000004   Code   RO           38    .ARM.Collect$$$$00000004  mc_w.l(entry5.o)
    0x080001d0   0x080001d0   0x00000000   Code   RO           40    .ARM.Collect$$$$00000008  mc_w.l(entry7b.o)
    0x080001d0   0x080001d0   0x00000000   Code   RO           42    .ARM.Collect$$$$0000000A  mc_w.l(entry8b.o)
    0x080001d0   0x080001d0   0x00000008   Code   RO           43    .ARM.Collect$$$$0000000B  mc_w.l(entry9a.o)
    0x080001d8   0x080001d8   0x00000000   Code   RO           45    .ARM.Collect$$$$0000000D  mc_w.l(entry10a.o)
    0x080001d8   0x080001d8   0x00000000   Code   RO           47    .ARM.Collect$$$$0000000F  mc_w.l(entry11a.o)
    0x080001d8   0x080001d8   0x00000004   Code   RO           36    .ARM.Collect$$$$00002712  mc_w.l(entry2.o)
    0x080001dc   0x080001dc   0x00000024   Code   RO           21    .text               startup_stm32f746xx.o
    0x08000200   0x08000200   0x0000001a   Code   RO           33    .text               mc_w.l(memcmp.o)
    0x0800021a   0x0800021a   0x00000002   PAD
    0x0800021c   0x0800021c   0x00000024   Code   RO           49    .text               mc_w.l(init.o)
    0x08000240   0x08000240   0x00000024   Code   RO          151    .text               mc_w.l(memcpya.o)
    0x08000264   0x08000264   0x00000024   Code   RO          153    .text               mc_w.l(memseta.o)
    0x08000288   0x08000288   0x00000004   Code   RO          110    .text.BusFault_Handler  lto-llvm-f79367.o
    0x0800028c   0x0800028c   0x00000030   Code   RO           84    .text.CRC_Handle_16  lto-llvm-f79367.o
    0x080002bc   0x080002bc   0x0000005c   Code   RO           82    .text.CRC_Handle_8  lto-llvm-f79367.o
    0x08000318   0x08000318   0x00000002   Code   RO          114    .text.DebugMon_Handler  lto-llvm-f79367.o
    0x0800031a   0x0800031a   0x00000002   PAD
    0x0800031c   0x0800031c   0x0000005c   Code   RO           66    .text.FLASH_GetSector  lto-llvm-f79367.o
    0x08000378   0x08000378   0x00000090   Code   RO           74    .text.FLASH_WaitForLastOperation  lto-llvm-f79367.o
    0x08000408   0x08000408   0x0000010c   Code   RO          120    .text.GetFwInfo     lto-llvm-f79367.o
    0x08000514   0x08000514   0x0000005c   Code   RO           80    .text.HAL_CRC_Accumulate  lto-llvm-f79367.o
    0x08000570   0x08000570   0x00000020   Code   RO           72    .text.HAL_DMA_Abort_IT  lto-llvm-f79367.o
    0x08000590   0x08000590   0x00000128   Code   RO          128    .text.HAL_Deinit    lto-llvm-f79367.o
    0x080006b8   0x080006b8   0x000000d4   Code   RO           78    .text.HAL_GPIO_DeInit  lto-llvm-f79367.o
    0x0800078c   0x0800078c   0x0000018c   Code   RO           76    .text.HAL_GPIO_Init  lto-llvm-f79367.o
    0x08000918   0x08000918   0x0000003c   Code   RO           68    .text.HAL_InitTick  lto-llvm-f79367.o
    0x08000954   0x08000954   0x00000050   Code   RO           70    .text.HAL_NVIC_SetPriority  lto-llvm-f79367.o
    0x080009a4   0x080009a4   0x000000ec   Code   RO          100    .text.HAL_QSPI_Abort  lto-llvm-f79367.o
    0x08000a90   0x08000a90   0x00000054   Code   RO           90    .text.HAL_QSPI_Abort_IT  lto-llvm-f79367.o
    0x08000ae4   0x08000ae4   0x000000a4   Code   RO          102    .text.HAL_QSPI_AutoPolling  lto-llvm-f79367.o
    0x08000b88   0x08000b88   0x00000080   Code   RO           94    .text.HAL_QSPI_Command  lto-llvm-f79367.o
    0x08000c08   0x08000c08   0x000000fc   Code   RO           88    .text.HAL_QSPI_DeInit  lto-llvm-f79367.o
    0x08000d04   0x08000d04   0x000000b0   Code   RO           98    .text.HAL_QSPI_Transmit  lto-llvm-f79367.o
    0x08000db4   0x08000db4   0x00000004   Code   RO          106    .text.HardFault_Handler  lto-llvm-f79367.o
    0x08000db8   0x08000db8   0x000002e4   Code   RO           54    .text.MX_QSPI_Init  lto-llvm-f79367.o
    0x0800109c   0x0800109c   0x00000004   Code   RO          108    .text.MemManage_Handler  lto-llvm-f79367.o
    0x080010a0   0x080010a0   0x00000002   Code   RO          104    .text.NMI_Handler   lto-llvm-f79367.o
    0x080010a2   0x080010a2   0x00000002   PAD
    0x080010a4   0x080010a4   0x00000138   Code   RO           64    .text.QSPI2FLASH_Copy  lto-llvm-f79367.o
    0x080011dc   0x080011dc   0x00000044   Code   RO           56    .text.QSPI_AutoPollMemRdy  lto-llvm-f79367.o
    0x08001220   0x08001220   0x00000170   Code   RO           96    .text.QSPI_Config   lto-llvm-f79367.o
    0x08001390   0x08001390   0x00000030   Code   RO           92    .text.QSPI_DMAAbortCplt  lto-llvm-f79367.o
    0x080013c0   0x080013c0   0x000001a4   Code   RO           62    .text.QSPI_MemMapMode  lto-llvm-f79367.o
    0x08001564   0x08001564   0x0000004c   Code   RO           86    .text.QSPI_WaitFlagStateUntilTimeout  lto-llvm-f79367.o
    0x080015b0   0x080015b0   0x00000068   Code   RO           60    .text.QSPI_WriteEnable  lto-llvm-f79367.o
    0x08001618   0x08001618   0x00000062   Code   RO           58    .text.QSPI_WritePage  lto-llvm-f79367.o
    0x0800167a   0x0800167a   0x00000002   PAD
    0x0800167c   0x0800167c   0x00000184   Code   RO          118    .text.QUADSPI_IRQHandler  lto-llvm-f79367.o
    0x08001800   0x08001800   0x00000014   Code   RO          124    .text.Restart       lto-llvm-f79367.o
    0x08001814   0x08001814   0x00000034   Code   RO          126    .text.RunApplication  lto-llvm-f79367.o
    0x08001848   0x08001848   0x00000010   Code   RO          116    .text.SysTick_Handler  lto-llvm-f79367.o
    0x08001858   0x08001858   0x0000004c   Code   RO           52    .text.SystemInit    lto-llvm-f79367.o
    0x080018a4   0x080018a4   0x00000004   Code   RO          112    .text.UsageFault_Handler  lto-llvm-f79367.o
    0x080018a8   0x080018a8   0x00000020   Code   RO          130    .text.__NVIC_SystemReset.50  lto-llvm-f79367.o
    0x080018c8   0x080018c8   0x000005e0   Code   RO          122    .text.main          lto-llvm-f79367.o
    0x08001ea8   0x08001ea8   0x0000000e   Code   RO          159    i.__scatterload_copy  mc_w.l(handlers.o)
    0x08001eb6   0x08001eb6   0x00000002   Code   RO          160    i.__scatterload_null  mc_w.l(handlers.o)
    0x08001eb8   0x08001eb8   0x0000000e   Code   RO          161    i.__scatterload_zeroinit  mc_w.l(handlers.o)
    0x08001ec6   0x08001ec6   0x00000002   PAD
    0x08001ec8   0x08001ec8   0x00000020   Data   RO          158    Region$$Table       anon$$obj.o
    0x08001ee8   0x08001ee8   0x00000118   PAD
    0x08002000   0x08002000   0x00000004   Data   RO          134    .ARM.__at_0x08002000  lto-llvm-f79367.o
    0x08002004   0x08002004   0x00000004   Data   RO          135    .ARM.__at_0x08002004  lto-llvm-f79367.o
    0x08002008   0x08002008   0x00000004   Data   RO          136    .ARM.__at_0x08002008  lto-llvm-f79367.o
    0x0800200c   0x0800200c   0x00000004   Data   RO          137    .ARM.__at_0x0800200C  lto-llvm-f79367.o


    Execution Region RW_IRAM1 (Exec base: 0x20000000, Load base: 0x08002010, Size: 0x00002198, Max: 0x00050000, ABSOLUTE)

    Exec Addr    Load Addr    Size         Type   Attr      Idx    E Section Name        Object

    0x20000000   0x08002010   0x00000004   Data   RW          132    .data.SystemCoreClock  lto-llvm-f79367.o
    0x20000004   0x08002014   0x00000004   PAD
    0x20000008        -       0x00000064   Zero   RW          141    .bss..L_MergedGlobals  lto-llvm-f79367.o
    0x2000006c        -       0x00000078   Zero   RW          142    .bss..L_MergedGlobals.51  lto-llvm-f79367.o
    0x200000e4        -       0x00000060   Zero   RW          133    .bss.HAL_QSPI_MspDeInit.hdma  lto-llvm-f79367.o
    0x20000144        -       0x00000004   Zero   RW          140    .bss.RunApplication.StartApplication  lto-llvm-f79367.o
    0x20000148        -       0x0000004c   Zero   RW          138    .bss.hqspi          lto-llvm-f79367.o
    0x20000194   0x08002014   0x00000004   PAD
    0x20000198        -       0x00002000   Zero   RW           18    STACK               startup_stm32f746xx.o


==============================================================================

Image component sizes


      Code (inc. data)   RO Data    RW Data    ZI Data      Debug   Object Name

      7194        340         16          4        396      57351   lto-llvm-f79367.o
        36          8        456          0       8192        844   startup_stm32f746xx.o

    ----------------------------------------------------------------------
      7236        348        784          4       8596      58195   Object Totals
         0          0         32          0          0          0   (incl. Generated)
         6          0        280          0          8          0   (incl. Padding)

    ----------------------------------------------------------------------

      Code (inc. data)   RO Data    RW Data    ZI Data      Debug   Library Member Name

         0          0          0          0          0          0   entry.o
         0          0          0          0          0          0   entry10a.o
         0          0          0          0          0          0   entry11a.o
         8          4          0          0          0          0   entry2.o
         4          0          0          0          0          0   entry5.o
         0          0          0          0          0          0   entry7b.o
         0          0          0          0          0          0   entry8b.o
         8          4          0          0          0          0   entry9a.o
        30          0          0          0          0          0   handlers.o
        36          8          0          0          0         68   init.o
        26          0          0          0          0         80   memcmp.o
        36          0          0          0          0         68   memcpya.o
        36          0          0          0          0        108   memseta.o

    ----------------------------------------------------------------------
       188         16          0          0          0        324   Library Totals
         4          0          0          0          0          0   (incl. Padding)

    ----------------------------------------------------------------------

      Code (inc. data)   RO Data    RW Data    ZI Data      Debug   Library Name

       184         16          0          0          0        324   mc_w.l

    ----------------------------------------------------------------------
       188         16          0          0          0        324   Library Totals

    ----------------------------------------------------------------------

==============================================================================


      Code (inc. data)   RO Data    RW Data    ZI Data      Debug   

      7424        364        784          4       8596      58619   Grand Totals
      7424        364        784          4       8596      58619   ELF Image Totals
      7424        364        784          4          0          0   ROM Totals

==============================================================================

    Total RO  Size (Code + RO Data)                 8208 (   8.02kB)
    Total RW  Size (RW Data + ZI Data)              8600 (   8.40kB)
    Total ROM Size (Code + RO Data + RW Data)       8212 (   8.02kB)

==============================================================================

