Component: ARM Compiler 6.13.1 Tool: armlink [5d895400]

==============================================================================

Section Cross References

    startup_stm32f103xb.o(RESET) refers to startup_stm32f103xb.o(STACK) for __initial_sp
    startup_stm32f103xb.o(RESET) refers to startup_stm32f103xb.o(.text) for Reset_Handler
    startup_stm32f103xb.o(RESET) refers to lto-llvm-0bb0b3.o(.text.SVC_Handler) for SVC_Handler
    startup_stm32f103xb.o(RESET) refers to lto-llvm-0bb0b3.o(.text.PendSV_Handler) for PendSV_Handler
    startup_stm32f103xb.o(RESET) refers to lto-llvm-0bb0b3.o(.text.SysTick_Handler) for SysTick_Handler
    startup_stm32f103xb.o(RESET) refers to lto-llvm-0bb0b3.o(.text.PVD_IRQHandler) for PVD_IRQHandler
    startup_stm32f103xb.o(RESET) refers to lto-llvm-0bb0b3.o(.text.USART1_IRQHandler) for USART1_IRQHandler
    startup_stm32f103xb.o(RESET) refers to lto-llvm-0bb0b3.o(.text.USART2_IRQHandler) for USART2_IRQHandler
    startup_stm32f103xb.o(.text) refers to lto-llvm-0bb0b3.o(.text.SystemInit) for SystemInit
    startup_stm32f103xb.o(.text) refers to entry.o(.ARM.Collect$$$$00000000) for __main
    entry.o(.ARM.Collect$$$$00000000) refers (Special) to entry10a.o(.ARM.Collect$$$$0000000D) for __rt_final_cpp
    entry.o(.ARM.Collect$$$$00000000) refers (Special) to entry11a.o(.ARM.Collect$$$$0000000F) for __rt_final_exit
    entry.o(.ARM.Collect$$$$00000000) refers (Special) to entry7b.o(.ARM.Collect$$$$00000008) for _main_clock
    entry.o(.ARM.Collect$$$$00000000) refers (Special) to entry8b.o(.ARM.Collect$$$$0000000A) for _main_cpp_init
    entry.o(.ARM.Collect$$$$00000000) refers (Special) to entry9a.o(.ARM.Collect$$$$0000000B) for _main_init
    entry.o(.ARM.Collect$$$$00000000) refers (Special) to entry5.o(.ARM.Collect$$$$00000004) for _main_scatterload
    entry.o(.ARM.Collect$$$$00000000) refers (Special) to entry2.o(.ARM.Collect$$$$00000001) for _main_stk
    entry2.o(.ARM.Collect$$$$00000001) refers to entry2.o(.ARM.Collect$$$$00002712) for __lit__00000000
    entry2.o(.ARM.Collect$$$$00002712) refers to startup_stm32f103xb.o(STACK) for __initial_sp
    entry2.o(__vectab_stack_and_reset_area) refers to startup_stm32f103xb.o(STACK) for __initial_sp
    entry2.o(__vectab_stack_and_reset_area) refers to entry.o(.ARM.Collect$$$$00000000) for __main
    entry5.o(.ARM.Collect$$$$00000004) refers to init.o(.text) for __scatterload
    entry9a.o(.ARM.Collect$$$$0000000B) refers to lto-llvm-0bb0b3.o(.text.main) for main
    entry9b.o(.ARM.Collect$$$$0000000C) refers to lto-llvm-0bb0b3.o(.text.main) for main
    init.o(.text) refers to entry5.o(.ARM.Collect$$$$00000004) for __main_after_scatterload
    lto-llvm-0bb0b3.o(.ARM.exidx.text.SystemInit) refers to lto-llvm-0bb0b3.o(.text.SystemInit) for [Anonymous Symbol]
    lto-llvm-0bb0b3.o(.text.HAL_InitTick) refers to lto-llvm-0bb0b3.o(.data.SystemCoreClock) for SystemCoreClock
    lto-llvm-0bb0b3.o(.ARM.exidx.text.HAL_InitTick) refers to lto-llvm-0bb0b3.o(.text.HAL_InitTick) for [Anonymous Symbol]
    lto-llvm-0bb0b3.o(.text.HAL_NVIC_SystemReset) refers to lto-llvm-0bb0b3.o(.text.__NVIC_SystemReset) for __NVIC_SystemReset
    lto-llvm-0bb0b3.o(.ARM.exidx.text.HAL_NVIC_SystemReset) refers to lto-llvm-0bb0b3.o(.text.HAL_NVIC_SystemReset) for [Anonymous Symbol]
    lto-llvm-0bb0b3.o(.ARM.exidx.text.__NVIC_SystemReset) refers to lto-llvm-0bb0b3.o(.text.__NVIC_SystemReset) for [Anonymous Symbol]
    lto-llvm-0bb0b3.o(.text.HAL_CRC_Init) refers to lto-llvm-0bb0b3.o(.bss.hcrc) for hcrc
    lto-llvm-0bb0b3.o(.ARM.exidx.text.HAL_CRC_Init) refers to lto-llvm-0bb0b3.o(.text.HAL_CRC_Init) for [Anonymous Symbol]
    lto-llvm-0bb0b3.o(.text.FLASH_WaitForLastOperation) refers to lto-llvm-0bb0b3.o(.bss.uwTick) for uwTick
    lto-llvm-0bb0b3.o(.text.FLASH_WaitForLastOperation) refers to lto-llvm-0bb0b3.o(.bss.pFlash) for pFlash
    lto-llvm-0bb0b3.o(.ARM.exidx.text.FLASH_WaitForLastOperation) refers to lto-llvm-0bb0b3.o(.text.FLASH_WaitForLastOperation) for [Anonymous Symbol]
    lto-llvm-0bb0b3.o(.ARM.exidx.text.HAL_GPIO_Init) refers to lto-llvm-0bb0b3.o(.text.HAL_GPIO_Init) for [Anonymous Symbol]
    lto-llvm-0bb0b3.o(.ARM.exidx.text.HAL_GPIO_DeInit) refers to lto-llvm-0bb0b3.o(.text.HAL_GPIO_DeInit) for [Anonymous Symbol]
    lto-llvm-0bb0b3.o(.text.HAL_I2C_Master_Transmit) refers to lto-llvm-0bb0b3.o(.bss.uwTick) for uwTick
    lto-llvm-0bb0b3.o(.text.HAL_I2C_Master_Transmit) refers to lto-llvm-0bb0b3.o(.bss.hi2c1) for hi2c1
    lto-llvm-0bb0b3.o(.text.HAL_I2C_Master_Transmit) refers to lto-llvm-0bb0b3.o(.text.I2C_WaitOnFlagUntilTimeout) for I2C_WaitOnFlagUntilTimeout
    lto-llvm-0bb0b3.o(.text.HAL_I2C_Master_Transmit) refers to lto-llvm-0bb0b3.o(.text.I2C_WaitOnMasterAddressFlagUntilTimeout) for I2C_WaitOnMasterAddressFlagUntilTimeout
    lto-llvm-0bb0b3.o(.ARM.exidx.text.HAL_I2C_Master_Transmit) refers to lto-llvm-0bb0b3.o(.text.HAL_I2C_Master_Transmit) for [Anonymous Symbol]
[...]
    [Anonymous Symbol]                       0x0800915a   Section        0  lto-llvm-0bb0b3.o(.text.USART1_IRQHandler)
    [Anonymous Symbol]                       0x08009166   Section        0  lto-llvm-0bb0b3.o(.text.USART2_IRQHandler)
    __NVIC_SystemReset                       0x08009175   Thumb Code    36  lto-llvm-0bb0b3.o(.text.__NVIC_SystemReset)
    [Anonymous Symbol]                       0x08009174   Section        0  lto-llvm-0bb0b3.o(.text.__NVIC_SystemReset)
    [Anonymous Symbol]                       0x08009198   Section        0  lto-llvm-0bb0b3.o(.text.main)
    __arm_cp.88_24                           0x0800bcbc   Number         4  lto-llvm-0bb0b3.o(.text.main)
    rtc2unix                                 0x0800e6c1   Thumb Code   364  lto-llvm-0bb0b3.o(.text.rtc2unix)
    [Anonymous Symbol]                       0x0800e6c0   Section        0  lto-llvm-0bb0b3.o(.text.rtc2unix)
    rtc_month                                0x0800e814   Number         0  lto-llvm-0bb0b3.o(.text.rtc2unix)
    i.__scatterload_copy                     0x0800e82c   Section       14  handlers.o(i.__scatterload_copy)
    i.__scatterload_zeroinit                 0x0800e83a   Section       14  handlers.o(i.__scatterload_zeroinit)
    APBPrescTable                            0x0800e848   Data           8  lto-llvm-0bb0b3.o(.rodata.cst8)
    item                                     0x0800e850   Data         128  lto-llvm-0bb0b3.o(.rodata.item)
    [Anonymous Symbol]                       0x0800e850   Section        0  lto-llvm-0bb0b3.o(.rodata.item)
    .L.str.43                                0x0800e8d0   Data          27  lto-llvm-0bb0b3.o(.rodata.str1.1)
    [Anonymous Symbol]                       0x0800e8d0   Section        0  lto-llvm-0bb0b3.o(.rodata.str1.1)
    .L.str.39.96                             0x0800e8eb   Data          27  lto-llvm-0bb0b3.o(.rodata.str1.1)
    .L.str.31.88                             0x0800e906   Data          27  lto-llvm-0bb0b3.o(.rodata.str1.1)
    .L.str.24.81                             0x0800e921   Data          27  lto-llvm-0bb0b3.o(.rodata.str1.1)
    .L.str.59                                0x0800e93c   Data          21  lto-llvm-0bb0b3.o(.rodata.str1.1)
    .L.str.32.89                             0x0800e951   Data          27  lto-llvm-0bb0b3.o(.rodata.str1.1)
    .L.str.20.77                             0x0800e96c   Data          27  lto-llvm-0bb0b3.o(.rodata.str1.1)
    .L.str.36.93                             0x0800e987   Data          27  lto-llvm-0bb0b3.o(.rodata.str1.1)
    .L.str.35.92                             0x0800e9a2   Data          27  lto-llvm-0bb0b3.o(.rodata.str1.1)
    .L.str.28.85                             0x0800e9bd   Data          27  lto-llvm-0bb0b3.o(.rodata.str1.1)
    .L.str.40                                0x0800e9d8   Data          27  lto-llvm-0bb0b3.o(.rodata.str1.1)
    .L.str.44                                0x0800e9f3   Data          27  lto-llvm-0bb0b3.o(.rodata.str1.1)
    .L.str.27.84                             0x0800ea0e   Data          27  lto-llvm-0bb0b3.o(.rodata.str1.1)
    .L.str.17.74                             0x0800ea29   Data          27  lto-llvm-0bb0b3.o(.rodata.str1.1)
    .L.str.16.73                             0x0800ea44   Data          27  lto-llvm-0bb0b3.o(.rodata.str1.1)
    .L.str.38.95                             0x0800ea5f   Data          18  lto-llvm-0bb0b3.o(.rodata.str1.1)
    .L.str.23.80                             0x0800ea71   Data          18  lto-llvm-0bb0b3.o(.rodata.str1.1)
    .L.str.18.75                             0x0800ea83   Data          18  lto-llvm-0bb0b3.o(.rodata.str1.1)
    .L.str.22.79                             0x0800ea95   Data          18  lto-llvm-0bb0b3.o(.rodata.str1.1)
    .L.str.37.94                             0x0800eaa7   Data          18  lto-llvm-0bb0b3.o(.rodata.str1.1)
    .L.str.30.87                             0x0800eab9   Data          18  lto-llvm-0bb0b3.o(.rodata.str1.1)
    .L.str.42                                0x0800eacb   Data          18  lto-llvm-0bb0b3.o(.rodata.str1.1)
    .L.str.41                                0x0800eadd   Data          18  lto-llvm-0bb0b3.o(.rodata.str1.1)
    .L.str.34.91                             0x0800eaef   Data          18  lto-llvm-0bb0b3.o(.rodata.str1.1)
    .L.str.64                                0x0800eb01   Data          21  lto-llvm-0bb0b3.o(.rodata.str1.1)
    .L.str.25.82                             0x0800eb16   Data          18  lto-llvm-0bb0b3.o(.rodata.str1.1)
    .L.str.56                                0x0800eb21   Data           7  lto-llvm-0bb0b3.o(.rodata.str1.1)
    .L.str.14.71                             0x0800eb28   Data          18  lto-llvm-0bb0b3.o(.rodata.str1.1)
    .L.str.33.90                             0x0800eb3a   Data          18  lto-llvm-0bb0b3.o(.rodata.str1.1)
    .L.str.26.83                             0x0800eb4c   Data          18  lto-llvm-0bb0b3.o(.rodata.str1.1)
    .L.str.65                                0x0800eb5e   Data          21  lto-llvm-0bb0b3.o(.rodata.str1.1)
    .L.str.29.86                             0x0800eb73   Data          18  lto-llvm-0bb0b3.o(.rodata.str1.1)
    .L.str.19.76                             0x0800eb85   Data          18  lto-llvm-0bb0b3.o(.rodata.str1.1)
    .L.str.58                                0x0800eb97   Data          21  lto-llvm-0bb0b3.o(.rodata.str1.1)
    .L.str.15.72                             0x0800ebac   Data          18  lto-llvm-0bb0b3.o(.rodata.str1.1)
    .L.str.57.99                             0x0800ebbe   Data          21  lto-llvm-0bb0b3.o(.rodata.str1.1)
    .L.str.2.59                              0x0800ebd3   Data           9  lto-llvm-0bb0b3.o(.rodata.str1.1)
    .L.str.63                                0x0800ebdc   Data          21  lto-llvm-0bb0b3.o(.rodata.str1.1)
    .L.str.7.64                              0x0800ebf1   Data           9  lto-llvm-0bb0b3.o(.rodata.str1.1)
    .L.str.6.63                              0x0800ebfa   Data           9  lto-llvm-0bb0b3.o(.rodata.str1.1)
    .L.str.81                                0x0800ec03   Data          27  lto-llvm-0bb0b3.o(.rodata.str1.1)
    .L.str.85                                0x0800ec1e   Data           5  lto-llvm-0bb0b3.o(.rodata.str1.1)
    .L.str.86                                0x0800ec23   Data           5  lto-llvm-0bb0b3.o(.rodata.str1.1)
    .L.str.76                                0x0800ec28   Data           8  lto-llvm-0bb0b3.o(.rodata.str1.1)
    .L.str.11.68                             0x0800ec30   Data          27  lto-llvm-0bb0b3.o(.rodata.str1.1)
    .L.str.12.69                             0x0800ec4b   Data          27  lto-llvm-0bb0b3.o(.rodata.str1.1)
    .L.str.70                                0x0800ec66   Data          11  lto-llvm-0bb0b3.o(.rodata.str1.1)
    .L.str.69                                0x0800ec71   Data          10  lto-llvm-0bb0b3.o(.rodata.str1.1)
    .L.str.74                                0x0800ec7b   Data          16  lto-llvm-0bb0b3.o(.rodata.str1.1)
    .L.str.72                                0x0800ec8b   Data          13  lto-llvm-0bb0b3.o(.rodata.str1.1)
    .L.str.71                                0x0800ec98   Data          15  lto-llvm-0bb0b3.o(.rodata.str1.1)
    .L.str.75                                0x0800eca7   Data          13  lto-llvm-0bb0b3.o(.rodata.str1.1)
    .L.str.73                                0x0800ecb4   Data          17  lto-llvm-0bb0b3.o(.rodata.str1.1)
    .L.str.87                                0x0800ecc5   Data           9  lto-llvm-0bb0b3.o(.rodata.str1.1)
    .L.str.21.78                             0x0800ecce   Data          18  lto-llvm-0bb0b3.o(.rodata.str1.1)
    .L.str.3.60                              0x0800ece0   Data           9  lto-llvm-0bb0b3.o(.rodata.str1.1)
    .L.str.60                                0x0800ece9   Data           9  lto-llvm-0bb0b3.o(.rodata.str1.1)
    .L.str.8.65                              0x0800ecf2   Data           9  lto-llvm-0bb0b3.o(.rodata.str1.1)
    .L.str.57                                0x0800ecfb   Data           9  lto-llvm-0bb0b3.o(.rodata.str1.1)
    .L.str.5.62                              0x0800ed04   Data           9  lto-llvm-0bb0b3.o(.rodata.str1.1)
    .L.str.67                                0x0800ed0d   Data           8  lto-llvm-0bb0b3.o(.rodata.str1.1)
    .L.str.80                                0x0800ed15   Data           6  lto-llvm-0bb0b3.o(.rodata.str1.1)
    .L.str.1.58                              0x0800ed1b   Data           9  lto-llvm-0bb0b3.o(.rodata.str1.1)
    .L.str.4.61                              0x0800ed24   Data           9  lto-llvm-0bb0b3.o(.rodata.str1.1)
    .L.str.13.70                             0x0800ed2d   Data          27  lto-llvm-0bb0b3.o(.rodata.str1.1)
    .L.str.88                                0x0800ed48   Data           9  lto-llvm-0bb0b3.o(.rodata.str1.1)
    .L.str.79                                0x0800ed51   Data          22  lto-llvm-0bb0b3.o(.rodata.str1.1)
    .L.str.84                                0x0800ed67   Data           5  lto-llvm-0bb0b3.o(.rodata.str1.1)
    .L.str.9.66                              0x0800ed6c   Data          27  lto-llvm-0bb0b3.o(.rodata.str1.1)
    .L.str.10.67                             0x0800ed87   Data          27  lto-llvm-0bb0b3.o(.rodata.str1.1)
    .L.str.68                                0x0800ed99   Data           9  lto-llvm-0bb0b3.o(.rodata.str1.1)
    .L.str.46                                0x0800eda2   Data          27  lto-llvm-0bb0b3.o(.rodata.str1.1)
    .L.str.47                                0x0800edbd   Data          27  lto-llvm-0bb0b3.o(.rodata.str1.1)
    .L.str.82                                0x0800edd8   Data          27  lto-llvm-0bb0b3.o(.rodata.str1.1)
    .L.str.77                                0x0800edf3   Data           8  lto-llvm-0bb0b3.o(.rodata.str1.1)
    .L.str.45                                0x0800edfb   Data          27  lto-llvm-0bb0b3.o(.rodata.str1.1)
    .L.str.78                                0x0800ee16   Data          10  lto-llvm-0bb0b3.o(.rodata.str1.1)
    .L.str.66                                0x0800ee20   Data          21  lto-llvm-0bb0b3.o(.rodata.str1.1)
    ROOM_Service._min                        0x20000000   Data           1  lto-llvm-0bb0b3.o(.data.ROOM_Service._min)
    [Anonymous Symbol]                       0x20000000   Section        0  lto-llvm-0bb0b3.o(.data.ROOM_Service._min)
    SystemCoreClock                          0x20000004   Data           4  lto-llvm-0bb0b3.o(.data.SystemCoreClock)
    [Anonymous Symbol]                       0x20000004   Section        0  lto-llvm-0bb0b3.o(.data.SystemCoreClock)
    BUZZ_State                               0x20000008   Data           1  lto-llvm-0bb0b3.o(.bss.BUZZ_State)
    [Anonymous Symbol]                       0x20000008   Section        0  lto-llvm-0bb0b3.o(.bss.BUZZ_State)
    COM_Link                                 0x20000009   Data           1  lto-llvm-0bb0b3.o(.bss.COM_Link)
    [Anonymous Symbol]                       0x20000009   Section        0  lto-llvm-0bb0b3.o(.bss.COM_Link)
    DIN_Service.din_0_timer                  0x2000000c   Data           4  lto-llvm-0bb0b3.o(.bss.DIN_Service.din_0_timer)
    [Anonymous Symbol]                       0x2000000c   Section        0  lto-llvm-0bb0b3.o(.bss.DIN_Service.din_0_timer)
    DIN_Service.din_1_timer                  0x20000010   Data           4  lto-llvm-0bb0b3.o(.bss.DIN_Service.din_1_timer)
    [Anonymous Symbol]                       0x20000010   Section        0  lto-llvm-0bb0b3.o(.bss.DIN_Service.din_1_timer)
    DIN_Service.din_2_timer                  0x20000014   Data           4  lto-llvm-0bb0b3.o(.bss.DIN_Service.din_2_timer)
    [Anonymous Symbol]                       0x20000014   Section        0  lto-llvm-0bb0b3.o(.bss.DIN_Service.din_2_timer)
    DIN_Service.din_3_timer                  0x20000018   Data           4  lto-llvm-0bb0b3.o(.bss.DIN_Service.din_3_timer)
    [Anonymous Symbol]                       0x20000018   Section        0  lto-llvm-0bb0b3.o(.bss.DIN_Service.din_3_timer)
    DIN_Service.din_4_timer                  0x2000001c   Data           4  lto-llvm-0bb0b3.o(.bss.DIN_Service.din_4_timer)
    [Anonymous Symbol]                       0x2000001c   Section        0  lto-llvm-0bb0b3.o(.bss.DIN_Service.din_4_timer)
    DIN_Service.din_5_timer                  0x20000020   Data           4  lto-llvm-0bb0b3.o(.bss.DIN_Service.din_5_timer)
    [Anonymous Symbol]                       0x20000020   Section        0  lto-llvm-0bb0b3.o(.bss.DIN_Service.din_5_timer)
    DIN_Service.din_6_timer                  0x20000024   Data           4  lto-llvm-0bb0b3.o(.bss.DIN_Service.din_6_timer)
    [Anonymous Symbol]                       0x20000024   Section        0  lto-llvm-0bb0b3.o(.bss.DIN_Service.din_6_timer)
    DIN_Service.din_7_timer                  0x20000028   Data           4  lto-llvm-0bb0b3.o(.bss.DIN_Service.din_7_timer)
    [Anonymous Symbol]                       0x20000028   Section        0  lto-llvm-0bb0b3.o(.bss.DIN_Service.din_7_timer)
    DIN_Service.door_bell_signal_timer       0x2000002c   Data           4  lto-llvm-0bb0b3.o(.bss.DIN_Service.door_bell_signal_timer)
    [Anonymous Symbol]                       0x2000002c   Section        0  lto-llvm-0bb0b3.o(.bss.DIN_Service.door_bell_signal_timer)
    DIN_Service.door_bell_sw_time            0x20000030   Data           4  lto-llvm-0bb0b3.o(.bss.DIN_Service.door_bell_sw_time)
    [Anonymous Symbol]                       0x20000030   Section        0  lto-llvm-0bb0b3.o(.bss.DIN_Service.door_bell_sw_time)
    DIN_Service.door_bell_sw_timer           0x20000034   Data           4  lto-llvm-0bb0b3.o(.bss.DIN_Service.door_bell_sw_timer)
    [Anonymous Symbol]                       0x20000034   Section        0  lto-llvm-0bb0b3.o(.bss.DIN_Service.door_bell_sw_timer)
    DIN_Service.entry_door_pcnt              0x20000038   Data           4  lto-llvm-0bb0b3.o(.bss.DIN_Service.entry_door_pcnt)
    [Anonymous Symbol]                       0x20000038   Section        0  lto-llvm-0bb0b3.o(.bss.DIN_Service.entry_door_pcnt)
    DIN_Service.entry_door_tmr               0x2000003c   Data           4  lto-llvm-0bb0b3.o(.bss.DIN_Service.entry_door_tmr)
    [Anonymous Symbol]                       0x2000003c   Section        0  lto-llvm-0bb0b3.o(.bss.DIN_Service.entry_door_tmr)
    DIN_Service.handmaid_signal_timer        0x20000040   Data           4  lto-llvm-0bb0b3.o(.bss.DIN_Service.handmaid_signal_timer)
    [Anonymous Symbol]                       0x20000040   Section        0  lto-llvm-0bb0b3.o(.bss.DIN_Service.handmaid_signal_timer)
    DIN_Service.handmaid_sw_time             0x20000044   Data           4  lto-llvm-0bb0b3.o(.bss.DIN_Service.handmaid_sw_time)
    [Anonymous Symbol]                       0x20000044   Section        0  lto-llvm-0bb0b3.o(.bss.DIN_Service.handmaid_sw_time)
    DIN_Service.handmaid_sw_timer            0x20000048   Data           4  lto-llvm-0bb0b3.o(.bss.DIN_Service.handmaid_sw_timer)
    [Anonymous Symbol]                       0x20000048   Section        0  lto-llvm-0bb0b3.o(.bss.DIN_Service.handmaid_sw_timer)
    DIN_Service.old_state                    0x2000004c   Data           1  lto-llvm-0bb0b3.o(.bss.DIN_Service.old_state)
    [Anonymous Symbol]                       0x2000004c   Section        0  lto-llvm-0bb0b3.o(.bss.DIN_Service.old_state)
    DIO_Service.doorlock_timer               0x20000050   Data           4  lto-llvm-0bb0b3.o(.bss.DIO_Service.doorlock_timer)
    [Anonymous Symbol]                       0x20000050   Section        0  lto-llvm-0bb0b3.o(.bss.DIO_Service.doorlock_timer)
    DIO_Service.dout_0_7_mem                 0x20000054   Data           1  lto-llvm-0bb0b3.o(.bss.DIO_Service.dout_0_7_mem)
    [Anonymous Symbol]                       0x20000054   Section        0  lto-llvm-0bb0b3.o(.bss.DIO_Service.dout_0_7_mem)
    DISP_CheckLcd.check_delay                0x20000058   Data           4  lto-llvm-0bb0b3.o(.bss.DISP_CheckLcd.check_delay)
    [Anonymous Symbol]                       0x20000058   Section        0  lto-llvm-0bb0b3.o(.bss.DISP_CheckLcd.check_delay)
    DISP_DateTime.delay_timer                0x2000005c   Data           4  lto-llvm-0bb0b3.o(.bss.DISP_DateTime.delay_timer)
    [Anonymous Symbol]                       0x2000005c   Section        0  lto-llvm-0bb0b3.o(.bss.DISP_DateTime.delay_timer)
    DISP_DateTime.temp_day                   0x20000060   Data           4  lto-llvm-0bb0b3.o(.bss.DISP_DateTime.temp_day)
    [Anonymous Symbol]                       0x20000060   Section        0  lto-llvm-0bb0b3.o(.bss.DISP_DateTime.temp_day)
    DISP_Service.disp_menu_toutime           0x20000064   Data           1  lto-llvm-0bb0b3.o(.bss.DISP_Service.disp_menu_toutime)
    [Anonymous Symbol]                       0x20000064   Section        0  lto-llvm-0bb0b3.o(.bss.DISP_Service.disp_menu_toutime)
    DISP_Service.disp_menu_toutmr            0x20000068   Data           4  lto-llvm-0bb0b3.o(.bss.DISP_Service.disp_menu_toutmr)
    [Anonymous Symbol]                       0x20000068   Section        0  lto-llvm-0bb0b3.o(.bss.DISP_Service.disp_menu_toutmr)
    DISP_Service.display_time                0x2000006c   Data           4  lto-llvm-0bb0b3.o(.bss.DISP_Service.display_time)
    [Anonymous Symbol]                       0x2000006c   Section        0  lto-llvm-0bb0b3.o(.bss.DISP_Service.display_time)
    DISP_Service.display_timer               0x20000070   Data           4  lto-llvm-0bb0b3.o(.bss.DISP_Service.display_timer)
    [Anonymous Symbol]                       0x20000070   Section        0  lto-llvm-0bb0b3.o(.bss.DISP_Service.display_timer)
    DISP_Service.jrn_char                    0x20000074   Data           4  lto-llvm-0bb0b3.o(.bss.DISP_Service.jrn_char)
    [Anonymous Symbol]                       0x20000074   Section        0  lto-llvm-0bb0b3.o(.bss.DISP_Service.jrn_char)
    DISP_Service.preview_img_cnt             0x20000078   Data           4  lto-llvm-0bb0b3.o(.bss.DISP_Service.preview_img_cnt)
    [Anonymous Symbol]                       0x20000078   Section        0  lto-llvm-0bb0b3.o(.bss.DISP_Service.preview_img_cnt)
    DISP_Temperature.mv_tmr                  0x2000007c   Data           4  lto-llvm-0bb0b3.o(.bss.DISP_Temperature.mv_tmr)
    [Anonymous Symbol]                       0x2000007c   Section        0  lto-llvm-0bb0b3.o(.bss.DISP_Temperature.mv_tmr)
    ErrorHandler.drv                         0x20000080   Data           1  lto-llvm-0bb0b3.o(.bss.ErrorHandler.drv)
    [Anonymous Symbol]                       0x20000080   Section        0  lto-llvm-0bb0b3.o(.bss.ErrorHandler.drv)
    LogEvent                                 0x20000084   Data          14  lto-llvm-0bb0b3.o(.bss.LogEvent)
    [Anonymous Symbol]                       0x20000084   Section        0  lto-llvm-0bb0b3.o(.bss.LogEvent)
    OW_Service.cs_delay                      0x20000094   Data           4  lto-llvm-0bb0b3.o(.bss.OW_Service.cs_delay)
    [Anonymous Symbol]                       0x20000094   Section        0  lto-llvm-0bb0b3.o(.bss.OW_Service.cs_delay)
    OW_Service.errcnt                        0x20000098   Data           1  lto-llvm-0bb0b3.o(.bss.OW_Service.errcnt)
    [Anonymous Symbol]                       0x20000098   Section        0  lto-llvm-0bb0b3.o(.bss.OW_Service.errcnt)
    OW_Service.owbuf                         0x2000009c   Data          64  lto-llvm-0bb0b3.o(.bss.OW_Service.owbuf)
    [Anonymous Symbol]                       0x2000009c   Section        0  lto-llvm-0bb0b3.o(.bss.OW_Service.owbuf)
    OW_Service.owtmr                         0x200000dc   Data           4  lto-llvm-0bb0b3.o(.bss.OW_Service.owtmr)
    [Anonymous Symbol]                       0x200000dc   Section        0  lto-llvm-0bb0b3.o(.bss.OW_Service.owtmr)
    OW_Service.pcnt                          0x200000e0   Data           1  lto-llvm-0bb0b3.o(.bss.OW_Service.pcnt)
    [Anonymous Symbol]                       0x200000e0   Section        0  lto-llvm-0bb0b3.o(.bss.OW_Service.pcnt)
    OW_Service.repcnt                        0x200000e1   Data           1  lto-llvm-0bb0b3.o(.bss.OW_Service.repcnt)
    [Anonymous Symbol]                       0x200000e1   Section        0  lto-llvm-0bb0b3.o(.bss.OW_Service.repcnt)
    OW_Service.stat                          0x200000e2   Data           1  lto-llvm-0bb0b3.o(.bss.OW_Service.stat)
    [Anonymous Symbol]                       0x200000e2   Section        0  lto-llvm-0bb0b3.o(.bss.OW_Service.stat)
    RC522_Service.check                      0x200000e4   Data           4  lto-llvm-0bb0b3.o(.bss.RC522_Service.check)
    [Anonymous Symbol]                       0x200000e4   Section        0  lto-llvm-0bb0b3.o(.bss.RC522_Service.check)
    RC522_Service.handmaid_card_cycles       0x200000e8   Data           1  lto-llvm-0bb0b3.o(.bss.RC522_Service.handmaid_card_cycles)
    [Anonymous Symbol]                       0x200000e8   Section        0  lto-llvm-0bb0b3.o(.bss.RC522_Service.handmaid_card_cycles)
    RC522_Service.handmaid_card_time         0x200000ec   Data           1  lto-llvm-0bb0b3.o(.bss.RC522_Service.handmaid_card_time)
    [Anonymous Symbol]                       0x200000ec   Section        0  lto-llvm-0bb0b3.o(.bss.RC522_Service.handmaid_card_time)
    RC522_Service.handmaid_card_timer        0x200000f0   Data           4  lto-llvm-0bb0b3.o(.bss.RC522_Service.handmaid_card_timer)
    [Anonymous Symbol]                       0x200000f0   Section        0  lto-llvm-0bb0b3.o(.bss.RC522_Service.handmaid_card_timer)
    RC522_Service.mifare_time                0x200000f4   Data           4  lto-llvm-0bb0b3.o(.bss.RC522_Service.mifare_time)
    [Anonymous Symbol]                       0x200000f4   Section        0  lto-llvm-0bb0b3.o(.bss.RC522_Service.mifare_time)
    RC522_Service.mifare_timer               0x200000f8   Data           4  lto-llvm-0bb0b3.o(.bss.RC522_Service.mifare_timer)
    [Anonymous Symbol]                       0x200000f8   Section        0  lto-llvm-0bb0b3.o(.bss.RC522_Service.mifare_timer)
    ROOM_PreStatus                           0x200000fc   Data           1  lto-llvm-0bb0b3.o(.bss.ROOM_PreStatus)
    [Anonymous Symbol]                       0x200000fc   Section        0  lto-llvm-0bb0b3.o(.bss.ROOM_PreStatus)
    ROOM_Service.init                        0x20000100   Data           1  lto-llvm-0bb0b3.o(.bss.ROOM_Service.init)
    [Anonymous Symbol]                       0x20000100   Section        0  lto-llvm-0bb0b3.o(.bss.ROOM_Service.init)
    ROOM_Status                              0x20000101   Data           1  lto-llvm-0bb0b3.o(.bss.ROOM_Status)
    [Anonymous Symbol]                       0x20000101   Section        0  lto-llvm-0bb0b3.o(.bss.ROOM_Status)
    RS485_Service.crc_32_calculated          0x20000104   Data           4  lto-llvm-0bb0b3.o(.bss.RS485_Service.crc_32_calculated)
    [Anonymous Symbol]                       0x20000104   Section        0  lto-llvm-0bb0b3.o(.bss.RS485_Service.crc_32_calculated)
    RS485_Service.crc_32_file                0x20000108   Data           4  lto-llvm-0bb0b3.o(.bss.RS485_Service.crc_32_file)
    [Anonymous Symbol]                       0x20000108   Section        0  lto-llvm-0bb0b3.o(.bss.RS485_Service.crc_32_file)
    RS485_Service.file_copy_dest_addr        0x2000010c   Data           4  lto-llvm-0bb0b3.o(.bss.RS485_Service.file_copy_dest_addr)
    [Anonymous Symbol]                       0x2000010c   Section        0  lto-llvm-0bb0b3.o(.bss.RS485_Service.file_copy_dest_addr)
    RS485_Service.file_copy_size             0x20000110   Data           4  lto-llvm-0bb0b3.o(.bss.RS485_Service.file_copy_size)
    [Anonymous Symbol]                       0x20000110   Section        0  lto-llvm-0bb0b3.o(.bss.RS485_Service.file_copy_size)
    RS485_Service.file_copy_src_addr         0x20000114   Data           4  lto-llvm-0bb0b3.o(.bss.RS485_Service.file_copy_src_addr)
    [Anonymous Symbol]                       0x20000114   Section        0  lto-llvm-0bb0b3.o(.bss.RS485_Service.file_copy_src_addr)
    RS485_Service.flash_destination          0x20000118   Data           4  lto-llvm-0bb0b3.o(.bss.RS485_Service.flash_destination)
    [Anonymous Symbol]                       0x20000118   Section        0  lto-llvm-0bb0b3.o(.bss.RS485_Service.flash_destination)
    RS485_Service.fversion                   0x2000011c   Data           4  lto-llvm-0bb0b3.o(.bss.RS485_Service.fversion)
    [Anonymous Symbol]                       0x2000011c   Section        0  lto-llvm-0bb0b3.o(.bss.RS485_Service.fversion)
    RS485_Service.next_packet_number         0x20000120   Data           4  lto-llvm-0bb0b3.o(.bss.RS485_Service.next_packet_number)
    [Anonymous Symbol]                       0x20000120   Section        0  lto-llvm-0bb0b3.o(.bss.RS485_Service.next_packet_number)
    RS485_Service.post_process               0x20000124   Data           4  lto-llvm-0bb0b3.o(.bss.RS485_Service.post_process)
    [Anonymous Symbol]                       0x20000124   Section        0  lto-llvm-0bb0b3.o(.bss.RS485_Service.post_process)
    RS485_Service.total_bytes_in_file        0x20000128   Data           4  lto-llvm-0bb0b3.o(.bss.RS485_Service.total_bytes_in_file)
    [Anonymous Symbol]                       0x20000128   Section        0  lto-llvm-0bb0b3.o(.bss.RS485_Service.total_bytes_in_file)
    RS485_Service.total_packet_number        0x2000012c   Data           4  lto-llvm-0bb0b3.o(.bss.RS485_Service.total_packet_number)
    [Anonymous Symbol]                       0x2000012c   Section        0  lto-llvm-0bb0b3.o(.bss.RS485_Service.total_packet_number)
    RS485_Service.upd_tout_tmr               0x20000130   Data           4  lto-llvm-0bb0b3.o(.bss.RS485_Service.upd_tout_tmr)
    [Anonymous Symbol]                       0x20000130   Section        0  lto-llvm-0bb0b3.o(.bss.RS485_Service.upd_tout_tmr)
    RS485_Service.waddress                   0x20000134   Data           4  lto-llvm-0bb0b3.o(.bss.RS485_Service.waddress)
    [Anonymous Symbol]                       0x20000134   Section        0  lto-llvm-0bb0b3.o(.bss.RS485_Service.waddress)
    SIGNAL_Buzzer.signal_pcnt                0x20000138   Data           4  lto-llvm-0bb0b3.o(.bss.SIGNAL_Buzzer.signal_pcnt)
    [Anonymous Symbol]                       0x20000138   Section        0  lto-llvm-0bb0b3.o(.bss.SIGNAL_Buzzer.signal_pcnt)
    SIGNAL_Buzzer.signal_time                0x2000013c   Data           4  lto-llvm-0bb0b3.o(.bss.SIGNAL_Buzzer.signal_time)
    [Anonymous Symbol]                       0x2000013c   Section        0  lto-llvm-0bb0b3.o(.bss.SIGNAL_Buzzer.signal_time)
    SIGNAL_Buzzer.signal_timer               0x20000140   Data           4  lto-llvm-0bb0b3.o(.bss.SIGNAL_Buzzer.signal_timer)
    [Anonymous Symbol]                       0x20000140   Section        0  lto-llvm-0bb0b3.o(.bss.SIGNAL_Buzzer.signal_timer)
    activ_cmd                                0x20000144   Data           1  lto-llvm-0bb0b3.o(.bss.activ_cmd)
    [Anonymous Symbol]                       0x20000144   Section        0  lto-llvm-0bb0b3.o(.bss.activ_cmd)
    appinf                                   0x20000148   Data          20  lto-llvm-0bb0b3.o(.bss.appinf)
    [Anonymous Symbol]                       0x20000148   Section        0  lto-llvm-0bb0b3.o(.bss.appinf)
    back_color                               0x2000015c   Data           2  lto-llvm-0bb0b3.o(.bss.back_color)
    [Anonymous Symbol]                       0x2000015c   Section        0  lto-llvm-0bb0b3.o(.bss.back_color)
    bedd_cnt                                 0x2000015e   Data           1  lto-llvm-0bb0b3.o(.bss.bedd_cnt)
    [Anonymous Symbol]                       0x2000015e   Section        0  lto-llvm-0bb0b3.o(.bss.bedd_cnt)
    bedd_tim                                 0x2000015f   Data           1  lto-llvm-0bb0b3.o(.bss.bedd_tim)
    [Anonymous Symbol]                       0x2000015f   Section        0  lto-llvm-0bb0b3.o(.bss.bedd_tim)
    buzzer_volume                            0x20000160   Data           1  lto-llvm-0bb0b3.o(.bss.buzzer_volume)
    [Anonymous Symbol]                       0x20000160   Section        0  lto-llvm-0bb0b3.o(.bss.buzzer_volume)
    card_id                                  0x20000164   Data           5  lto-llvm-0bb0b3.o(.bss.card_id)
    [Anonymous Symbol]                       0x20000164   Section        0  lto-llvm-0bb0b3.o(.bss.card_id)
    din_0_7                                  0x2000016c   Data           4  lto-llvm-0bb0b3.o(.bss.din_0_7)
    [Anonymous Symbol]                       0x2000016c   Section        0  lto-llvm-0bb0b3.o(.bss.din_0_7)
    din_cap_sen                              0x20000170   Data           4  lto-llvm-0bb0b3.o(.bss.din_cap_sen)
    [Anonymous Symbol]                       0x20000170   Section        0  lto-llvm-0bb0b3.o(.bss.din_cap_sen)
    din_cfg                                  0x20000174   Data           8  lto-llvm-0bb0b3.o(.bss.din_cfg)
    [Anonymous Symbol]                       0x20000174   Section        0  lto-llvm-0bb0b3.o(.bss.din_cfg)
    din_state                                0x2000017c   Data           4  lto-llvm-0bb0b3.o(.bss.din_state)
    [Anonymous Symbol]                       0x2000017c   Section        0  lto-llvm-0bb0b3.o(.bss.din_state)
    dio_flags                                0x20000180   Data           4  lto-llvm-0bb0b3.o(.bss.dio_flags)
    [Anonymous Symbol]                       0x20000180   Section        0  lto-llvm-0bb0b3.o(.bss.dio_flags)
    disp_fl                                  0x20000184   Data           4  lto-llvm-0bb0b3.o(.bss.disp_fl)
    [Anonymous Symbol]                       0x20000184   Section        0  lto-llvm-0bb0b3.o(.bss.disp_fl)
    disp_high                                0x20000188   Data           2  lto-llvm-0bb0b3.o(.bss.disp_high)
    [Anonymous Symbol]                       0x20000188   Section        0  lto-llvm-0bb0b3.o(.bss.disp_high)
    disp_rot                                 0x2000018a   Data           1  lto-llvm-0bb0b3.o(.bss.disp_rot)
    [Anonymous Symbol]                       0x2000018a   Section        0  lto-llvm-0bb0b3.o(.bss.disp_rot)
    disp_sta                                 0x2000018b   Data           1  lto-llvm-0bb0b3.o(.bss.disp_sta)
    [Anonymous Symbol]                       0x2000018b   Section        0  lto-llvm-0bb0b3.o(.bss.disp_sta)
    disp_width                               0x2000018c   Data           2  lto-llvm-0bb0b3.o(.bss.disp_width)
    [Anonymous Symbol]                       0x2000018c   Section        0  lto-llvm-0bb0b3.o(.bss.disp_width)
    doorlock_force                           0x2000018e   Data           1  lto-llvm-0bb0b3.o(.bss.doorlock_force)
    [Anonymous Symbol]                       0x2000018e   Section        0  lto-llvm-0bb0b3.o(.bss.doorlock_force)
    dout_0_7                                 0x20000190   Data           4  lto-llvm-0bb0b3.o(.bss.dout_0_7)
    [Anonymous Symbol]                       0x20000190   Section        0  lto-llvm-0bb0b3.o(.bss.dout_0_7)
    dout_0_7_rem                             0x20000194   Data           4  lto-llvm-0bb0b3.o(.bss.dout_0_7_rem)
    [Anonymous Symbol]                       0x20000194   Section        0  lto-llvm-0bb0b3.o(.bss.dout_0_7_rem)
    dout_cfg                                 0x20000198   Data           8  lto-llvm-0bb0b3.o(.bss.dout_cfg)
    [Anonymous Symbol]                       0x20000198   Section        0  lto-llvm-0bb0b3.o(.bss.dout_cfg)
    eComState                                0x200001a0   Data           1  lto-llvm-0bb0b3.o(.bss.eComState)
    [Anonymous Symbol]                       0x200001a0   Section        0  lto-llvm-0bb0b3.o(.bss.eComState)
    font_size                                0x200001a1   Data           1  lto-llvm-0bb0b3.o(.bss.font_size)
    [Anonymous Symbol]                       0x200001a1   Section        0  lto-llvm-0bb0b3.o(.bss.font_size)
    fw_upd_stat                              0x200001a2   Data           1  lto-llvm-0bb0b3.o(.bss.fw_upd_stat)
    [Anonymous Symbol]                       0x200001a2   Section        0  lto-llvm-0bb0b3.o(.bss.fw_upd_stat)
    hc595_dout                               0x200001a3   Data           1  lto-llvm-0bb0b3.o(.bss.hc595_dout)
    [Anonymous Symbol]                       0x200001a3   Section        0  lto-llvm-0bb0b3.o(.bss.hc595_dout)
    hcrc                                     0x200001a4   Data           8  lto-llvm-0bb0b3.o(.bss.hcrc)
    [Anonymous Symbol]                       0x200001a4   Section        0  lto-llvm-0bb0b3.o(.bss.hcrc)
    hi2c1                                    0x200001ac   Data          84  lto-llvm-0bb0b3.o(.bss.hi2c1)
    [Anonymous Symbol]                       0x200001ac   Section        0  lto-llvm-0bb0b3.o(.bss.hi2c1)
    hiwdg.1.0                                0x20000200   Data           1  lto-llvm-0bb0b3.o(.bss.hiwdg.1.0)
    [Anonymous Symbol]                       0x20000200   Section        0  lto-llvm-0bb0b3.o(.bss.hiwdg.1.0)
    hiwdg.1.1                                0x20000204   Data           1  lto-llvm-0bb0b3.o(.bss.hiwdg.1.1)
    [Anonymous Symbol]                       0x20000204   Section        0  lto-llvm-0bb0b3.o(.bss.hiwdg.1.1)
    hrtc                                     0x20000208   Data          20  lto-llvm-0bb0b3.o(.bss.hrtc)
    [Anonymous Symbol]                       0x20000208   Section        0  lto-llvm-0bb0b3.o(.bss.hrtc)
    hspi2                                    0x2000021c   Data          88  lto-llvm-0bb0b3.o(.bss.hspi2)
    [Anonymous Symbol]                       0x2000021c   Section        0  lto-llvm-0bb0b3.o(.bss.hspi2)
    htim1                                    0x20000274   Data          64  lto-llvm-0bb0b3.o(.bss.htim1)
    [Anonymous Symbol]                       0x20000274   Section        0  lto-llvm-0bb0b3.o(.bss.htim1)
    htim2                                    0x200002b4   Data          64  lto-llvm-0bb0b3.o(.bss.htim2)
    [Anonymous Symbol]                       0x200002b4   Section        0  lto-llvm-0bb0b3.o(.bss.htim2)
    htim3                                    0x200002f4   Data          64  lto-llvm-0bb0b3.o(.bss.htim3)
    [Anonymous Symbol]                       0x200002f4   Section        0  lto-llvm-0bb0b3.o(.bss.htim3)
    huart1                                   0x20000334   Data          64  lto-llvm-0bb0b3.o(.bss.huart1)
    [Anonymous Symbol]                       0x20000334   Section        0  lto-llvm-0bb0b3.o(.bss.huart1)
    huart2                                   0x20000374   Data          64  lto-llvm-0bb0b3.o(.bss.huart2)
    [Anonymous Symbol]                       0x20000374   Section        0  lto-llvm-0bb0b3.o(.bss.huart2)
    jrnl_buf                                 0x200003b4   Data         128  lto-llvm-0bb0b3.o(.bss.jrnl_buf)
    [Anonymous Symbol]                       0x200003b4   Section        0  lto-llvm-0bb0b3.o(.bss.jrnl_buf)
    jrnl_mod                                 0x20000434   Data           1  lto-llvm-0bb0b3.o(.bss.jrnl_mod)
    [Anonymous Symbol]                       0x20000434   Section        0  lto-llvm-0bb0b3.o(.bss.jrnl_mod)
    lcd_bcklght                              0x20000436   Data           2  lto-llvm-0bb0b3.o(.bss.lcd_bcklght)
    [Anonymous Symbol]                       0x20000436   Section        0  lto-llvm-0bb0b3.o(.bss.lcd_bcklght)
    logger_list_count                        0x20000438   Data           2  lto-llvm-0bb0b3.o(.bss.logger_list_count)
    [Anonymous Symbol]                       0x20000438   Section        0  lto-llvm-0bb0b3.o(.bss.logger_list_count)
    logger_next_log_address                  0x2000043a   Data           2  lto-llvm-0bb0b3.o(.bss.logger_next_log_address)
    [Anonymous Symbol]                       0x2000043a   Section        0  lto-llvm-0bb0b3.o(.bss.logger_next_log_address)
    logger_next_log_id                       0x2000043c   Data           2  lto-llvm-0bb0b3.o(.bss.logger_next_log_id)
    [Anonymous Symbol]                       0x2000043c   Section        0  lto-llvm-0bb0b3.o(.bss.logger_next_log_id)
    menu                                     0x20000440   Data          96  lto-llvm-0bb0b3.o(.bss.menu)
    [Anonymous Symbol]                       0x20000440   Section        0  lto-llvm-0bb0b3.o(.bss.menu)
    mifare_keya                              0x200004a0   Data           6  lto-llvm-0bb0b3.o(.bss.mifare_keya)
    [Anonymous Symbol]                       0x200004a0   Section        0  lto-llvm-0bb0b3.o(.bss.mifare_keya)
    newinf                                   0x200004a8   Data          20  lto-llvm-0bb0b3.o(.bss.newinf)
    [Anonymous Symbol]                       0x200004a8   Section        0  lto-llvm-0bb0b3.o(.bss.newinf)
    ow_add                                   0x200004bc   Data           9  lto-llvm-0bb0b3.o(.bss.ow_add)
    [Anonymous Symbol]                       0x200004bc   Section        0  lto-llvm-0bb0b3.o(.bss.ow_add)
    ow_bra                                   0x200004c5   Data           1  lto-llvm-0bb0b3.o(.bss.ow_bra)
    [Anonymous Symbol]                       0x200004c5   Section        0  lto-llvm-0bb0b3.o(.bss.ow_bra)
    ow_dev                                   0x200004c6   Data           1  lto-llvm-0bb0b3.o(.bss.ow_dev)
    [Anonymous Symbol]                       0x200004c6   Section        0  lto-llvm-0bb0b3.o(.bss.ow_dev)
    ow_ifa                                   0x200004c7   Data           1  lto-llvm-0bb0b3.o(.bss.ow_ifa)
    [Anonymous Symbol]                       0x200004c7   Section        0  lto-llvm-0bb0b3.o(.bss.ow_ifa)
    pFlash                                   0x200004c8   Data          32  lto-llvm-0bb0b3.o(.bss.pFlash)
    [Anonymous Symbol]                       0x200004c8   Section        0  lto-llvm-0bb0b3.o(.bss.pFlash)
    packet_type                              0x200004e8   Data           4  lto-llvm-0bb0b3.o(.bss.packet_type)
    [Anonymous Symbol]                       0x200004e8   Section        0  lto-llvm-0bb0b3.o(.bss.packet_type)
    permitted_add                            0x200004ec   Data          16  lto-llvm-0bb0b3.o(.bss.permitted_add)
    [Anonymous Symbol]                       0x200004ec   Section        0  lto-llvm-0bb0b3.o(.bss.permitted_add)
    pixel_color                              0x200004fc   Data           2  lto-llvm-0bb0b3.o(.bss.pixel_color)
    [Anonymous Symbol]                       0x200004fc   Section        0  lto-llvm-0bb0b3.o(.bss.pixel_color)
    rc522_fl                                 0x20000500   Data           4  lto-llvm-0bb0b3.o(.bss.rc522_fl)
    [Anonymous Symbol]                       0x20000500   Section        0  lto-llvm-0bb0b3.o(.bss.rc522_fl)
    rc522_rx_buff                            0x20000504   Data          16  lto-llvm-0bb0b3.o(.bss.rc522_rx_buff)
    [Anonymous Symbol]                       0x20000504   Section        0  lto-llvm-0bb0b3.o(.bss.rc522_rx_buff)
    rc522_tx_buff                            0x20000514   Data          16  lto-llvm-0bb0b3.o(.bss.rc522_tx_buff)
    [Anonymous Symbol]                       0x20000514   Section        0  lto-llvm-0bb0b3.o(.bss.rc522_tx_buff)
    rdate                                    0x20000524   Data           4  lto-llvm-0bb0b3.o(.bss.rdate)
    [Anonymous Symbol]                       0x20000524   Section        0  lto-llvm-0bb0b3.o(.bss.rdate)
    rec                                      0x20000528   Data           1  lto-llvm-0bb0b3.o(.bss.rec)
    [Anonymous Symbol]                       0x20000528   Section        0  lto-llvm-0bb0b3.o(.bss.rec)
    rec_bcnt                                 0x2000052c   Data           4  lto-llvm-0bb0b3.o(.bss.rec_bcnt)
    [Anonymous Symbol]                       0x2000052c   Section        0  lto-llvm-0bb0b3.o(.bss.rec_bcnt)
    receive_pcnt                             0x20000530   Data           4  lto-llvm-0bb0b3.o(.bss.receive_pcnt)
    [Anonymous Symbol]                       0x20000530   Section        0  lto-llvm-0bb0b3.o(.bss.receive_pcnt)
    reset_source                             0x20000534   Data           4  lto-llvm-0bb0b3.o(.bss.reset_source)
    [Anonymous Symbol]                       0x20000534   Section        0  lto-llvm-0bb0b3.o(.bss.reset_source)
    room_fl                                  0x20000538   Data           4  lto-llvm-0bb0b3.o(.bss.room_fl)
    [Anonymous Symbol]                       0x20000538   Section        0  lto-llvm-0bb0b3.o(.bss.room_fl)
    rs485_bps                                0x2000053c   Data           1  lto-llvm-0bb0b3.o(.bss.rs485_bps)
    [Anonymous Symbol]                       0x2000053c   Section        0  lto-llvm-0bb0b3.o(.bss.rs485_bps)
    rs485_bra                                0x2000053e   Data           2  lto-llvm-0bb0b3.o(.bss.rs485_bra)
    [Anonymous Symbol]                       0x2000053e   Section        0  lto-llvm-0bb0b3.o(.bss.rs485_bra)
    rs485_buff                               0x20000540   Data         256  lto-llvm-0bb0b3.o(.bss.rs485_buff)
    [Anonymous Symbol]                       0x20000540   Section        0  lto-llvm-0bb0b3.o(.bss.rs485_buff)
    rs485_flags                              0x20000640   Data           4  lto-llvm-0bb0b3.o(.bss.rs485_flags)
    [Anonymous Symbol]                       0x20000640   Section        0  lto-llvm-0bb0b3.o(.bss.rs485_flags)
    rs485_gra                                0x20000644   Data           2  lto-llvm-0bb0b3.o(.bss.rs485_gra)
    [Anonymous Symbol]                       0x20000644   Section        0  lto-llvm-0bb0b3.o(.bss.rs485_gra)
    rs485_ifa                                0x20000646   Data           2  lto-llvm-0bb0b3.o(.bss.rs485_ifa)
    [Anonymous Symbol]                       0x20000646   Section        0  lto-llvm-0bb0b3.o(.bss.rs485_ifa)
    rs485_pak_dlen                           0x20000648   Data           4  lto-llvm-0bb0b3.o(.bss.rs485_pak_dlen)
    [Anonymous Symbol]                       0x20000648   Section        0  lto-llvm-0bb0b3.o(.bss.rs485_pak_dlen)
    rs485_sender_addr                        0x2000064c   Data           4  lto-llvm-0bb0b3.o(.bss.rs485_sender_addr)
    [Anonymous Symbol]                       0x2000064c   Section        0  lto-llvm-0bb0b3.o(.bss.rs485_sender_addr)
    rs485_timer                              0x20000650   Data           4  lto-llvm-0bb0b3.o(.bss.rs485_timer)
    [Anonymous Symbol]                       0x20000650   Section        0  lto-llvm-0bb0b3.o(.bss.rs485_timer)
    rt_img                                   0x20000654   Data           1  lto-llvm-0bb0b3.o(.bss.rt_img)
    [Anonymous Symbol]                       0x20000654   Section        0  lto-llvm-0bb0b3.o(.bss.rt_img)
    rtime                                    0x20000655   Data           3  lto-llvm-0bb0b3.o(.bss.rtime)
    [Anonymous Symbol]                       0x20000655   Section        0  lto-llvm-0bb0b3.o(.bss.rtime)
    rxtx_tmr                                 0x20000658   Data           4  lto-llvm-0bb0b3.o(.bss.rxtx_tmr)
    [Anonymous Symbol]                       0x20000658   Section        0  lto-llvm-0bb0b3.o(.bss.rxtx_tmr)
    sCard                                    0x2000065c   Data          18  lto-llvm-0bb0b3.o(.bss.sCard)
    [Anonymous Symbol]                       0x2000065c   Section        0  lto-llvm-0bb0b3.o(.bss.sCard)
    sector_0                                 0x20000670   Data          48  lto-llvm-0bb0b3.o(.bss.sector_0)
    [Anonymous Symbol]                       0x20000670   Section        0  lto-llvm-0bb0b3.o(.bss.sector_0)
    sector_1                                 0x200006a0   Data          48  lto-llvm-0bb0b3.o(.bss.sector_1)
    [Anonymous Symbol]                       0x200006a0   Section        0  lto-llvm-0bb0b3.o(.bss.sector_1)
    sector_2                                 0x200006d0   Data          48  lto-llvm-0bb0b3.o(.bss.sector_2)
    [Anonymous Symbol]                       0x200006d0   Section        0  lto-llvm-0bb0b3.o(.bss.sector_2)
    spi_buff                                 0x20000700   Data           8  lto-llvm-0bb0b3.o(.bss.spi_buff)
    [Anonymous Symbol]                       0x20000700   Section        0  lto-llvm-0bb0b3.o(.bss.spi_buff)
    spi_buff.98                              0x20000708   Data          66  lto-llvm-0bb0b3.o(.bss.spi_buff.98)
    [Anonymous Symbol]                       0x20000708   Section        0  lto-llvm-0bb0b3.o(.bss.spi_buff.98)
    sys_stat                                 0x2000074a   Data           1  lto-llvm-0bb0b3.o(.bss.sys_stat)
    [Anonymous Symbol]                       0x2000074a   Section        0  lto-llvm-0bb0b3.o(.bss.sys_stat)
    system_id                                0x2000074c   Data           2  lto-llvm-0bb0b3.o(.bss.system_id)
    [Anonymous Symbol]                       0x2000074c   Section        0  lto-llvm-0bb0b3.o(.bss.system_id)
    temp_cfg                                 0x2000074e   Data           1  lto-llvm-0bb0b3.o(.bss.temp_cfg)
    [Anonymous Symbol]                       0x2000074e   Section        0  lto-llvm-0bb0b3.o(.bss.temp_cfg)
    temp_dif                                 0x2000074f   Data           1  lto-llvm-0bb0b3.o(.bss.temp_dif)
    [Anonymous Symbol]                       0x2000074f   Section        0  lto-llvm-0bb0b3.o(.bss.temp_dif)
    temp_mv                                  0x20000750   Data           1  lto-llvm-0bb0b3.o(.bss.temp_mv)
    [Anonymous Symbol]                       0x20000750   Section        0  lto-llvm-0bb0b3.o(.bss.temp_mv)
    temp_sp                                  0x20000751   Data           1  lto-llvm-0bb0b3.o(.bss.temp_sp)
    [Anonymous Symbol]                       0x20000751   Section        0  lto-llvm-0bb0b3.o(.bss.temp_sp)
    unix_room                                0x20000754   Data           4  lto-llvm-0bb0b3.o(.bss.unix_room)
    [Anonymous Symbol]                       0x20000754   Section        0  lto-llvm-0bb0b3.o(.bss.unix_room)
    unix_rtc                                 0x20000758   Data           4  lto-llvm-0bb0b3.o(.bss.unix_rtc)
    [Anonymous Symbol]                       0x20000758   Section        0  lto-llvm-0bb0b3.o(.bss.unix_rtc)
    uwTick                                   0x2000075c   Data           4  lto-llvm-0bb0b3.o(.bss.uwTick)
    [Anonymous Symbol]                       0x2000075c   Section        0  lto-llvm-0bb0b3.o(.bss.uwTick)
    STACK                                    0x20000760   Section    12288  startup_stm32f103xb.o(STACK)

    Global Symbols

    Symbol Name                              Value     Ov Type        Size  Object(Section)

    BuildAttributes$$THM_ISAv4$P$D$K$B$S$PE$A:L22UL41UL21$X:L11$S22US41US21$IEEE1$IW$~IW$USESV6$~STKCKD$USESV7$~SHL$OSPACE$IEEEF$EBA8$MICROLIB$REQ8$PRES8$EABIv2 0x00000000   Number         0  anon$$obj.o ABSOLUTE
    __cpp_initialize__aeabi_                  - Undefined Weak Reference
    __cxa_finalize                            - Undefined Weak Reference
    __decompress                              - Undefined Weak Reference
    _clock_init                               - Undefined Weak Reference
    _microlib_exit                            - Undefined Weak Reference
    __Vectors_Size                           0x000000ec   Number         0  startup_stm32f103xb.o ABSOLUTE
    __Vectors                                0x08003000   Data           4  startup_stm32f103xb.o(RESET)
    __Vectors_End                            0x080030ec   Data           0  startup_stm32f103xb.o(RESET)
    __main                                   0x080030ed   Thumb Code     0  entry.o(.ARM.Collect$$$$00000000)
    _main_stk                                0x080030ed   Thumb Code     0  entry2.o(.ARM.Collect$$$$00000001)
    _main_scatterload                        0x080030f1   Thumb Code     0  entry5.o(.ARM.Collect$$$$00000004)
    __main_after_scatterload                 0x080030f5   Thumb Code     0  entry5.o(.ARM.Collect$$$$00000004)
    _main_clock                              0x080030f5   Thumb Code     0  entry7b.o(.ARM.Collect$$$$00000008)
    _main_cpp_init                           0x080030f5   Thumb Code     0  entry8b.o(.ARM.Collect$$$$0000000A)
    _main_init                               0x080030f5   Thumb Code     0  entry9a.o(.ARM.Collect$$$$0000000B)
    __rt_final_cpp                           0x080030fd   Thumb Code     0  entry10a.o(.ARM.Collect$$$$0000000D)
    __rt_final_exit                          0x080030fd   Thumb Code     0  entry11a.o(.ARM.Collect$$$$0000000F)
    Reset_Handler                            0x08003101   Thumb Code     8  startup_stm32f103xb.o(.text)
    NMI_Handler                              0x08003109   Thumb Code     2  startup_stm32f103xb.o(.text)
    HardFault_Handler                        0x0800310b   Thumb Code     2  startup_stm32f103xb.o(.text)
    MemManage_Handler                        0x0800310d   Thumb Code     2  startup_stm32f103xb.o(.text)
    BusFault_Handler                         0x0800310f   Thumb Code     2  startup_stm32f103xb.o(.text)
    UsageFault_Handler                       0x08003111   Thumb Code     2  startup_stm32f103xb.o(.text)
    DebugMon_Handler                         0x08003115   Thumb Code     2  startup_stm32f103xb.o(.text)
    ADC1_2_IRQHandler                        0x0800311b   Thumb Code     0  startup_stm32f103xb.o(.text)
    CAN1_RX1_IRQHandler                      0x0800311b   Thumb Code     0  startup_stm32f103xb.o(.text)
    CAN1_SCE_IRQHandler                      0x0800311b   Thumb Code     0  startup_stm32f103xb.o(.text)
    DMA1_Channel1_IRQHandler                 0x0800311b   Thumb Code     0  startup_stm32f103xb.o(.text)
    DMA1_Channel2_IRQHandler                 0x0800311b   Thumb Code     0  startup_stm32f103xb.o(.text)
    DMA1_Channel3_IRQHandler                 0x0800311b   Thumb Code     0  startup_stm32f103xb.o(.text)
    DMA1_Channel4_IRQHandler                 0x0800311b   Thumb Code     0  startup_stm32f103xb.o(.text)
    DMA1_Channel5_IRQHandler                 0x0800311b   Thumb Code     0  startup_stm32f103xb.o(.text)
    DMA1_Channel6_IRQHandler                 0x0800311b   Thumb Code     0  startup_stm32f103xb.o(.text)
    DMA1_Channel7_IRQHandler                 0x0800311b   Thumb Code     0  startup_stm32f103xb.o(.text)
    EXTI0_IRQHandler                         0x0800311b   Thumb Code     0  startup_stm32f103xb.o(.text)
    EXTI15_10_IRQHandler                     0x0800311b   Thumb Code     0  startup_stm32f103xb.o(.text)
    EXTI1_IRQHandler                         0x0800311b   Thumb Code     0  startup_stm32f103xb.o(.text)
    EXTI2_IRQHandler                         0x0800311b   Thumb Code     0  startup_stm32f103xb.o(.text)
    EXTI3_IRQHandler                         0x0800311b   Thumb Code     0  startup_stm32f103xb.o(.text)
    EXTI4_IRQHandler                         0x0800311b   Thumb Code     0  startup_stm32f103xb.o(.text)
    EXTI9_5_IRQHandler                       0x0800311b   Thumb Code     0  startup_stm32f103xb.o(.text)
    FLASH_IRQHandler                         0x0800311b   Thumb Code     0  startup_stm32f103xb.o(.text)
    I2C1_ER_IRQHandler                       0x0800311b   Thumb Code     0  startup_stm32f103xb.o(.text)
    I2C1_EV_IRQHandler                       0x0800311b   Thumb Code     0  startup_stm32f103xb.o(.text)
    I2C2_ER_IRQHandler                       0x0800311b   Thumb Code     0  startup_stm32f103xb.o(.text)
    I2C2_EV_IRQHandler                       0x0800311b   Thumb Code     0  startup_stm32f103xb.o(.text)
    RCC_IRQHandler                           0x0800311b   Thumb Code     0  startup_stm32f103xb.o(.text)
    RTC_Alarm_IRQHandler                     0x0800311b   Thumb Code     0  startup_stm32f103xb.o(.text)
    RTC_IRQHandler                           0x0800311b   Thumb Code     0  startup_stm32f103xb.o(.text)
    SPI1_IRQHandler                          0x0800311b   Thumb Code     0  startup_stm32f103xb.o(.text)
    SPI2_IRQHandler                          0x0800311b   Thumb Code     0  startup_stm32f103xb.o(.text)
    TAMPER_IRQHandler                        0x0800311b   Thumb Code     0  startup_stm32f103xb.o(.text)
    TIM1_BRK_IRQHandler                      0x0800311b   Thumb Code     0  startup_stm32f103xb.o(.text)
    TIM1_CC_IRQHandler                       0x0800311b   Thumb Code     0  startup_stm32f103xb.o(.text)
    TIM1_TRG_COM_IRQHandler                  0x0800311b   Thumb Code     0  startup_stm32f103xb.o(.text)
    TIM1_UP_IRQHandler                       0x0800311b   Thumb Code     0  startup_stm32f103xb.o(.text)
    TIM2_IRQHandler                          0x0800311b   Thumb Code     0  startup_stm32f103xb.o(.text)
    TIM3_IRQHandler                          0x0800311b   Thumb Code     0  startup_stm32f103xb.o(.text)
    TIM4_IRQHandler                          0x0800311b   Thumb Code     0  startup_stm32f103xb.o(.text)
    USART3_IRQHandler                        0x0800311b   Thumb Code     0  startup_stm32f103xb.o(.text)
    USBWakeUp_IRQHandler                     0x0800311b   Thumb Code     0  startup_stm32f103xb.o(.text)
    USB_HP_CAN1_TX_IRQHandler                0x0800311b   Thumb Code     0  startup_stm32f103xb.o(.text)
    USB_LP_CAN1_RX0_IRQHandler               0x0800311b   Thumb Code     0  startup_stm32f103xb.o(.text)
    WWDG_IRQHandler                          0x0800311b   Thumb Code     0  startup_stm32f103xb.o(.text)
    strlen                                   0x08003125   Thumb Code    14  strlen.o(.text)
    __scatterload                            0x08003135   Thumb Code    28  init.o(.text)
    __scatterload_rt2                        0x08003135   Thumb Code     0  init.o(.text)
    __aeabi_memset                           0x08003159   Thumb Code    14  memseta.o(.text)
    __aeabi_memset4                          0x08003159   Thumb Code     0  memseta.o(.text)
    __aeabi_memset8                          0x08003159   Thumb Code     0  memseta.o(.text)
    __aeabi_memclr                           0x08003167   Thumb Code     4  memseta.o(.text)
    __aeabi_memclr4                          0x08003167   Thumb Code     0  memseta.o(.text)
    __aeabi_memclr8                          0x08003167   Thumb Code     0  memseta.o(.text)
    _memset$wrapper                          0x0800316b   Thumb Code    18  memseta.o(.text)
    PendSV_Handler                           0x08004fef   Thumb Code     2  lto-llvm-0bb0b3.o(.text.PendSV_Handler)
    SVC_Handler                              0x08004ff1   Thumb Code     2  lto-llvm-0bb0b3.o(.text.SVC_Handler)
    __scatterload_null                       0x08004fff   Thumb Code     2  handlers.o(i.__scatterload_null)
    size                                     0x08005000   Data           4  lto-llvm-0bb0b3.o(.ARM.__at_0x08005000)
    crc_32                                   0x08005004   Data           4  lto-llvm-0bb0b3.o(.ARM.__at_0x08005004)
    version                                  0x08005008   Data           4  lto-llvm-0bb0b3.o(.ARM.__at_0x08005008)
    address                                  0x0800500c   Data           4  lto-llvm-0bb0b3.o(.ARM.__at_0x0800500C)
    PVD_IRQHandler                           0x08007231   Thumb Code    22  lto-llvm-0bb0b3.o(.text.PVD_IRQHandler)
    SysTick_Handler                          0x08008409   Thumb Code   362  lto-llvm-0bb0b3.o(.text.SysTick_Handler)
    SystemInit                               0x08008899   Thumb Code    84  lto-llvm-0bb0b3.o(.text.SystemInit)
    USART1_IRQHandler                        0x0800915b   Thumb Code    12  lto-llvm-0bb0b3.o(.text.USART1_IRQHandler)
    USART2_IRQHandler                        0x08009167   Thumb Code    12  lto-llvm-0bb0b3.o(.text.USART2_IRQHandler)
    main                                     0x08009199   Thumb Code 21800  lto-llvm-0bb0b3.o(.text.main)
    __scatterload_copy                       0x0800e82d   Thumb Code    14  handlers.o(i.__scatterload_copy)
    __scatterload_zeroinit                   0x0800e83b   Thumb Code    14  handlers.o(i.__scatterload_zeroinit)
    Region$$Table$$Base                      0x0800ee38   Number         0  anon$$obj.o(Region$$Table)
    Region$$Table$$Limit                     0x0800ee58   Number         0  anon$$obj.o(Region$$Table)
    __initial_sp                             0x20003760   Data           0  startup_stm32f103xb.o(STACK)



==============================================================================

Memory Map of the image

  Image Entry point : 0x080030ed

  Load Region LR_IROM1 (Base: 0x08003000, Size: 0x0000be60, Max: 0x0000d000, ABSOLUTE)

    Execution Region ER_IROM1 (Exec base: 0x08003000, Load base: 0x08003000, Size: 0x0000be58, Max: 0x0000d000, ABSOLUTE)

    Exec Addr    Load Addr    Size         Type   Attr      Idx    E Section Name        Object

    0x08003000   0x08003000   0x000000ec   Data   RO           25    RESET               startup_stm32f103xb.o
    0x080030ec   0x080030ec   0x00000000   Code   RO           44  * .ARM.Collect$$$$00000000  mc_w.l(entry.o)
    0x080030ec   0x080030ec   0x00000004   Code   RO           49    .ARM.Collect$$$$00000001  mc_w.l(entry2.o)
    0x080030f0   0x080030f0   0x00000004   Code   RO           52    .ARM.Collect$$$$00000004  mc_w.l(entry5.o)
    0x080030f4   0x080030f4   0x00000000   Code   RO           54    .ARM.Collect$$$$00000008  mc_w.l(entry7b.o)
    0x080030f4   0x080030f4   0x00000000   Code   RO           56    .ARM.Collect$$$$0000000A  mc_w.l(entry8b.o)
    0x080030f4   0x080030f4   0x00000008   Code   RO           57    .ARM.Collect$$$$0000000B  mc_w.l(entry9a.o)
    0x080030fc   0x080030fc   0x00000000   Code   RO           59    .ARM.Collect$$$$0000000D  mc_w.l(entry10a.o)
    0x080030fc   0x080030fc   0x00000000   Code   RO           61    .ARM.Collect$$$$0000000F  mc_w.l(entry11a.o)
    0x080030fc   0x080030fc   0x00000004   Code   RO           50    .ARM.Collect$$$$00002712  mc_w.l(entry2.o)
    0x08003100   0x08003100   0x00000024   Code   RO           26    .text               startup_stm32f103xb.o
    0x08003124   0x08003124   0x0000000e   Code   RO           47    .text               mc_w.l(strlen.o)
    0x08003132   0x08003132   0x00000002   PAD
    0x08003134   0x08003134   0x00000024   Code   RO           63    .text               mc_w.l(init.o)
    0x08003158   0x08003158   0x00000024   Code   RO          446    .text               mc_w.l(memseta.o)
    0x0800317c   0x0800317c   0x000000cc   Code   RO          264    .text.BootloaderExe  lto-llvm-0bb0b3.o
    0x08003248   0x08003248   0x0000003c   Code   RO          270    .text.CAP1293_ReadRegister  lto-llvm-0bb0b3.o
    0x08003284   0x08003284   0x00000026   Code   RO          268    .text.CAP1293_WriteRegister  lto-llvm-0bb0b3.o
    0x080032aa   0x080032aa   0x00000002   PAD
    0x080032ac   0x080032ac   0x00000030   Code   RO          160    .text.CharToBinStr  lto-llvm-0bb0b3.o
    0x080032dc   0x080032dc   0x00000036   Code   RO          192    .text.DISP_AddressSet  lto-llvm-0bb0b3.o
    0x08003312   0x08003312   0x00000002   PAD
    0x08003314   0x08003314   0x00000088   Code   RO          186    .text.DISP_Clear    lto-llvm-0bb0b3.o
    0x0800339c   0x0800339c   0x000000bc   Code   RO          198    .text.DISP_Image    lto-llvm-0bb0b3.o
    0x08003458   0x08003458   0x000001b8   Code   RO          190    .text.DISP_PrintCharacter  lto-llvm-0bb0b3.o
    0x08003610   0x08003610   0x00000398   Code   RO          200    .text.DISP_PrintMenuValue  lto-llvm-0bb0b3.o
    0x080039a8   0x080039a8   0x000000b4   Code   RO          196    .text.DISP_PrintNumber  lto-llvm-0bb0b3.o
    0x08003a5c   0x08003a5c   0x00000086   Code   RO          188    .text.DISP_PrintString  lto-llvm-0bb0b3.o
    0x08003ae2   0x08003ae2   0x00000058   Code   RO          184    .text.DISP_SetOrientation  lto-llvm-0bb0b3.o
    0x08003b3a   0x08003b3a   0x0000003c   Code   RO          182    .text.DISP_WriteByte  lto-llvm-0bb0b3.o
    0x08003b76   0x08003b76   0x00000040   Code   RO          194    .text.DISP_WriteInt  lto-llvm-0bb0b3.o
    0x08003bb6   0x08003bb6   0x0000003c   Code   RO          180    .text.DISP_WriteRegister  lto-llvm-0bb0b3.o
    0x08003bf2   0x08003bf2   0x000001ee   Code   RO          272    .text.DOUT_Buzzer   lto-llvm-0bb0b3.o
    0x08003de0   0x08003de0   0x000002a2   Code   RO          266    .text.DOUT_Service  lto-llvm-0bb0b3.o
    0x08004082   0x08004082   0x00000002   PAD
    0x08004084   0x08004084   0x00000100   Code   RO          178    .text.EEPROM_Save   lto-llvm-0bb0b3.o
    0x08004184   0x08004184   0x00000174   Code   RO          252    .text.ErrorHandler  lto-llvm-0bb0b3.o
    0x080042f8   0x080042f8   0x00000058   Code   RO          170    .text.FLASH_ReadPage  lto-llvm-0bb0b3.o
    0x08004350   0x08004350   0x000000b4   Code   RO           76    .text.FLASH_WaitForLastOperation  lto-llvm-0bb0b3.o
    0x08004404   0x08004404   0x00000096   Code   RO          176    .text.FLASH_WaitReadyStatus  lto-llvm-0bb0b3.o
    0x0800449a   0x0800449a   0x00000036   Code   RO          174    .text.FLASH_WriteEnable  lto-llvm-0bb0b3.o
    0x080044d0   0x080044d0   0x00000062   Code   RO          172    .text.FLASH_WritePage  lto-llvm-0bb0b3.o
    0x08004532   0x08004532   0x00000002   PAD
    0x08004534   0x08004534   0x000000f8   Code   RO          236    .text.FormatFileStorage  lto-llvm-0bb0b3.o
    0x0800462c   0x0800462c   0x00000042   Code   RO           74    .text.HAL_CRC_Init  lto-llvm-0bb0b3.o
    0x0800466e   0x0800466e   0x00000002   PAD
    0x08004670   0x08004670   0x00000100   Code   RO           80    .text.HAL_GPIO_DeInit  lto-llvm-0bb0b3.o
    0x08004770   0x08004770   0x00000202   Code   RO           78    .text.HAL_GPIO_Init  lto-llvm-0bb0b3.o
    0x08004972   0x08004972   0x00000002   PAD
    0x08004974   0x08004974   0x00000162   Code   RO           92    .text.HAL_I2C_IsDeviceReady  lto-llvm-0bb0b3.o
    0x08004ad6   0x08004ad6   0x00000002   PAD
    0x08004ad8   0x08004ad8   0x00000304   Code   RO           88    .text.HAL_I2C_Master_Receive  lto-llvm-0bb0b3.o
    0x08004ddc   0x08004ddc   0x000001e4   Code   RO           82    .text.HAL_I2C_Master_Transmit  lto-llvm-0bb0b3.o
    0x08004fc0   0x08004fc0   0x00000004   Code   RO           70    .text.HAL_NVIC_SystemReset  lto-llvm-0bb0b3.o
    0x08004fc4   0x08004fc4   0x0000002a   Code   RO          142    .text.HAL_SPI_MspDeInit  lto-llvm-0bb0b3.o
    0x08004fee   0x08004fee   0x00000002   Code   RO          150    .text.PendSV_Handler  lto-llvm-0bb0b3.o
    0x08004ff0   0x08004ff0   0x00000002   Code   RO          148    .text.SVC_Handler   lto-llvm-0bb0b3.o
    0x08004ff2   0x08004ff2   0x0000000c   Code   RO          138    .text.UART_DMAAbortOnError  lto-llvm-0bb0b3.o
    0x08004ffe   0x08004ffe   0x00000002   Code   RO          451    i.__scatterload_null  mc_w.l(handlers.o)
    0x08005000   0x08005000   0x00000004   Data   RO          279    .ARM.__at_0x08005000  lto-llvm-0bb0b3.o
    0x08005004   0x08005004   0x00000004   Data   RO          280    .ARM.__at_0x08005004  lto-llvm-0bb0b3.o
    0x08005008   0x08005008   0x00000004   Data   RO          281    .ARM.__at_0x08005008  lto-llvm-0bb0b3.o
    0x0800500c   0x0800500c   0x00000004   Data   RO          282    .ARM.__at_0x0800500C  lto-llvm-0bb0b3.o
    0x08005010   0x08005010   0x0000004a   Code   RO           68    .text.HAL_InitTick  lto-llvm-0bb0b3.o
    0x0800505a   0x0800505a   0x00000002   PAD
    0x0800505c   0x0800505c   0x00000240   Code   RO          100    .text.HAL_RTC_GetTime  lto-llvm-0bb0b3.o
    0x0800529c   0x0800529c   0x000000de   Code   RO          104    .text.HAL_RTC_SetDate  lto-llvm-0bb0b3.o
    0x0800537a   0x0800537a   0x000000aa   Code   RO           94    .text.HAL_RTC_SetTime  lto-llvm-0bb0b3.o
    0x08005424   0x08005424   0x0000007c   Code   RO          112    .text.HAL_SPI_Init  lto-llvm-0bb0b3.o
    0x080054a0   0x080054a0   0x0000005e   Code   RO          140    .text.HAL_SPI_MspInit  lto-llvm-0bb0b3.o
    0x080054fe   0x080054fe   0x00000002   PAD
    0x08005500   0x08005500   0x000002c0   Code   RO          110    .text.HAL_SPI_Receive  lto-llvm-0bb0b3.o
    0x080057c0   0x080057c0   0x00000178   Code   RO          106    .text.HAL_SPI_Transmit  lto-llvm-0bb0b3.o
    0x08005938   0x08005938   0x00000050   Code   RO          122    .text.HAL_TIMEx_MasterConfigSynchronization  lto-llvm-0bb0b3.o
    0x08005988   0x08005988   0x0000004a   Code   RO          144    .text.HAL_TIM_MspPostInit  lto-llvm-0bb0b3.o
    0x080059d2   0x080059d2   0x00000096   Code   RO          120    .text.HAL_TIM_PWM_ConfigChannel  lto-llvm-0bb0b3.o
    0x08005a68   0x08005a68   0x00000080   Code   RO          116    .text.HAL_TIM_PWM_DeInit  lto-llvm-0bb0b3.o
    0x08005ae8   0x08005ae8   0x00000126   Code   RO          114    .text.HAL_TIM_PWM_Init  lto-llvm-0bb0b3.o
    0x08005c0e   0x08005c0e   0x00000060   Code   RO          118    .text.HAL_TIM_PWM_Stop  lto-llvm-0bb0b3.o
    0x08005c6e   0x08005c6e   0x0000005c   Code   RO          240    .text.HAL_UART_ErrorCallback  lto-llvm-0bb0b3.o
    0x08005cca   0x08005cca   0x000001ec   Code   RO          134    .text.HAL_UART_IRQHandler  lto-llvm-0bb0b3.o
    0x08005eb6   0x08005eb6   0x00000312   Code   RO          124    .text.HAL_UART_Init  lto-llvm-0bb0b3.o
    0x080061c8   0x080061c8   0x0000006a   Code   RO          146    .text.HAL_UART_MspDeInit  lto-llvm-0bb0b3.o
    0x08006232   0x08006232   0x00000002   PAD
    0x08006234   0x08006234   0x000000b2   Code   RO          130    .text.HAL_UART_Receive  lto-llvm-0bb0b3.o
    0x080062e6   0x080062e6   0x00000058   Code   RO          132    .text.HAL_UART_Receive_IT  lto-llvm-0bb0b3.o
    0x0800633e   0x0800633e   0x00000002   PAD
    0x08006340   0x08006340   0x000000b4   Code   RO          126    .text.HAL_UART_Transmit  lto-llvm-0bb0b3.o
    0x080063f4   0x080063f4   0x0000005e   Code   RO          166    .text.Hex2Str       lto-llvm-0bb0b3.o
    0x08006452   0x08006452   0x00000002   PAD
    0x08006454   0x08006454   0x00000062   Code   RO           84    .text.I2C_WaitOnFlagUntilTimeout  lto-llvm-0bb0b3.o
    0x080064b6   0x080064b6   0x00000002   PAD
    0x080064b8   0x080064b8   0x0000007c   Code   RO           86    .text.I2C_WaitOnMasterAddressFlagUntilTimeout  lto-llvm-0bb0b3.o
    0x08006534   0x08006534   0x0000005c   Code   RO           90    .text.I2C_WaitOnRXNEFlagUntilTimeout  lto-llvm-0bb0b3.o
    0x08006590   0x08006590   0x000000ea   Code   RO          164    .text.Int2Str       lto-llvm-0bb0b3.o
    0x0800667a   0x0800667a   0x00000092   Code   RO          206    .text.LOGGER_Delete  lto-llvm-0bb0b3.o
    0x0800670c   0x0800670c   0x00000076   Code   RO          204    .text.LOGGER_Read   lto-llvm-0bb0b3.o
    0x08006782   0x08006782   0x0000010a   Code   RO          202    .text.LOGGER_Write  lto-llvm-0bb0b3.o
    0x0800688c   0x0800688c   0x00000216   Code   RO          246    .text.MX_I2C1_Init  lto-llvm-0bb0b3.o
    0x08006aa2   0x08006aa2   0x00000002   PAD
    0x08006aa4   0x08006aa4   0x000001d8   Code   RO          248    .text.MX_RTC_Init   lto-llvm-0bb0b3.o
    0x08006c7c   0x08006c7c   0x00000048   Code   RO          250    .text.MX_SPI2_Init  lto-llvm-0bb0b3.o
    0x08006cc4   0x08006cc4   0x000000c0   Code   RO          254    .text.MX_TIM1_Init  lto-llvm-0bb0b3.o
    0x08006d84   0x08006d84   0x000000a8   Code   RO          256    .text.MX_TIM2_Init  lto-llvm-0bb0b3.o
    0x08006e2c   0x08006e2c   0x000000b2   Code   RO          258    .text.MX_TIM3_Init  lto-llvm-0bb0b3.o
    0x08006ede   0x08006ede   0x00000002   PAD
    0x08006ee0   0x08006ee0   0x00000074   Code   RO          260    .text.MX_USART1_Init  lto-llvm-0bb0b3.o
    0x08006f54   0x08006f54   0x00000044   Code   RO          262    .text.MX_USART2_Init  lto-llvm-0bb0b3.o
    0x08006f98   0x08006f98   0x00000230   Code   RO          230    .text.OW_RS485_Bridge  lto-llvm-0bb0b3.o
    0x080071c8   0x080071c8   0x00000068   Code   RO          228    .text.OW_SetUsart   lto-llvm-0bb0b3.o
    0x08007230   0x08007230   0x00000016   Code   RO          154    .text.PVD_IRQHandler  lto-llvm-0bb0b3.o
    0x08007246   0x08007246   0x00000022   Code   RO          210    .text.RC522_AntennaOn  lto-llvm-0bb0b3.o
    0x08007268   0x08007268   0x0000004c   Code   RO          218    .text.RC522_Anticoll  lto-llvm-0bb0b3.o
    0x080072b4   0x080072b4   0x0000005a   Code   RO          224    .text.RC522_Auth    lto-llvm-0bb0b3.o
    0x0800730e   0x0800730e   0x00000002   PAD
    0x08007310   0x08007310   0x00000068   Code   RO          220    .text.RC522_CalculateCRC  lto-llvm-0bb0b3.o
    0x08007378   0x08007378   0x00000042   Code   RO          216    .text.RC522_Halt    lto-llvm-0bb0b3.o
    0x080073ba   0x080073ba   0x0000004c   Code   RO          226    .text.RC522_Read    lto-llvm-0bb0b3.o
    0x08007406   0x08007406   0x00000042   Code   RO          212    .text.RC522_ReadRegister  lto-llvm-0bb0b3.o
    0x08007448   0x08007448   0x00000042   Code   RO          214    .text.RC522_Request  lto-llvm-0bb0b3.o
    0x0800748a   0x0800748a   0x00000002   PAD
    0x0800748c   0x0800748c   0x0000011a   Code   RO          222    .text.RC522_ToCard  lto-llvm-0bb0b3.o
    0x080075a6   0x080075a6   0x00000026   Code   RO          208    .text.RC522_WriteRegister  lto-llvm-0bb0b3.o
    0x080075cc   0x080075cc   0x0000009e   Code   RO          232    .text.RS485_Init    lto-llvm-0bb0b3.o
    0x0800766a   0x0800766a   0x00000002   PAD
    0x0800766c   0x0800766c   0x000000ce   Code   RO          238    .text.RS485_Response  lto-llvm-0bb0b3.o
    0x0800773a   0x0800773a   0x00000002   PAD
    0x0800773c   0x0800773c   0x00000a84   Code   RO          234    .text.RS485_Service  lto-llvm-0bb0b3.o
    0x080081c0   0x080081c0   0x00000070   Code   RO          102    .text.RTC_WeekDayNum  lto-llvm-0bb0b3.o
    0x08008230   0x08008230   0x00000062   Code   RO           98    .text.RTC_WriteAlarmCounter  lto-llvm-0bb0b3.o
    0x08008292   0x08008292   0x00000002   PAD
    0x08008294   0x08008294   0x00000062   Code   RO           96    .text.RTC_WriteTimeCounter  lto-llvm-0bb0b3.o
    0x080082f6   0x080082f6   0x00000002   PAD
    0x080082f8   0x080082f8   0x000000b4   Code   RO          108    .text.SPI_WaitFlagStateUntilTimeout  lto-llvm-0bb0b3.o
    0x080083ac   0x080083ac   0x0000005a   Code   RO          162    .text.Str2Int       lto-llvm-0bb0b3.o
    0x08008406   0x08008406   0x00000002   PAD
    0x08008408   0x08008408   0x0000016a   Code   RO          152    .text.SysTick_Handler  lto-llvm-0bb0b3.o
    0x08008572   0x08008572   0x00000002   PAD
    0x08008574   0x08008574   0x00000324   Code   RO          244    .text.SystemClock_Config  lto-llvm-0bb0b3.o
    0x08008898   0x08008898   0x00000054   Code   RO           66    .text.SystemInit    lto-llvm-0bb0b3.o
    0x080088ec   0x080088ec   0x00000806   Code   RO          136    .text.UART_Receive_IT  lto-llvm-0bb0b3.o
    0x080090f2   0x080090f2   0x00000002   PAD
    0x080090f4   0x080090f4   0x00000066   Code   RO          128    .text.UART_WaitOnFlagUntilTimeout  lto-llvm-0bb0b3.o
    0x0800915a   0x0800915a   0x0000000c   Code   RO          156    .text.USART1_IRQHandler  lto-llvm-0bb0b3.o
    0x08009166   0x08009166   0x0000000c   Code   RO          158    .text.USART2_IRQHandler  lto-llvm-0bb0b3.o
    0x08009172   0x08009172   0x00000002   PAD
    0x08009174   0x08009174   0x00000024   Code   RO           72    .text.__NVIC_SystemReset  lto-llvm-0bb0b3.o
    0x08009198   0x08009198   0x00005528   Code   RO          242    .text.main          lto-llvm-0bb0b3.o
    0x0800e6c0   0x0800e6c0   0x0000016c   Code   RO          168    .text.rtc2unix      lto-llvm-0bb0b3.o
    0x0800e82c   0x0800e82c   0x0000000e   Code   RO          450    i.__scatterload_copy  mc_w.l(handlers.o)
    0x0800e83a   0x0800e83a   0x0000000e   Code   RO          452    i.__scatterload_zeroinit  mc_w.l(handlers.o)
    0x0800e848   0x0800e848   0x00000008   Data   RO          275    .rodata.cst8        lto-llvm-0bb0b3.o
    0x0800e850   0x0800e850   0x00000080   Data   RO          285    .rodata.item        lto-llvm-0bb0b3.o
    0x0800e8d0   0x0800e8d0   0x00000565   Data   RO          284    .rodata.str1.1      lto-llvm-0bb0b3.o
    0x0800ee35   0x0800ee35   0x00000003   PAD
    0x0800ee38   0x0800ee38   0x00000020   Data   RO          449    Region$$Table       anon$$obj.o


    Execution Region RW_IRAM1 (Exec base: 0x20000000, Load base: 0x0800ee58, Size: 0x00003760, Max: 0x00005000, ABSOLUTE)

    Exec Addr    Load Addr    Size         Type   Attr      Idx    E Section Name        Object

    0x20000000   0x0800ee58   0x00000001   Data   RW          386    .data.ROOM_Service._min  lto-llvm-0bb0b3.o
    0x20000001   0x0800ee59   0x00000003   PAD
    0x20000004   0x0800ee5c   0x00000004   Data   RW          274    .data.SystemCoreClock  lto-llvm-0bb0b3.o
    0x20000008        -       0x00000001   Zero   RW          388    .bss.BUZZ_State     lto-llvm-0bb0b3.o
    0x20000009        -       0x00000001   Zero   RW          278    .bss.COM_Link       lto-llvm-0bb0b3.o
    0x2000000a   0x0800ee60   0x00000002   PAD
    0x2000000c        -       0x00000004   Zero   RW          419    .bss.DIN_Service.din_0_timer  lto-llvm-0bb0b3.o
    0x20000010        -       0x00000004   Zero   RW          420    .bss.DIN_Service.din_1_timer  lto-llvm-0bb0b3.o
    0x20000014        -       0x00000004   Zero   RW          421    .bss.DIN_Service.din_2_timer  lto-llvm-0bb0b3.o
    0x20000018        -       0x00000004   Zero   RW          422    .bss.DIN_Service.din_3_timer  lto-llvm-0bb0b3.o
    0x2000001c        -       0x00000004   Zero   RW          423    .bss.DIN_Service.din_4_timer  lto-llvm-0bb0b3.o
    0x20000020        -       0x00000004   Zero   RW          424    .bss.DIN_Service.din_5_timer  lto-llvm-0bb0b3.o
    0x20000024        -       0x00000004   Zero   RW          425    .bss.DIN_Service.din_6_timer  lto-llvm-0bb0b3.o
    0x20000028        -       0x00000004   Zero   RW          426    .bss.DIN_Service.din_7_timer  lto-llvm-0bb0b3.o
    0x2000002c        -       0x00000004   Zero   RW          430    .bss.DIN_Service.door_bell_signal_timer  lto-llvm-0bb0b3.o
    0x20000030        -       0x00000004   Zero   RW          431    .bss.DIN_Service.door_bell_sw_time  lto-llvm-0bb0b3.o
    0x20000034        -       0x00000004   Zero   RW          429    .bss.DIN_Service.door_bell_sw_timer  lto-llvm-0bb0b3.o
    0x20000038        -       0x00000004   Zero   RW          428    .bss.DIN_Service.entry_door_pcnt  lto-llvm-0bb0b3.o
    0x2000003c        -       0x00000004   Zero   RW          427    .bss.DIN_Service.entry_door_tmr  lto-llvm-0bb0b3.o
    0x20000040        -       0x00000004   Zero   RW          433    .bss.DIN_Service.handmaid_signal_timer  lto-llvm-0bb0b3.o
    0x20000044        -       0x00000004   Zero   RW          435    .bss.DIN_Service.handmaid_sw_time  lto-llvm-0bb0b3.o
    0x20000048        -       0x00000004   Zero   RW          432    .bss.DIN_Service.handmaid_sw_timer  lto-llvm-0bb0b3.o
    0x2000004c        -       0x00000001   Zero   RW          434    .bss.DIN_Service.old_state  lto-llvm-0bb0b3.o
    0x2000004d   0x0800ee60   0x00000003   PAD
    0x20000050        -       0x00000004   Zero   RW          418    .bss.DIO_Service.doorlock_timer  lto-llvm-0bb0b3.o
    0x20000054        -       0x00000001   Zero   RW          417    .bss.DIO_Service.dout_0_7_mem  lto-llvm-0bb0b3.o
    0x20000055   0x0800ee60   0x00000003   PAD
    0x20000058        -       0x00000004   Zero   RW          308    .bss.DISP_CheckLcd.check_delay  lto-llvm-0bb0b3.o
    0x2000005c        -       0x00000004   Zero   RW          306    .bss.DISP_DateTime.delay_timer  lto-llvm-0bb0b3.o
    0x20000060        -       0x00000004   Zero   RW          307    .bss.DISP_DateTime.temp_day  lto-llvm-0bb0b3.o
    0x20000064        -       0x00000001   Zero   RW          302    .bss.DISP_Service.disp_menu_toutime  lto-llvm-0bb0b3.o
    0x20000065   0x0800ee60   0x00000003   PAD
    0x20000068        -       0x00000004   Zero   RW          303    .bss.DISP_Service.disp_menu_toutmr  lto-llvm-0bb0b3.o
    0x2000006c        -       0x00000004   Zero   RW          300    .bss.DISP_Service.display_time  lto-llvm-0bb0b3.o
    0x20000070        -       0x00000004   Zero   RW          299    .bss.DISP_Service.display_timer  lto-llvm-0bb0b3.o
    0x20000074        -       0x00000004   Zero   RW          304    .bss.DISP_Service.jrn_char  lto-llvm-0bb0b3.o
    0x20000078        -       0x00000004   Zero   RW          301    .bss.DISP_Service.preview_img_cnt  lto-llvm-0bb0b3.o
    0x2000007c        -       0x00000004   Zero   RW          305    .bss.DISP_Temperature.mv_tmr  lto-llvm-0bb0b3.o
    0x20000080        -       0x00000001   Zero   RW          402    .bss.ErrorHandler.drv  lto-llvm-0bb0b3.o
    0x20000081   0x0800ee60   0x00000003   PAD
    0x20000084        -       0x0000000e   Zero   RW          309    .bss.LogEvent       lto-llvm-0bb0b3.o
    0x20000092   0x0800ee60   0x00000002   PAD
    0x20000094        -       0x00000004   Zero   RW          341    .bss.OW_Service.cs_delay  lto-llvm-0bb0b3.o
    0x20000098        -       0x00000001   Zero   RW          340    .bss.OW_Service.errcnt  lto-llvm-0bb0b3.o
    0x20000099   0x0800ee60   0x00000003   PAD
    0x2000009c        -       0x00000040   Zero   RW          338    .bss.OW_Service.owbuf  lto-llvm-0bb0b3.o
    0x200000dc        -       0x00000004   Zero   RW          335    .bss.OW_Service.owtmr  lto-llvm-0bb0b3.o
    0x200000e0        -       0x00000001   Zero   RW          336    .bss.OW_Service.pcnt  lto-llvm-0bb0b3.o
    0x200000e1        -       0x00000001   Zero   RW          337    .bss.OW_Service.repcnt  lto-llvm-0bb0b3.o
    0x200000e2        -       0x00000001   Zero   RW          339    .bss.OW_Service.stat  lto-llvm-0bb0b3.o
    0x200000e3   0x0800ee60   0x00000001   PAD
    0x200000e4        -       0x00000004   Zero   RW          329    .bss.RC522_Service.check  lto-llvm-0bb0b3.o
    0x200000e8        -       0x00000001   Zero   RW          328    .bss.RC522_Service.handmaid_card_cycles  lto-llvm-0bb0b3.o
    0x200000e9   0x0800ee60   0x00000003   PAD
    0x200000ec        -       0x00000001   Zero   RW          327    .bss.RC522_Service.handmaid_card_time  lto-llvm-0bb0b3.o
    0x200000ed   0x0800ee60   0x00000003   PAD
    0x200000f0        -       0x00000004   Zero   RW          326    .bss.RC522_Service.handmaid_card_timer  lto-llvm-0bb0b3.o
    0x200000f4        -       0x00000004   Zero   RW          325    .bss.RC522_Service.mifare_time  lto-llvm-0bb0b3.o
    0x200000f8        -       0x00000004   Zero   RW          324    .bss.RC522_Service.mifare_timer  lto-llvm-0bb0b3.o
    0x200000fc        -       0x00000001   Zero   RW          376    .bss.ROOM_PreStatus  lto-llvm-0bb0b3.o
    0x200000fd   0x0800ee60   0x00000003   PAD
    0x20000100        -       0x00000001   Zero   RW          387    .bss.ROOM_Service.init  lto-llvm-0bb0b3.o
    0x20000101        -       0x00000001   Zero   RW          375    .bss.ROOM_Status    lto-llvm-0bb0b3.o
    0x20000102   0x0800ee60   0x00000002   PAD
    0x20000104        -       0x00000004   Zero   RW          374    .bss.RS485_Service.crc_32_calculated  lto-llvm-0bb0b3.o
    0x20000108        -       0x00000004   Zero   RW          367    .bss.RS485_Service.crc_32_file  lto-llvm-0bb0b3.o
    0x2000010c        -       0x00000004   Zero   RW          372    .bss.RS485_Service.file_copy_dest_addr  lto-llvm-0bb0b3.o
    0x20000110        -       0x00000004   Zero   RW          373    .bss.RS485_Service.file_copy_size  lto-llvm-0bb0b3.o
    0x20000114        -       0x00000004   Zero   RW          371    .bss.RS485_Service.file_copy_src_addr  lto-llvm-0bb0b3.o
    0x20000118        -       0x00000004   Zero   RW          370    .bss.RS485_Service.flash_destination  lto-llvm-0bb0b3.o
    0x2000011c        -       0x00000004   Zero   RW          368    .bss.RS485_Service.fversion  lto-llvm-0bb0b3.o
    0x20000120        -       0x00000004   Zero   RW          364    .bss.RS485_Service.next_packet_number  lto-llvm-0bb0b3.o
    0x20000124        -       0x00000004   Zero   RW          363    .bss.RS485_Service.post_process  lto-llvm-0bb0b3.o
    0x20000128        -       0x00000004   Zero   RW          366    .bss.RS485_Service.total_bytes_in_file  lto-llvm-0bb0b3.o
    0x2000012c        -       0x00000004   Zero   RW          365    .bss.RS485_Service.total_packet_number  lto-llvm-0bb0b3.o
    0x20000130        -       0x00000004   Zero   RW          362    .bss.RS485_Service.upd_tout_tmr  lto-llvm-0bb0b3.o
    0x20000134        -       0x00000004   Zero   RW          369    .bss.RS485_Service.waddress  lto-llvm-0bb0b3.o
    0x20000138        -       0x00000004   Zero   RW          405    .bss.SIGNAL_Buzzer.signal_pcnt  lto-llvm-0bb0b3.o
    0x2000013c        -       0x00000004   Zero   RW          404    .bss.SIGNAL_Buzzer.signal_time  lto-llvm-0bb0b3.o
    0x20000140        -       0x00000004   Zero   RW          403    .bss.SIGNAL_Buzzer.signal_timer  lto-llvm-0bb0b3.o
    0x20000144        -       0x00000001   Zero   RW          350    .bss.activ_cmd      lto-llvm-0bb0b3.o
    0x20000145   0x0800ee60   0x00000003   PAD
    0x20000148        -       0x00000014   Zero   RW          358    .bss.appinf         lto-llvm-0bb0b3.o
    0x2000015c        -       0x00000002   Zero   RW          287    .bss.back_color     lto-llvm-0bb0b3.o
    0x2000015e        -       0x00000001   Zero   RW          382    .bss.bedd_cnt       lto-llvm-0bb0b3.o
    0x2000015f        -       0x00000001   Zero   RW          381    .bss.bedd_tim       lto-llvm-0bb0b3.o
    0x20000160        -       0x00000001   Zero   RW          415    .bss.buzzer_volume  lto-llvm-0bb0b3.o
    0x20000161   0x0800ee60   0x00000003   PAD
    0x20000164        -       0x00000005   Zero   RW          320    .bss.card_id        lto-llvm-0bb0b3.o
    0x20000169   0x0800ee60   0x00000003   PAD
    0x2000016c        -       0x00000004   Zero   RW          412    .bss.din_0_7        lto-llvm-0bb0b3.o
    0x20000170        -       0x00000004   Zero   RW          409    .bss.din_cap_sen    lto-llvm-0bb0b3.o
    0x20000174        -       0x00000008   Zero   RW          410    .bss.din_cfg        lto-llvm-0bb0b3.o
    0x2000017c        -       0x00000004   Zero   RW          411    .bss.din_state      lto-llvm-0bb0b3.o
    0x20000180        -       0x00000004   Zero   RW          416    .bss.dio_flags      lto-llvm-0bb0b3.o
    0x20000184        -       0x00000004   Zero   RW          291    .bss.disp_fl        lto-llvm-0bb0b3.o
    0x20000188        -       0x00000002   Zero   RW          298    .bss.disp_high      lto-llvm-0bb0b3.o
    0x2000018a        -       0x00000001   Zero   RW          290    .bss.disp_rot       lto-llvm-0bb0b3.o
    0x2000018b        -       0x00000001   Zero   RW          292    .bss.disp_sta       lto-llvm-0bb0b3.o
    0x2000018c        -       0x00000002   Zero   RW          297    .bss.disp_width     lto-llvm-0bb0b3.o
    0x2000018e        -       0x00000001   Zero   RW          414    .bss.doorlock_force  lto-llvm-0bb0b3.o
    0x2000018f   0x0800ee60   0x00000001   PAD
    0x20000190        -       0x00000004   Zero   RW          407    .bss.dout_0_7       lto-llvm-0bb0b3.o
    0x20000194        -       0x00000004   Zero   RW          408    .bss.dout_0_7_rem   lto-llvm-0bb0b3.o
    0x20000198        -       0x00000008   Zero   RW          413    .bss.dout_cfg       lto-llvm-0bb0b3.o
    0x200001a0        -       0x00000001   Zero   RW          342    .bss.eComState      lto-llvm-0bb0b3.o
    0x200001a1        -       0x00000001   Zero   RW          289    .bss.font_size      lto-llvm-0bb0b3.o
    0x200001a2        -       0x00000001   Zero   RW          360    .bss.fw_upd_stat    lto-llvm-0bb0b3.o
    0x200001a3        -       0x00000001   Zero   RW          406    .bss.hc595_dout     lto-llvm-0bb0b3.o
    0x200001a4        -       0x00000008   Zero   RW          396    .bss.hcrc           lto-llvm-0bb0b3.o
    0x200001ac        -       0x00000054   Zero   RW          397    .bss.hi2c1          lto-llvm-0bb0b3.o
    0x20000200        -       0x00000001   Zero   RW          436    .bss.hiwdg.1.0      lto-llvm-0bb0b3.o
    0x20000201   0x0800ee60   0x00000003   PAD
    0x20000204        -       0x00000001   Zero   RW          437    .bss.hiwdg.1.1      lto-llvm-0bb0b3.o
    0x20000205   0x0800ee60   0x00000003   PAD
    0x20000208        -       0x00000014   Zero   RW          392    .bss.hrtc           lto-llvm-0bb0b3.o
    0x2000021c        -       0x00000058   Zero   RW          389    .bss.hspi2          lto-llvm-0bb0b3.o
    0x20000274        -       0x00000040   Zero   RW          393    .bss.htim1          lto-llvm-0bb0b3.o
    0x200002b4        -       0x00000040   Zero   RW          394    .bss.htim2          lto-llvm-0bb0b3.o
    0x200002f4        -       0x00000040   Zero   RW          395    .bss.htim3          lto-llvm-0bb0b3.o
    0x20000334        -       0x00000040   Zero   RW          390    .bss.huart1         lto-llvm-0bb0b3.o
    0x20000374        -       0x00000040   Zero   RW          391    .bss.huart2         lto-llvm-0bb0b3.o
    0x200003b4        -       0x00000080   Zero   RW          295    .bss.jrnl_buf       lto-llvm-0bb0b3.o
    0x20000434        -       0x00000001   Zero   RW          294    .bss.jrnl_mod       lto-llvm-0bb0b3.o
    0x20000435   0x0800ee60   0x00000001   PAD
    0x20000436        -       0x00000002   Zero   RW          286    .bss.lcd_bcklght    lto-llvm-0bb0b3.o
    0x20000438        -       0x00000002   Zero   RW          310    .bss.logger_list_count  lto-llvm-0bb0b3.o
    0x2000043a        -       0x00000002   Zero   RW          312    .bss.logger_next_log_address  lto-llvm-0bb0b3.o
    0x2000043c        -       0x00000002   Zero   RW          311    .bss.logger_next_log_id  lto-llvm-0bb0b3.o
    0x2000043e   0x0800ee60   0x00000002   PAD
    0x20000440        -       0x00000060   Zero   RW          293    .bss.menu           lto-llvm-0bb0b3.o
    0x200004a0        -       0x00000006   Zero   RW          322    .bss.mifare_keya    lto-llvm-0bb0b3.o
    0x200004a6   0x0800ee60   0x00000002   PAD
    0x200004a8        -       0x00000014   Zero   RW          359    .bss.newinf         lto-llvm-0bb0b3.o
    0x200004bc        -       0x00000009   Zero   RW          333    .bss.ow_add         lto-llvm-0bb0b3.o
    0x200004c5        -       0x00000001   Zero   RW          334    .bss.ow_bra         lto-llvm-0bb0b3.o
    0x200004c6        -       0x00000001   Zero   RW          330    .bss.ow_dev         lto-llvm-0bb0b3.o
    0x200004c7        -       0x00000001   Zero   RW          331    .bss.ow_ifa         lto-llvm-0bb0b3.o
    0x200004c8        -       0x00000020   Zero   RW          277    .bss.pFlash         lto-llvm-0bb0b3.o
    0x200004e8        -       0x00000004   Zero   RW          345    .bss.packet_type    lto-llvm-0bb0b3.o
    0x200004ec        -       0x00000010   Zero   RW          323    .bss.permitted_add  lto-llvm-0bb0b3.o
    0x200004fc        -       0x00000002   Zero   RW          288    .bss.pixel_color    lto-llvm-0bb0b3.o
    0x200004fe   0x0800ee60   0x00000002   PAD
    0x20000500        -       0x00000004   Zero   RW          313    .bss.rc522_fl       lto-llvm-0bb0b3.o
    0x20000504        -       0x00000010   Zero   RW          315    .bss.rc522_rx_buff  lto-llvm-0bb0b3.o
    0x20000514        -       0x00000010   Zero   RW          316    .bss.rc522_tx_buff  lto-llvm-0bb0b3.o
    0x20000524        -       0x00000004   Zero   RW          399    .bss.rdate          lto-llvm-0bb0b3.o
    0x20000528        -       0x00000001   Zero   RW          361    .bss.rec            lto-llvm-0bb0b3.o
    0x20000529   0x0800ee60   0x00000003   PAD
    0x2000052c        -       0x00000004   Zero   RW          343    .bss.rec_bcnt       lto-llvm-0bb0b3.o
    0x20000530        -       0x00000004   Zero   RW          344    .bss.receive_pcnt   lto-llvm-0bb0b3.o
    0x20000534        -       0x00000004   Zero   RW          401    .bss.reset_source   lto-llvm-0bb0b3.o
    0x20000538        -       0x00000004   Zero   RW          379    .bss.room_fl        lto-llvm-0bb0b3.o
    0x2000053c        -       0x00000001   Zero   RW          354    .bss.rs485_bps      lto-llvm-0bb0b3.o
    0x2000053d   0x0800ee60   0x00000001   PAD
    0x2000053e        -       0x00000002   Zero   RW          353    .bss.rs485_bra      lto-llvm-0bb0b3.o
    0x20000540        -       0x00000100   Zero   RW          347    .bss.rs485_buff     lto-llvm-0bb0b3.o
    0x20000640        -       0x00000004   Zero   RW          348    .bss.rs485_flags    lto-llvm-0bb0b3.o
    0x20000644        -       0x00000002   Zero   RW          352    .bss.rs485_gra      lto-llvm-0bb0b3.o
    0x20000646        -       0x00000002   Zero   RW          351    .bss.rs485_ifa      lto-llvm-0bb0b3.o
    0x20000648        -       0x00000004   Zero   RW          355    .bss.rs485_pak_dlen  lto-llvm-0bb0b3.o
    0x2000064c        -       0x00000004   Zero   RW          356    .bss.rs485_sender_addr  lto-llvm-0bb0b3.o
    0x20000650        -       0x00000004   Zero   RW          346    .bss.rs485_timer    lto-llvm-0bb0b3.o
    0x20000654        -       0x00000001   Zero   RW          332    .bss.rt_img         lto-llvm-0bb0b3.o
    0x20000655        -       0x00000003   Zero   RW          398    .bss.rtime          lto-llvm-0bb0b3.o
    0x20000658        -       0x00000004   Zero   RW          357    .bss.rxtx_tmr       lto-llvm-0bb0b3.o
    0x2000065c        -       0x00000012   Zero   RW          314    .bss.sCard          lto-llvm-0bb0b3.o
    0x2000066e   0x0800ee60   0x00000002   PAD
    0x20000670        -       0x00000030   Zero   RW          317    .bss.sector_0       lto-llvm-0bb0b3.o
    0x200006a0        -       0x00000030   Zero   RW          319    .bss.sector_1       lto-llvm-0bb0b3.o
    0x200006d0        -       0x00000030   Zero   RW          318    .bss.sector_2       lto-llvm-0bb0b3.o
    0x20000700        -       0x00000008   Zero   RW          296    .bss.spi_buff       lto-llvm-0bb0b3.o
    0x20000708        -       0x00000042   Zero   RW          283    .bss.spi_buff.98    lto-llvm-0bb0b3.o
    0x2000074a        -       0x00000001   Zero   RW          349    .bss.sys_stat       lto-llvm-0bb0b3.o
    0x2000074b   0x0800ee60   0x00000001   PAD
    0x2000074c        -       0x00000002   Zero   RW          321    .bss.system_id      lto-llvm-0bb0b3.o
    0x2000074e        -       0x00000001   Zero   RW          380    .bss.temp_cfg       lto-llvm-0bb0b3.o
    0x2000074f        -       0x00000001   Zero   RW          385    .bss.temp_dif       lto-llvm-0bb0b3.o
    0x20000750        -       0x00000001   Zero   RW          383    .bss.temp_mv        lto-llvm-0bb0b3.o
    0x20000751        -       0x00000001   Zero   RW          384    .bss.temp_sp        lto-llvm-0bb0b3.o
    0x20000752   0x0800ee60   0x00000002   PAD
    0x20000754        -       0x00000004   Zero   RW          378    .bss.unix_room      lto-llvm-0bb0b3.o
    0x20000758        -       0x00000004   Zero   RW          377    .bss.unix_rtc       lto-llvm-0bb0b3.o
    0x2000075c        -       0x00000004   Zero   RW          276    .bss.uwTick         lto-llvm-0bb0b3.o
    0x20000760        -       0x00003000   Zero   RW           23    STACK               startup_stm32f103xb.o


==============================================================================

Image component sizes


      Code (inc. data)   RO Data    RW Data    ZI Data      Debug   Object Name

     46700        556       1533          5       1817     158053   lto-llvm-0bb0b3.o
        36          8        236          0      12288        792   startup_stm32f103xb.o

    ----------------------------------------------------------------------
     46786        564       1804          8      14168     158845   Object Totals
         0          0         32          0          0          0   (incl. Generated)
        50          0          3          3         63          0   (incl. Padding)

    ----------------------------------------------------------------------

      Code (inc. data)   RO Data    RW Data    ZI Data      Debug   Library Member Name

         0          0          0          0          0          0   entry.o
         0          0          0          0          0          0   entry10a.o
         0          0          0          0          0          0   entry11a.o
         8          4          0          0          0          0   entry2.o
         4          0          0          0          0          0   entry5.o
         0          0          0          0          0          0   entry7b.o
         0          0          0          0          0          0   entry8b.o
         8          4          0          0          0          0   entry9a.o
        30          0          0          0          0          0   handlers.o
        36          8          0          0          0         68   init.o
        36          0          0          0          0        108   memseta.o
        14          0          0          0          0         68   strlen.o

    ----------------------------------------------------------------------
       138         16          0          0          0        244   Library Totals
         2          0          0          0          0          0   (incl. Padding)

    ----------------------------------------------------------------------

      Code (inc. data)   RO Data    RW Data    ZI Data      Debug   Library Name

       136         16          0          0          0        244   mc_w.l

    ----------------------------------------------------------------------
       138         16          0          0          0        244   Library Totals

    ----------------------------------------------------------------------

==============================================================================


      Code (inc. data)   RO Data    RW Data    ZI Data      Debug   

     46924        580       1804          8      14168     159241   Grand Totals
     46924        580       1804          8      14168     159241   ELF Image Totals
     46924        580       1804          8          0          0   ROM Totals

==============================================================================

    Total RO  Size (Code + RO Data)                48728 (  47.59kB)
    Total RW  Size (RW Data + ZI Data)             14176 (  13.84kB)
    Total ROM Size (Code + RO Data + RW Data)      48736 (  47.59kB)

==============================================================================

