<!doctype html public "-//w3c//dtd html 4.0 transitional//en">
<html><head>
<title>Static Call Graph - [.\Exe\rtbl.axf]</title></head>
<body><HR>
<H1>Static Call Graph for image .\Exe\rtbl.axf</H1><HR>
<BR><P>#&#060CALLGRAPH&#062# ARM Linker, 6130100: Last Updated: Tue May 12 11:41:49 2020
<BR><P>
<H3>Maximum Stack Usage =        456 bytes + Unknown(Cycles, Untraceable Function Pointers)</H3><H3>
Call chain for Maximum Stack Depth:</H3>
main &rArr; QSPI_WritePage &rArr; QSPI_WriteEnable &rArr; HAL_QSPI_Command &rArr; QSPI_Config
<P>
<H3>
Mutually Recursive functions
</H3> <LI><a href="#[6]">SVC_Handler</a>&nbsp;&nbsp;&nbsp;&rArr;&nbsp;&nbsp;&nbsp;<a href="#[6]">SVC_Handler</a><BR>
 <LI><a href="#[8]">PendSV_Handler</a>&nbsp;&nbsp;&nbsp;&rArr;&nbsp;&nbsp;&nbsp;<a href="#[8]">PendSV_Handler</a><BR>
 <LI><a href="#[1c]">ADC_IRQHandler</a>&nbsp;&nbsp;&nbsp;&rArr;&nbsp;&nbsp;&nbsp;<a href="#[1c]">ADC_IRQHandler</a><BR>
</UL>
<P>
<H3>
Function Pointers
</H3><UL>
 <LI><a href="#[1c]">ADC_IRQHandler</a> from startup_stm32f746xx.o(.text) referenced from startup_stm32f746xx.o(RESET)
 <LI><a href="#[4]">BusFault_Handler</a> from lto-llvm-f79367.o(.text.BusFault_Handler) referenced from startup_stm32f746xx.o(RESET)
 <LI><a href="#[1e]">CAN1_RX0_IRQHandler</a> from startup_stm32f746xx.o(.text) referenced from startup_stm32f746xx.o(RESET)
 <LI><a href="#[1f]">CAN1_RX1_IRQHandler</a> from startup_stm32f746xx.o(.text) referenced from startup_stm32f746xx.o(RESET)
 <LI><a href="#[20]">CAN1_SCE_IRQHandler</a> from startup_stm32f746xx.o(.text) referenced from startup_stm32f746xx.o(RESET)
 <LI><a href="#[1d]">CAN1_TX_IRQHandler</a> from startup_stm32f746xx.o(.text) referenced from startup_stm32f746xx.o(RESET)
 <LI><a href="#[4a]">CAN2_RX0_IRQHandler</a> from startup_stm32f746xx.o(.text) referenced from startup_stm32f746xx.o(RESET)
 <LI><a href="#[4b]">CAN2_RX1_IRQHandler</a> from startup_stm32f746xx.o(.text) referenced from startup_stm32f746xx.o(RESET)
 <LI><a href="#[4c]">CAN2_SCE_IRQHandler</a> from startup_stm32f746xx.o(.text) referenced from startup_stm32f746xx.o(RESET)
 <LI><a href="#[49]">CAN2_TX_IRQHandler</a> from startup_stm32f746xx.o(.text) referenced from startup_stm32f746xx.o(RESET)
 <LI><a href="#[67]">CEC_IRQHandler</a> from startup_stm32f746xx.o(.text) referenced from startup_stm32f746xx.o(RESET)
 <LI><a href="#[58]">DCMI_IRQHandler</a> from startup_stm32f746xx.o(.text) referenced from startup_stm32f746xx.o(RESET)
 <LI><a href="#[15]">DMA1_Stream0_IRQHandler</a> from startup_stm32f746xx.o(.text) referenced from startup_stm32f746xx.o(RESET)
 <LI><a href="#[16]">DMA1_Stream1_IRQHandler</a> from startup_stm32f746xx.o(.text) referenced from startup_stm32f746xx.o(RESET)
 <LI><a href="#[17]">DMA1_Stream2_IRQHandler</a> from startup_stm32f746xx.o(.text) referenced from startup_stm32f746xx.o(RESET)
 <LI><a href="#[18]">DMA1_Stream3_IRQHandler</a> from startup_stm32f746xx.o(.text) referenced from startup_stm32f746xx.o(RESET)
 <LI><a href="#[19]">DMA1_Stream4_IRQHandler</a> from startup_stm32f746xx.o(.text) referenced from startup_stm32f746xx.o(RESET)
 <LI><a href="#[1a]">DMA1_Stream5_IRQHandler</a> from startup_stm32f746xx.o(.text) referenced from startup_stm32f746xx.o(RESET)
 <LI><a href="#[1b]">DMA1_Stream6_IRQHandler</a> from startup_stm32f746xx.o(.text) referenced from startup_stm32f746xx.o(RESET)
 <LI><a href="#[39]">DMA1_Stream7_IRQHandler</a> from startup_stm32f746xx.o(.text) referenced from startup_stm32f746xx.o(RESET)
 <LI><a href="#[63]">DMA2D_IRQHandler</a> from startup_stm32f746xx.o(.text) referenced from startup_stm32f746xx.o(RESET)
 <LI><a href="#[42]">DMA2_Stream0_IRQHandler</a> from startup_stm32f746xx.o(.text) referenced from startup_stm32f746xx.o(RESET)
 <LI><a href="#[43]">DMA2_Stream1_IRQHandler</a> from startup_stm32f746xx.o(.text) referenced from startup_stm32f746xx.o(RESET)
 <LI><a href="#[44]">DMA2_Stream2_IRQHandler</a> from startup_stm32f746xx.o(.text) referenced from startup_stm32f746xx.o(RESET)
 <LI><a href="#[45]">DMA2_Stream3_IRQHandler</a> from startup_stm32f746xx.o(.text) referenced from startup_stm32f746xx.o(RESET)
 <LI><a href="#[46]">DMA2_Stream4_IRQHandler</a> from startup_stm32f746xx.o(.text) referenced from startup_stm32f746xx.o(RESET)
 <LI><a href="#[4e]">DMA2_Stream5_IRQHandler</a> from startup_stm32f746xx.o(.text) referenced from startup_stm32f746xx.o(RESET)
 <LI><a href="#[4f]">DMA2_Stream6_IRQHandler</a> from startup_stm32f746xx.o(.text) referenced from startup_stm32f746xx.o(RESET)
 <LI><a href="#[50]">DMA2_Stream7_IRQHandler</a> from startup_stm32f746xx.o(.text) referenced from startup_stm32f746xx.o(RESET)
 <LI><a href="#[7]">DebugMon_Handler</a> from lto-llvm-f79367.o(.text.DebugMon_Handler) referenced from startup_stm32f746xx.o(RESET)
 <LI><a href="#[47]">ETH_IRQHandler</a> from startup_stm32f746xx.o(.text) referenced from startup_stm32f746xx.o(RESET)
 <LI><a href="#[48]">ETH_WKUP_IRQHandler</a> from startup_stm32f746xx.o(.text) referenced from startup_stm32f746xx.o(RESET)
 <LI><a href="#[10]">EXTI0_IRQHandler</a> from startup_stm32f746xx.o(.text) referenced from startup_stm32f746xx.o(RESET)
 <LI><a href="#[32]">EXTI15_10_IRQHandler</a> from startup_stm32f746xx.o(.text) referenced from startup_stm32f746xx.o(RESET)
 <LI><a href="#[11]">EXTI1_IRQHandler</a> from startup_stm32f746xx.o(.text) referenced from startup_stm32f746xx.o(RESET)
 <LI><a href="#[12]">EXTI2_IRQHandler</a> from startup_stm32f746xx.o(.text) referenced from startup_stm32f746xx.o(RESET)
 <LI><a href="#[13]">EXTI3_IRQHandler</a> from startup_stm32f746xx.o(.text) referenced from startup_stm32f746xx.o(RESET)
 <LI><a href="#[14]">EXTI4_IRQHandler</a> from startup_stm32f746xx.o(.text) referenced from startup_stm32f746xx.o(RESET)
 <LI><a href="#[21]">EXTI9_5_IRQHandler</a> from startup_stm32f746xx.o(.text) referenced from startup_stm32f746xx.o(RESET)
 <LI><a href="#[e]">FLASH_IRQHandler</a> from startup_stm32f746xx.o(.text) referenced from startup_stm32f746xx.o(RESET)
 <LI><a href="#[3a]">FMC_IRQHandler</a> from startup_stm32f746xx.o(.text) referenced from startup_stm32f746xx.o(RESET)
 <LI><a href="#[5a]">FPU_IRQHandler</a> from startup_stm32f746xx.o(.text) referenced from startup_stm32f746xx.o(RESET)
 <LI><a href="#[6f]">HAL_GPIO_DeInit</a> from lto-llvm-f79367.o(.text.HAL_GPIO_DeInit) referenced from lto-llvm-f79367.o(.text.HAL_QSPI_DeInit)
 <LI><a href="#[70]">HAL_GPIO_Init</a> from lto-llvm-f79367.o(.text.HAL_GPIO_Init) referenced from lto-llvm-f79367.o(.text.MX_QSPI_Init)
 <LI><a href="#[2]">HardFault_Handler</a> from lto-llvm-f79367.o(.text.HardFault_Handler) referenced from startup_stm32f746xx.o(RESET)
 <LI><a href="#[2a]">I2C1_ER_IRQHandler</a> from startup_stm32f746xx.o(.text) referenced from startup_stm32f746xx.o(RESET)
 <LI><a href="#[29]">I2C1_EV_IRQHandler</a> from startup_stm32f746xx.o(.text) referenced from startup_stm32f746xx.o(RESET)
 <LI><a href="#[2c]">I2C2_ER_IRQHandler</a> from startup_stm32f746xx.o(.text) referenced from startup_stm32f746xx.o(RESET)
 <LI><a href="#[2b]">I2C2_EV_IRQHandler</a> from startup_stm32f746xx.o(.text) referenced from startup_stm32f746xx.o(RESET)
 <LI><a href="#[53]">I2C3_ER_IRQHandler</a> from startup_stm32f746xx.o(.text) referenced from startup_stm32f746xx.o(RESET)
 <LI><a href="#[52]">I2C3_EV_IRQHandler</a> from startup_stm32f746xx.o(.text) referenced from startup_stm32f746xx.o(RESET)
 <LI><a href="#[69]">I2C4_ER_IRQHandler</a> from startup_stm32f746xx.o(.text) referenced from startup_stm32f746xx.o(RESET)
 <LI><a href="#[68]">I2C4_EV_IRQHandler</a> from startup_stm32f746xx.o(.text) referenced from startup_stm32f746xx.o(RESET)
 <LI><a href="#[66]">LPTIM1_IRQHandler</a> from startup_stm32f746xx.o(.text) referenced from startup_stm32f746xx.o(RESET)
 <LI><a href="#[62]">LTDC_ER_IRQHandler</a> from startup_stm32f746xx.o(.text) referenced from startup_stm32f746xx.o(RESET)
 <LI><a href="#[61]">LTDC_IRQHandler</a> from startup_stm32f746xx.o(.text) referenced from startup_stm32f746xx.o(RESET)
 <LI><a href="#[3]">MemManage_Handler</a> from lto-llvm-f79367.o(.text.MemManage_Handler) referenced from startup_stm32f746xx.o(RESET)
 <LI><a href="#[1]">NMI_Handler</a> from lto-llvm-f79367.o(.text.NMI_Handler) referenced from startup_stm32f746xx.o(RESET)
 <LI><a href="#[4d]">OTG_FS_IRQHandler</a> from startup_stm32f746xx.o(.text) referenced from startup_stm32f746xx.o(RESET)
 <LI><a href="#[34]">OTG_FS_WKUP_IRQHandler</a> from startup_stm32f746xx.o(.text) referenced from startup_stm32f746xx.o(RESET)
 <LI><a href="#[55]">OTG_HS_EP1_IN_IRQHandler</a> from startup_stm32f746xx.o(.text) referenced from startup_stm32f746xx.o(RESET)
 <LI><a href="#[54]">OTG_HS_EP1_OUT_IRQHandler</a> from startup_stm32f746xx.o(.text) referenced from startup_stm32f746xx.o(RESET)
 <LI><a href="#[57]">OTG_HS_IRQHandler</a> from startup_stm32f746xx.o(.text) referenced from startup_stm32f746xx.o(RESET)
 <LI><a href="#[56]">OTG_HS_WKUP_IRQHandler</a> from startup_stm32f746xx.o(.text) referenced from startup_stm32f746xx.o(RESET)
 <LI><a href="#[b]">PVD_IRQHandler</a> from startup_stm32f746xx.o(.text) referenced from startup_stm32f746xx.o(RESET)
 <LI><a href="#[8]">PendSV_Handler</a> from startup_stm32f746xx.o(.text) referenced from startup_stm32f746xx.o(RESET)
 <LI><a href="#[6e]">QSPI_DMAAbortCplt</a> from lto-llvm-f79367.o(.text.QSPI_DMAAbortCplt) referenced from lto-llvm-f79367.o(.text.HAL_QSPI_Abort_IT)
 <LI><a href="#[6e]">QSPI_DMAAbortCplt</a> from lto-llvm-f79367.o(.text.QSPI_DMAAbortCplt) referenced from lto-llvm-f79367.o(.text.QUADSPI_IRQHandler)
 <LI><a href="#[65]">QUADSPI_IRQHandler</a> from lto-llvm-f79367.o(.text.QUADSPI_IRQHandler) referenced from startup_stm32f746xx.o(RESET)
 <LI><a href="#[f]">RCC_IRQHandler</a> from startup_stm32f746xx.o(.text) referenced from startup_stm32f746xx.o(RESET)
 <LI><a href="#[59]">RNG_IRQHandler</a> from startup_stm32f746xx.o(.text) referenced from startup_stm32f746xx.o(RESET)
 <LI><a href="#[33]">RTC_Alarm_IRQHandler</a> from startup_stm32f746xx.o(.text) referenced from startup_stm32f746xx.o(RESET)
 <LI><a href="#[d]">RTC_WKUP_IRQHandler</a> from startup_stm32f746xx.o(.text) referenced from startup_stm32f746xx.o(RESET)
 <LI><a href="#[0]">Reset_Handler</a> from startup_stm32f746xx.o(.text) referenced from startup_stm32f746xx.o(RESET)
 <LI><a href="#[60]">SAI1_IRQHandler</a> from startup_stm32f746xx.o(.text) referenced from startup_stm32f746xx.o(RESET)
 <LI><a href="#[64]">SAI2_IRQHandler</a> from startup_stm32f746xx.o(.text) referenced from startup_stm32f746xx.o(RESET)
 <LI><a href="#[3b]">SDMMC1_IRQHandler</a> from startup_stm32f746xx.o(.text) referenced from startup_stm32f746xx.o(RESET)
 <LI><a href="#[6a]">SPDIF_RX_IRQHandler</a> from startup_stm32f746xx.o(.text) referenced from startup_stm32f746xx.o(RESET)
 <LI><a href="#[2d]">SPI1_IRQHandler</a> from startup_stm32f746xx.o(.text) referenced from startup_stm32f746xx.o(RESET)
 <LI><a href="#[2e]">SPI2_IRQHandler</a> from startup_stm32f746xx.o(.text) referenced from startup_stm32f746xx.o(RESET)
 <LI><a href="#[3d]">SPI3_IRQHandler</a> from startup_stm32f746xx.o(.text) referenced from startup_stm32f746xx.o(RESET)
 <LI><a href="#[5d]">SPI4_IRQHandler</a> from startup_stm32f746xx.o(.text) referenced from startup_stm32f746xx.o(RESET)
 <LI><a href="#[5e]">SPI5_IRQHandler</a> from startup_stm32f746xx.o(.text) referenced from startup_stm32f746xx.o(RESET)
 <LI><a href="#[5f]">SPI6_IRQHandler</a> from startup_stm32f746xx.o(.text) referenced from startup_stm32f746xx.o(RESET)
 <LI><a href="#[6]">SVC_Handler</a> from startup_stm32f746xx.o(.text) referenced from startup_stm32f746xx.o(RESET)
 <LI><a href="#[9]">SysTick_Handler</a> from lto-llvm-f79367.o(.text.SysTick_Handler) referenced from startup_stm32f746xx.o(RESET)
 <LI><a href="#[6c]">SystemInit</a> from lto-llvm-f79367.o(.text.SystemInit) referenced from startup_stm32f746xx.o(.text)
 <LI><a href="#[c]">TAMP_STAMP_IRQHandler</a> from startup_stm32f746xx.o(.text) referenced from startup_stm32f746xx.o(RESET)
 <LI><a href="#[22]">TIM1_BRK_TIM9_IRQHandler</a> from startup_stm32f746xx.o(.text) referenced from startup_stm32f746xx.o(RESET)
 <LI><a href="#[25]">TIM1_CC_IRQHandler</a> from startup_stm32f746xx.o(.text) referenced from startup_stm32f746xx.o(RESET)
 <LI><a href="#[24]">TIM1_TRG_COM_TIM11_IRQHandler</a> from startup_stm32f746xx.o(.text) referenced from startup_stm32f746xx.o(RESET)
 <LI><a href="#[23]">TIM1_UP_TIM10_IRQHandler</a> from startup_stm32f746xx.o(.text) referenced from startup_stm32f746xx.o(RESET)
 <LI><a href="#[26]">TIM2_IRQHandler</a> from startup_stm32f746xx.o(.text) referenced from startup_stm32f746xx.o(RESET)
 <LI><a href="#[27]">TIM3_IRQHandler</a> from startup_stm32f746xx.o(.text) referenced from startup_stm32f746xx.o(RESET)
 <LI><a href="#[28]">TIM4_IRQHandler</a> from startup_stm32f746xx.o(.text) referenced from startup_stm32f746xx.o(RESET)
 <LI><a href="#[3c]">TIM5_IRQHandler</a> from startup_stm32f746xx.o(.text) referenced from startup_stm32f746xx.o(RESET)
 <LI><a href="#[40]">TIM6_DAC_IRQHandler</a> from startup_stm32f746xx.o(.text) referenced from startup_stm32f746xx.o(RESET)
 <LI><a href="#[41]">TIM7_IRQHandler</a> from startup_stm32f746xx.o(.text) referenced from startup_stm32f746xx.o(RESET)
 <LI><a href="#[35]">TIM8_BRK_TIM12_IRQHandler</a> from startup_stm32f746xx.o(.text) referenced from startup_stm32f746xx.o(RESET)
 <LI><a href="#[38]">TIM8_CC_IRQHandler</a> from startup_stm32f746xx.o(.text) referenced from startup_stm32f746xx.o(RESET)
 <LI><a href="#[37]">TIM8_TRG_COM_TIM14_IRQHandler</a> from startup_stm32f746xx.o(.text) referenced from startup_stm32f746xx.o(RESET)
 <LI><a href="#[36]">TIM8_UP_TIM13_IRQHandler</a> from startup_stm32f746xx.o(.text) referenced from startup_stm32f746xx.o(RESET)
 <LI><a href="#[3e]">UART4_IRQHandler</a> from startup_stm32f746xx.o(.text) referenced from startup_stm32f746xx.o(RESET)
 <LI><a href="#[3f]">UART5_IRQHandler</a> from startup_stm32f746xx.o(.text) referenced from startup_stm32f746xx.o(RESET)
 <LI><a href="#[5b]">UART7_IRQHandler</a> from startup_stm32f746xx.o(.text) referenced from startup_stm32f746xx.o(RESET)
 <LI><a href="#[5c]">UART8_IRQHandler</a> from startup_stm32f746xx.o(.text) referenced from startup_stm32f746xx.o(RESET)
 <LI><a href="#[2f]">USART1_IRQHandler</a> from startup_stm32f746xx.o(.text) referenced from startup_stm32f746xx.o(RESET)
 <LI><a href="#[30]">USART2_IRQHandler</a> from startup_stm32f746xx.o(.text) referenced from startup_stm32f746xx.o(RESET)
 <LI><a href="#[31]">USART3_IRQHandler</a> from startup_stm32f746xx.o(.text) referenced from startup_stm32f746xx.o(RESET)
 <LI><a href="#[51]">USART6_IRQHandler</a> from startup_stm32f746xx.o(.text) referenced from startup_stm32f746xx.o(RESET)
 <LI><a href="#[5]">UsageFault_Handler</a> from lto-llvm-f79367.o(.text.UsageFault_Handler) referenced from startup_stm32f746xx.o(RESET)
 <LI><a href="#[a]">WWDG_IRQHandler</a> from startup_stm32f746xx.o(.text) referenced from startup_stm32f746xx.o(RESET)
 <LI><a href="#[6d]">__main</a> from entry.o(.ARM.Collect$$$$00000000) referenced from startup_stm32f746xx.o(.text)
 <LI><a href="#[6b]">main</a> from lto-llvm-f79367.o(.text.main) referenced from entry9a.o(.ARM.Collect$$$$0000000B)
</UL>
<P>
<H3>
Global Symbols
</H3>
<P><STRONG><a name="[6d]"></a>__main</STRONG> (Thumb, 0 bytes, Stack size unknown bytes, entry.o(.ARM.Collect$$$$00000000))
<BR>[Address Reference Count : 1]<UL><LI> startup_stm32f746xx.o(.text)
</UL>
<P><STRONG><a name="[95]"></a>_main_stk</STRONG> (Thumb, 0 bytes, Stack size unknown bytes, entry2.o(.ARM.Collect$$$$00000001))

<P><STRONG><a name="[71]"></a>_main_scatterload</STRONG> (Thumb, 0 bytes, Stack size unknown bytes, entry5.o(.ARM.Collect$$$$00000004))
<BR><BR>[Calls]<UL><LI><a href="#[72]">&gt;&gt;</a>&nbsp;&nbsp;&nbsp;__scatterload
</UL>

<P><STRONG><a name="[73]"></a>__main_after_scatterload</STRONG> (Thumb, 0 bytes, Stack size unknown bytes, entry5.o(.ARM.Collect$$$$00000004))
<BR><BR>[Called By]<UL><LI><a href="#[72]">&gt;&gt;</a>&nbsp;&nbsp;&nbsp;__scatterload
</UL>

<P><STRONG><a name="[96]"></a>_main_clock</STRONG> (Thumb, 0 bytes, Stack size unknown bytes, entry7b.o(.ARM.Collect$$$$00000008))

<P><STRONG><a name="[97]"></a>_main_cpp_init</STRONG> (Thumb, 0 bytes, Stack size unknown bytes, entry8b.o(.ARM.Collect$$$$0000000A))

<P><STRONG><a name="[98]"></a>_main_init</STRONG> (Thumb, 0 bytes, Stack size unknown bytes, entry9a.o(.ARM.Collect$$$$0000000B))

<P><STRONG><a name="[99]"></a>__rt_final_cpp</STRONG> (Thumb, 0 bytes, Stack size unknown bytes, entry10a.o(.ARM.Collect$$$$0000000D))

<P><STRONG><a name="[9a]"></a>__rt_final_exit</STRONG> (Thumb, 0 bytes, Stack size unknown bytes, entry11a.o(.ARM.Collect$$$$0000000F))

<P><STRONG><a name="[0]"></a>Reset_Handler</STRONG> (Thumb, 8 bytes, Stack size 0 bytes, startup_stm32f746xx.o(.text))
<BR>[Address Reference Count : 1]<UL><LI> startup_stm32f746xx.o(RESET)
</UL>
<P><STRONG><a name="[6]"></a>SVC_Handler</STRONG> (Thumb, 2 bytes, Stack size 0 bytes, startup_stm32f746xx.o(.text))
<BR><BR>[Calls]<UL><LI><a href="#[6]">&gt;&gt;</a>&nbsp;&nbsp;&nbsp;SVC_Handler
</UL>
<BR>[Called By]<UL><LI><a href="#[6]">&gt;&gt;</a>&nbsp;&nbsp;&nbsp;SVC_Handler
</UL>
<BR>[Address Reference Count : 1]<UL><LI> startup_stm32f746xx.o(RESET)
</UL>
<P><STRONG><a name="[8]"></a>PendSV_Handler</STRONG> (Thumb, 2 bytes, Stack size 0 bytes, startup_stm32f746xx.o(.text))
<BR><BR>[Calls]<UL><LI><a href="#[8]">&gt;&gt;</a>&nbsp;&nbsp;&nbsp;PendSV_Handler
</UL>
<BR>[Called By]<UL><LI><a href="#[8]">&gt;&gt;</a>&nbsp;&nbsp;&nbsp;PendSV_Handler
</UL>
<BR>[Address Reference Count : 1]<UL><LI> startup_stm32f746xx.o(RESET)
</UL>
<P><STRONG><a name="[1c]"></a>ADC_IRQHandler</STRONG> (Thumb, 0 bytes, Stack size 0 bytes, startup_stm32f746xx.o(.text))
<BR><BR>[Calls]<UL><LI><a href="#[1c]">&gt;&gt;</a>&nbsp;&nbsp;&nbsp;ADC_IRQHandler
</UL>
<BR>[Called By]<UL><LI><a href="#[1c]">&gt;&gt;</a>&nbsp;&nbsp;&nbsp;ADC_IRQHandler
</UL>
<BR>[Address Reference Count : 1]<UL><LI> startup_stm32f746xx.o(RESET)
</UL>
<P><STRONG><a name="[1e]"></a>CAN1_RX0_IRQHandler</STRONG> (Thumb, 0 bytes, Stack size 0 bytes, startup_stm32f746xx.o(.text))
<BR>[Address Reference Count : 1]<UL><LI> startup_stm32f746xx.o(RESET)
</UL>
<P><STRONG><a name="[1f]"></a>CAN1_RX1_IRQHandler</STRONG> (Thumb, 0 bytes, Stack size 0 bytes, startup_stm32f746xx.o(.text))
<BR>[Address Reference Count : 1]<UL><LI> startup_stm32f746xx.o(RESET)
</UL>
<P><STRONG><a name="[20]"></a>CAN1_SCE_IRQHandler</STRONG> (Thumb, 0 bytes, Stack size 0 bytes, startup_stm32f746xx.o(.text))
<BR>[Address Reference Count : 1]<UL><LI> startup_stm32f746xx.o(RESET)
</UL>
<P><STRONG><a name="[1d]"></a>CAN1_TX_IRQHandler</STRONG> (Thumb, 0 bytes, Stack size 0 bytes, startup_stm32f746xx.o(.text))
<BR>[Address Reference Count : 1]<UL><LI> startup_stm32f746xx.o(RESET)
</UL>
<P><STRONG><a name="[4a]"></a>CAN2_RX0_IRQHandler</STRONG> (Thumb, 0 bytes, Stack size 0 bytes, startup_stm32f746xx.o(.text))
<BR>[Address Reference Count : 1]<UL><LI> startup_stm32f746xx.o(RESET)
</UL>
<P><STRONG><a name="[4b]"></a>CAN2_RX1_IRQHandler</STRONG> (Thumb, 0 bytes, Stack size 0 bytes, startup_stm32f746xx.o(.text))
<BR>[Address Reference Count : 1]<UL><LI> startup_stm32f746xx.o(RESET)
</UL>
<P><STRONG><a name="[4c]"></a>CAN2_SCE_IRQHandler</STRONG> (Thumb, 0 bytes, Stack size 0 bytes, startup_stm32f746xx.o(.text))
<BR>[Address Reference Count : 1]<UL><LI> startup_stm32f746xx.o(RESET)
</UL>
<P><STRONG><a name="[49]"></a>CAN2_TX_IRQHandler</STRONG> (Thumb, 0 bytes, Stack size 0 bytes, startup_stm32f746xx.o(.text))
<BR>[Address Reference Count : 1]<UL><LI> startup_stm32f746xx.o(RESET)
</UL>
<P><STRONG><a name="[67]"></a>CEC_IRQHandler</STRONG> (Thumb, 0 bytes, Stack size 0 bytes, startup_stm32f746xx.o(.text))
<BR>[Address Reference Count : 1]<UL><LI> startup_stm32f746xx.o(RESET)
</UL>
<P><STRONG><a name="[58]"></a>DCMI_IRQHandler</STRONG> (Thumb, 0 bytes, Stack size 0 bytes, startup_stm32f746xx.o(.text))
<BR>[Address Reference Count : 1]<UL><LI> startup_stm32f746xx.o(RESET)
</UL>
<P><STRONG><a name="[15]"></a>DMA1_Stream0_IRQHandler</STRONG> (Thumb, 0 bytes, Stack size 0 bytes, startup_stm32f746xx.o(.text))
<BR>[Address Reference Count : 1]<UL><LI> startup_stm32f746xx.o(RESET)
</UL>
<P><STRONG><a name="[16]"></a>DMA1_Stream1_IRQHandler</STRONG> (Thumb, 0 bytes, Stack size 0 bytes, startup_stm32f746xx.o(.text))
<BR>[Address Reference Count : 1]<UL><LI> startup_stm32f746xx.o(RESET)
</UL>
<P><STRONG><a name="[17]"></a>DMA1_Stream2_IRQHandler</STRONG> (Thumb, 0 bytes, Stack size 0 bytes, startup_stm32f746xx.o(.text))
<BR>[Address Reference Count : 1]<UL><LI> startup_stm32f746xx.o(RESET)
</UL>
<P><STRONG><a name="[18]"></a>DMA1_Stream3_IRQHandler</STRONG> (Thumb, 0 bytes, Stack size 0 bytes, startup_stm32f746xx.o(.text))
<BR>[Address Reference Count : 1]<UL><LI> startup_stm32f746xx.o(RESET)
</UL>
<P><STRONG><a name="[19]"></a>DMA1_Stream4_IRQHandler</STRONG> (Thumb, 0 bytes, Stack size 0 bytes, startup_stm32f746xx.o(.text))
<BR>[Address Reference Count : 1]<UL><LI> startup_stm32f746xx.o(RESET)
</UL>
<P><STRONG><a name="[1a]"></a>DMA1_Stream5_IRQHandler</STRONG> (Thumb, 0 bytes, Stack size 0 bytes, startup_stm32f746xx.o(.text))
<BR>[Address Reference Count : 1]<UL><LI> startup_stm32f746xx.o(RESET)
</UL>
<P><STRONG><a name="[1b]"></a>DMA1_Stream6_IRQHandler</STRONG> (Thumb, 0 bytes, Stack size 0 bytes, startup_stm32f746xx.o(.text))
<BR>[Address Reference Count : 1]<UL><LI> startup_stm32f746xx.o(RESET)
</UL>
<P><STRONG><a name="[39]"></a>DMA1_Stream7_IRQHandler</STRONG> (Thumb, 0 bytes, Stack size 0 bytes, startup_stm32f746xx.o(.text))
<BR>[Address Reference Count : 1]<UL><LI> startup_stm32f746xx.o(RESET)
</UL>
<P><STRONG><a name="[63]"></a>DMA2D_IRQHandler</STRONG> (Thumb, 0 bytes, Stack size 0 bytes, startup_stm32f746xx.o(.text))
<BR>[Address Reference Count : 1]<UL><LI> startup_stm32f746xx.o(RESET)
</UL>
<P><STRONG><a name="[42]"></a>DMA2_Stream0_IRQHandler</STRONG> (Thumb, 0 bytes, Stack size 0 bytes, startup_stm32f746xx.o(.text))
<BR>[Address Reference Count : 1]<UL><LI> startup_stm32f746xx.o(RESET)
</UL>
<P><STRONG><a name="[43]"></a>DMA2_Stream1_IRQHandler</STRONG> (Thumb, 0 bytes, Stack size 0 bytes, startup_stm32f746xx.o(.text))
<BR>[Address Reference Count : 1]<UL><LI> startup_stm32f746xx.o(RESET)
</UL>
<P><STRONG><a name="[44]"></a>DMA2_Stream2_IRQHandler</STRONG> (Thumb, 0 bytes, Stack size 0 bytes, startup_stm32f746xx.o(.text))
<BR>[Address Reference Count : 1]<UL><LI> startup_stm32f746xx.o(RESET)
</UL>
<P><STRONG><a name="[45]"></a>DMA2_Stream3_IRQHandler</STRONG> (Thumb, 0 bytes, Stack size 0 bytes, startup_stm32f746xx.o(.text))
<BR>[Address Reference Count : 1]<UL><LI> startup_stm32f746xx.o(RESET)
</UL>
<P><STRONG><a name="[46]"></a>DMA2_Stream4_IRQHandler</STRONG> (Thumb, 0 bytes, Stack size 0 bytes, startup_stm32f746xx.o(.text))
<BR>[Address Reference Count : 1]<UL><LI> startup_stm32f746xx.o(RESET)
</UL>
<P><STRONG><a name="[4e]"></a>DMA2_Stream5_IRQHandler</STRONG> (Thumb, 0 bytes, Stack size 0 bytes, startup_stm32f746xx.o(.text))
<BR>[Address Reference Count : 1]<UL><LI> startup_stm32f746xx.o(RESET)
</UL>
<P><STRONG><a name="[4f]"></a>DMA2_Stream6_IRQHandler</STRONG> (Thumb, 0 bytes, Stack size 0 bytes, startup_stm32f746xx.o(.text))
<BR>[Address Reference Count : 1]<UL><LI> startup_stm32f746xx.o(RESET)
</UL>
<P><STRONG><a name="[50]"></a>DMA2_Stream7_IRQHandler</STRONG> (Thumb, 0 bytes, Stack size 0 bytes, startup_stm32f746xx.o(.text))
<BR>[Address Reference Count : 1]<UL><LI> startup_stm32f746xx.o(RESET)
</UL>
<P><STRONG><a name="[47]"></a>ETH_IRQHandler</STRONG> (Thumb, 0 bytes, Stack size 0 bytes, startup_stm32f746xx.o(.text))
<BR>[Address Reference Count : 1]<UL><LI> startup_stm32f746xx.o(RESET)
</UL>
<P><STRONG><a name="[48]"></a>ETH_WKUP_IRQHandler</STRONG> (Thumb, 0 bytes, Stack size 0 bytes, startup_stm32f746xx.o(.text))
<BR>[Address Reference Count : 1]<UL><LI> startup_stm32f746xx.o(RESET)
</UL>
<P><STRONG><a name="[10]"></a>EXTI0_IRQHandler</STRONG> (Thumb, 0 bytes, Stack size 0 bytes, startup_stm32f746xx.o(.text))
<BR>[Address Reference Count : 1]<UL><LI> startup_stm32f746xx.o(RESET)
</UL>
<P><STRONG><a name="[32]"></a>EXTI15_10_IRQHandler</STRONG> (Thumb, 0 bytes, Stack size 0 bytes, startup_stm32f746xx.o(.text))
<BR>[Address Reference Count : 1]<UL><LI> startup_stm32f746xx.o(RESET)
</UL>
<P><STRONG><a name="[11]"></a>EXTI1_IRQHandler</STRONG> (Thumb, 0 bytes, Stack size 0 bytes, startup_stm32f746xx.o(.text))
<BR>[Address Reference Count : 1]<UL><LI> startup_stm32f746xx.o(RESET)
</UL>
<P><STRONG><a name="[12]"></a>EXTI2_IRQHandler</STRONG> (Thumb, 0 bytes, Stack size 0 bytes, startup_stm32f746xx.o(.text))
<BR>[Address Reference Count : 1]<UL><LI> startup_stm32f746xx.o(RESET)
</UL>
<P><STRONG><a name="[13]"></a>EXTI3_IRQHandler</STRONG> (Thumb, 0 bytes, Stack size 0 bytes, startup_stm32f746xx.o(.text))
<BR>[Address Reference Count : 1]<UL><LI> startup_stm32f746xx.o(RESET)
</UL>
<P><STRONG><a name="[14]"></a>EXTI4_IRQHandler</STRONG> (Thumb, 0 bytes, Stack size 0 bytes, startup_stm32f746xx.o(.text))
<BR>[Address Reference Count : 1]<UL><LI> startup_stm32f746xx.o(RESET)
</UL>
<P><STRONG><a name="[21]"></a>EXTI9_5_IRQHandler</STRONG> (Thumb, 0 bytes, Stack size 0 bytes, startup_stm32f746xx.o(.text))
<BR>[Address Reference Count : 1]<UL><LI> startup_stm32f746xx.o(RESET)
</UL>
<P><STRONG><a name="[e]"></a>FLASH_IRQHandler</STRONG> (Thumb, 0 bytes, Stack size 0 bytes, startup_stm32f746xx.o(.text))
<BR>[Address Reference Count : 1]<UL><LI> startup_stm32f746xx.o(RESET)
</UL>
<P><STRONG><a name="[3a]"></a>FMC_IRQHandler</STRONG> (Thumb, 0 bytes, Stack size 0 bytes, startup_stm32f746xx.o(.text))
<BR>[Address Reference Count : 1]<UL><LI> startup_stm32f746xx.o(RESET)
</UL>
<P><STRONG><a name="[5a]"></a>FPU_IRQHandler</STRONG> (Thumb, 0 bytes, Stack size 0 bytes, startup_stm32f746xx.o(.text))
<BR>[Address Reference Count : 1]<UL><LI> startup_stm32f746xx.o(RESET)
</UL>
<P><STRONG><a name="[2a]"></a>I2C1_ER_IRQHandler</STRONG> (Thumb, 0 bytes, Stack size 0 bytes, startup_stm32f746xx.o(.text))
<BR>[Address Reference Count : 1]<UL><LI> startup_stm32f746xx.o(RESET)
</UL>
<P><STRONG><a name="[29]"></a>I2C1_EV_IRQHandler</STRONG> (Thumb, 0 bytes, Stack size 0 bytes, startup_stm32f746xx.o(.text))
<BR>[Address Reference Count : 1]<UL><LI> startup_stm32f746xx.o(RESET)
</UL>
<P><STRONG><a name="[2c]"></a>I2C2_ER_IRQHandler</STRONG> (Thumb, 0 bytes, Stack size 0 bytes, startup_stm32f746xx.o(.text))
<BR>[Address Reference Count : 1]<UL><LI> startup_stm32f746xx.o(RESET)
</UL>
<P><STRONG><a name="[2b]"></a>I2C2_EV_IRQHandler</STRONG> (Thumb, 0 bytes, Stack size 0 bytes, startup_stm32f746xx.o(.text))
<BR>[Address Reference Count : 1]<UL><LI> startup_stm32f746xx.o(RESET)
</UL>
<P><STRONG><a name="[53]"></a>I2C3_ER_IRQHandler</STRONG> (Thumb, 0 bytes, Stack size 0 bytes, startup_stm32f746xx.o(.text))
<BR>[Address Reference Count : 1]<UL><LI> startup_stm32f746xx.o(RESET)
</UL>
<P><STRONG><a name="[52]"></a>I2C3_EV_IRQHandler</STRONG> (Thumb, 0 bytes, Stack size 0 bytes, startup_stm32f746xx.o(.text))
<BR>[Address Reference Count : 1]<UL><LI> startup_stm32f746xx.o(RESET)
</UL>
<P><STRONG><a name="[69]"></a>I2C4_ER_IRQHandler</STRONG> (Thumb, 0 bytes, Stack size 0 bytes, startup_stm32f746xx.o(.text))
<BR>[Address Reference Count : 1]<UL><LI> startup_stm32f746xx.o(RESET)
</UL>
<P><STRONG><a name="[68]"></a>I2C4_EV_IRQHandler</STRONG> (Thumb, 0 bytes, Stack size 0 bytes, startup_stm32f746xx.o(.text))
<BR>[Address Reference Count : 1]<UL><LI> startup_stm32f746xx.o(RESET)
</UL>
<P><STRONG><a name="[66]"></a>LPTIM1_IRQHandler</STRONG> (Thumb, 0 bytes, Stack size 0 bytes, startup_stm32f746xx.o(.text))
<BR>[Address Reference Count : 1]<UL><LI> startup_stm32f746xx.o(RESET)
</UL>
<P><STRONG><a name="[62]"></a>LTDC_ER_IRQHandler</STRONG> (Thumb, 0 bytes, Stack size 0 bytes, startup_stm32f746xx.o(.text))
<BR>[Address Reference Count : 1]<UL><LI> startup_stm32f746xx.o(RESET)
</UL>
<P><STRONG><a name="[61]"></a>LTDC_IRQHandler</STRONG> (Thumb, 0 bytes, Stack size 0 bytes, startup_stm32f746xx.o(.text))
<BR>[Address Reference Count : 1]<UL><LI> startup_stm32f746xx.o(RESET)
</UL>
<P><STRONG><a name="[4d]"></a>OTG_FS_IRQHandler</STRONG> (Thumb, 0 bytes, Stack size 0 bytes, startup_stm32f746xx.o(.text))
<BR>[Address Reference Count : 1]<UL><LI> startup_stm32f746xx.o(RESET)
</UL>
<P><STRONG><a name="[34]"></a>OTG_FS_WKUP_IRQHandler</STRONG> (Thumb, 0 bytes, Stack size 0 bytes, startup_stm32f746xx.o(.text))
<BR>[Address Reference Count : 1]<UL><LI> startup_stm32f746xx.o(RESET)
</UL>
<P><STRONG><a name="[55]"></a>OTG_HS_EP1_IN_IRQHandler</STRONG> (Thumb, 0 bytes, Stack size 0 bytes, startup_stm32f746xx.o(.text))
<BR>[Address Reference Count : 1]<UL><LI> startup_stm32f746xx.o(RESET)
</UL>
<P><STRONG><a name="[54]"></a>OTG_HS_EP1_OUT_IRQHandler</STRONG> (Thumb, 0 bytes, Stack size 0 bytes, startup_stm32f746xx.o(.text))
<BR>[Address Reference Count : 1]<UL><LI> startup_stm32f746xx.o(RESET)
</UL>
<P><STRONG><a name="[57]"></a>OTG_HS_IRQHandler</STRONG> (Thumb, 0 bytes, Stack size 0 bytes, startup_stm32f746xx.o(.text))
<BR>[Address Reference Count : 1]<UL><LI> startup_stm32f746xx.o(RESET)
</UL>
<P><STRONG><a name="[56]"></a>OTG_HS_WKUP_IRQHandler</STRONG> (Thumb, 0 bytes, Stack size 0 bytes, startup_stm32f746xx.o(.text))
<BR>[Address Reference Count : 1]<UL><LI> startup_stm32f746xx.o(RESET)
</UL>
<P><STRONG><a name="[b]"></a>PVD_IRQHandler</STRONG> (Thumb, 0 bytes, Stack size 0 bytes, startup_stm32f746xx.o(.text))
<BR>[Address Reference Count : 1]<UL><LI> startup_stm32f746xx.o(RESET)
</UL>
<P><STRONG><a name="[f]"></a>RCC_IRQHandler</STRONG> (Thumb, 0 bytes, Stack size 0 bytes, startup_stm32f746xx.o(.text))
<BR>[Address Reference Count : 1]<UL><LI> startup_stm32f746xx.o(RESET)
</UL>
<P><STRONG><a name="[59]"></a>RNG_IRQHandler</STRONG> (Thumb, 0 bytes, Stack size 0 bytes, startup_stm32f746xx.o(.text))
<BR>[Address Reference Count : 1]<UL><LI> startup_stm32f746xx.o(RESET)
</UL>
<P><STRONG><a name="[33]"></a>RTC_Alarm_IRQHandler</STRONG> (Thumb, 0 bytes, Stack size 0 bytes, startup_stm32f746xx.o(.text))
<BR>[Address Reference Count : 1]<UL><LI> startup_stm32f746xx.o(RESET)
</UL>
<P><STRONG><a name="[d]"></a>RTC_WKUP_IRQHandler</STRONG> (Thumb, 0 bytes, Stack size 0 bytes, startup_stm32f746xx.o(.text))
<BR>[Address Reference Count : 1]<UL><LI> startup_stm32f746xx.o(RESET)
</UL>
<P><STRONG><a name="[60]"></a>SAI1_IRQHandler</STRONG> (Thumb, 0 bytes, Stack size 0 bytes, startup_stm32f746xx.o(.text))
<BR>[Address Reference Count : 1]<UL><LI> startup_stm32f746xx.o(RESET)
</UL>
<P><STRONG><a name="[64]"></a>SAI2_IRQHandler</STRONG> (Thumb, 0 bytes, Stack size 0 bytes, startup_stm32f746xx.o(.text))
<BR>[Address Reference Count : 1]<UL><LI> startup_stm32f746xx.o(RESET)
</UL>
<P><STRONG><a name="[3b]"></a>SDMMC1_IRQHandler</STRONG> (Thumb, 0 bytes, Stack size 0 bytes, startup_stm32f746xx.o(.text))
<BR>[Address Reference Count : 1]<UL><LI> startup_stm32f746xx.o(RESET)
</UL>
<P><STRONG><a name="[6a]"></a>SPDIF_RX_IRQHandler</STRONG> (Thumb, 0 bytes, Stack size 0 bytes, startup_stm32f746xx.o(.text))
<BR>[Address Reference Count : 1]<UL><LI> startup_stm32f746xx.o(RESET)
</UL>
<P><STRONG><a name="[2d]"></a>SPI1_IRQHandler</STRONG> (Thumb, 0 bytes, Stack size 0 bytes, startup_stm32f746xx.o(.text))
<BR>[Address Reference Count : 1]<UL><LI> startup_stm32f746xx.o(RESET)
</UL>
<P><STRONG><a name="[2e]"></a>SPI2_IRQHandler</STRONG> (Thumb, 0 bytes, Stack size 0 bytes, startup_stm32f746xx.o(.text))
<BR>[Address Reference Count : 1]<UL><LI> startup_stm32f746xx.o(RESET)
</UL>
<P><STRONG><a name="[3d]"></a>SPI3_IRQHandler</STRONG> (Thumb, 0 bytes, Stack size 0 bytes, startup_stm32f746xx.o(.text))
<BR>[Address Reference Count : 1]<UL><LI> startup_stm32f746xx.o(RESET)
</UL>
<P><STRONG><a name="[5d]"></a>SPI4_IRQHandler</STRONG> (Thumb, 0 bytes, Stack size 0 bytes, startup_stm32f746xx.o(.text))
<BR>[Address Reference Count : 1]<UL><LI> startup_stm32f746xx.o(RESET)
</UL>
<P><STRONG><a name="[5e]"></a>SPI5_IRQHandler</STRONG> (Thumb, 0 bytes, Stack size 0 bytes, startup_stm32f746xx.o(.text))
<BR>[Address Reference Count : 1]<UL><LI> startup_stm32f746xx.o(RESET)
</UL>
<P><STRONG><a name="[5f]"></a>SPI6_IRQHandler</STRONG> (Thumb, 0 bytes, Stack size 0 bytes, startup_stm32f746xx.o(.text))
<BR>[Address Reference Count : 1]<UL><LI> startup_stm32f746xx.o(RESET)
</UL>
<P><STRONG><a name="[c]"></a>TAMP_STAMP_IRQHandler</STRONG> (Thumb, 0 bytes, Stack size 0 bytes, startup_stm32f746xx.o(.text))
<BR>[Address Reference Count : 1]<UL><LI> startup_stm32f746xx.o(RESET)
</UL>
<P><STRONG><a name="[22]"></a>TIM1_BRK_TIM9_IRQHandler</STRONG> (Thumb, 0 bytes, Stack size 0 bytes, startup_stm32f746xx.o(.text))
<BR>[Address Reference Count : 1]<UL><LI> startup_stm32f746xx.o(RESET)
</UL>
<P><STRONG><a name="[25]"></a>TIM1_CC_IRQHandler</STRONG> (Thumb, 0 bytes, Stack size 0 bytes, startup_stm32f746xx.o(.text))
<BR>[Address Reference Count : 1]<UL><LI> startup_stm32f746xx.o(RESET)
</UL>
<P><STRONG><a name="[24]"></a>TIM1_TRG_COM_TIM11_IRQHandler</STRONG> (Thumb, 0 bytes, Stack size 0 bytes, startup_stm32f746xx.o(.text))
<BR>[Address Reference Count : 1]<UL><LI> startup_stm32f746xx.o(RESET)
</UL>
<P><STRONG><a name="[23]"></a>TIM1_UP_TIM10_IRQHandler</STRONG> (Thumb, 0 bytes, Stack size 0 bytes, startup_stm32f746xx.o(.text))
<BR>[Address Reference Count : 1]<UL><LI> startup_stm32f746xx.o(RESET)
</UL>
<P><STRONG><a name="[26]"></a>TIM2_IRQHandler</STRONG> (Thumb, 0 bytes, Stack size 0 bytes, startup_stm32f746xx.o(.text))
<BR>[Address Reference Count : 1]<UL><LI> startup_stm32f746xx.o(RESET)
</UL>
<P><STRONG><a name="[27]"></a>TIM3_IRQHandler</STRONG> (Thumb, 0 bytes, Stack size 0 bytes, startup_stm32f746xx.o(.text))
<BR>[Address Reference Count : 1]<UL><LI> startup_stm32f746xx.o(RESET)
</UL>
<P><STRONG><a name="[28]"></a>TIM4_IRQHandler</STRONG> (Thumb, 0 bytes, Stack size 0 bytes, startup_stm32f746xx.o(.text))
<BR>[Address Reference Count : 1]<UL><LI> startup_stm32f746xx.o(RESET)
</UL>
<P><STRONG><a name="[3c]"></a>TIM5_IRQHandler</STRONG> (Thumb, 0 bytes, Stack size 0 bytes, startup_stm32f746xx.o(.text))
<BR>[Address Reference Count : 1]<UL><LI> startup_stm32f746xx.o(RESET)
</UL>
<P><STRONG><a name="[40]"></a>TIM6_DAC_IRQHandler</STRONG> (Thumb, 0 bytes, Stack size 0 bytes, startup_stm32f746xx.o(.text))
<BR>[Address Reference Count : 1]<UL><LI> startup_stm32f746xx.o(RESET)
</UL>
<P><STRONG><a name="[41]"></a>TIM7_IRQHandler</STRONG> (Thumb, 0 bytes, Stack size 0 bytes, startup_stm32f746xx.o(.text))
<BR>[Address Reference Count : 1]<UL><LI> startup_stm32f746xx.o(RESET)
</UL>
<P><STRONG><a name="[35]"></a>TIM8_BRK_TIM12_IRQHandler</STRONG> (Thumb, 0 bytes, Stack size 0 bytes, startup_stm32f746xx.o(.text))
<BR>[Address Reference Count : 1]<UL><LI> startup_stm32f746xx.o(RESET)
</UL>
<P><STRONG><a name="[38]"></a>TIM8_CC_IRQHandler</STRONG> (Thumb, 0 bytes, Stack size 0 bytes, startup_stm32f746xx.o(.text))
<BR>[Address Reference Count : 1]<UL><LI> startup_stm32f746xx.o(RESET)
</UL>
<P><STRONG><a name="[37]"></a>TIM8_TRG_COM_TIM14_IRQHandler</STRONG> (Thumb, 0 bytes, Stack size 0 bytes, startup_stm32f746xx.o(.text))
<BR>[Address Reference Count : 1]<UL><LI> startup_stm32f746xx.o(RESET)
</UL>
<P><STRONG><a name="[36]"></a>TIM8_UP_TIM13_IRQHandler</STRONG> (Thumb, 0 bytes, Stack size 0 bytes, startup_stm32f746xx.o(.text))
<BR>[Address Reference Count : 1]<UL><LI> startup_stm32f746xx.o(RESET)
</UL>
<P><STRONG><a name="[3e]"></a>UART4_IRQHandler</STRONG> (Thumb, 0 bytes, Stack size 0 bytes, startup_stm32f746xx.o(.text))
<BR>[Address Reference Count : 1]<UL><LI> startup_stm32f746xx.o(RESET)
</UL>
<P><STRONG><a name="[3f]"></a>UART5_IRQHandler</STRONG> (Thumb, 0 bytes, Stack size 0 bytes, startup_stm32f746xx.o(.text))
<BR>[Address Reference Count : 1]<UL><LI> startup_stm32f746xx.o(RESET)
</UL>
<P><STRONG><a name="[5b]"></a>UART7_IRQHandler</STRONG> (Thumb, 0 bytes, Stack size 0 bytes, startup_stm32f746xx.o(.text))
<BR>[Address Reference Count : 1]<UL><LI> startup_stm32f746xx.o(RESET)
</UL>
<P><STRONG><a name="[5c]"></a>UART8_IRQHandler</STRONG> (Thumb, 0 bytes, Stack size 0 bytes, startup_stm32f746xx.o(.text))
<BR>[Address Reference Count : 1]<UL><LI> startup_stm32f746xx.o(RESET)
</UL>
<P><STRONG><a name="[2f]"></a>USART1_IRQHandler</STRONG> (Thumb, 0 bytes, Stack size 0 bytes, startup_stm32f746xx.o(.text))
<BR>[Address Reference Count : 1]<UL><LI> startup_stm32f746xx.o(RESET)
</UL>
<P><STRONG><a name="[30]"></a>USART2_IRQHandler</STRONG> (Thumb, 0 bytes, Stack size 0 bytes, startup_stm32f746xx.o(.text))
<BR>[Address Reference Count : 1]<UL><LI> startup_stm32f746xx.o(RESET)
</UL>
<P><STRONG><a name="[31]"></a>USART3_IRQHandler</STRONG> (Thumb, 0 bytes, Stack size 0 bytes, startup_stm32f746xx.o(.text))
<BR>[Address Reference Count : 1]<UL><LI> startup_stm32f746xx.o(RESET)
</UL>
<P><STRONG><a name="[51]"></a>USART6_IRQHandler</STRONG> (Thumb, 0 bytes, Stack size 0 bytes, startup_stm32f746xx.o(.text))
<BR>[Address Reference Count : 1]<UL><LI> startup_stm32f746xx.o(RESET)
</UL>
<P><STRONG><a name="[a]"></a>WWDG_IRQHandler</STRONG> (Thumb, 0 bytes, Stack size 0 bytes, startup_stm32f746xx.o(.text))
<BR>[Address Reference Count : 1]<UL><LI> startup_stm32f746xx.o(RESET)
</UL>
<P><STRONG><a name="[8e]"></a>memcmp</STRONG> (Thumb, 26 bytes, Stack size 12 bytes, memcmp.o(.text))
<BR><BR>[Stack]<UL><LI>Max Depth = 12<LI>Call Chain = memcmp
</UL>
<BR>[Called By]<UL><LI><a href="#[6b]">&gt;&gt;</a>&nbsp;&nbsp;&nbsp;main
<LI><a href="#[8b]">&gt;&gt;</a>&nbsp;&nbsp;&nbsp;QSPI2FLASH_Copy
</UL>

<P><STRONG><a name="[72]"></a>__scatterload</STRONG> (Thumb, 28 bytes, Stack size 0 bytes, init.o(.text))
<BR><BR>[Calls]<UL><LI><a href="#[73]">&gt;&gt;</a>&nbsp;&nbsp;&nbsp;__main_after_scatterload
</UL>
<BR>[Called By]<UL><LI><a href="#[71]">&gt;&gt;</a>&nbsp;&nbsp;&nbsp;_main_scatterload
</UL>

<P><STRONG><a name="[9b]"></a>__scatterload_rt2</STRONG> (Thumb, 0 bytes, Stack size 0 bytes, init.o(.text), UNUSED)

<P><STRONG><a name="[94]"></a>__aeabi_memcpy</STRONG> (Thumb, 36 bytes, Stack size 0 bytes, memcpya.o(.text))
<BR><BR>[Called By]<UL><LI><a href="#[6b]">&gt;&gt;</a>&nbsp;&nbsp;&nbsp;main
</UL>

<P><STRONG><a name="[9c]"></a>__aeabi_memcpy4</STRONG> (Thumb, 0 bytes, Stack size 0 bytes, memcpya.o(.text), UNUSED)

<P><STRONG><a name="[9d]"></a>__aeabi_memcpy8</STRONG> (Thumb, 0 bytes, Stack size 0 bytes, memcpya.o(.text), UNUSED)

<P><STRONG><a name="[75]"></a>__aeabi_memset</STRONG> (Thumb, 14 bytes, Stack size 0 bytes, memseta.o(.text), UNUSED)
<BR><BR>[Called By]<UL><LI><a href="#[76]">&gt;&gt;</a>&nbsp;&nbsp;&nbsp;_memset$wrapper
<LI><a href="#[74]">&gt;&gt;</a>&nbsp;&nbsp;&nbsp;__aeabi_memclr
</UL>

<P><STRONG><a name="[9e]"></a>__aeabi_memset4</STRONG> (Thumb, 0 bytes, Stack size 0 bytes, memseta.o(.text), UNUSED)

<P><STRONG><a name="[9f]"></a>__aeabi_memset8</STRONG> (Thumb, 0 bytes, Stack size 0 bytes, memseta.o(.text), UNUSED)

<P><STRONG><a name="[74]"></a>__aeabi_memclr</STRONG> (Thumb, 4 bytes, Stack size 0 bytes, memseta.o(.text), UNUSED)
<BR><BR>[Calls]<UL><LI><a href="#[75]">&gt;&gt;</a>&nbsp;&nbsp;&nbsp;__aeabi_memset
</UL>

<P><STRONG><a name="[89]"></a>__aeabi_memclr4</STRONG> (Thumb, 0 bytes, Stack size 0 bytes, memseta.o(.text))
<BR><BR>[Called By]<UL><LI><a href="#[88]">&gt;&gt;</a>&nbsp;&nbsp;&nbsp;MX_QSPI_Init
</UL>

<P><STRONG><a name="[a0]"></a>__aeabi_memclr8</STRONG> (Thumb, 0 bytes, Stack size 0 bytes, memseta.o(.text), UNUSED)

<P><STRONG><a name="[76]"></a>_memset$wrapper</STRONG> (Thumb, 18 bytes, Stack size 8 bytes, memseta.o(.text), UNUSED)
<BR><BR>[Calls]<UL><LI><a href="#[75]">&gt;&gt;</a>&nbsp;&nbsp;&nbsp;__aeabi_memset
</UL>

<P><STRONG><a name="[4]"></a>BusFault_Handler</STRONG> (Thumb, 4 bytes, Stack size 0 bytes, lto-llvm-f79367.o(.text.BusFault_Handler))
<BR><BR>[Stack]<UL><LI>Max Depth = 48<LI>Call Chain = BusFault_Handler &rArr; Restart &rArr; HAL_Deinit &rArr; HAL_QSPI_DeInit
</UL>
<BR>[Calls]<UL><LI><a href="#[77]">&gt;&gt;</a>&nbsp;&nbsp;&nbsp;Restart
</UL>
<BR>[Address Reference Count : 1]<UL><LI> startup_stm32f746xx.o(RESET)
</UL>
<P><STRONG><a name="[7]"></a>DebugMon_Handler</STRONG> (Thumb, 2 bytes, Stack size 0 bytes, lto-llvm-f79367.o(.text.DebugMon_Handler))
<BR>[Address Reference Count : 1]<UL><LI> startup_stm32f746xx.o(RESET)
</UL>
<P><STRONG><a name="[2]"></a>HardFault_Handler</STRONG> (Thumb, 4 bytes, Stack size 0 bytes, lto-llvm-f79367.o(.text.HardFault_Handler))
<BR><BR>[Stack]<UL><LI>Max Depth = 48<LI>Call Chain = HardFault_Handler &rArr; Restart &rArr; HAL_Deinit &rArr; HAL_QSPI_DeInit
</UL>
<BR>[Calls]<UL><LI><a href="#[77]">&gt;&gt;</a>&nbsp;&nbsp;&nbsp;Restart
</UL>
<BR>[Address Reference Count : 1]<UL><LI> startup_stm32f746xx.o(RESET)
</UL>
<P><STRONG><a name="[3]"></a>MemManage_Handler</STRONG> (Thumb, 4 bytes, Stack size 0 bytes, lto-llvm-f79367.o(.text.MemManage_Handler))
<BR><BR>[Stack]<UL><LI>Max Depth = 48<LI>Call Chain = MemManage_Handler &rArr; Restart &rArr; HAL_Deinit &rArr; HAL_QSPI_DeInit
</UL>
<BR>[Calls]<UL><LI><a href="#[77]">&gt;&gt;</a>&nbsp;&nbsp;&nbsp;Restart
</UL>
<BR>[Address Reference Count : 1]<UL><LI> startup_stm32f746xx.o(RESET)
</UL>
<P><STRONG><a name="[1]"></a>NMI_Handler</STRONG> (Thumb, 2 bytes, Stack size 0 bytes, lto-llvm-f79367.o(.text.NMI_Handler))
<BR>[Address Reference Count : 1]<UL><LI> startup_stm32f746xx.o(RESET)
</UL>
<P><STRONG><a name="[65]"></a>QUADSPI_IRQHandler</STRONG> (Thumb, 388 bytes, Stack size 8 bytes, lto-llvm-f79367.o(.text.QUADSPI_IRQHandler))
<BR><BR>[Stack]<UL><LI>Max Depth = 8<LI>Call Chain = QUADSPI_IRQHandler
</UL>
<BR>[Calls]<UL><LI><a href="#[82]">&gt;&gt;</a>&nbsp;&nbsp;&nbsp;HAL_QSPI_Abort_IT
<LI><a href="#[83]">&gt;&gt;</a>&nbsp;&nbsp;&nbsp;HAL_DMA_Abort_IT
</UL>
<BR>[Address Reference Count : 1]<UL><LI> startup_stm32f746xx.o(RESET)
</UL>
<P><STRONG><a name="[9]"></a>SysTick_Handler</STRONG> (Thumb, 16 bytes, Stack size 0 bytes, lto-llvm-f79367.o(.text.SysTick_Handler))
<BR>[Address Reference Count : 1]<UL><LI> startup_stm32f746xx.o(RESET)
</UL>
<P><STRONG><a name="[6c]"></a>SystemInit</STRONG> (Thumb, 76 bytes, Stack size 8 bytes, lto-llvm-f79367.o(.text.SystemInit))
<BR><BR>[Stack]<UL><LI>Max Depth = 8<LI>Call Chain = SystemInit
</UL>
<BR>[Address Reference Count : 1]<UL><LI> startup_stm32f746xx.o(.text)
</UL>
<P><STRONG><a name="[5]"></a>UsageFault_Handler</STRONG> (Thumb, 4 bytes, Stack size 0 bytes, lto-llvm-f79367.o(.text.UsageFault_Handler))
<BR><BR>[Stack]<UL><LI>Max Depth = 48<LI>Call Chain = UsageFault_Handler &rArr; Restart &rArr; HAL_Deinit &rArr; HAL_QSPI_DeInit
</UL>
<BR>[Calls]<UL><LI><a href="#[77]">&gt;&gt;</a>&nbsp;&nbsp;&nbsp;Restart
</UL>
<BR>[Address Reference Count : 1]<UL><LI> startup_stm32f746xx.o(RESET)
</UL>
<P><STRONG><a name="[6b]"></a>main</STRONG> (Thumb, 1504 bytes, Stack size 328 bytes, lto-llvm-f79367.o(.text.main))
<BR><BR>[Stack]<UL><LI>Max Depth = 456<LI>Call Chain = main &rArr; QSPI_WritePage &rArr; QSPI_WriteEnable &rArr; HAL_QSPI_Command &rArr; QSPI_Config
</UL>
<BR>[Calls]<UL><LI><a href="#[8e]">&gt;&gt;</a>&nbsp;&nbsp;&nbsp;memcmp
<LI><a href="#[94]">&gt;&gt;</a>&nbsp;&nbsp;&nbsp;__aeabi_memcpy
<LI><a href="#[93]">&gt;&gt;</a>&nbsp;&nbsp;&nbsp;RunApplication
<LI><a href="#[77]">&gt;&gt;</a>&nbsp;&nbsp;&nbsp;Restart
<LI><a href="#[91]">&gt;&gt;</a>&nbsp;&nbsp;&nbsp;QSPI_WritePage
<LI><a href="#[90]">&gt;&gt;</a>&nbsp;&nbsp;&nbsp;QSPI_WriteEnable
<LI><a href="#[8f]">&gt;&gt;</a>&nbsp;&nbsp;&nbsp;QSPI_MemMapMode
<LI><a href="#[8a]">&gt;&gt;</a>&nbsp;&nbsp;&nbsp;QSPI_AutoPollMemRdy
<LI><a href="#[8b]">&gt;&gt;</a>&nbsp;&nbsp;&nbsp;QSPI2FLASH_Copy
<LI><a href="#[88]">&gt;&gt;</a>&nbsp;&nbsp;&nbsp;MX_QSPI_Init
<LI><a href="#[86]">&gt;&gt;</a>&nbsp;&nbsp;&nbsp;HAL_QSPI_Command
<LI><a href="#[7e]">&gt;&gt;</a>&nbsp;&nbsp;&nbsp;HAL_InitTick
<LI><a href="#[78]">&gt;&gt;</a>&nbsp;&nbsp;&nbsp;GetFwInfo
</UL>
<BR>[Address Reference Count : 1]<UL><LI> entry9a.o(.ARM.Collect$$$$0000000B)
</UL>
<P><STRONG><a name="[a1]"></a>__scatterload_copy</STRONG> (Thumb, 14 bytes, Stack size unknown bytes, handlers.o(i.__scatterload_copy), UNUSED)

<P><STRONG><a name="[a2]"></a>__scatterload_null</STRONG> (Thumb, 2 bytes, Stack size unknown bytes, handlers.o(i.__scatterload_null), UNUSED)

<P><STRONG><a name="[a3]"></a>__scatterload_zeroinit</STRONG> (Thumb, 14 bytes, Stack size unknown bytes, handlers.o(i.__scatterload_zeroinit), UNUSED)
<P>
<H3>
Local Symbols
</H3>
<P><STRONG><a name="[7a]"></a>CRC_Handle_16</STRONG> (Thumb, 48 bytes, Stack size 16 bytes, lto-llvm-f79367.o(.text.CRC_Handle_16))
<BR><BR>[Stack]<UL><LI>Max Depth = 16<LI>Call Chain = CRC_Handle_16
</UL>
<BR>[Called By]<UL><LI><a href="#[7b]">&gt;&gt;</a>&nbsp;&nbsp;&nbsp;HAL_CRC_Accumulate
<LI><a href="#[78]">&gt;&gt;</a>&nbsp;&nbsp;&nbsp;GetFwInfo
</UL>

<P><STRONG><a name="[79]"></a>CRC_Handle_8</STRONG> (Thumb, 92 bytes, Stack size 16 bytes, lto-llvm-f79367.o(.text.CRC_Handle_8))
<BR><BR>[Stack]<UL><LI>Max Depth = 16<LI>Call Chain = CRC_Handle_8
</UL>
<BR>[Called By]<UL><LI><a href="#[7b]">&gt;&gt;</a>&nbsp;&nbsp;&nbsp;HAL_CRC_Accumulate
<LI><a href="#[78]">&gt;&gt;</a>&nbsp;&nbsp;&nbsp;GetFwInfo
</UL>

<P><STRONG><a name="[8c]"></a>FLASH_GetSector</STRONG> (Thumb, 92 bytes, Stack size 0 bytes, lto-llvm-f79367.o(.text.FLASH_GetSector))
<BR><BR>[Called By]<UL><LI><a href="#[8b]">&gt;&gt;</a>&nbsp;&nbsp;&nbsp;QSPI2FLASH_Copy
</UL>

<P><STRONG><a name="[8d]"></a>FLASH_WaitForLastOperation</STRONG> (Thumb, 144 bytes, Stack size 16 bytes, lto-llvm-f79367.o(.text.FLASH_WaitForLastOperation))
<BR><BR>[Stack]<UL><LI>Max Depth = 16<LI>Call Chain = FLASH_WaitForLastOperation
</UL>
<BR>[Called By]<UL><LI><a href="#[8b]">&gt;&gt;</a>&nbsp;&nbsp;&nbsp;QSPI2FLASH_Copy
</UL>

<P><STRONG><a name="[78]"></a>GetFwInfo</STRONG> (Thumb, 268 bytes, Stack size 32 bytes, lto-llvm-f79367.o(.text.GetFwInfo))
<BR><BR>[Stack]<UL><LI>Max Depth = 56<LI>Call Chain = GetFwInfo &rArr; HAL_CRC_Accumulate &rArr; CRC_Handle_8
</UL>
<BR>[Calls]<UL><LI><a href="#[7b]">&gt;&gt;</a>&nbsp;&nbsp;&nbsp;HAL_CRC_Accumulate
<LI><a href="#[79]">&gt;&gt;</a>&nbsp;&nbsp;&nbsp;CRC_Handle_8
<LI><a href="#[7a]">&gt;&gt;</a>&nbsp;&nbsp;&nbsp;CRC_Handle_16
</UL>
<BR>[Called By]<UL><LI><a href="#[6b]">&gt;&gt;</a>&nbsp;&nbsp;&nbsp;main
</UL>

<P><STRONG><a name="[7b]"></a>HAL_CRC_Accumulate</STRONG> (Thumb, 92 bytes, Stack size 8 bytes, lto-llvm-f79367.o(.text.HAL_CRC_Accumulate))
<BR><BR>[Stack]<UL><LI>Max Depth = 24<LI>Call Chain = HAL_CRC_Accumulate &rArr; CRC_Handle_8
</UL>
<BR>[Calls]<UL><LI><a href="#[79]">&gt;&gt;</a>&nbsp;&nbsp;&nbsp;CRC_Handle_8
<LI><a href="#[7a]">&gt;&gt;</a>&nbsp;&nbsp;&nbsp;CRC_Handle_16
</UL>
<BR>[Called By]<UL><LI><a href="#[78]">&gt;&gt;</a>&nbsp;&nbsp;&nbsp;GetFwInfo
</UL>

<P><STRONG><a name="[83]"></a>HAL_DMA_Abort_IT</STRONG> (Thumb, 32 bytes, Stack size 0 bytes, lto-llvm-f79367.o(.text.HAL_DMA_Abort_IT))
<BR><BR>[Called By]<UL><LI><a href="#[65]">&gt;&gt;</a>&nbsp;&nbsp;&nbsp;QUADSPI_IRQHandler
<LI><a href="#[82]">&gt;&gt;</a>&nbsp;&nbsp;&nbsp;HAL_QSPI_Abort_IT
</UL>

<P><STRONG><a name="[7c]"></a>HAL_Deinit</STRONG> (Thumb, 296 bytes, Stack size 24 bytes, lto-llvm-f79367.o(.text.HAL_Deinit))
<BR><BR>[Stack]<UL><LI>Max Depth = 48<LI>Call Chain = HAL_Deinit &rArr; HAL_QSPI_DeInit
</UL>
<BR>[Calls]<UL><LI><a href="#[7d]">&gt;&gt;</a>&nbsp;&nbsp;&nbsp;HAL_QSPI_DeInit
</UL>
<BR>[Called By]<UL><LI><a href="#[93]">&gt;&gt;</a>&nbsp;&nbsp;&nbsp;RunApplication
<LI><a href="#[77]">&gt;&gt;</a>&nbsp;&nbsp;&nbsp;Restart
</UL>

<P><STRONG><a name="[6f]"></a>HAL_GPIO_DeInit</STRONG> (Thumb, 212 bytes, Stack size 36 bytes, lto-llvm-f79367.o(.text.HAL_GPIO_DeInit))
<BR><BR>[Stack]<UL><LI>Max Depth = 36<LI>Call Chain = HAL_GPIO_DeInit
</UL>
<BR>[Address Reference Count : 1]<UL><LI> lto-llvm-f79367.o(.text.HAL_QSPI_DeInit)
</UL>
<P><STRONG><a name="[70]"></a>HAL_GPIO_Init</STRONG> (Thumb, 396 bytes, Stack size 40 bytes, lto-llvm-f79367.o(.text.HAL_GPIO_Init))
<BR><BR>[Stack]<UL><LI>Max Depth = 40<LI>Call Chain = HAL_GPIO_Init
</UL>
<BR>[Address Reference Count : 1]<UL><LI> lto-llvm-f79367.o(.text.MX_QSPI_Init)
</UL>
<P><STRONG><a name="[7e]"></a>HAL_InitTick</STRONG> (Thumb, 60 bytes, Stack size 0 bytes, lto-llvm-f79367.o(.text.HAL_InitTick))
<BR><BR>[Calls]<UL><LI><a href="#[7f]">&gt;&gt;</a>&nbsp;&nbsp;&nbsp;HAL_NVIC_SetPriority
</UL>
<BR>[Called By]<UL><LI><a href="#[6b]">&gt;&gt;</a>&nbsp;&nbsp;&nbsp;main
</UL>

<P><STRONG><a name="[7f]"></a>HAL_NVIC_SetPriority</STRONG> (Thumb, 80 bytes, Stack size 0 bytes, lto-llvm-f79367.o(.text.HAL_NVIC_SetPriority))
<BR><BR>[Called By]<UL><LI><a href="#[88]">&gt;&gt;</a>&nbsp;&nbsp;&nbsp;MX_QSPI_Init
<LI><a href="#[7e]">&gt;&gt;</a>&nbsp;&nbsp;&nbsp;HAL_InitTick
</UL>

<P><STRONG><a name="[80]"></a>HAL_QSPI_Abort</STRONG> (Thumb, 236 bytes, Stack size 24 bytes, lto-llvm-f79367.o(.text.HAL_QSPI_Abort))
<BR><BR>[Stack]<UL><LI>Max Depth = 44<LI>Call Chain = HAL_QSPI_Abort &rArr; QSPI_WaitFlagStateUntilTimeout
</UL>
<BR>[Calls]<UL><LI><a href="#[81]">&gt;&gt;</a>&nbsp;&nbsp;&nbsp;QSPI_WaitFlagStateUntilTimeout
</UL>
<BR>[Called By]<UL><LI><a href="#[8f]">&gt;&gt;</a>&nbsp;&nbsp;&nbsp;QSPI_MemMapMode
<LI><a href="#[87]">&gt;&gt;</a>&nbsp;&nbsp;&nbsp;HAL_QSPI_Transmit
</UL>

<P><STRONG><a name="[82]"></a>HAL_QSPI_Abort_IT</STRONG> (Thumb, 84 bytes, Stack size 0 bytes, lto-llvm-f79367.o(.text.HAL_QSPI_Abort_IT))
<BR><BR>[Calls]<UL><LI><a href="#[83]">&gt;&gt;</a>&nbsp;&nbsp;&nbsp;HAL_DMA_Abort_IT
</UL>
<BR>[Called By]<UL><LI><a href="#[65]">&gt;&gt;</a>&nbsp;&nbsp;&nbsp;QUADSPI_IRQHandler
</UL>

<P><STRONG><a name="[84]"></a>HAL_QSPI_AutoPolling</STRONG> (Thumb, 164 bytes, Stack size 24 bytes, lto-llvm-f79367.o(.text.HAL_QSPI_AutoPolling))
<BR><BR>[Stack]<UL><LI>Max Depth = 48<LI>Call Chain = HAL_QSPI_AutoPolling &rArr; QSPI_Config
</UL>
<BR>[Calls]<UL><LI><a href="#[81]">&gt;&gt;</a>&nbsp;&nbsp;&nbsp;QSPI_WaitFlagStateUntilTimeout
<LI><a href="#[85]">&gt;&gt;</a>&nbsp;&nbsp;&nbsp;QSPI_Config
</UL>
<BR>[Called By]<UL><LI><a href="#[90]">&gt;&gt;</a>&nbsp;&nbsp;&nbsp;QSPI_WriteEnable
<LI><a href="#[8a]">&gt;&gt;</a>&nbsp;&nbsp;&nbsp;QSPI_AutoPollMemRdy
</UL>

<P><STRONG><a name="[86]"></a>HAL_QSPI_Command</STRONG> (Thumb, 128 bytes, Stack size 24 bytes, lto-llvm-f79367.o(.text.HAL_QSPI_Command))
<BR><BR>[Stack]<UL><LI>Max Depth = 48<LI>Call Chain = HAL_QSPI_Command &rArr; QSPI_Config
</UL>
<BR>[Calls]<UL><LI><a href="#[81]">&gt;&gt;</a>&nbsp;&nbsp;&nbsp;QSPI_WaitFlagStateUntilTimeout
<LI><a href="#[85]">&gt;&gt;</a>&nbsp;&nbsp;&nbsp;QSPI_Config
</UL>
<BR>[Called By]<UL><LI><a href="#[6b]">&gt;&gt;</a>&nbsp;&nbsp;&nbsp;main
<LI><a href="#[91]">&gt;&gt;</a>&nbsp;&nbsp;&nbsp;QSPI_WritePage
<LI><a href="#[90]">&gt;&gt;</a>&nbsp;&nbsp;&nbsp;QSPI_WriteEnable
<LI><a href="#[8f]">&gt;&gt;</a>&nbsp;&nbsp;&nbsp;QSPI_MemMapMode
</UL>

<P><STRONG><a name="[7d]"></a>HAL_QSPI_DeInit</STRONG> (Thumb, 252 bytes, Stack size 24 bytes, lto-llvm-f79367.o(.text.HAL_QSPI_DeInit))
<BR><BR>[Stack]<UL><LI>Max Depth = 24<LI>Call Chain = HAL_QSPI_DeInit
</UL>
<BR>[Called By]<UL><LI><a href="#[88]">&gt;&gt;</a>&nbsp;&nbsp;&nbsp;MX_QSPI_Init
<LI><a href="#[7c]">&gt;&gt;</a>&nbsp;&nbsp;&nbsp;HAL_Deinit
</UL>

<P><STRONG><a name="[87]"></a>HAL_QSPI_Transmit</STRONG> (Thumb, 176 bytes, Stack size 16 bytes, lto-llvm-f79367.o(.text.HAL_QSPI_Transmit))
<BR><BR>[Stack]<UL><LI>Max Depth = 60<LI>Call Chain = HAL_QSPI_Transmit &rArr; HAL_QSPI_Abort &rArr; QSPI_WaitFlagStateUntilTimeout
</UL>
<BR>[Calls]<UL><LI><a href="#[81]">&gt;&gt;</a>&nbsp;&nbsp;&nbsp;QSPI_WaitFlagStateUntilTimeout
<LI><a href="#[80]">&gt;&gt;</a>&nbsp;&nbsp;&nbsp;HAL_QSPI_Abort
</UL>
<BR>[Called By]<UL><LI><a href="#[91]">&gt;&gt;</a>&nbsp;&nbsp;&nbsp;QSPI_WritePage
<LI><a href="#[8f]">&gt;&gt;</a>&nbsp;&nbsp;&nbsp;QSPI_MemMapMode
</UL>

<P><STRONG><a name="[88]"></a>MX_QSPI_Init</STRONG> (Thumb, 740 bytes, Stack size 56 bytes, lto-llvm-f79367.o(.text.MX_QSPI_Init))
<BR><BR>[Stack]<UL><LI>Max Depth = 120<LI>Call Chain = MX_QSPI_Init &rArr; QSPI_AutoPollMemRdy &rArr; HAL_QSPI_AutoPolling &rArr; QSPI_Config
</UL>
<BR>[Calls]<UL><LI><a href="#[89]">&gt;&gt;</a>&nbsp;&nbsp;&nbsp;__aeabi_memclr4
<LI><a href="#[77]">&gt;&gt;</a>&nbsp;&nbsp;&nbsp;Restart
<LI><a href="#[81]">&gt;&gt;</a>&nbsp;&nbsp;&nbsp;QSPI_WaitFlagStateUntilTimeout
<LI><a href="#[8a]">&gt;&gt;</a>&nbsp;&nbsp;&nbsp;QSPI_AutoPollMemRdy
<LI><a href="#[7d]">&gt;&gt;</a>&nbsp;&nbsp;&nbsp;HAL_QSPI_DeInit
<LI><a href="#[7f]">&gt;&gt;</a>&nbsp;&nbsp;&nbsp;HAL_NVIC_SetPriority
</UL>
<BR>[Called By]<UL><LI><a href="#[6b]">&gt;&gt;</a>&nbsp;&nbsp;&nbsp;main
</UL>

<P><STRONG><a name="[8b]"></a>QSPI2FLASH_Copy</STRONG> (Thumb, 312 bytes, Stack size 40 bytes, lto-llvm-f79367.o(.text.QSPI2FLASH_Copy))
<BR><BR>[Stack]<UL><LI>Max Depth = 56<LI>Call Chain = QSPI2FLASH_Copy &rArr; FLASH_WaitForLastOperation
</UL>
<BR>[Calls]<UL><LI><a href="#[8e]">&gt;&gt;</a>&nbsp;&nbsp;&nbsp;memcmp
<LI><a href="#[8d]">&gt;&gt;</a>&nbsp;&nbsp;&nbsp;FLASH_WaitForLastOperation
<LI><a href="#[8c]">&gt;&gt;</a>&nbsp;&nbsp;&nbsp;FLASH_GetSector
</UL>
<BR>[Called By]<UL><LI><a href="#[6b]">&gt;&gt;</a>&nbsp;&nbsp;&nbsp;main
</UL>

<P><STRONG><a name="[8a]"></a>QSPI_AutoPollMemRdy</STRONG> (Thumb, 68 bytes, Stack size 16 bytes, lto-llvm-f79367.o(.text.QSPI_AutoPollMemRdy))
<BR><BR>[Stack]<UL><LI>Max Depth = 64<LI>Call Chain = QSPI_AutoPollMemRdy &rArr; HAL_QSPI_AutoPolling &rArr; QSPI_Config
</UL>
<BR>[Calls]<UL><LI><a href="#[84]">&gt;&gt;</a>&nbsp;&nbsp;&nbsp;HAL_QSPI_AutoPolling
</UL>
<BR>[Called By]<UL><LI><a href="#[6b]">&gt;&gt;</a>&nbsp;&nbsp;&nbsp;main
<LI><a href="#[91]">&gt;&gt;</a>&nbsp;&nbsp;&nbsp;QSPI_WritePage
<LI><a href="#[88]">&gt;&gt;</a>&nbsp;&nbsp;&nbsp;MX_QSPI_Init
</UL>

<P><STRONG><a name="[85]"></a>QSPI_Config</STRONG> (Thumb, 368 bytes, Stack size 24 bytes, lto-llvm-f79367.o(.text.QSPI_Config))
<BR><BR>[Stack]<UL><LI>Max Depth = 24<LI>Call Chain = QSPI_Config
</UL>
<BR>[Called By]<UL><LI><a href="#[8f]">&gt;&gt;</a>&nbsp;&nbsp;&nbsp;QSPI_MemMapMode
<LI><a href="#[86]">&gt;&gt;</a>&nbsp;&nbsp;&nbsp;HAL_QSPI_Command
<LI><a href="#[84]">&gt;&gt;</a>&nbsp;&nbsp;&nbsp;HAL_QSPI_AutoPolling
</UL>

<P><STRONG><a name="[6e]"></a>QSPI_DMAAbortCplt</STRONG> (Thumb, 48 bytes, Stack size 0 bytes, lto-llvm-f79367.o(.text.QSPI_DMAAbortCplt))
<BR>[Address Reference Count : 2]<UL><LI> lto-llvm-f79367.o(.text.HAL_QSPI_Abort_IT)
<LI> lto-llvm-f79367.o(.text.QUADSPI_IRQHandler)
</UL>
<P><STRONG><a name="[8f]"></a>QSPI_MemMapMode</STRONG> (Thumb, 420 bytes, Stack size 32 bytes, lto-llvm-f79367.o(.text.QSPI_MemMapMode))
<BR><BR>[Stack]<UL><LI>Max Depth = 96<LI>Call Chain = QSPI_MemMapMode &rArr; QSPI_WriteEnable &rArr; HAL_QSPI_Command &rArr; QSPI_Config
</UL>
<BR>[Calls]<UL><LI><a href="#[90]">&gt;&gt;</a>&nbsp;&nbsp;&nbsp;QSPI_WriteEnable
<LI><a href="#[81]">&gt;&gt;</a>&nbsp;&nbsp;&nbsp;QSPI_WaitFlagStateUntilTimeout
<LI><a href="#[85]">&gt;&gt;</a>&nbsp;&nbsp;&nbsp;QSPI_Config
<LI><a href="#[87]">&gt;&gt;</a>&nbsp;&nbsp;&nbsp;HAL_QSPI_Transmit
<LI><a href="#[86]">&gt;&gt;</a>&nbsp;&nbsp;&nbsp;HAL_QSPI_Command
<LI><a href="#[80]">&gt;&gt;</a>&nbsp;&nbsp;&nbsp;HAL_QSPI_Abort
</UL>
<BR>[Called By]<UL><LI><a href="#[6b]">&gt;&gt;</a>&nbsp;&nbsp;&nbsp;main
</UL>

<P><STRONG><a name="[81]"></a>QSPI_WaitFlagStateUntilTimeout</STRONG> (Thumb, 76 bytes, Stack size 20 bytes, lto-llvm-f79367.o(.text.QSPI_WaitFlagStateUntilTimeout))
<BR><BR>[Stack]<UL><LI>Max Depth = 20<LI>Call Chain = QSPI_WaitFlagStateUntilTimeout
</UL>
<BR>[Called By]<UL><LI><a href="#[8f]">&gt;&gt;</a>&nbsp;&nbsp;&nbsp;QSPI_MemMapMode
<LI><a href="#[88]">&gt;&gt;</a>&nbsp;&nbsp;&nbsp;MX_QSPI_Init
<LI><a href="#[87]">&gt;&gt;</a>&nbsp;&nbsp;&nbsp;HAL_QSPI_Transmit
<LI><a href="#[86]">&gt;&gt;</a>&nbsp;&nbsp;&nbsp;HAL_QSPI_Command
<LI><a href="#[84]">&gt;&gt;</a>&nbsp;&nbsp;&nbsp;HAL_QSPI_AutoPolling
<LI><a href="#[80]">&gt;&gt;</a>&nbsp;&nbsp;&nbsp;HAL_QSPI_Abort
</UL>

<P><STRONG><a name="[90]"></a>QSPI_WriteEnable</STRONG> (Thumb, 104 bytes, Stack size 16 bytes, lto-llvm-f79367.o(.text.QSPI_WriteEnable))
<BR><BR>[Stack]<UL><LI>Max Depth = 64<LI>Call Chain = QSPI_WriteEnable &rArr; HAL_QSPI_Command &rArr; QSPI_Config
</UL>
<BR>[Calls]<UL><LI><a href="#[86]">&gt;&gt;</a>&nbsp;&nbsp;&nbsp;HAL_QSPI_Command
<LI><a href="#[84]">&gt;&gt;</a>&nbsp;&nbsp;&nbsp;HAL_QSPI_AutoPolling
</UL>
<BR>[Called By]<UL><LI><a href="#[6b]">&gt;&gt;</a>&nbsp;&nbsp;&nbsp;main
<LI><a href="#[91]">&gt;&gt;</a>&nbsp;&nbsp;&nbsp;QSPI_WritePage
<LI><a href="#[8f]">&gt;&gt;</a>&nbsp;&nbsp;&nbsp;QSPI_MemMapMode
</UL>

<P><STRONG><a name="[91]"></a>QSPI_WritePage</STRONG> (Thumb, 98 bytes, Stack size 64 bytes, lto-llvm-f79367.o(.text.QSPI_WritePage))
<BR><BR>[Stack]<UL><LI>Max Depth = 128<LI>Call Chain = QSPI_WritePage &rArr; QSPI_WriteEnable &rArr; HAL_QSPI_Command &rArr; QSPI_Config
</UL>
<BR>[Calls]<UL><LI><a href="#[90]">&gt;&gt;</a>&nbsp;&nbsp;&nbsp;QSPI_WriteEnable
<LI><a href="#[8a]">&gt;&gt;</a>&nbsp;&nbsp;&nbsp;QSPI_AutoPollMemRdy
<LI><a href="#[87]">&gt;&gt;</a>&nbsp;&nbsp;&nbsp;HAL_QSPI_Transmit
<LI><a href="#[86]">&gt;&gt;</a>&nbsp;&nbsp;&nbsp;HAL_QSPI_Command
</UL>
<BR>[Called By]<UL><LI><a href="#[6b]">&gt;&gt;</a>&nbsp;&nbsp;&nbsp;main
</UL>

<P><STRONG><a name="[77]"></a>Restart</STRONG> (Thumb, 20 bytes, Stack size 0 bytes, lto-llvm-f79367.o(.text.Restart))
<BR><BR>[Stack]<UL><LI>Max Depth = 48<LI>Call Chain = Restart &rArr; HAL_Deinit &rArr; HAL_QSPI_DeInit
</UL>
<BR>[Calls]<UL><LI><a href="#[92]">&gt;&gt;</a>&nbsp;&nbsp;&nbsp;__NVIC_SystemReset.50
<LI><a href="#[7c]">&gt;&gt;</a>&nbsp;&nbsp;&nbsp;HAL_Deinit
</UL>
<BR>[Called By]<UL><LI><a href="#[6b]">&gt;&gt;</a>&nbsp;&nbsp;&nbsp;main
<LI><a href="#[5]">&gt;&gt;</a>&nbsp;&nbsp;&nbsp;UsageFault_Handler
<LI><a href="#[3]">&gt;&gt;</a>&nbsp;&nbsp;&nbsp;MemManage_Handler
<LI><a href="#[2]">&gt;&gt;</a>&nbsp;&nbsp;&nbsp;HardFault_Handler
<LI><a href="#[4]">&gt;&gt;</a>&nbsp;&nbsp;&nbsp;BusFault_Handler
<LI><a href="#[88]">&gt;&gt;</a>&nbsp;&nbsp;&nbsp;MX_QSPI_Init
</UL>

<P><STRONG><a name="[93]"></a>RunApplication</STRONG> (Thumb, 52 bytes, Stack size 16 bytes, lto-llvm-f79367.o(.text.RunApplication))
<BR><BR>[Stack]<UL><LI>Max Depth = 64<LI>Call Chain = RunApplication &rArr; HAL_Deinit &rArr; HAL_QSPI_DeInit
</UL>
<BR>[Calls]<UL><LI><a href="#[7c]">&gt;&gt;</a>&nbsp;&nbsp;&nbsp;HAL_Deinit
</UL>
<BR>[Called By]<UL><LI><a href="#[6b]">&gt;&gt;</a>&nbsp;&nbsp;&nbsp;main
</UL>

<P><STRONG><a name="[92]"></a>__NVIC_SystemReset.50</STRONG> (Thumb, 32 bytes, Stack size 0 bytes, lto-llvm-f79367.o(.text.__NVIC_SystemReset.50))
<BR><BR>[Called By]<UL><LI><a href="#[77]">&gt;&gt;</a>&nbsp;&nbsp;&nbsp;Restart
</UL>
<P>
<H3>
Undefined Global Symbols
</H3><HR></body></html>
